2015-01-11T15:21:42.669+0300: 0.135: [GC2015-01-11T15:21:42.669+0300: 0.135: [DefNew: 69440K->8640K(78080K), 0.0867695 secs] 69440K->46942K(251648K), 0.0869281 secs] [Times: user=0.08 sys=0.00, real=0.09 secs] 
2015-01-11T15:21:42.786+0300: 0.253: [GC2015-01-11T15:21:42.786+0300: 0.253: [DefNew: 56315K->8639K(78080K), 0.0985276 secs] 94617K->91072K(251648K), 0.0986479 secs] [Times: user=0.11 sys=0.00, real=0.10 secs] 
2015-01-11T15:21:42.921+0300: 0.387: [GC2015-01-11T15:21:42.921+0300: 0.387: [DefNew: 65329K->8640K(78080K), 0.1152721 secs] 147761K->147157K(251648K), 0.1153906 secs] [Times: user=0.09 sys=0.02, real=0.12 secs] 
2015-01-11T15:21:43.075+0300: 0.542: [GC2015-01-11T15:21:43.075+0300: 0.542: [DefNew: 78080K->8640K(78080K), 0.1287106 secs]2015-01-11T15:21:43.204+0300: 0.671: [Tenured: 207957K->165851K(209624K), 0.4196717 secs] 216597K->165851K(287704K), [Perm : 2665K->2665K(21248K)], 0.5487271 secs] [Times: user=0.55 sys=0.00, real=0.55 secs] 
2015-01-11T15:21:43.706+0300: 1.172: [GC2015-01-11T15:21:43.706+0300: 1.172: [DefNew: 110592K->13823K(124416K), 0.1467516 secs] 276443K->266935K(400836K), 0.1468178 secs] [Times: user=0.14 sys=0.02, real=0.15 secs] 
2015-01-11T15:21:43.915+0300: 1.381: [GC2015-01-11T15:21:43.915+0300: 1.381: [DefNew: 124415K->13824K(124416K), 0.1705916 secs]2015-01-11T15:21:44.085+0300: 1.552: [Tenured: 329872K->92560K(330028K), 0.2856421 secs] 377527K->92560K(454444K), [Perm : 2670K->2670K(21248K)], 0.4602815 secs] [Times: user=0.44 sys=0.02, real=0.46 secs] 
2015-01-11T15:21:44.453+0300: 1.920: [GC2015-01-11T15:21:44.453+0300: 1.920: [DefNew: 110592K->13824K(124416K), 0.1854944 secs] 203152K->203151K(400836K), 0.1855620 secs] [Times: user=0.19 sys=0.00, real=0.19 secs] 
2015-01-11T15:21:44.703+0300: 2.170: [GC2015-01-11T15:21:44.703+0300: 2.170: [DefNew: 124416K->13823K(124416K), 0.1634527 secs]2015-01-11T15:21:44.867+0300: 2.333: [Tenured: 285674K->29073K(285828K), 0.1344523 secs] 313743K->29073K(410244K), [Perm : 2670K->2670K(21248K)], 0.2988744 secs] [Times: user=0.30 sys=0.00, real=0.30 secs] 
2015-01-11T15:21:45.071+0300: 2.538: [GC2015-01-11T15:21:45.071+0300: 2.538: [DefNew: 109952K->13696K(123648K), 0.1348581 secs] 139025K->112317K(398252K), 0.1349206 secs] [Times: user=0.12 sys=0.00, real=0.13 secs] 
2015-01-11T15:21:45.277+0300: 2.743: [GC2015-01-11T15:21:45.277+0300: 2.743: [DefNew: 113389K->13696K(123648K), 0.1912561 secs] 212011K->211699K(398252K), 0.1913233 secs] [Times: user=0.19 sys=0.00, real=0.19 secs] 
2015-01-11T15:21:45.532+0300: 2.999: [GC2015-01-11T15:21:45.532+0300: 2.999: [DefNew: 123648K->13695K(123648K), 0.1608734 secs]2015-01-11T15:21:45.693+0300: 3.160: [Tenured: 293710K->29860K(293804K), 0.1380775 secs] 321651K->29860K(417452K), [Perm : 2670K->2669K(21248K)], 0.3038142 secs] [Times: user=0.30 sys=0.01, real=0.30 secs] 
2015-01-11T15:21:45.894+0300: 3.360: [GC2015-01-11T15:21:45.894+0300: 3.360: [DefNew: 98304K->12288K(110592K), 0.1122581 secs] 128164K->101455K(356304K), 0.1123276 secs] [Times: user=0.13 sys=0.00, real=0.11 secs] 
2015-01-11T15:21:46.075+0300: 3.542: [GC2015-01-11T15:21:46.075+0300: 3.542: [DefNew: 110592K->12288K(110592K), 0.1916970 secs] 199759K->199758K(356304K), 0.1917632 secs] [Times: user=0.19 sys=0.00, real=0.19 secs] 
2015-01-11T15:21:46.329+0300: 3.795: [GC2015-01-11T15:21:46.329+0300: 3.795: [DefNew: 110592K->12288K(110592K), 0.1581523 secs]2015-01-11T15:21:46.487+0300: 3.953: [Tenured: 279442K->14183K(299796K), 0.0980247 secs] 298062K->14183K(410388K), [Perm : 2669K->2669K(21248K)], 0.2667619 secs] [Times: user=0.26 sys=0.00, real=0.27 secs] 
2015-01-11T15:21:46.633+0300: 4.099: [GC2015-01-11T15:21:46.633+0300: 4.099: [DefNew: 54609K->8640K(78208K), 0.0695533 secs] 68793K->56846K(251780K), 0.0696144 secs] [Times: user=0.06 sys=0.00, real=0.07 secs] 
2015-01-11T15:21:46.740+0300: 4.207: [GC2015-01-11T15:21:46.741+0300: 4.207: [DefNew: 78208K->8640K(78208K), 0.0956414 secs] 126414K->110388K(251780K), 0.0957104 secs] [Times: user=0.09 sys=0.00, real=0.10 secs] 
2015-01-11T15:21:46.877+0300: 4.343: [GC2015-01-11T15:21:46.877+0300: 4.343: [DefNew: 78208K->8640K(78208K), 0.1244589 secs] 179956K->179956K(251780K), 0.1245270 secs] [Times: user=0.11 sys=0.00, real=0.12 secs] 
2015-01-11T15:21:47.039+0300: 4.506: [GC2015-01-11T15:21:47.040+0300: 4.506: [DefNew: 47767K->8640K(78208K), 0.1096979 secs]2015-01-11T15:21:47.149+0300: 4.616: [Tenured: 209786K->183706K(209860K), 0.4788930 secs] 219083K->183706K(288068K), [Perm : 2669K->2669K(21248K)], 0.5888577 secs] [Times: user=0.58 sys=0.02, real=0.59 secs] 
2015-01-11T15:21:47.704+0300: 5.171: [GC2015-01-11T15:21:47.704+0300: 5.171: [DefNew: 116148K->15295K(137856K), 0.1447377 secs] 299855K->285428K(444036K), 0.1448053 secs] [Times: user=0.14 sys=0.00, real=0.14 secs] 
2015-01-11T15:21:47.927+0300: 5.394: [GC2015-01-11T15:21:47.927+0300: 5.394: [DefNew: 134684K->15296K(137856K), 0.1794173 secs]2015-01-11T15:21:48.106+0300: 5.573: [Tenured: 354706K->120449K(354756K), 0.3592539 secs] 404817K->120449K(492612K), [Perm : 2669K->2669K(21248K)], 0.5423043 secs] [Times: user=0.51 sys=0.03, real=0.54 secs] 
2015-01-11T15:21:48.525+0300: 5.992: [GC2015-01-11T15:21:48.525+0300: 5.992: [DefNew: 84552K->15296K(137856K), 0.1204713 secs] 205001K->204577K(444036K), 0.1205413 secs] [Times: user=0.13 sys=0.00, real=0.12 secs] 
2015-01-11T15:21:48.715+0300: 6.182: [GC2015-01-11T15:21:48.715+0300: 6.182: [DefNew: 131276K->15295K(137856K), 0.1650094 secs] 320558K->306300K(444036K), 0.1650766 secs] [Times: user=0.17 sys=0.00, real=0.17 secs] 
2015-01-11T15:21:48.958+0300: 6.425: [GC2015-01-11T15:21:48.958+0300: 6.425: [DefNew: 134044K->15296K(137856K), 0.1754576 secs]2015-01-11T15:21:49.133+0300: 6.600: [Tenured: 375577K->120449K(375724K), 0.3572610 secs] 425048K->120449K(513580K), [Perm : 2669K->2669K(21248K)], 0.5379164 secs] [Times: user=0.53 sys=0.00, real=0.54 secs] 
2015-01-11T15:21:49.551+0300: 7.018: [GC2015-01-11T15:21:49.551+0300: 7.018: [DefNew: 84719K->15296K(137856K), 0.1200897 secs] 205168K->204577K(444036K), 0.1201587 secs] [Times: user=0.13 sys=0.00, real=0.12 secs] 
2015-01-11T15:21:49.741+0300: 7.208: [GC2015-01-11T15:21:49.741+0300: 7.208: [DefNew: 131275K->15295K(137856K), 0.1637247 secs] 320557K->306300K(444036K), 0.1637933 secs] [Times: user=0.17 sys=0.00, real=0.16 secs] 
2015-01-11T15:21:49.982+0300: 7.449: [GC2015-01-11T15:21:49.982+0300: 7.449: [DefNew: 134195K->15296K(137856K), 0.1742541 secs]2015-01-11T15:21:50.156+0300: 7.623: [Tenured: 375577K->120449K(375724K), 0.3569825 secs] 425199K->120449K(513580K), [Perm : 2669K->2669K(21248K)], 0.5364917 secs] [Times: user=0.52 sys=0.02, real=0.54 secs] 
2015-01-11T15:21:50.574+0300: 8.041: [GC2015-01-11T15:21:50.574+0300: 8.041: [DefNew: 85022K->15296K(137856K), 0.1212960 secs] 205471K->204577K(444036K), 0.1213609 secs] [Times: user=0.11 sys=0.00, real=0.12 secs] 
2015-01-11T15:21:50.766+0300: 8.232: [GC2015-01-11T15:21:50.766+0300: 8.232: [DefNew: 132106K->15295K(137856K), 0.1645569 secs] 321388K->306300K(444036K), 0.1646236 secs] [Times: user=0.16 sys=0.00, real=0.16 secs] 
2015-01-11T15:21:51.008+0300: 8.474: [GC2015-01-11T15:21:51.008+0300: 8.474: [DefNew: 133854K->15296K(137856K), 0.1750256 secs]2015-01-11T15:21:51.183+0300: 8.649: [Tenured: 375577K->120449K(375724K), 0.3601300 secs] 424858K->120449K(513580K), [Perm : 2669K->2669K(21248K)], 0.5403324 secs] [Times: user=0.55 sys=0.00, real=0.54 secs] 
2015-01-11T15:21:51.604+0300: 9.070: [GC2015-01-11T15:21:51.604+0300: 9.070: [DefNew: 84832K->15296K(137856K), 0.1209737 secs] 205281K->204577K(444036K), 0.1210371 secs] [Times: user=0.13 sys=0.00, real=0.12 secs] 
2015-01-11T15:21:51.795+0300: 9.260: [GC2015-01-11T15:21:51.795+0300: 9.260: [DefNew: 132160K->15295K(137856K), 0.1655772 secs] 321442K->306300K(444036K), 0.1656476 secs] [Times: user=0.16 sys=0.00, real=0.16 secs] 
2015-01-11T15:21:52.037+0300: 9.503: [GC2015-01-11T15:21:52.037+0300: 9.503: [DefNew: 134805K->15296K(137856K), 0.1750984 secs]2015-01-11T15:21:52.212+0300: 9.678: [Tenured: 375577K->120449K(375724K), 0.3570838 secs] 425809K->120449K(513580K), [Perm : 2669K->2669K(21248K)], 0.5373034 secs] [Times: user=0.52 sys=0.03, real=0.54 secs] 
2015-01-11T15:21:52.630+0300: 10.096: [GC2015-01-11T15:21:52.630+0300: 10.096: [DefNew: 84852K->15296K(137856K), 0.1201699 secs] 205301K->204577K(444036K), 0.1202413 secs] [Times: user=0.13 sys=0.00, real=0.12 secs] 
2015-01-11T15:21:52.820+0300: 10.286: [GC2015-01-11T15:21:52.820+0300: 10.286: [DefNew: 132174K->15295K(137856K), 0.1645593 secs] 321456K->306300K(444036K), 0.1646297 secs] [Times: user=0.17 sys=0.00, real=0.16 secs] 
2015-01-11T15:21:53.061+0300: 10.527: [GC2015-01-11T15:21:53.061+0300: 10.527: [DefNew: 134825K->15296K(137856K), 0.1753298 secs]2015-01-11T15:21:53.236+0300: 10.702: [Tenured: 375577K->120449K(375724K), 0.3583508 secs] 425829K->120449K(513580K), [Perm : 2669K->2669K(21248K)], 0.5389264 secs] [Times: user=0.53 sys=0.00, real=0.54 secs] 
2015-01-11T15:21:53.655+0300: 11.121: [GC2015-01-11T15:21:53.655+0300: 11.121: [DefNew: 84863K->15296K(137856K), 0.1204214 secs] 205313K->204577K(444036K), 0.1204899 secs] [Times: user=0.13 sys=0.00, real=0.12 secs] 
2015-01-11T15:21:53.845+0300: 11.311: [GC2015-01-11T15:21:53.845+0300: 11.311: [DefNew: 132181K->15295K(137856K), 0.1642817 secs] 321463K->306300K(444036K), 0.1643507 secs] [Times: user=0.17 sys=0.00, real=0.16 secs] 
2015-01-11T15:21:54.087+0300: 11.553: [GC2015-01-11T15:21:54.087+0300: 11.553: [DefNew: 134836K->15296K(137856K), 0.1754194 secs]2015-01-11T15:21:54.263+0300: 11.729: [Tenured: 375577K->120449K(375724K), 0.3585607 secs] 425840K->120449K(513580K), [Perm : 2669K->2669K(21248K)], 0.5391256 secs] [Times: user=0.48 sys=0.05, real=0.54 secs] 
2015-01-11T15:21:54.682+0300: 12.148: [GC2015-01-11T15:21:54.682+0300: 12.148: [DefNew: 84869K->15296K(137856K), 0.1206658 secs] 205318K->204577K(444036K), 0.1207362 secs] [Times: user=0.13 sys=0.00, real=0.12 secs] 
2015-01-11T15:21:54.872+0300: 12.338: [GC2015-01-11T15:21:54.872+0300: 12.338: [DefNew: 132186K->15295K(137856K), 0.1641884 secs] 321467K->306300K(444036K), 0.1642556 secs] [Times: user=0.16 sys=0.00, real=0.16 secs] 
2015-01-11T15:21:55.114+0300: 12.580: [GC2015-01-11T15:21:55.114+0300: 12.580: [DefNew: 134842K->15296K(137856K), 0.1748992 secs]2015-01-11T15:21:55.289+0300: 12.755: [Tenured: 375577K->120449K(375724K), 0.3661871 secs] 425846K->120449K(513580K), [Perm : 2669K->2669K(21248K)], 0.5463115 secs] [Times: user=0.55 sys=0.00, real=0.55 secs] 
2015-01-11T15:21:55.717+0300: 13.183: [GC2015-01-11T15:21:55.717+0300: 13.183: [DefNew: 84873K->15296K(137856K), 0.1209196 secs] 205322K->204577K(444036K), 0.1209854 secs] [Times: user=0.13 sys=0.00, real=0.12 secs] 
2015-01-11T15:21:55.908+0300: 13.374: [GC2015-01-11T15:21:55.908+0300: 13.374: [DefNew: 132188K->15295K(137856K), 0.1652571 secs] 321470K->306300K(444036K), 0.1653215 secs] [Times: user=0.17 sys=0.00, real=0.17 secs] 
2015-01-11T15:21:56.152+0300: 13.618: [GC2015-01-11T15:21:56.152+0300: 13.618: [DefNew: 134845K->15296K(137856K), 0.1757207 secs]2015-01-11T15:21:56.328+0300: 13.794: [Tenured: 375577K->120449K(375724K), 0.3594732 secs] 425849K->120449K(513580K), [Perm : 2669K->2669K(21248K)], 0.5405764 secs] [Times: user=0.53 sys=0.01, real=0.54 secs] 
2015-01-11T15:21:56.750+0300: 14.216: [GC2015-01-11T15:21:56.750+0300: 14.216: [DefNew: 84874K->15296K(137856K), 0.1218614 secs] 205324K->204577K(444036K), 0.1219282 secs] [Times: user=0.13 sys=0.00, real=0.12 secs] 
2015-01-11T15:21:56.943+0300: 14.409: [GC2015-01-11T15:21:56.943+0300: 14.409: [DefNew: 132189K->15295K(137856K), 0.1649348 secs] 321471K->306300K(444036K), 0.1649992 secs] [Times: user=0.16 sys=0.00, real=0.16 secs] 
2015-01-11T15:21:57.185+0300: 14.651: [GC2015-01-11T15:21:57.185+0300: 14.651: [DefNew