2015-01-22T11:58:39.843+0300: 0.140: [GC2015-01-22T11:58:39.843+0300: 0.140: [ParNew: 69440K->8640K(78080K), 0.2341043 secs] 69440K->60796K(251648K), 0.2342876 secs] [Times: user=1.47 sys=0.06, real=0.23 secs] 
2015-01-22T11:58:40.103+0300: 0.405: [GC2015-01-22T11:58:40.103+0300: 0.405: [ParNew: 56315K->8640K(78080K), 0.0910561 secs] 108472K->118823K(251648K), 0.0911792 secs] [Times: user=0.69 sys=0.06, real=0.10 secs] 
2015-01-22T11:58:40.204+0300: 0.498: [GC [1 CMS-initial-mark: 110183K(173568K)] 142860K(251648K), 0.0269829 secs] [Times: user=0.03 sys=0.00, real=0.02 secs] 
2015-01-22T11:58:40.223+0300: 0.525: [CMS-concurrent-mark-start]
2015-01-22T11:58:40.263+0300: 0.559: [GC2015-01-22T11:58:40.263+0300: 0.559: [ParNew: 65329K->8640K(78080K), 0.1414630 secs] 175513K->190933K(260864K), 0.1416291 secs] [Times: user=0.75 sys=0.02, real=0.14 secs] 
2015-01-22T11:58:40.443+0300: 0.742: [GC2015-01-22T11:58:40.443+0300: 0.742: [ParNew: 78080K->8640K(78080K), 0.1499958 secs] 260373K->277065K(347032K), 0.1500667 secs] [Times: user=0.97 sys=0.03, real=0.15 secs] 
2015-01-22T11:58:40.615+0300: 0.918: [GC2015-01-22T11:58:40.615+0300: 0.918: [ParNew: 78080K->8638K(78080K), 0.1254308 secs] 346505K->354183K(424156K), 0.1254970 secs] [Times: user=0.94 sys=0.02, real=0.13 secs] 
2015-01-22T11:58:40.837+0300: 1.139: [GC2015-01-22T11:58:40.837+0300: 1.139: [ParNew: 70230K->8640K(78080K), 0.1349451 secs] 415775K->424641K(494620K), 0.1350127 secs] [Times: user=0.92 sys=0.01, real=0.14 secs] 
2015-01-22T11:58:41.017+0300: 1.318: [GC2015-01-22T11:58:41.017+0300: 1.318: [ParNew: 71527K->8640K(78080K), 0.1111082 secs] 487528K->483398K(553272K), 0.1193616 secs] [Times: user=0.69 sys=0.01, real=0.12 secs] 
2015-01-22T11:58:41.177+0300: 1.480: [GC2015-01-22T11:58:41.177+0300: 1.480: [ParNew: 64999K->8640K(78080K), 0.1232349 secs] 539757K->555508K(625504K), 0.1233021 secs] [Times: user=0.84 sys=0.05, real=0.13 secs] 
2015-01-22T11:58:41.349+0300: 1.645: [GC2015-01-22T11:58:41.349+0300: 1.645: [ParNew: 78080K->8640K(78080K), 0.1478490 secs] 624948K->641639K(711480K), 0.1479176 secs] [Times: user=1.05 sys=0.03, real=0.14 secs] 
2015-01-22T11:58:41.521+0300: 1.820: [GC2015-01-22T11:58:41.521+0300: 1.820: [ParNew: 78080K->8640K(78080K), 0.1295794 secs] 711079K->718757K(788796K), 0.1296484 secs] [Times: user=0.58 sys=0.02, real=0.13 secs] 
2015-01-22T11:58:41.721+0300: 2.016: [GC2015-01-22T11:58:41.721+0300: 2.016: [ParNew: 69995K->8640K(78080K), 0.1343433 secs] 780113K->789215K(859068K), 0.1344114 secs] [Times: user=0.66 sys=0.03, real=0.13 secs] 
2015-01-22T11:58:41.894+0300: 2.194: [GC2015-01-22T11:58:41.894+0300: 2.194: [ParNew: 71381K->8640K(78080K), 0.1089782 secs] 851956K->847972K(917912K), 0.1090472 secs] [Times: user=0.72 sys=0.00, real=0.11 secs] 
2015-01-22T11:58:42.026+0300: 2.322: [CMS-concurrent-mark: 0.473/1.797 secs] [Times: user=9.61 sys=0.23, real=1.80 secs] 
2015-01-22T11:58:42.026+0300: 2.322: [CMS-concurrent-preclean-start]
2015-01-22T11:58:42.056+0300: 2.351: [GC2015-01-22T11:58:42.056+0300: 2.351: [ParNew: 65167K->8640K(78080K), 0.1289314 secs] 904499K->920081K(990144K), 0.1290028 secs] [Times: user=0.55 sys=0.05, real=0.13 secs] 
2015-01-22T11:58:42.226+0300: 2.522: [GC2015-01-22T11:58:42.226+0300: 2.522: [ParNew: 78080K->8640K(78080K), 0.1483953 secs] 989521K->1006213K(1076120K), 0.1484620 secs] [Times: user=1.12 sys=0.00, real=0.14 secs] 
2015-01-22T11:58:42.428+0300: 2.728: [GC2015-01-22T11:58:42.428+0300: 2.728: [ParNew: 78080K->8640K(78080K), 0.1266670 secs] 1075653K->1083331K(1153244K), 0.1267337 secs] [Times: user=0.97 sys=0.02, real=0.13 secs] 
2015-01-22T11:58:42.660+0300: 2.956: [GC2015-01-22T11:58:42.660+0300: 2.956: [ParNew: 70299K->8640K(78080K), 0.1344440 secs] 1144991K->1153789K(1223708K), 0.1345196 secs] [Times: user=0.86 sys=0.01, real=0.13 secs] 
2015-01-22T11:58:42.840+0300: 3.133: [GC2015-01-22T11:58:42.840+0300: 3.133: [ParNew: 71196K->8640K(78080K), 0.1061260 secs] 1216346K->1212546K(1282552K), 0.1061950 secs] [Times: user=0.75 sys=0.02, real=0.10 secs] 
2015-01-22T11:58:42.982+0300: 3.278: [GC2015-01-22T11:58:42.982+0300: 3.278: [ParNew: 65037K->8640K(78080K), 0.1245061 secs] 1268943K->1284655K(1354592K), 0.1246251 secs] [Times: user=0.92 sys=0.00, real=0.12 secs] 
2015-01-22T11:58:43.154+0300: 3.450: [GC2015-01-22T11:58:43.154+0300: 3.450: [ParNew: 78080K->8640K(78080K), 0.1568590 secs] 1354095K->1370787K(1440760K), 0.1569313 secs] [Times: user=0.92 sys=0.00, real=0.15 secs] 
2015-01-22T11:58:43.334+0300: 3.636: [GC2015-01-22T11:58:43.334+0300: 3.636: [ParNew: 78080K->8640K(78080K), 0.1244964 secs] 1440227K->1447905K(1517884K), 0.1245640 secs] [Times: user=0.98 sys=0.03, real=0.13 secs] 
2015-01-22T11:58:43.536+0300: 3.835: [GC2015-01-22T11:58:43.536+0300: 3.835: [ParNew: 69880K->8640K(78080K), 0.1330665 secs] 1509146K->1518363K(1588348K), 0.1331388 secs] [Times: user=0.64 sys=0.02, real=0.13 secs] 
2015-01-22T11:58:43.716+0300: 4.009: [GC2015-01-22T11:58:43.716+0300: 4.009: [ParNew: 71219K->8640K(78080K), 0.1054267 secs] 1580942K->1577120K(1647192K), 0.1054985 secs] [Times: user=0.62 sys=0.01, real=0.10 secs] 
2015-01-22T11:58:43.858+0300: 4.161: [GC2015-01-22T11:58:43.858+0300: 4.161: [ParNew: 65052K->8640K(78080K), 0.1210256 secs] 1633532K->1665684K(1735744K), 0.1210993 secs] [Times: user=0.87 sys=0.00, real=0.12 secs] 
2015-01-22T11:58:44.029+0300: 4.324: [GC2015-01-22T11:58:44.029+0300: 4.324: [ParNew: 78080K->8640K(78080K), 0.1489812 secs] 1735124K->1753124K(1823256K), 0.1490423 secs] [Times: user=0.70 sys=0.02, real=0.15 secs] 
2015-01-22T11:58:44.239+0300: 4.540: [GC2015-01-22T11:58:44.239+0300: 4.540: [ParNew: 78080K->8640K(78080K), 0.1199284 secs] 1822564K->1830242K(1900380K), 0.1199885 secs] [Times: user=0.86 sys=0.03, real=0.13 secs] 
2015-01-22T11:58:44.421+0300: 4.722: [GC2015-01-22T11:58:44.421+0300: 4.722: [ParNew: 70381K->8640K(78080K), 0.1323163 secs] 1891983K->1907059K(1977180K), 0.1323877 secs] [Times: user=0.84 sys=0.03, real=0.14 secs] 
2015-01-22T11:58:44.601+0300: 4.897: [GC2015-01-22T11:58:44.601+0300: 4.897: [ParNew: 71336K->8640K(78080K), 0.1107005 secs] 1969756K->1965816K(2036024K), 0.1107691 secs] [Times: user=0.44 sys=0.02, real=0.11 secs] 
2015-01-22T11:58:44.751+0300: 5.046: [GC2015-01-22T11:58:44.751+0300: 5.046: [ParNew: 65135K->8640K(78080K), 0.1253333 secs] 2022312K->2037926K(2108064K), 0.1253967 secs] [Times: user=0.70 sys=0.01, real=0.13 secs] 
2015-01-22T11:58:44.917+0300: 5.213: [GC2015-01-22T11:58:44.917+0300: 5.213: [ParNew: 78080K->8640K(78080K), 0.1455291 secs] 2107366K->2124057K(2194232K), 0.1455972 secs] [Times: user=0.97 sys=0.02, real=0.14 secs] 
2015-01-22T11:58:45.088+0300: 5.385: [GC2015-01-22T11:58:45.088+0300: 5.385: [ParNew: 78080K->8640K(78080K), 0.1180143 secs] 2193497K->2201175K(2271356K), 0.1180829 secs] [Times: user=0.76 sys=0.03, real=0.12 secs] 
2015-01-22T11:58:45.268+0300: 5.570: [GC2015-01-22T11:58:45.268+0300: 5.570: [ParNew: 70268K->8640K(78080K), 0.1352996 secs] 2262803K->2271932K(2342204K), 0.1353701 secs] [Times: user=0.87 sys=0.00, real=0.14 secs] 
2015-01-22T11:58:45.448+0300: 5.747: [GC2015-01-22T11:58:45.448+0300: 5.747: [ParNew: 71177K->8640K(78080K), 0.1072404 secs] 2334470K->2330689K(2400856K), 0.1073123 secs] [Times: user=0.64 sys=0.02, real=0.11 secs] 
2015-01-22T11:58:45.620+0300: 5.914: [GC2015-01-22T11:58:45.620+0300: 5.914: [ParNew: 65023K->8640K(78080K), 0.1253454 secs] 2387072K->2402799K(2472896K), 0.1254154 secs] [Times: user=0.72 sys=0.00, real=0.12 secs] 
2015-01-22T11:58:45.780+0300: 6.081: [GC2015-01-22T11:58:45.780+0300: 6.081: [ParNew: 78080K->8640K(78080K), 0.1520704 secs] 2472239K->2488930K(2559064K), 0.1521375 secs] [Times: user=1.03 sys=0.05, real=0.15 secs] 
2015-01-22T11:58:45.963+0300: 6.260: [GC2015-01-22T11:58:45.963+0300: 6.260: [ParNew: 78080K->8640K(78080K), 0.1239235 secs] 2558370K->2566048K(2636188K), 0.1239855 secs] [Times: user=0.84 sys=0.03, real=0.12 secs] 
2015-01-22T11:58:46.153+0300: 6.447: [GC2015-01-22T11:58:46.153+0300: 6.447: [ParNew: 69867K->8640K(78080K), 0.1374315 secs] 2627276K->2637319K(2707612K), 0.1374982 secs] [Times: user=0.61 sys=0.05, real=0.13 secs] 
2015-01-22T11:58:46.343+0300: 6.645: [GC2015-01-22T11:58:46.343+0300: 6.645: [ParNew: 71211K->8640K(78080K), 0.1077069 secs] 2699890K->2696075K(2766264K), 0.1078273 secs] [Times: user=0.73 sys=0.02, real=0.11 secs] 
2015-01-22T11:58:46.495+0300: 6.791: [GC2015-01-22T11:58:46.495+0300: 6.791: [ParNew: 65046K->8640K(78080K), 0.1244497 secs] 2752482K->2768185K(2838304K), 0.1245173 secs] [Times: user=0.72 sys=0.00, real=0.12 secs] 
2015-01-22T11:58:46.677+0300: 6.977: [GC2015-01-22T11:58:46.677+0300: 6.977: [ParNew: 78080K->8640K(78080K), 0.1524944 secs] 2837625K->2854317K(2924472K), 0.1525686 secs] [Times: user=0.81 sys=0.03, real=0.15 secs] 
2015-01-22T11:58:46.857+0300: 7.156: [GC2015-01-22T11:58:46.857+0300: 7.156: [ParNew: 78080K->8640K(78080K), 0.1273966 secs] 2923757K->2931435K(3001596K), 0.1274624 secs] [Times: user=0.94 sys=0.03, real=0.13 secs] 
2015-01-22T11:58:47.060+0300: 7.360: [GC2015-01-22T11:58:47.060+0300: 7.360: [ParNew: 70375K->8640K(78080K), 0.1378299 secs] 2993170K->3001917K(3072060K), 0.1378994 secs] [Times: user=0.78 sys=0.01, real=0.14 secs] 
2015-01-22T11:58:47.240+0300: 7.539: [GC2015-01-22T11:58:47.240+0300: 7.539: [ParNew: 71332K->8640K(78080K), 0.1102032 secs] 3064610K->3060674K(3130904K), 0.1102722 secs] [Times: user=0.45 sys=0.00, real=0.11 secs] 
2015-01-22T11:58:47.390+0300: 7.687: [GC2015-01-22T11:58:47.390+0300: 7.687: [ParNew: 65132K->8640K(78080K), 0.1242976 secs] 3117167K->3132784K(3202944K), 0.1243648 secs] [Times: user=0.75 sys=0.02, real=0.12 secs] 
2015-01-22T11:58:47.560+0300: 7.853: [GC2015-01-22T11:58:47.560+0300: 7.853: [ParNew: 78080K->8640K(78080K), 0.1528340 secs] 3202224K->3218915K(3289112K), 0.1528984 secs] [Times: user=1.08 sys=0.01, real=0.15 secs] 
2015-01-22T11:58:47.722+0300: 8.021: [GC2015-01-22T11:58:47.722+0300: 8.021: [ParNew: 24015K->8640K(78080K), 0.0583678 secs] 3234290K->3240949K(3311192K), 0.0584359 secs] [Times: user=0.28 sys=0.00, real=0.06 secs] 
2015-01-22T11:58:47.842+0300: 8.140: [GC2015-01-22T11:58:47.842+0300: 8.140: [ParNew: 77865K->8640K(78080K), 0.1362662 secs] 3310174K->3316203K(3386396K), 0.1363357 secs] [Times: user=0.92 sys=0.02, real=0.13 secs] 
2015-01-22T11:58:48.024+0300: 8.321: [GC2015-01-22T11:58:48.024+0300: 8.321: [ParNew: 78080K->8640K(78080K), 0.1237066 secs] 3385643K->3384218K(3454296K), 0.1237761 secs] [Times: user=0.79 sys=0.00, real=0.12 secs] 
2015-01-22T11:58:48.194+0300: 8.495: [GC2015-01-22T11:58:48.194+0300: 8.495: [ParNew: 78080K->8640K(78080K), 0.1314846 secs] 3453658K->3452322K(3522496K), 0.1315541 secs] [Times: user=0.75 sys=0.00, real=0.13 secs] 
2015-01-22T11:58:48.374+0300: 8.668: [GC2015-01-22T11:58:48.374+0300: 8.668: [ParNew: 78080K->78080K(78080K), 0.0000196 secs]2015-01-22T11:58:48.374+0300: 8.668: [CMS2015-01-22T11:58:50.149+0300: 10.449: [CMS-concurrent-preclean: 3.540/8.127 secs] [Times: user=33.45 sys=0.59, real=8.12 secs] 
 (concurrent mode failure): 3443682K->190926K(3444416K), 3.0772196 secs] 3521762K->190926K(3522496K), [CMS Perm : 2671K->2670K(21248K)], 3.0785972 secs] [Times: user=3.06 sys=0.00, real=3.08 secs] 
2015-01-22T11:58:51.892+0300: 12.186: [GC2015-01-22T11:58:51.892+0300: 12.186: [ParNew: 538778K->68096K(613440K), 0.2395792 secs] 729704K->444426K(4097536K), 0.2396524 secs] [Times: user=1.28 sys=0.00, real=0.24 secs] 
2015-01-22T11:58:52.463+0300: 12.759: [GC2015-01-22T11:58:52.463+0300: 12.759: [ParNew: 613440K->30905K(613440K), 0.1248640 secs] 989770K->470393K(4097536K), 0.1249349 secs] [Times: user=0.62 sys=0.02, real=0.12 secs] 
2015-01-22T11:58:52.923+0300: 13.223: [GC2015-01-22T11:58:52.923+0300: 13.223: [ParNew: 576249K->68096K(613440K), 0.2999319 secs] 1015737K->687606K(4097536K), 0.3000047 secs] [Times: user=1.93 sys=0.00, real=0.30 secs] 
2015-01-22T11:58:53.555+0300: 13.857: [GC2015-01-22T11:58:53.555+0300: 13.857: [ParNew: 613440K->68096K(613440K), 0.1621370 secs] 1232950K->746771K(4097536K), 0.1622033 secs] [Times: user=1.03 sys=0.00, real=0.17 secs] 
2015-01-22T11:58:54.048+0300: 14.349: [GC2015-01-22T11:58:54.048+0300: 14.349: [ParNew: 603078K->62160K(613440K), 0.0435848 secs] 1281753K->740836K(4097536K), 0.0436571 secs] [Times: user=0.23 sys=0.00, real=0.05 secs] 
2015-01-22T11:58:54.418+0300: 14.715: [GC2015-01-22T11:58:54.418+0300: 14.715: [ParNew: 588580K->68096K(613440K), 0.3084050 secs] 1267255K->918815K(4097536K), 0.3084741 secs] [Times: user=1.75 sys=0.00, real=0.31 secs] 
2015-01-22T11:58:55.061+0300: 15.356: [GC2015-01-22T11:58:55.061+0300: 15.356: [ParNew: 613440K->68096K(613440K), 0.1718309 secs] 1464159K->985658K(4097536K), 0.1719018 secs] [Times: user=0.90 sys=0.00, real=0.17 secs] 
2015-01-22T11:58:55.563+0300: 15.864: [GC2015-01-22T11:58:55.563+0300: 15.864: [ParNew: 613440K->66157K(613440K), 0.0562373 secs] 1531002K->983720K(4097536K), 0.0563105 secs] [Times: user=0.34 sys=0.00, real=0.06 secs] 
2015-01-22T11:58:55.941+0300: 16.236: [GC2015-01-22T11:58:55.941+0300: 16.236: [ParNew: 571882K->68096K(613440K), 0.3047346 secs] 1489445K->1157131K(4097536K), 0.3048064 secs] [Times: user=1.98 sys=0.00, real=0.30 secs] 
2015-01-22T11:58:56.573+0300: 16.872: [GC2015-01-22T11:58:56.573+0300: 16.872: [ParNew: 613440K->68096K(613440K), 0.1679473 secs] 1702475K->1223974K(4097536K), 0.1680205 secs] [Times: user=1.08 sys=0.00, real=0.17 secs] 
2015-01-22T11:58:57.075+0300: 17.376: [GC2015-01-22T11:58:57.075+0300: 17.376: [ParNew: 613440K->68096K(613440K), 0.0555277 secs] 1769318K->1224694K(4097536K), 0.0716286 secs] [Times: user=0.36 sys=0.00, real=0.08 secs] 
2015-01-22T11:58:57.465+0300: 17.759: [GC2015-01-22T11:58:57.465+0300: 17.759: [ParNew: 573426K->68096K(613440K), 0.3050639 secs] 1730025K->1395967K(4097536K), 0.3051362 secs] [Times: user=1.89 sys=0.00, real=0.30 secs] 
2015-01-22T11:58:58.105+0300: 18.401: [GC2015-01-22T11:58:58.105+0300: 18.401: [ParNew: 613440K->68096K(613440K), 0.1702327 secs] 1941311K->1462810K(4097536K), 0.1703045 secs] [Times: user=0.98 sys=0.00, real=0.17 secs] 
2015-01-22T11:58:58.607+0300: 18.904: [GC2015-01-22T11:58:58.607+0300: 18.904: [ParNew: 613440K->68096K(613440K), 0.0567369 secs] 2008154K->1463268K(4097536K), 0.0568083 secs] [Times: user=0.34 sys=0.00, real=0.06 secs] 
2015-01-22T11:58:58.984+0300: 19.277: [GC2015-01-22T11:58:58.984+0300: 19.277: [ParNew: 573108K->68096K(613440K), 0.3069131 secs] 1968281K->1632883K(4097536K), 0.3069859 secs] [Times: user=1.90 sys=0.00, real=0.30 secs] 
2015-01-22T11:58:59.620+0300: 19.915: [GC2015-01-22T11:58:59.620+0300: 19.915: [ParNew: 613440K->68096K(613440K), 0.1703087 secs] 2178227K->1699726K(4097536K), 0.1703876 secs] [Times: user=0.98 sys=0.00, real=0.17 secs] 
2015-01-22T11:59:00.123+0300: 20.422: [GC2015-01-22T11:59:00.123+0300: 20.422: [ParNew: 613440K->67635K(613440K), 0.0566903 secs] 2245070K->1699266K(4097536K), 0.0567560 secs] [Times: user=0.34 sys=0.00, real=0.06 secs] 
2015-01-22T11:59:00.507+0300: 20.805: [GC2015-01-22T11:59:00.507+0300: 20.805: [ParNew: 574781K->68096K(613440K), 0.3123759 secs] 2206411K->1868261K(4097536K), 0.3124487 secs] [Times: user=2.00 sys=0.00, real=0.32 secs] 
2015-01-22T11:59:00.826+0300: 21.121: [GC [1 CMS-initial-mark: 1800165K(3484096K)] 1922344K(4097536K), 0.1018160 secs] [Times: user=0.11 sys=0.00, real=0.10 secs] 
2015-01-22T11:59:00.926+0300: 21.223: [CMS-concurrent-mark-start]
2015-01-22T11:59:01.176+0300: 21.470: [CMS-concurrent-mark: 0.247/0.247 secs] [Times: user=0.75 sys=0.00, real=0.25 secs] 
2015-01-22T11:59:01.176+0300: 21.470: [CMS-concurrent-preclean-start]
2015-01-22T11:59:01.176+0300: 21.475: [CMS-concurrent-preclean: 0.005/0.005 secs] [Times: user=0.00 sys=0.00, real=0.00 secs] 
2015-01-22T11:59:01.176+0300: 21.475: [CMS-concurrent-abortable-preclean-start]
2015-01-22T11:59:01.276+0300: 21.572: [GC2015-01-22T11:59:01.276+0300: 21.572: [ParNew: 613440K->68096K(613440K), 0.1866652 secs] 2413605K->1935093K(4097536K), 0.1867497 secs] [Times: user=1.09 sys=0.00, real=0.18 secs] 
2015-01-22T11:59:01.806+0300: 22.107: [GC2015-01-22T11:59:01.806+0300: 22.107: [ParNew: 613440K->67655K(613440K), 0.0547104 secs] 2480437K->1934653K(4097536K), 0.0547851 secs] [Times: user=0.42 sys=0.00, real=0.06 secs] 
2015-01-22T11:59:01.975+0300: 22.268: [CMS-concurrent-abortable-preclean: 0.450/0.793 secs] [Times: user=2.50 sys=0.00, real=0.80 secs] 
2015-01-22T11:59:01.985+0300: 22.278: [GC[YG occupancy: 238637 K (613440 K)]2015-01-22T11:59:01.985+0300: 22.278: [Rescan (parallel) , 0.1898640 secs]2015-01-22T11:59:02.175+0300: 22.468: [weak refs processing, 0.0000182 secs]2015-01-22T11:59:02.175+0300: 22.468: [scrub string table, 0.0001012 secs] [1 CMS-remark: 1866997K(3484096K)] 2105634K(4097536K), 0.1901015 secs] [Times: user=0.75 sys=0.00, real=0.19 secs] 
2015-01-22T11:59:02.175+0300: 22.468: [CMS-concurrent-sweep-start]
2015-01-22T11:59:02.385+0300: 22.686: [GC2015-01-22T11:59:02.385+0300: 22.686: [ParNew: 573749K->68096K(613440K), 0.3093124 secs] 2185308K->1847924K(4097536K), 0.3093842 secs] [Times: user=2.22 sys=0.00, real=0.31 secs] 
2015-01-22T11:59:03.041+0300: 23.340: [GC2015-01-22T11:59:03.041+0300: 23.340: [ParNew: 613440K->68096K(613440K), 0.1686107 secs] 2127969K->1649468K(4097536K), 0.1686830 secs] [Times: user=1.19 sys=0.00, real=0.17 secs] 
2015-01-22T11:59:03.561+0300: 23.862: [GC2015-01-22T11:59:03.561+0300: 23.862: [ParNew: 613440K->67655K(613440K), 0.0540643 secs] 1930986K->1385201K(4097536K), 0.0541320 secs] [Times: user=0.33 sys=0.00, real=0.06 secs] 
2015-01-22T11:59:03.969+0300: 24.265: [GC2015-01-22T11:59:03.969+0300: 24.265: [ParNew: 573281K->68096K(613440K), 0.3077808 secs] 1658086K->1321285K(4097536K), 0.3078555 secs] [Times: user=2.11 sys=0.00, real=0.30 secs] 
2015-01-22T11:59:04.625+0300: 24.923: [GC2015-01-22T11:59:04.625+0300: 24.923: [ParNew: 613440K->68096K(613440K), 0.1697349 secs] 1608001K->1129501K(4097536K), 0.1698063 secs] [Times: user=1.08 sys=0.00, real=0.17 secs] 
2015-01-22T11:59:05.145+0300: 25.443: [GC2015-01-22T11:59:05.145+0300: 25.443: [ParNew: 613440K->68096K(613440K), 0.0535362 secs] 1414363K->869019K(4097536K), 0.0536090 secs] [Times: user=0.26 sys=0.00, real=0.05 secs] 
2015-01-22T11:59:05.365+0300: 25.664: [CMS-concurrent-sweep: 2.132/3.196 secs] [Times: user=11.45 sys=0.00, real=3.19 secs] 
2015-01-22T11:59:05.365+0300: 25.664: [CMS-concurrent-reset-start]
2015-01-22T11:59:05.375+0300: 25.668: [CMS-concurrent-reset: 0.004/0.004 secs] [Times: user=0.03 sys=0.00, real=0.01 secs] 
2015-01-22T11:59:05.516+0300: 25.818: [GC2015-01-22T11:59:05.516+0300: 25.818: [ParNew: 573346K->68096K(613440K), 0.2937932 secs] 1345659K->1008679K(4097536K), 0.2938590 secs] [Times: user=1.86 sys=0.00, real=0.30 secs] 
2015-01-22T11:59:06.155+0300: 26.449: [GC2015-01-22T11:59:06.155+0300: 26.449: [ParNew: 613440K->68096K(613440K), 0.1637087 secs] 1554023K->1075522K(4097536K), 0.1637824 secs] [Times: user=1.08 sys=0.00, real=0.16 secs] 
2015-01-22T11:59:06.645+0300: 26.947: [GC2015-01-22T11:59:06.645+0300: 26.948: [ParNew: 613440K->68096K(613440K), 0.0560250 secs] 1620866K->1076707K(4097536K), 0.0560955 secs] [Times: user=0.30 sys=0.00, real=0.06 secs] 
2015-01-22T11:59:07.022+0300: 27.319: [GC2015-01-22T11:59:07.022+0300: 27.319: [ParNew: 575436K->68096K(613440K), 0.2965955 secs] 1584047K->1245496K(4097536K), 0.2966786 secs] [Times: user=1.75 sys=0.00, real=0.30 secs] 
2015-01-22T11:59:07.653+0300: 27.947: [GC2015-01-22T11:59:07.653+0300: 27.947: [ParNew: 613440K->68096K(613440K), 0.1635752 secs] 1790840K->1312340K(4097536K), 0.1636475 secs] [Times: user=0.87 sys=0.00, real=0.16 secs] 
2015-01-22T11:59:08.151+0300: 28.445: [GC2015-01-22T11:59:08.151+0300: 28.445: [ParNew: 613440K->67605K(613440K), 0.0550053 secs] 1857684K->1311849K(4097536K), 0.0550710 secs] [Times: user=0.28 sys=0.00, real=0.05 secs] 
2015-01-22T11:59:08.511+0300: 28.812: [GC2015-01-22T11:59:08.511+0300: 28.812: [ParNew: 570061K->68096K(613440K), 0.2995349 secs] 1814305K->1480982K(4097536K), 0.2995989 secs] [Times: user=1.75 sys=0.00, real=0.30 secs] 
2015-01-22T11:59:09.146+0300: 29.448: [GC2015-01-22T11:59:09.146+0300: 29.448: [ParNew: 613440K->68096K(613440K), 0.1657309 secs] 2026326K->1547825K(4097536K), 0.1658028 secs] [Times: user=0.92 sys=0.00, real=0.17 secs] 
2015-01-22T11:59:09.647+0300: 29.946: [GC2015-01-22T11:59:09.647+0300: 29.946: [ParNew: 613440K->67651K(613440K), 0.0541614 secs] 2093169K->1547381K(4097536K), 0.0542360 secs] [Times: user=0.41 sys=0.00, real=0.06 secs] 
2015-01-22T11:59:10.019+0300: 30.318: [GC2015-01-22T11:59:10.019+0300: 30.318: [ParNew: 573522K->68096K(613440K), 0.2946110 secs] 2053251K->1716111K(4097536K), 0.2946829 secs] [Times: user=1.72 sys=0.00, real=0.30 secs] 
2015-01-22T11:59:10.649+0300: 30.942: [GC2015-01-22T11:59:10.649+0300: 30.942: [ParNew: 613440K->68096K(613440K), 0.1670563 secs] 2261455K->1782954K(4097536K), 0.1671323 secs] [Times: user=1.05 sys=0.00, real=0.16 secs] 
2015-01-22T11:59:11.143+0300: 31.444: [GC2015-01-22T11:59:11.143+0300: 31.444: [ParNew: 613440K->67656K(613440K), 0.0553836 secs] 2328298K->1782514K(4097536K), 0.0554475 secs] [Times: user=0.34 sys=0.00, real=0.06 secs] 
2015-01-22T11:59:11.513+0300: 31.813: [GC2015-01-22T11:59:11.513+0300: 31.813: [ParNew: 573726K->68096K(613440K), 0.3063090 secs] 2288585K->1951431K(4097536K), 0.3063753 secs] [Times: user=1.84 sys=0.00, real=0.31 secs] 
2015-01-22T11:59:12.156+0300: 32.452: [GC2015-01-22T11:59:12.156+0300: 32.452: [ParNew: 613440K->68096K(613440K), 0.1683583 secs] 2496775K->2018274K(4097536K), 0.1684255 secs] [Times: user=0.97 sys=0.00, real=0.17 secs] 
2015-01-22T11:59:12.656+0300: 32.954: [GC2015-01-22T11:59:12.656+0300: 32.954: [ParNew: 613440K->67656K(613440K), 0.0555408 secs] 2563618K->2017834K(4097536K), 0.0556136 secs] [Times: user=0.23 sys=0.00, real=0.06 secs] 
2015-01-22T11:59:13.019+0300: 33.321: [GC2015-01-22T11:59:13.019+0300: 33.321: [ParNew: 573263K->68096K(613440K), 0.3093301 secs] 2523442K->2186681K(4097536K), 0.3094033 secs] [Times: user=1.87 sys=0.00, real=0.31 secs] 
2015-01-22T11:59:13.341+0300: 33.634: [GC [1 CMS-initial-mark: 2118585K(3484096K)] 2240763K(4097536K), 0.1034156 secs] [Times: user=0.09 sys=0.00, real=0.10 secs] 
2015-01-22T11:59:13.441+0300: 33.738: [CMS-concurrent-mark-start]
2015-01-22T11:59:13.681+0300: 33.975: [CMS-concurrent-mark: 0.237/0.237 secs] [Times: user=0.70 sys=0.00, real=0.24 secs] 
2015-01-22T11:59:13.681+0300: 33.975: [CMS-concurrent-preclean-start]
2015-01-22T11:59:13.681+0300: 33.981: [CMS-concurrent-preclean: 0.005/0.005 secs] [Times: user=0.00 sys=0.00, real=0.00 secs] 
2015-01-22T11:59:13.681+0300: 33.981: [CMS-concurrent-abortable-preclean-start]
2015-01-22T11:59:13.801+0300: 34.096: [GC2015-01-22T11:59:13.801+0300: 34.096: [ParNew: 613440K->68096K(613440K), 0.1846901 secs] 2732025K->2253524K(4097536K), 0.1847516 secs] [Times: user=1.09 sys=0.00, real=0.19 secs] 
2015-01-22T11:59:14.333+0300: 34.627: [GC2015-01-22T11:59:14.333+0300: 34.627: [ParNew: 613440K->67656K(613440K), 0.0535395 secs] 2798868K->2253084K(4097536K), 0.0536076 secs] [Times: user=0.26 sys=0.00, real=0.05 secs] 
2015-01-22T11:59:14.493+0300: 34.786: [CMS-concurrent-abortable-preclean: 0.467/0.805 secs] [Times: user=2.42 sys=0.00, real=0.81 secs] 
2015-01-22T11:59:14.503+0300: 34.796: [GC[YG occupancy: 238339 K (613440 K)]2015-01-22T11:59:14.503+0300: 34.796: [Rescan (parallel) , 0.1897983 secs]2015-01-22T11:59:14.693+0300: 34.986: [weak refs processing, 0.0000191 secs]2015-01-22T11:59:14.693+0300: 34.986: [scrub string table, 0.0001008 secs] [1 CMS-remark: 2185428K(3484096K)] 2423768K(4097536K), 0.1900226 secs] [Times: user=0.81 sys=0.00, real=0.19 secs] 
2015-01-22T11:59:14.693+0300: 34.986: [CMS-concurrent-sweep-start]
2015-01-22T11:59:14.923+0300: 35.218: [GC2015-01-22T11:59:14.923+0300: 35.218: [ParNew: 572891K->68096K(613440K), 0.3104082 secs] 2602656K->2266130K(4097536K), 0.3104805 secs] [Times: user=2.20 sys=0.00, real=0.31 secs] 
2015-01-22T11:59:15.575+0300: 35.870: [GC2015-01-22T11:59:15.575+0300: 35.870: [ParNew: 613440K->68096K(613440K), 0.1692470 secs] 2550236K->2071736K(4097536K), 0.1693183 secs] [Times: user=1.20 sys=0.00, real=0.17 secs] 
2015-01-22T11:59:16.109+0300: 36.409: [GC2015-01-22T11:59:16.109+0300: 36.409: [ParNew: 613440K->68096K(613440K), 0.0535824 secs] 2370964K->1825663K(4097536K), 0.0536552 secs] [Times: user=0.41 sys=0.00, real=0.06 secs] 
2015-01-22T11:59:16.489+0300: 36.790: [GC2015-01-22T11:59:16.489+0300: 36.790: [ParNew: 575423K->68096K(613440K), 0.3103629 secs] 2089670K->1750673K(4097536K), 0.3104399 secs] [Times: user=2.15 sys=0.00, real=0.32 secs] 
2015-01-22T11:59:17.145+0300: 37.444: [GC2015-01-22T11:59:17.145+0300: 37.444: [ParNew: 613440K->68096K(613440K), 0.1706162 secs] 2037619K->1559118K(4097536K), 0.1706889 secs] [Times: user=1.08 sys=0.00, real=0.17 secs] 
2015-01-22T11:59:17.655+0300: 37.957: [GC2015-01-22T11:59:17.655+0300: 37.957: [ParNew: 613440K->67654K(613440K), 0.0535880 secs] 1843223K->1297437K(4097536K), 0.0536585 secs] [Times: user=0.40 sys=0.00, real=0.06 secs] 
2015-01-22T11:59:18.037+0300: 38.339: [GC2015-01-22T11:59:18.037+0300: 38.339: [ParNew: 570100K->68096K(613440K), 0.3110179 secs] 1557550K->1223814K(4097536K), 0.3110925 secs] [Times: user=2.08 sys=0.00, real=0.32 secs] 
2015-01-22T11:59:18.712+0300: 39.006: [GC2015-01-22T11:59:18.712+0300: 39.006: [ParNew: 613440K->68096K(613440K), 0.1712758 secs] 1555392K->1076891K(4097536K), 0.1713388 secs] [Times: user=0.92 sys=0.01, real=0.17 secs] 
2015-01-22T11:59:18.962+0300: 39.257: [CMS-concurrent-sweep: 2.720/4.271 secs] [Times: user=15.79 sys=0.01, real=4.27 secs] 
2015-01-22T11:59:18.962+0300: 39.258: [CMS-concurrent-reset-start]
2015-01-22T11:59:18.962+0300: 39.262: [CMS-concurrent-reset: 0.004/0.004 secs] [Times: user=0.00 sys=0.00, real=0.00 secs] 
2015-01-22T11:59:19.223+0300: 39.516: [GC2015-01-22T11:59:19.223+0300: 39.516: [ParNew: 613440K->68096K(613440K), 0.0545089 secs] 1622235K->1077694K(4097536K), 0.0545789 secs] [Times: user=0.28 sys=0.00, real=0.05 secs] 
2015-01-22T11:59:19.585+0300: 39.883: [GC2015-01-22T11:59:19.585+0300: 39.883: [ParNew: 573958K->68096K(613440K), 0.2964271 secs] 1583556K->1246408K(4097536K), 0.2965045 secs] [Times: user=1.73 sys=0.00, real=0.30 secs] 
2015-01-22T11:59:20.217+0300: 40.513: [GC2015-01-22T11:59:20.217+0300: 40.513: [ParNew: 613440K->68096K(613440K), 0.1633812 secs] 1791752K->1313251K(4097536K), 0.1634539 secs] [Times: user=0.95 sys=0.00, real=0.16 secs] 
2015-01-22T11:59:20.719+0300: 41.012: [GC2015-01-22T11:59:20.719+0300: 41.012: [ParNew: 613440K->67621K(613440K), 0.0550048 secs] 1858595K->1312777K(4097536K), 0.0550757 secs] [Times: user=0.28 sys=0.00, real=0.05 secs] 
2015-01-22T11:59:21.083+0300: 41.380: [GC2015-01-22T11:59:21.083+0300: 41.381: [ParNew: 573686K->68096K(613440K), 0.2940120 secs] 1818841K->1481521K(4097536K), 0.2940834 secs] [Times: user=1.73 sys=0.00, real=0.29 secs] 
2015-01-22T11:59:21.703+0300: 42.005: [GC2015-01-22T11:59:21.703+0300: 42.005: [ParNew: 613440K->68096K(613440K), 0.1657071 secs] 2026865K->1548364K(4097536K), 0.1657841 secs] [Times: user=1.00 sys=0.00, real=0.17 secs] 
2015-01-22T11:59:22.215+0300: 42.512: [GC2015-01-22T11:59:22.215+0300: 42.512: [ParNew: 613440K->62476K(613440K), 0.0535610 secs] 2093708K->1542744K(4097536K), 0.0536333 secs] [Times: user=0.44 sys=0.00, real=0.05 secs] 
2015-01-22T11:59:22.585+0300: 42.882: [GC2015-01-22T11:59:22.585+0300: 42.882: [ParNew: 568078K->68096K(613440K), 0.3019570 secs] 2048347K->1716633K(4097536K), 0.3020303 secs] [Times: user=1.90 sys=0.00, real=0.30 secs] 
2015-01-22T11:59:23.219+0300: 43.517: [GC2015-01-22T11:59:23.219+0300: 43.517: [ParNew: 613440K->68096K(613440K), 0.1658630 secs] 2261977K->1783477K(4097536K), 0.1659357 secs] [Times: user=0.81 sys=0.00, real=0.17 secs] 
2015-01-22T11:59:23.733+0300: 44.026: [GC2015-01-22T11:59:23.733+0300: 44.026: [ParNew: 613440K->67656K(613440K), 0.0564332 secs] 2328821K->1783037K(4097536K), 0.0565041 secs] [Times: user=0.23 sys=0.00, real=0.05 secs] 
2015-01-22T11:59:24.110+0300: 44.403: [GC2015-01-22T11:59:24.110+0300: 44.403: [ParNew: 572887K->68096K(613440K), 0.3094542 secs] 2288269K->1952838K(4097536K), 0.3095246 secs] [Times: user=1.89 sys=0.00, real=0.31 secs] 
2015-01-22T11:59:24.419+0300: 44.717: [GC [1 CMS-initial-mark: 1884742K(3484096K)] 2006920K(4097536K), 0.1092357 secs] [Times: user=0.11 sys=0.00, real=0.11 secs] 
