0.111: [GC pause (young), 0.0633706 secs]
   [Parallel Time: 63.0 ms, GC Workers: 8]
      [GC Worker Start (ms): Min: 111.1, Avg: 117.1, Max: 153.8, Diff: 42.7]
      [Ext Root Scanning (ms): Min: 0.0, Avg: 0.6, Max: 3.4, Diff: 3.4, Sum: 5.1]
      [Update RS (ms): Min: 0.0, Avg: 20.7, Max: 42.2, Diff: 42.2, Sum: 165.6]
         [Processed Buffers: Min: 0, Avg: 6.4, Max: 11, Diff: 11, Sum: 51]
      [Scan RS (ms): Min: 0.0, Avg: 1.3, Max: 3.0, Diff: 3.0, Sum: 10.7]
      [Object Copy (ms): Min: 12.2, Avg: 28.0, Max: 43.2, Diff: 31.0, Sum: 224.4]
      [Termination (ms): Min: 0.0, Avg: 6.1, Max: 8.0, Diff: 8.0, Sum: 48.6]
      [GC Worker Other (ms): Min: 0.0, Avg: 0.0, Max: 0.0, Diff: 0.0, Sum: 0.1]
      [GC Worker Total (ms): Min: 20.2, Avg: 56.8, Max: 62.8, Diff: 42.7, Sum: 454.5]
      [GC Worker End (ms): Min: 173.9, Avg: 173.9, Max: 174.0, Diff: 0.1]
   [Code Root Fixup: 0.0 ms]
   [Clear CT: 0.0 ms]
   [Other: 0.3 ms]
      [Choose CSet: 0.0 ms]
      [Ref Proc: 0.2 ms]
      [Ref Enq: 0.0 ms]
      [Free CSet: 0.0 ms]
   [Eden: 12.0M(12.0M)->0.0B(10.0M) Survivors: 0.0B->2048.0K Heap: 20.1M(255.0M)->18.8M(255.0M)]
 [Times: user=0.25 sys=0.00, real=0.07 secs] 
0.221: [GC pause (young), 0.0567518 secs]
   [Parallel Time: 55.9 ms, GC Workers: 8]
      [GC Worker Start (ms): Min: 221.1, Avg: 222.7, Max: 233.5, Diff: 12.4]
      [Ext Root Scanning (ms): Min: 0.0, Avg: 0.2, Max: 0.3, Diff: 0.3, Sum: 1.8]
      [Update RS (ms): Min: 0.0, Avg: 10.5, Max: 13.2, Diff: 13.2, Sum: 84.0]
         [Processed Buffers: Min: 0, Avg: 5.5, Max: 9, Diff: 9, Sum: 44]
      [Scan RS (ms): Min: 3.6, Avg: 5.8, Max: 13.6, Diff: 10.0, Sum: 46.2]
      [Object Copy (ms): Min: 26.9, Avg: 34.7, Max: 38.8, Diff: 11.9, Sum: 277.2]
      [Termination (ms): Min: 0.0, Avg: 3.1, Max: 3.6, Diff: 3.6, Sum: 25.2]
      [GC Worker Other (ms): Min: 0.0, Avg: 0.0, Max: 0.0, Diff: 0.0, Sum: 0.1]
      [GC Worker Total (ms): Min: 43.5, Avg: 54.3, Max: 55.9, Diff: 12.4, Sum: 434.4]
      [GC Worker End (ms): Min: 277.0, Avg: 277.0, Max: 277.0, Diff: 0.0]
   [Code Root Fixup: 0.0 ms]
   [Clear CT: 0.0 ms]
   [Other: 0.8 ms]
      [Choose CSet: 0.0 ms]
      [Ref Proc: 0.1 ms]
      [Ref Enq: 0.0 ms]
      [Free CSet: 0.0 ms]
   [Eden: 10.0M(10.0M)->0.0B(18.0M) Survivors: 2048.0K->2048.0K Heap: 40.4M(255.0M)->44.1M(409.0M)]
 [Times: user=0.26 sys=0.06, real=0.06 secs] 
0.314: [GC pause (young), 0.0491992 secs]
   [Parallel Time: 48.4 ms, GC Workers: 8]
      [GC Worker Start (ms): Min: 313.9, Avg: 314.0, Max: 314.1, Diff: 0.2]
      [Ext Root Scanning (ms): Min: 0.1, Avg: 0.2, Max: 0.3, Diff: 0.2, Sum: 1.9]
      [Update RS (ms): Min: 9.9, Avg: 10.2, Max: 11.3, Diff: 1.4, Sum: 82.0]
         [Processed Buffers: Min: 4, Avg: 4.6, Max: 6, Diff: 2, Sum: 37]
      [Scan RS (ms): Min: 2.7, Avg: 3.8, Max: 4.4, Diff: 1.7, Sum: 30.8]
      [Object Copy (ms): Min: 33.8, Avg: 34.0, Max: 34.1, Diff: 0.3, Sum: 271.9]
      [Termination (ms): Min: 0.0, Avg: 0.0, Max: 0.0, Diff: 0.0, Sum: 0.2]
      [GC Worker Other (ms): Min: 0.0, Avg: 0.0, Max: 0.0, Diff: 0.0, Sum: 0.1]
      [GC Worker Total (ms): Min: 48.2, Avg: 48.4, Max: 48.4, Diff: 0.2, Sum: 386.9]
      [GC Worker End (ms): Min: 362.3, Avg: 362.3, Max: 362.3, Diff: 0.0]
   [Code Root Fixup: 0.0 ms]
   [Clear CT: 0.1 ms]
   [Other: 0.7 ms]
      [Choose CSet: 0.0 ms]
      [Ref Proc: 0.1 ms]
      [Ref Enq: 0.0 ms]
      [Free CSet: 0.0 ms]
   [Eden: 18.0M(18.0M)->0.0B(23.0M) Survivors: 2048.0K->3072.0K Heap: 72.6M(409.0M)->77.1M(532.0M)]
 [Times: user=0.36 sys=0.01, real=0.04 secs] 
0.406: [GC pause (young), 0.0676783 secs]
   [Parallel Time: 66.9 ms, GC Workers: 8]
      [GC Worker Start (ms): Min: 406.4, Avg: 406.4, Max: 406.4, Diff: 0.0]
      [Ext Root Scanning (ms): Min: 0.2, Avg: 0.3, Max: 0.3, Diff: 0.1, Sum: 2.1]
      [Update RS (ms): Min: 17.0, Avg: 17.6, Max: 18.7, Diff: 1.7, Sum: 141.1]
         [Processed Buffers: Min: 6, Avg: 7.5, Max: 9, Diff: 3, Sum: 60]
      [Scan RS (ms): Min: 2.1, Avg: 3.3, Max: 5.7, Diff: 3.7, Sum: 26.3]
      [Object Copy (ms): Min: 43.7, Avg: 45.6, Max: 46.0, Diff: 2.3, Sum: 364.9]
      [Termination (ms): Min: 0.0, Avg: 0.1, Max: 0.1, Diff: 0.1, Sum: 0.4]
      [GC Worker Other (ms): Min: 0.0, Avg: 0.0, Max: 0.0, Diff: 0.0, Sum: 0.2]
      [GC Worker Total (ms): Min: 66.8, Avg: 66.9, Max: 66.9, Diff: 0.0, Sum: 534.9]
      [GC Worker End (ms): Min: 473.3, Avg: 473.3, Max: 473.3, Diff: 0.0]
   [Code Root Fixup: 0.0 ms]
   [Clear CT: 0.0 ms]
   [Other: 0.7 ms]
      [Choose CSet: 0.0 ms]
      [Ref Proc: 0.1 ms]
      [Ref Enq: 0.0 ms]
      [Free CSet: 0.0 ms]
   [Eden: 23.0M(23.0M)->0.0B(27.0M) Survivors: 3072.0K->4096.0K Heap: 115.7M(532.0M)->119.7M(631.0M)]
 [Times: user=0.47 sys=0.02, real=0.06 secs] 
0.530: [GC pause (young), 0.0774282 secs]
   [Parallel Time: 76.6 ms, GC Workers: 8]
      [GC Worker Start (ms): Min: 529.7, Avg: 529.7, Max: 529.7, Diff: 0.0]
      [Ext Root Scanning (ms): Min: 0.2, Avg: 0.3, Max: 0.3, Diff: 0.1, Sum: 2.1]
      [Update RS (ms): Min: 22.0, Avg: 22.6, Max: 23.4, Diff: 1.4, Sum: 180.6]
         [Processed Buffers: Min: 9, Avg: 9.8, Max: 11, Diff: 2, Sum: 78]
      [Scan RS (ms): Min: 1.5, Avg: 2.4, Max: 2.9, Diff: 1.5, Sum: 19.0]
      [Object Copy (ms): Min: 51.1, Avg: 51.2, Max: 51.3, Diff: 0.2, Sum: 409.7]
      [Termination (ms): Min: 0.0, Avg: 0.1, Max: 0.2, Diff: 0.2, Sum: 0.9]
      [GC Worker Other (ms): Min: 0.0, Avg: 0.0, Max: 0.0, Diff: 0.0, Sum: 0.1]
      [GC Worker Total (ms): Min: 76.5, Avg: 76.5, Max: 76.6, Diff: 0.0, Sum: 612.4]
      [GC Worker End (ms): Min: 606.2, Avg: 606.2, Max: 606.2, Diff: 0.0]
   [Code Root Fixup: 0.0 ms]
   [Clear CT: 0.0 ms]
   [Other: 0.8 ms]
      [Choose CSet: 0.0 ms]
      [Ref Proc: 0.2 ms]
      [Ref Enq: 0.0 ms]
      [Free CSet: 0.0 ms]
   [Eden: 27.0M(27.0M)->0.0B(32.0M) Survivors: 4096.0K->4096.0K Heap: 170.2M(631.0M)->177.2M(710.0M)]
 [Times: user=0.47 sys=0.00, real=0.07 secs] 
0.675: [GC pause (young), 0.1005083 secs]
   [Parallel Time: 99.7 ms, GC Workers: 8]
      [GC Worker Start (ms): Min: 675.4, Avg: 675.5, Max: 675.8, Diff: 0.3]
      [Ext Root Scanning (ms): Min: 0.0, Avg: 0.2, Max: 0.3, Diff: 0.3, Sum: 2.0]
      [Update RS (ms): Min: 34.5, Avg: 35.7, Max: 36.4, Diff: 1.9, Sum: 285.9]
         [Processed Buffers: Min: 14, Avg: 15.3, Max: 16, Diff: 2, Sum: 122]
      [Scan RS (ms): Min: 2.2, Avg: 2.9, Max: 4.0, Diff: 1.8, Sum: 22.9]
      [Object Copy (ms): Min: 60.4, Avg: 60.6, Max: 60.8, Diff: 0.4, Sum: 484.7]
      [Termination (ms): Min: 0.0, Avg: 0.1, Max: 0.2, Diff: 0.2, Sum: 1.2]
      [GC Worker Other (ms): Min: 0.0, Avg: 0.0, Max: 0.0, Diff: 0.0, Sum: 0.2]
      [GC Worker Total (ms): Min: 99.3, Avg: 99.6, Max: 99.7, Diff: 0.3, Sum: 796.8]
      [GC Worker End (ms): Min: 775.1, Avg: 775.1, Max: 775.1, Diff: 0.0]
   [Code Root Fixup: 0.0 ms]
   [Clear CT: 0.1 ms]
   [Other: 0.7 ms]
      [Choose CSet: 0.0 ms]
      [Ref Proc: 0.1 ms]
      [Ref Enq: 0.0 ms]
      [Free CSet: 0.0 ms]
   [Eden: 32.0M(32.0M)->0.0B(36.0M) Survivors: 4096.0K->5120.0K Heap: 244.4M(710.0M)->248.9M(773.0M)]
 [Times: user=0.72 sys=0.00, real=0.10 secs] 
0.931: [GC pause (young), 0.1315200 secs]
   [Parallel Time: 130.8 ms, GC Workers: 8]
      [GC Worker Start (ms): Min: 931.0, Avg: 943.6, Max: 964.5, Diff: 33.5]
      [Ext Root Scanning (ms): Min: 0.0, Avg: 0.1, Max: 0.3, Diff: 0.3, Sum: 1.2]
      [Update RS (ms): Min: 0.0, Avg: 5.4, Max: 33.0, Diff: 33.0, Sum: 43.4]
         [Processed Buffers: Min: 0, Avg: 1.3, Max: 3, Diff: 3, Sum: 10]
      [Scan RS (ms): Min: 0.0, Avg: 8.9, Max: 18.3, Diff: 18.3, Sum: 71.6]
      [Object Copy (ms): Min: 24.9, Avg: 53.5, Max: 104.1, Diff: 79.1, Sum: 428.1]
      [Termination (ms): Min: 0.0, Avg: 45.4, Max: 64.0, Diff: 64.0, Sum: 363.4]
      [GC Worker Other (ms): Min: 0.0, Avg: 1.1, Max: 8.3, Diff: 8.3, Sum: 8.5]
      [GC Worker Total (ms): Min: 91.5, Avg: 114.5, Max: 130.7, Diff: 39.3, Sum: 916.1]
      [GC Worker End (ms): Min: 1056.0, Avg: 1058.1, Max: 1061.8, Diff: 5.8]
   [Code Root Fixup: 0.0 ms]
   [Clear CT: 0.1 ms]
   [Other: 0.7 ms]
      [Choose CSet: 0.0 ms]
      [Ref Proc: 0.1 ms]
      [Ref Enq: 0.0 ms]
      [Free CSet: 0.0 ms]
   [Eden: 33.0M(33.0M)->0.0B(36.0M) Survivors: 5120.0K->5120.0K Heap: 334.7M(773.0M)->338.2M(824.0M)]
 [Times: user=0.48 sys=0.03, real=0.14 secs] 
1.119: [GC pause (young) (initial-mark), 0.1361104 secs]
   [Parallel Time: 135.4 ms, GC Workers: 8]
      [GC Worker Start (ms): Min: 1119.2, Avg: 1121.1, Max: 1133.9, Diff: 14.7]
      [Ext Root Scanning (ms): Min: 0.0, Avg: 0.2, Max: 0.3, Diff: 0.3, Sum: 1.9]
      [Update RS (ms): Min: 41.0, Avg: 52.6, Max: 54.9, Diff: 13.8, Sum: 421.0]
         [Processed Buffers: Min: 19, Avg: 23.4, Max: 29, Diff: 10, Sum: 187]
      [Scan RS (ms): Min: 1.6, Avg: 2.6, Max: 3.2, Diff: 1.6, Sum: 20.5]
      [Object Copy (ms): Min: 78.0, Avg: 78.0, Max: 78.2, Diff: 0.2, Sum: 624.3]
      [Termination (ms): Min: 0.0, Avg: 0.0, Max: 0.0, Diff: 0.0, Sum: 0.0]
      [GC Worker Other (ms): Min: 0.0, Avg: 0.0, Max: 0.0, Diff: 0.0, Sum: 0.2]
      [GC Worker Total (ms): Min: 120.7, Avg: 133.5, Max: 135.3, Diff: 14.7, Sum: 1067.8]
      [GC Worker End (ms): Min: 1254.5, Avg: 1254.6, Max: 1254.6, Diff: 0.0]
   [Code Root Fixup: 0.0 ms]
   [Clear CT: 0.0 ms]
   [Other: 0.7 ms]
      [Choose CSet: 0.0 ms]
      [Ref Proc: 0.1 ms]
      [Ref Enq: 0.0 ms]
      [Free CSet: 0.0 ms]
   [Eden: 29.0M(36.0M)->0.0B(37.0M) Survivors: 5120.0K->6144.0K Heap: 386.4M(824.0M)->390.9M(864.0M)]
 [Times: user=1.06 sys=0.00, real=0.14 secs] 
1.255: [GC concurrent-root-region-scan-start]
1.288: [GC concurrent-root-region-scan-end, 0.0323692 secs]
1.288: [GC concurrent-mark-start]
1.398: [GC pause (young), 0.1729435 secs]
   [Parallel Time: 172.1 ms, GC Workers: 8]
      [GC Worker Start (ms): Min: 1398.2, Avg: 1398.2, Max: 1398.2, Diff: 0.0]
      [Ext Root Scanning (ms): Min: 0.2, Avg: 0.2, Max: 0.3, Diff: 0.0, Sum: 2.0]
      [SATB Filtering (ms): Min: 0.0, Avg: 0.0, Max: 0.0, Diff: 0.0, Sum: 0.0]
      [Update RS (ms): Min: 69.4, Avg: 70.0, Max: 71.0, Diff: 1.5, Sum: 559.9]
         [Processed Buffers: Min: 27, Avg: 28.1, Max: 31, Diff: 4, Sum: 225]
      [Scan RS (ms): Min: 6.0, Avg: 7.6, Max: 11.2, Diff: 5.2, Sum: 60.6]
      [Object Copy (ms): Min: 90.4, Avg: 94.2, Max: 94.8, Diff: 4.5, Sum: 753.6]
      [Termination (ms): Min: 0.0, Avg: 0.0, Max: 0.0, Diff: 0.0, Sum: 0.1]
      [GC Worker Other (ms): Min: 0.0, Avg: 0.0, Max: 0.0, Diff: 0.0, Sum: 0.2]
      [GC Worker Total (ms): Min: 172.0, Avg: 172.0, Max: 172.1, Diff: 0.0, Sum: 1376.3]
      [GC Worker End (ms): Min: 1570.2, Avg: 1570.2, Max: 1570.2, Diff: 0.0]
   [Code Root Fixup: 0.0 ms]
   [Clear CT: 0.1 ms]
   [Other: 0.7 ms]
      [Choose CSet: 0.0 ms]
      [Ref Proc: 0.1 ms]
      [Ref Enq: 0.0 ms]
      [Free CSet: 0.0 ms]
   [Eden: 37.0M(37.0M)->0.0B(38.0M) Survivors: 6144.0K->6144.0K Heap: 477.4M(864.0M)->480.9M(896.0M)]
 [Times: user=1.25 sys=0.08, real=0.17 secs] 
1.657: [GC pause (young), 0.1810163 secs]
   [Parallel Time: 180.3 ms, GC Workers: 8]
      [GC Worker Start (ms): Min: 1657.1, Avg: 1657.2, Max: 1657.7, Diff: 0.6]
      [Ext Root Scanning (ms): Min: 0.0, Avg: 0.2, Max: 0.3, Diff: 0.3, Sum: 2.0]
      [SATB Filtering (ms): Min: 0.0, Avg: 0.0, Max: 0.0, Diff: 0.0, Sum: 0.0]
      [Update RS (ms): Min: 86.5, Avg: 87.1, Max: 88.3, Diff: 1.8, Sum: 696.6]
         [Processed Buffers: Min: 34, Avg: 36.9, Max: 38, Diff: 4, Sum: 295]
      [Scan RS (ms): Min: 2.1, Avg: 3.4, Max: 4.0, Diff: 1.9, Sum: 26.9]
      [Object Copy (ms): Min: 89.3, Avg: 89.4, Max: 89.5, Diff: 0.2, Sum: 715.0]
      [Termination (ms): Min: 0.0, Avg: 0.0, Max: 0.0, Diff: 0.0, Sum: 0.2]
      [GC Worker Other (ms): Min: 0.0, Avg: 0.0, Max: 0.1, Diff: 0.0, Sum: 0.3]
      [GC Worker Total (ms): Min: 179.6, Avg: 180.1, Max: 180.2, Diff: 0.6, Sum: 1441.0]
      [GC Worker End (ms): Min: 1837.3, Avg: 1837.3, Max: 1837.4, Diff: 0.0]
   [Code Root Fixup: 0.0 ms]
   [Clear CT: 0.0 ms]
   [Other: 0.7 ms]
      [Choose CSet: 0.0 ms]
      [Ref Proc: 0.1 ms]
      [Ref Enq: 0.0 ms]
      [Free CSet: 0.0 ms]
   [Eden: 38.0M(38.0M)->0.0B(40.0M) Survivors: 6144.0K->6144.0K Heap: 554.1M(896.0M)->559.1M(922.0M)]
 [Times: user=1.34 sys=0.00, real=0.17 secs] 
1.838: [GC concurrent-mark-end, 0.5504818 secs]
1.870: [GC remark 1.870: [GC ref-proc, 0.0000550 secs], 0.0008780 secs]
 [Times: user=0.00 sys=0.00, real=0.00 secs] 
1.871: [GC cleanup 560M->216M(922M), 0.0008481 secs]
 [Times: user=0.00 sys=0.00, real=0.00 secs] 
1.872: [GC concurrent-cleanup-start]
1.872: [GC concurrent-cleanup-end, 0.0002482 secs]
2.012: [GC pause (young), 0.1071247 secs]
   [Parallel Time: 106.4 ms, GC Workers: 8]
      [GC Worker Start (ms): Min: 2011.6, Avg: 2016.6, Max: 2051.8, Diff: 40.2]
      [Ext Root Scanning (ms): Min: 0.0, Avg: 0.2, Max: 0.3, Diff: 0.3, Sum: 1.8]
      [Update RS (ms): Min: 0.0, Avg: 8.7, Max: 10.5, Diff: 10.5, Sum: 69.4]
         [Processed Buffers: Min: 0, Avg: 4.5, Max: 9, Diff: 9, Sum: 36]
      [Scan RS (ms): Min: 0.0, Avg: 17.6, Max: 20.6, Diff: 20.6, Sum: 140.4]
      [Object Copy (ms): Min: 66.1, Avg: 74.8, Max: 76.1, Diff: 10.1, Sum: 598.0]
      [Termination (ms): Min: 0.0, Avg: 0.0, Max: 0.1, Diff: 0.1, Sum: 0.4]
      [GC Worker Other (ms): Min: 0.0, Avg: 0.0, Max: 0.0, Diff: 0.0, Sum: 0.1]
      [GC Worker Total (ms): Min: 66.1, Avg: 101.3, Max: 106.3, Diff: 40.2, Sum: 810.1]
      [GC Worker End (ms): Min: 2117.9, Avg: 2117.9, Max: 2117.9, Diff: 0.0]
   [Code Root Fixup: 0.0 ms]
   [Clear CT: 0.0 ms]
   [Other: 0.7 ms]
      [Choose CSet: 0.0 ms]
      [Ref Proc: 0.1 ms]
      [Ref Enq: 0.0 ms]
      [Free CSet: 0.1 ms]
   [Eden: 40.0M(40.0M)->0.0B(41.0M) Survivors: 6144.0K->6144.0K Heap: 308.0M(922.0M)->310.5M(943.0M)]
 [Times: user=0.70 sys=0.05, real=0.11 secs] 
2.226: [GC pause (young), 0.1389295 secs]
   [Parallel Time: 138.2 ms, GC Workers: 8]
      [GC Worker Start (ms): Min: 2226.3, Avg: 2226.4, Max: 2226.8, Diff: 0.4]
      [Ext Root Scanning (ms): Min: 0.0, Avg: 0.2, Max: 0.3, Diff: 0.3, Sum: 1.9]
      [Update RS (ms): Min: 22.7, Avg: 23.2, Max: 24.2, Diff: 1.5, Sum: 185.8]
         [Processed Buffers: Min: 9, Avg: 9.6, Max: 10, Diff: 1, Sum: 77]
      [Scan RS (ms): Min: 22.2, Avg: 23.2, Max: 23.7, Diff: 1.5, Sum: 185.4]
      [Object Copy (ms): Min: 88.6, Avg: 89.0, Max: 91.5, Diff: 2.9, Sum: 712.2]
      [Termination (ms): Min: 0.0, Avg: 2.4, Max: 2.8, Diff: 2.8, Sum: 19.4]
      [GC Worker Other (ms): Min: 0.0, Avg: 0.0, Max: 0.0, Diff: 0.0, Sum: 0.1]
      [GC Worker Total (ms): Min: 137.7, Avg: 138.1, Max: 138.2, Diff: 0.5, Sum: 1104.8]
      [GC Worker End (ms): Min: 2364.5, Avg: 2364.5, Max: 2364.5, Diff: 0.0]
   [Code Root Fixup: 0.0 ms]
   [Clear CT: 0.0 ms]
   [Other: 0.7 ms]
      [Choose CSet: 0.0 ms]
      [Ref Proc: 0.0 ms]
      [Ref Enq: 0.0 ms]
      [Free CSet: 0.1 ms]
   [Eden: 41.0M(41.0M)->0.0B(42.0M) Survivors: 6144.0K->6144.0K Heap: 381.6M(943.0M)->385.1M(960.0M)]
 [Times: user=0.95 sys=0.05, real=0.14 secs] 
2.449: [GC pause (young), 0.2083972 secs]
   [Parallel Time: 207.5 ms, GC Workers: 8]
      [GC Worker Start (ms): Min: 2448.7, Avg: 2448.8, Max: 2448.8, Diff: 0.0]
      [Ext Root Scanning (ms): Min: 0.2, Avg: 0.3, Max: 0.3, Diff: 0.0, Sum: 2.0]
      [Update RS (ms): Min: 92.7, Avg: 93.4, Max: 93.7, Diff: 1.1, Sum: 747.0]
         [Processed Buffers: Min: 38, Avg: 39.4, Max: 42, Diff: 4, Sum: 315]
      [Scan RS (ms): Min: 6.7, Avg: 7.1, Max: 7.9, Diff: 1.2, Sum: 56.6]
      [Object Copy (ms): Min: 106.5, Avg: 106.6, Max: 106.7, Diff: 0.2, Sum: 852.9]
      [Termination (ms): Min: 0.0, Avg: 0.1, Max: 0.2, Diff: 0.2, Sum: 1.1]
      [GC Worker Other (ms): Min: 0.0, Avg: 0.0, Max: 0.0, Diff: 0.0, Sum: 0.1]
      [GC Worker Total (ms): Min: 207.5, Avg: 207.5, Max: 207.5, Diff: 0.0, Sum: 1659.9]
      [GC Worker End (ms): Min: 2656.2, Avg: 2656.2, Max: 2656.3, Diff: 0.0]
   [Code Root Fixup: 0.0 ms]
   [Clear CT: 0.1 ms]
   [Other: 0.8 ms]
      [Choose CSet: 0.0 ms]
      [Ref Proc: 0.1 ms]
      [Ref Enq: 0.0 ms]
      [Free CSet: 0.1 ms]
   [Eden: 42.0M(42.0M)->0.0B(42.0M) Survivors: 6144.0K->6144.0K Heap: 466.2M(960.0M)->471.7M(973.0M)]
 [Times: user=1.44 sys=0.09, real=0.21 secs] 
2.696: [GC pause (young) (initial-mark), 0.1026860 secs]
   [Parallel Time: 102.2 ms, GC Workers: 8]
      [GC Worker Start (ms): Min: 2696.0, Avg: 2696.0, Max: 2696.2, Diff: 0.3]
      [Ext Root Scanning (ms): Min: 0.0, Avg: 0.2, Max: 0.3, Diff: 0.3, Sum: 1.9]
      [Update RS (ms): Min: 61.1, Avg: 61.9, Max: 62.8, Diff: 1.7, Sum: 495.2]
         [Processed Buffers: Min: 42, Avg: 45.6, Max: 50, Diff: 8, Sum: 365]
      [Scan RS (ms): Min: 0.6, Avg: 1.5, Max: 2.4, Diff: 1.8, Sum: 12.2]
      [Object Copy (ms): Min: 38.3, Avg: 38.4, Max: 38.5, Diff: 0.2, Sum: 307.3]
      [Termination (ms): Min: 0.0, Avg: 0.0, Max: 0.1, Diff: 0.1, Sum: 0.4]
      [GC Worker Other (ms): Min: 0.0, Avg: 0.0, Max: 0.0, Diff: 0.0, Sum: 0.1]
      [GC Worker Total (ms): Min: 101.9, Avg: 102.1, Max: 102.2, Diff: 0.3, Sum: 817.1]
      [GC Worker End (ms): Min: 2798.1, Avg: 2798.1, Max: 2798.1, Diff: 0.0]
   [Code Root Fixup: 0.0 ms]
   [Clear CT: 0.0 ms]
   [Other: 0.4 ms]
      [Choose CSet: 0.0 ms]
      [Ref Proc: 0.1 ms]
      [Ref Enq: 0.0 ms]
      [Free CSet: 0.0 ms]
   [Eden: 23.0M(42.0M)->0.0B(43.0M) Survivors: 6144.0K->6144.0K Heap: 494.1M(973.0M)->498.7M(984.0M)]
 [Times: user=0.73 sys=0.01, real=0.10 secs] 
2.799: [GC concurrent-root-region-scan-start]
2.802: [GC concurrent-root-region-scan-end, 0.0034465 secs]
2.802: [GC concurrent-mark-start]
3.185: [GC pause (young), 0.0936391 secs]
   [Parallel Time: 93.0 ms, GC Workers: 8]
      [GC Worker Start (ms): Min: 3185.3, Avg: 3189.0, Max: 3199.8, Diff: 14.5]
      [Ext Root Scanning (ms): Min: 0.0, Avg: 0.2, Max: 0.3, Diff: 0.3, Sum: 1.6]
      [SATB Filtering (ms): Min: 0.0, Avg: 0.0, Max: 0.0, Diff: 0.0, Sum: 0.0]
      [Update RS (ms): Min: 0.0, Avg: 1.5, Max: 2.4, Diff: 2.4, Sum: 11.6]
         [Processed Buffers: Min: 0, Avg: 1.1, Max: 3, Diff: 3, Sum: 9]
      [Scan RS (ms): Min: 1.2, Avg: 10.4, Max: 14.1, Diff: 12.9, Sum: 83.5]
      [Object Copy (ms): Min: 55.0, Avg: 60.5, Max: 77.2, Diff: 22.1, Sum: 484.3]
      [Termination (ms): Min: 0.0, Avg: 16.7, Max: 22.0, Diff: 22.0, Sum: 133.4]
      [GC Worker Other (ms): Min: 0.0, Avg: 0.0, Max: 0.0, Diff: 0.0, Sum: 0.1]
      [GC Worker Total (ms): Min: 78.5, Avg: 89.3, Max: 93.0, Diff: 14.5, Sum: 714.5]
      [GC Worker End (ms): Min: 3278.3, Avg: 3278.3, Max: 3278.3, Diff: 0.0]
   [Code Root Fixup: 0.0 ms]
   [Clear CT: 0.0 ms]
   [Other: 0.5 ms]
      [Choose CSet: 0.0 ms]
      [Ref Proc: 0.1 ms]
      [Ref Enq: 0.0 ms]
      [Free CSet: 0.1 ms]
   [Eden: 43.0M(43.0M)->0.0B(49.0M) Survivors: 6144.0K->7168.0K Heap: 576.9M(984.0M)->579.9M(992.0M)]
 [Times: user=0.70 sys=0.00, real=0.10 secs] 
3.502: [GC pause (young), 0.1317673 secs]
   [Parallel Time: 131.0 ms, GC Workers: 8]
      [GC Worker Start (ms): Min: 3502.1, Avg: 3502.1, Max: 3502.3, Diff: 0.2]
      [Ext Root Scanning (ms): Min: 0.1, Avg: 0.2, Max: 0.3, Diff: 0.3, Sum: 2.0]
      [SATB Filtering (ms): Min: 0.0, Avg: 0.0, Max: 0.0, Diff: 0.0, Sum: 0.0]
      [Update RS (ms): Min: 4.7, Avg: 5.8, Max: 7.4, Diff: 2.6, Sum: 46.5]
         [Processed Buffers: Min: 3, Avg: 3.0, Max: 3, Diff: 0, Sum: 24]
      [Scan RS (ms): Min: 31.6, Avg: 33.1, Max: 34.3, Diff: 2.7, Sum: 265.1]
      [Object Copy (ms): Min: 91.6, Avg: 91.6, Max: 91.7, Diff: 0.1, Sum: 733.1]
      [Termination (ms): Min: 0.0, Avg: 0.0, Max: 0.0, Diff: 0.0, Sum: 0.0]
      [GC Worker Other (ms): Min: 0.0, Avg: 0.0, Max: 0.0, Diff: 0.0, Sum: 0.2]
      [GC Worker Total (ms): Min: 130.7, Avg: 130.9, Max: 130.9, Diff: 0.2, Sum: 1047.0]
      [GC Worker End (ms): Min: 3633.0, Avg: 3633.0, Max: 3633.0, Diff: 0.0]
   [Code Root Fixup: 0.0 ms]
   [Clear CT: 0.0 ms]
   [Other: 0.8 ms]
      [Choose CSet: 0.0 ms]
      [Ref Proc: 0.1 ms]
      [Ref Enq: 0.0 ms]
      [Free CSet: 0.1 ms]
   [Eden: 49.0M(49.0M)->0.0B(46.0M) Survivors: 7168.0K->7168.0K Heap: 711.8M(992.0M)->715.8M(999.0M)]
 [Times: user=1.11 sys=0.01, real=0.14 secs] 
3.698: [GC concurrent-mark-end, 0.8956066 secs]
3.698: [GC remark 3.698: [GC ref-proc, 0.0000448 secs], 0.0010137 secs]
 [Times: user=0.00 sys=0.00, real=0.00 secs] 
3.699: [GC cleanup 744M->396M(999M), 0.0006881 secs]
 [Times: user=0.00 sys=0.00, real=0.00 secs] 
3.700: [GC concurrent-cleanup-start]
3.700: [GC concurrent-cleanup-end, 0.0002766 secs]
3.762: [GC pause (young), 0.1869848 secs]
   [Parallel Time: 185.7 ms, GC Workers: 8]
      [GC Worker Start (ms): Min: 3762.3, Avg: 3762.3, Max: 3762.4, Diff: 0.1]
      [Ext Root Scanning (ms): Min: 0.2, Avg: 0.3, Max: 0.3, Diff: 0.1, Sum: 2.0]
      [Update RS (ms): Min: 65.8, Avg: 66.5, Max: 67.2, Diff: 1.4, Sum: 531.6]
         [Processed Buffers: Min: 27, Avg: 28.1, Max: 29, Diff: 2, Sum: 225]
      [Scan RS (ms): Min: 13.5, Avg: 14.2, Max: 14.8, Diff: 1.3, Sum: 113.7]
      [Object Copy (ms): Min: 104.4, Avg: 104.6, Max: 104.7, Diff: 0.3, Sum: 836.5]
      [Termination (ms): Min: 0.0, Avg: 0.1, Max: 0.2, Diff: 0.2, Sum: 0.9]
      [GC Worker Other (ms): Min: 0.0, Avg: 0.0, Max: 0.0, Diff: 0.0, Sum: 0.2]
      [GC Worker Total (ms): Min: 185.6, Avg: 185.6, Max: 185.7, Diff: 0.1, Sum: 1485.0]
      [GC Worker End (ms): Min: 3947.9, Avg: 3947.9, Max: 3947.9, Diff: 0.0]
   [Code Root Fixup: 0.0 ms]
   [Clear CT: 0.1 ms]
   [Other: 1.2 ms]
      [Choose CSet: 0.0 ms]
      [Ref Proc: 0.1 ms]
      [Ref Enq: 0.0 ms]
      [Free CSet: 0.1 ms]
   [Eden: 46.0M(46.0M)->0.0B(44.0M) Survivors: 7168.0K->7168.0K Heap: 453.7M(999.0M)->458.2M(1004.0M)]
 [Times: user=1.45 sys=0.02, real=0.19 secs] 
4.002: [GC pause (young) (initial-mark), 0.0932981 secs]
   [Parallel Time: 92.8 ms, GC Workers: 8]
      [GC Worker Start (ms): Min: 4002.5, Avg: 4002.6, Max: 4002.6, Diff: 0.0]
      [Ext Root Scanning (ms): Min: 0.2, Avg: 0.3, Max: 0.3, Diff: 0.1, Sum: 2.0]
      [Update RS (ms): Min: 50.4, Avg: 50.9, Max: 51.9, Diff: 1.5, Sum: 407.1]
         [Processed Buffers: Min: 39, Avg: 40.8, Max: 43, Diff: 4, Sum: 326]
      [Scan RS (ms): Min: 2.4, Avg: 3.3, Max: 3.9, Diff: 1.5, Sum: 26.2]
      [Object Copy (ms): Min: 38.2, Avg: 38.3, Max: 38.4, Diff: 0.2, Sum: 306.3]
      [Termination (ms): Min: 0.0, Avg: 0.1, Max: 0.1, Diff: 0.1, Sum: 0.6]
      [GC Worker Other (ms): Min: 0.0, Avg: 0.0, Max: 0.0, Diff: 0.0, Sum: 0.1]
      [GC Worker Total (ms): Min: 92.8, Avg: 92.8, Max: 92.8, Diff: 0.0, Sum: 742.3]
      [GC Worker End (ms): Min: 4095.3, Avg: 4095.3, Max: 4095.3, Diff: 0.0]
   [Code Root Fixup: 0.0 ms]
   [Clear CT: 0.0 ms]
   [Other: 0.4 ms]
      [Choose CSet: 0.0 ms]
      [Ref Proc: 0.1 ms]
      [Ref Enq: 0.0 ms]
      [Free CSet: 0.0 ms]
   [Eden: 17.0M(44.0M)->0.0B(48.0M) Survivors: 7168.0K->7168.0K Heap: 474.5M(1004.0M)->479.7M(1008.0M)]
 [Times: user=0.75 sys=0.00, real=0.10 secs] 
4.096: [GC concurrent-root-region-scan-start]
4.103: [GC concurrent-root-region-scan-end, 0.0070409 secs]
4.103: [GC concurrent-mark-start]
4.419: [GC pause (young), 0.2771009 secs]
   [Parallel Time: 276.3 ms, GC Workers: 8]
      [GC Worker Start (ms): Min: 4419.3, Avg: 4420.7, Max: 4430.1, Diff: 10.7]
      [Ext Root Scanning (ms): Min: 0.0, Avg: 0.2, Max: 0.3, Diff: 0.3, Sum: 1.7]
      [SATB Filtering (ms): Min: 0.0, Avg: 0.0, Max: 0.0, Diff: 0.0, Sum: 0.0]
      [Update RS (ms): Min: 156.7, Avg: 166.4, Max: 169.0, Diff: 12.3, Sum: 1331.5]
         [Processed Buffers: Min: 67, Avg: 71.6, Max: 75, Diff: 8, Sum: 573]
      [Scan RS (ms): Min: 0.6, Avg: 1.9, Max: 2.7, Diff: 2.1, Sum: 15.3]
      [Object Copy (ms): Min: 106.0, Avg: 106.2, Max: 106.3, Diff: 0.2, Sum: 849.4]
      [Termination (ms): Min: 0.0, Avg: 0.1, Max: 0.1, Diff: 0.1, Sum: 0.8]
      [GC Worker Other (ms): Min: 0.0, Avg: 0.0, Max: 0.0, Diff: 0.0, Sum: 0.2]
      [GC Worker Total (ms): Min: 265.5, Avg: 274.9, Max: 276.2, Diff: 10.7, Sum: 2198.9]
      [GC Worker End (ms): Min: 4695.6, Avg: 4695.6, Max: 4695.6, Diff: 0.0]
   [Code Root Fixup: 0.0 ms]
   [Clear CT: 0.0 ms]
   [Other: 0.8 ms]
      [Choose CSet: 0.0 ms]
      [Ref Proc: 0.1 ms]
      [Ref Enq: 0.0 ms]
      [Free CSet: 0.1 ms]
   [Eden: 48.0M(48.0M)->0.0B(43.0M) Survivors: 7168.0K->7168.0K Heap: 615.7M(1008.0M)->619.2M(1012.0M)]
 [Times: user=2.08 sys=0.09, real=0.29 secs] 
4.903: [GC pause (young), 0.1277731 secs]
   [Parallel Time: 127.0 ms, GC Workers: 8]
      [GC Worker Start (ms): Min: 4902.9, Avg: 4902.9, Max: 4902.9, Diff: 0.0]
      [Ext Root Scanning (ms): Min: 0.2, Avg: 0.2, Max: 0.3, Diff: 0.1, Sum: 2.0]
      [SATB Filtering (ms): Min: 0.0, Avg: 0.0, Max: 0.0, Diff: 0.0, Sum: 0.0]
      [Update RS (ms): Min: 0.0, Avg: 1.4, Max: 2.4, Diff: 2.4, Sum: 11.4]
         [Processed Buffers: Min: 0, Avg: 0.8, Max: 1, Diff: 1, Sum: 6]
      [Scan RS (ms): Min: 30.0, Avg: 31.0, Max: 32.4, Diff: 2.4, Sum: 248.1]
      [Object Copy (ms): Min: 82.4, Avg: 83.9, Max: 94.1, Diff: 11.7, Sum: 671.5]
      [Termination (ms): Min: 0.0, Avg: 10.3, Max: 11.8, Diff: 11.8, Sum: 82.6]
      [GC Worker Other (ms): Min: 0.0, Avg: 0.0, Max: 0.0, Diff: 0.0, Sum: 0.1]
      [GC Worker Total (ms): Min: 126.9, Avg: 127.0, Max: 127.0, Diff: 0.1, Sum: 1015.7]
      [GC Worker End (ms): Min: 5029.8, Avg: 5029.8, Max: 5029.8, Diff: 0.0]
   [Code Root Fixup: 0.0 ms]
   [Clear CT: 0.0 ms]
   [Other: 0.7 ms]
      [Choose CSet: 0.0 ms]
      [Ref Proc: 0.1 ms]
      [Ref Enq: 0.0 ms]
      [Free CSet: 0.1 ms]
   [Eden: 43.0M(43.0M)->0.0B(43.0M) Survivors: 7168.0K->7168.0K Heap: 692.3M(1012.0M)->695.8M(1015.0M)]
 [Times: user=0.80 sys=0.14, real=0.13 secs] 
5.118: [GC concurrent-mark-end, 1.0048334 secs]
5.118: [GC pause (young), 0.2237876 secs]
   [Parallel Time: 222.9 ms, GC Workers: 8]
      [GC Worker Start (ms): Min: 5117.8, Avg: 5117.8, Max: 5118.0, Diff: 0.2]
      [Ext Root Scanning (ms): Min: 0.1, Avg: 0.2, Max: 0.3, Diff: 0.2, Sum: 1.9]
      [SATB Filtering (ms): Min: 0.0, Avg: 0.0, Max: 0.0, Diff: 0.0, Sum: 0.0]
      [Update RS (ms): Min: 103.2, Avg: 103.6, Max: 104.5, Diff: 1.3, Sum: 828.9]
         [Processed Buffers: Min: 48, Avg: 49.6, Max: 52, Diff: 4, Sum: 397]
      [Scan RS (ms): Min: 9.4, Avg: 10.2, Max: 10.7, Diff: 1.3, Sum: 81.5]
      [Object Copy (ms): Min: 108.7, Avg: 108.8, Max: 108.9, Diff: 0.2, Sum: 870.1]
      [Termination (ms): Min: 0.0, Avg: 0.0, Max: 0.0, Diff: 0.0, Sum: 0.2]
      [GC Worker Other (ms): Min: 0.0, Avg: 0.0, Max: 0.0, Diff: 0.0, Sum: 0.1]
      [GC Worker Total (ms): Min: 222.7, Avg: 222.8, Max: 222.9, Diff: 0.2, Sum: 1782.7]
      [GC Worker End (ms): Min: 5340.7, Avg: 5340.7, Max: 5340.7, Diff: 0.0]
   [Code Root Fixup: 0.0 ms]
   [Clear CT: 0.1 ms]
   [Other: 0.8 ms]
      [Choose CSet: 0.0 ms]
      [Ref Proc: 0.2 ms]
      [Ref Enq: 0.0 ms]
      [Free CSet: 0.1 ms]
   [Eden: 43.0M(43.0M)->0.0B(43.0M) Survivors: 7168.0K->7168.0K Heap: 777.9M(1015.0M)->783.4M(1017.0M)]
 [Times: user=1.69 sys=0.03, real=0.22 secs] 
5.342: [GC remark 5.342: [GC ref-proc, 0.0000345 secs], 0.0010221 secs]
 [Times: user=0.00 sys=0.00, real=0.00 secs] 
5.382: [GC cleanup 784M->458M(1017M), 0.0006890 secs]
 [Times: user=0.00 sys=0.00, real=0.00 secs] 
5.383: [GC concurrent-cleanup-start]
5.383: [GC concurrent-cleanup-end, 0.0002323 secs]
5.458: [GC pause (young), 0.1346227 secs]
   [Parallel Time: 133.9 ms, GC Workers: 8]
      [GC Worker Start (ms): Min: 5458.0, Avg: 5458.0, Max: 5458.1, Diff: 0.0]
      [Ext Root Scanning (ms): Min: 0.2, Avg: 0.3, Max: 0.3, Diff: 0.1, Sum: 2.0]
      [Update RS (ms): Min: 48.2, Avg: 48.7, Max: 49.6, Diff: 1.3, Sum: 390.0]
         [Processed Buffers: Min: 20, Avg: 20.5, Max: 22, Diff: 2, Sum: 164]
      [Scan RS (ms): Min: 6.1, Avg: 6.9, Max: 7.4, Diff: 1.2, Sum: 55.2]
      [Object Copy (ms): Min: 77.8, Avg: 77.9, Max: 78.0, Diff: 0.2, Sum: 623.6]
      [Termination (ms): Min: 0.0, Avg: 0.0, Max: 0.0, Diff: 0.0, Sum: 0.1]
      [GC Worker Other (ms): Min: 0.0, Avg: 0.0, Max: 0.0, Diff: 0.0, Sum: 0.1]
      [GC Worker Total (ms): Min: 133.9, Avg: 133.9, Max: 133.9, Diff: 0.0, Sum: 1071.0]
      [GC Worker End (ms): Min: 5591.9, Avg: 5591.9, Max: 5591.9, Diff: 0.0]
   [Code Root Fixup: 0.0 ms]
   [Clear CT: 0.1 ms]
   [Other: 0.6 ms]
      [Choose CSet: 0.0 ms]
      [Ref Proc: 0.1 ms]
      [Ref Enq: 0.0 ms]
      [Free CSet: 0.1 ms]
   [Eden: 43.0M(43.0M)->0.0B(43.0M) Survivors: 7168.0K->7168.0K Heap: 535.4M(1017.0M)->538.9M(1019.0M)]
 [Times: user=0.83 sys=0.03, real=0.13 secs] 
5.632: [GC pause (young) (initial-mark), 0.0918389 secs]
   [Parallel Time: 91.3 ms, GC Workers: 8]
      [GC Worker Start (ms): Min: 5632.1, Avg: 5632.1, Max: 5632.3, Diff: 0.2]
      [Ext Root Scanning (ms): Min: 0.1, Avg: 0.2, Max: 0.3, Diff: 0.2, Sum: 1.9]
      [Update RS (ms): Min: 42.3, Avg: 42.8, Max: 43.7, Diff: 1.4, Sum: 342.3]
         [Processed Buffers: Min: 28, Avg: 29.3, Max: 31, Diff: 3, Sum: 234]
      [Scan RS (ms): Min: 0.8, Avg: 1.8, Max: 2.3, Diff: 1.6, Sum: 14.0]
      [Object Copy (ms): Min: 46.2, Avg: 46.3, Max: 46.5, Diff: 0.3, Sum: 370.3]
      [Termination (ms): Min: 0.0, Avg: 0.1, Max: 0.1, Diff: 0.1, Sum: 0.9]
      [GC Worker Other (ms): Min: 0.0, Avg: 0.0, Max: 0.0, Diff: 0.0, Sum: 0.1]
      [GC Worker Total (ms): Min: 91.0, Avg: 91.2, Max: 91.2, Diff: 0.2, Sum: 729.6]
      [GC Worker End (ms): Min: 5723.3, Avg: 5723.3, Max: 5723.3, Diff: 0.0]
   [Code Root Fixup: 0.0 ms]
   [Clear CT: 0.1 ms]
   [Other: 0.5 ms]
      [Choose CSet: 0.0 ms]
      [Ref Proc: 0.1 ms]
      [Ref Enq: 0.0 ms]
      [Free CSet: 0.0 ms]
   [Eden: 25.0M(43.0M)->0.0B(48.0M) Survivors: 7168.0K->7168.0K Heap: 563.2M(1019.0M)->569.4M(1020.0M)]
 [Times: user=0.72 sys=0.00, real=0.09 secs] 
5.724: [GC concurrent-root-region-scan-start]
5.756: [GC concurrent-root-region-scan-end, 0.0318252 secs]
5.756: [GC concurrent-mark-start]
6.235: [GC pause (young), 0.1681390 secs]
   [Parallel Time: 167.2 ms, GC Workers: 8]
      [GC Worker Start (ms): Min: 6234.7, Avg: 6251.8, Max: 6289.8, Diff: 55.1]
      [Ext Root Scanning (ms): Min: 0.0, Avg: 0.2, Max: 0.4, Diff: 0.4, Sum: 1.2]
      [SATB Filtering (ms): Min: 0.0, Avg: 0.0, Max: 0.0, Diff: 0.0, Sum: 0.0]
      [Update RS (ms): Min: 0.0, Avg: 5.9, Max: 12.5, Diff: 12.5, Sum: 47.3]
         [Processed Buffers: Min: 0, Avg: 4.1, Max: 9, Diff: 9, Sum: 33]
      [Scan RS (ms): Min: 0.1, Avg: 31.1, Max: 58.2, Diff: 58.1, Sum: 248.5]
      [Object Copy (ms): Min: 75.5, Avg: 87.2, Max: 116.4, Diff: 40.9, Sum: 697.7]
      [Termination (ms): Min: 0.0, Avg: 23.5, Max: 33.3, Diff: 33.3, Sum: 188.4]
      [GC Worker Other (ms): Min: 0.0, Avg: 0.0, Max: 0.0, Diff: 0.0, Sum: 0.1]
      [GC Worker Total (ms): Min: 112.0, Avg: 147.9, Max: 167.1, Diff: 55.1, Sum: 1183.1]
      [GC Worker End (ms): Min: 6397.6, Avg: 6399.7, Max: 6401.8, Diff: 4.2]
   [Code Root Fixup: 0.0 ms]
   [Clear CT: 0.1 ms]
   [Other: 0.9 ms]
      [Choose CSet: 0.0 ms]
      [Ref Proc: 0.2 ms]
      [Ref Enq: 0.0 ms]
      [Free CSet: 0.1 ms]
   [Eden: 48.0M(48.0M)->0.0B(45.0M) Survivors: 7168.0K->7168.0K Heap: 700.3M(1020.0M)->701.3M(1021.0M)]
 [Times: user=0.84 sys=0.02, real=0.17 secs] 
6.499: [GC pause (young), 0.2174450 secs]
   [Parallel Time: 216.3 ms, GC Workers: 8]
      [GC Worker Start (ms): Min: 6498.9, Avg: 6498.9, Max: 6498.9, Diff: 0.0]
      [Ext Root Scanning (ms): Min: 0.2, Avg: 0.3, Max: 0.3, Diff: 0.1, Sum: 2.1]
      [SATB Filtering (ms): Min: 0.0, Avg: 0.0, Max: 0.0, Diff: 0.0, Sum: 0.0]
      [Update RS (ms): Min: 100.3, Avg: 100.9, Max: 101.6, Diff: 1.3, Sum: 807.0]
         [Processed Buffers: Min: 46, Avg: 49.8, Max: 52, Diff: 6, Sum: 398]
      [Scan RS (ms): Min: 8.2, Avg: 8.8, Max: 9.4, Diff: 1.2, Sum: 70.4]
      [Object Copy (ms): Min: 106.0, Avg: 106.1, Max: 106.2, Diff: 0.2, Sum: 849.0]
      [Termination (ms): Min: 0.0, Avg: 0.1, Max: 0.1, Diff: 0.1, Sum: 0.7]
      [GC Worker Other (ms): Min: 0.0, Avg: 0.1, Max: 0.1, Diff: 0.1, Sum: 0.5]
      [GC Worker Total (ms): Min: 216.2, Avg: 216.2, Max: 216.2, Diff: 0.1, Sum: 1729.8]
      [GC Worker End (ms): Min: 6715.1, Avg: 6715.1, Max: 6715.1, Diff: 0.1]
   [Code Root Fixup: 0.0 ms]
   [Clear CT: 0.1 ms]
   [Other: 1.1 ms]
      [Choose CSet: 0.0 ms]
      [Ref Proc: 0.1 ms]
      [Ref Enq: 0.0 ms]
      [Free CSet: 0.1 ms]
   [Eden: 45.0M(45.0M)->0.0B(44.0M) Survivors: 7168.0K->7168.0K Heap: 785.4M(1021.0M)->790.4M(1022.0M)]
 [Times: user=1.68 sys=0.06, real=0.22 secs] 
6.841: [GC pause (young), 0.0397609 secs]
   [Parallel Time: 39.4 ms, GC Workers: 8]
      [GC Worker Start (ms): Min: 6841.3, Avg: 6841.4, Max: 6841.7, Diff: 0.4]
      [Ext Root Scanning (ms): Min: 0.0, Avg: 0.3, Max: 0.3, Diff: 0.3, Sum: 2.0]
      [SATB Filtering (ms): Min: 0.0, Avg: 0.0, Max: 0.0, Diff: 0.0, Sum: 0.0]
      [Update RS (ms): Min: 0.0, Avg: 0.8, Max: 2.4, Diff: 2.4, Sum: 6.8]
         [Processed Buffers: Min: 0, Avg: 0.6, Max: 1, Diff: 1, Sum: 5]
      [Scan RS (ms): Min: 3.4, Avg: 5.0, Max: 5.9, Diff: 2.5, Sum: 39.7]
      [Object Copy (ms): Min: 33.0, Avg: 33.1, Max: 33.2, Diff: 0.2, Sum: 264.9]
      [Termination (ms): Min: 0.0, Avg: 0.1, Max: 0.1, Diff: 0.1, Sum: 0.8]
      [GC Worker Other (ms): Min: 0.0, Avg: 0.0, Max: 0.0, Diff: 0.0, Sum: 0.1]
      [GC Worker Total (ms): Min: 39.0, Avg: 39.3, Max: 39.4, Diff: 0.4, Sum: 314.4]
      [GC Worker End (ms): Min: 6880.7, Avg: 6880.7, Max: 6880.7, Diff: 0.0]
   [Code Root Fixup: 0.0 ms]
   [Clear CT: 0.1 ms]
   [Other: 0.3 ms]
      [Choose CSet: 0.0 ms]
      [Ref Proc: 0.1 ms]
      [Ref Enq: 0.0 ms]
      [Free CSet: 0.0 ms]
   [Eden: 15.0M(44.0M)->0.0B(49.0M) Survivors: 7168.0K->7168.0K Heap: 804.7M(1022.0M)->808.9M(1023.0M)]
 [Times: user=0.34 sys=0.00, real=0.04 secs] 
6.881: [Full GC 808M->117M(393M), 0.5734608 secs]
   [Eden: 0.0B(49.0M)->0.0B(61.0M) Survivors: 7168.0K->0.0B Heap: 808.9M(1023.0M)->117.6M(393.0M)]
 [Times: user=0.58 sys=0.05, real=0.57 secs] 
7.455: [GC concurrent-mark-abort]
7.551: [GC pause (young) (initial-mark), 0.0635693 secs]
   [Parallel Time: 62.8 ms, GC Workers: 8]
      [GC Worker Start (ms): Min: 7551.1, Avg: 7551.1, Max: 7551.1, Diff: 0.0]
      [Ext Root Scanning (ms): Min: 0.3, Avg: 0.3, Max: 0.4, Diff: 0.1, Sum: 2.5]
      [Update RS (ms): Min: 0.0, Avg: 1.0, Max: 2.4, Diff: 2.4, Sum: 8.1]
         [Processed Buffers: Min: 0, Avg: 0.6, Max: 2, Diff: 2, Sum: 5]
      [Scan RS (ms): Min: 9.4, Avg: 10.8, Max: 11.9, Diff: 2.5, Sum: 86.6]
      [Object Copy (ms): Min: 50.4, Avg: 50.5, Max: 50.6, Diff: 0.2, Sum: 403.9]
      [Termination (ms): Min: 0.0, Avg: 0.0, Max: 0.0, Diff: 0.0, Sum: 0.1]
      [GC Worker Other (ms): Min: 0.0, Avg: 0.0, Max: 0.0, Diff: 0.0, Sum: 0.1]
      [GC Worker Total (ms): Min: 62.6, Avg: 62.7, Max: 62.7, Diff: 0.0, Sum: 501.3]
      [GC Worker End (ms): Min: 7613.7, Avg: 7613.7, Max: 7613.7, Diff: 0.0]
   [Code Root Fixup: 0.0 ms]
   [Clear CT: 0.0 ms]
   [Other: 0.8 ms]
      [Choose CSet: 0.0 ms]
      [Ref Proc: 0.1 ms]
      [Ref Enq: 0.0 ms]
      [Free CSet: 0.0 ms]
   [Eden: 48.0M(61.0M)->0.0B(72.0M) Survivors: 0.0B->8192.0K Heap: 199.8M(393.0M)->202.3M(520.0M)]
 [Times: user=0.33 sys=0.02, real=0.06 secs] 
7.615: [GC concurrent-root-region-scan-start]
7.656: [GC concurrent-root-region-scan-end, 0.0411040 secs]
7.656: [GC concurrent-mark-start]
8.261: [GC pause (young), 0.2528936 secs]
   [Parallel Time: 251.8 ms, GC Workers: 8]
      [GC Worker Start (ms): Min: 8261.1, Avg: 8290.5, Max: 8339.8, Diff: 78.8]
      [Ext Root Scanning (ms): Min: 0.0, Avg: 0.1, Max: 0.3, Diff: 0.3, Sum: 1.2]
      [SATB Filtering (ms): Min: 0.0, Avg: 0.0, Max: 0.0, Diff: 0.0, Sum: 0.0]
      [Update RS (ms): Min: 0.0, Avg: 0.8, Max: 2.4, Diff: 2.4, Sum: 6.4]
         [Processed Buffers: Min: 0, Avg: 1.0, Max: 3, Diff: 3, Sum: 8]
      [Scan RS (ms): Min: 0.0, Avg: 38.7, Max: 87.5, Diff: 87.5, Sum: 310.0]
      [Object Copy (ms): Min: 72.2, Avg: 112.4, Max: 187.5, Diff: 115.3, Sum: 899.4]
      [Termination (ms): Min: 0.0, Avg: 68.6, Max: 100.7, Diff: 100.7, Sum: 548.9]
      [GC Worker Other (ms): Min: 0.0, Avg: 0.0, Max: 0.2, Diff: 0.2, Sum: 0.3]
      [GC Worker Total (ms): Min: 166.7, Avg: 220.8, Max: 251.7, Diff: 85.0, Sum: 1766.2]
      [GC Worker End (ms): Min: 8506.5, Avg: 8511.3, Max: 8512.9, Diff: 6.3]
   [Code Root Fixup: 0.0 ms]
   [Clear CT: 0.1 ms]
   [Other: 1.0 ms]
      [Choose CSet: 0.0 ms]
      [Ref Proc: 0.1 ms]
      [Ref Enq: 0.0 ms]
      [Free CSet: 0.1 ms]
   [Eden: 72.0M(72.0M)->0.0B(51.0M) Survivors: 8192.0K->10.0M Heap: 372.9M(520.0M)->375.4M(621.0M)]
 [Times: user=1.34 sys=0.01, real=0.25 secs] 
8.637: [GC pause (young), 0.2908832 secs]
   [Parallel Time: 290.0 ms, GC Workers: 8]
      [GC Worker Start (ms): Min: 8636.7, Avg: 8636.7, Max: 8636.9, Diff: 0.3]
      [Ext Root Scanning (ms): Min: 0.0, Avg: 0.3, Max: 0.3, Diff: 0.3, Sum: 2.0]
      [SATB Filtering (ms): Min: 0.0, Avg: 0.0, Max: 0.0, Diff: 0.0, Sum: 0.0]
      [Update RS (ms): Min: 159.8, Avg: 160.5, Max: 162.0, Diff: 2.2, Sum: 1284.2]
         [Processed Buffers: Min: 88, Avg: 91.4, Max: 95, Diff: 7, Sum: 731]
      [Scan RS (ms): Min: 5.4, Avg: 7.0, Max: 7.7, Diff: 2.3, Sum: 56.0]
      [Object Copy (ms): Min: 121.8, Avg: 121.9, Max: 122.0, Diff: 0.2, Sum: 975.3]
      [Termination (ms): Min: 0.0, Avg: 0.2, Max: 0.2, Diff: 0.2, Sum: 1.3]
      [GC Worker Other (ms): Min: 0.0, Avg: 0.0, Max: 0.0, Diff: 0.0, Sum: 0.3]
      [GC Worker Total (ms): Min: 289.7, Avg: 289.9, Max: 289.9, Diff: 0.3, Sum: 2319.0]
      [GC Worker End (ms): Min: 8926.6, Avg: 8926.6, Max: 8926.6, Diff: 0.0]
   [Code Root Fixup: 0.0 ms]
   [Clear CT: 0.1 ms]
   [Other: 0.9 ms]
      [Choose CSet: 0.0 ms]
      [Ref Proc: 0.1 ms]
      [Ref Enq: 0.0 ms]
      [Free CSet: 0.1 ms]
   [Eden: 51.0M(51.0M)->0.0B(27.0M) Survivors: 10.0M->8192.0K Heap: 485.1M(621.0M)->491.1M(702.0M)]
 [Times: user=2.29 sys=0.00, real=0.29 secs] 
9.065: [GC pause (young), 0.0474778 secs]
   [Parallel Time: 46.9 ms, GC Workers: 8]
      [GC Worker Start (ms): Min: 9065.2, Avg: 9065.2, Max: 9065.2, Diff: 0.0]
      [Ext Root Scanning (ms): Min: 0.2, Avg: 0.3, Max: 0.3, Diff: 0.1, Sum: 2.0]
      [SATB Filtering (ms): Min: 0.0, Avg: 0.0, Max: 0.0, Diff: 0.0, Sum: 0.0]
      [Update RS (ms): Min: 0.0, Avg: 1.5, Max: 2.4, Diff: 2.4, Sum: 12.4]
         [Processed Buffers: Min: 0, Avg: 0.9, Max: 1, Diff: 1, Sum: 7]
      [Scan RS (ms): Min: 6.7, Avg: 7.6, Max: 9.3, Diff: 2.5, Sum: 60.6]
      [Object Copy (ms): Min: 37.2, Avg: 37.4, Max: 37.5, Diff: 0.2, Sum: 299.0]
      [Termination (ms): Min: 0.0, Avg: 0.0, Max: 0.0, Diff: 0.0, Sum: 0.0]
      [GC Worker Other (ms): Min: 0.0, Avg: 0.0, Max: 0.0, Diff: 0.0, Sum: 0.1]
      [GC Worker Total (ms): Min: 46.7, Avg: 46.8, Max: 46.8, Diff: 0.0, Sum: 374.1]
      [GC Worker End (ms): Min: 9112.0, Avg: 9112.0, Max: 9112.0, Diff: 0.0]
   [Code Root Fixup: 0.0 ms]
   [Clear CT: 0.1 ms]
   [Other: 0.6 ms]
      [Choose CSet: 0.0 ms]
      [Ref Proc: 0.1 ms]
      [Ref Enq: 0.0 ms]
      [Free CSet: 0.0 ms]
   [Eden: 27.0M(27.0M)->0.0B(42.0M) Survivors: 8192.0K->5120.0K Heap: 518.1M(702.0M)->522.1M(767.0M)]
 [Times: user=0.48 sys=0.02, real=0.05 secs] 
9.174: [GC concurrent-mark-end, 1.5184952 secs]
9.177: [GC remark 9.177: [GC ref-proc, 0.0000453 secs], 0.0011033 secs]
 [Times: user=0.00 sys=0.00, real=0.00 secs] 
9.186: [GC cleanup 579M->555M(767M), 0.0005080 secs]
 [Times: user=0.00 sys=0.00, real=0.00 secs] 
9.187: [GC concurrent-cleanup-start]
9.187: [GC concurrent-cleanup-end, 0.0000210 secs]
9.338: [GC pause (young), 0.1068323 secs]
   [Parallel Time: 105.6 ms, GC Workers: 8]
      [GC Worker Start (ms): Min: 9337.7, Avg: 9337.9, Max: 9339.3, Diff: 1.6]
      [Ext Root Scanning (ms): Min: 0.0, Avg: 0.3, Max: 0.3, Diff: 0.3, Sum: 2.2]
      [Update RS (ms): Min: 0.0, Avg: 1.9, Max: 3.3, Diff: 3.3, Sum: 15.3]
         [Processed Buffers: Min: 0, Avg: 1.0, Max: 2, Diff: 2, Sum: 8]
      [Scan RS (ms): Min: 24.6, Avg: 25.8, Max: 27.0, Diff: 2.4, Sum: 206.2]
      [Object Copy (ms): Min: 77.3, Avg: 77.4, Max: 77.5, Diff: 0.1, Sum: 619.2]
      [Termination (ms): Min: 0.0, Avg: 0.0, Max: 0.0, Diff: 0.0, Sum: 0.0]
      [GC Worker Other (ms): Min: 0.0, Avg: 0.0, Max: 0.0, Diff: 0.0, Sum: 0.2]
      [GC Worker Total (ms): Min: 103.9, Avg: 105.4, Max: 105.6, Diff: 1.7, Sum: 843.0]
      [GC Worker End (ms): Min: 9443.3, Avg: 9443.3, Max: 9443.3, Diff: 0.0]
   [Code Root Fixup: 0.0 ms]
   [Clear CT: 0.1 ms]
   [Other: 1.1 ms]
      [Choose CSet: 0.0 ms]
      [Ref Proc: 0.2 ms]
      [Ref Enq: 0.0 ms]
      [Free CSet: 0.1 ms]
   [Eden: 42.0M(42.0M)->0.0B(46.0M) Survivors: 5120.0K->6144.0K Heap: 613.0M(767.0M)->616.5M(819.0M)]
 [Times: user=0.81 sys=0.00, real=0.11 secs] 
9.516: [GC pause (young) (initial-mark), 0.0296439 secs]
   [Parallel Time: 28.9 ms, GC Workers: 8]
      [GC Worker Start (ms): Min: 9516.2, Avg: 9516.5, Max: 9517.4, Diff: 1.2]
      [Ext Root Scanning (ms): Min: 0.0, Avg: 0.2, Max: 0.4, Diff: 0.4, Sum: 2.0]
      [Update RS (ms): Min: 0.0, Avg: 1.9, Max: 2.4, Diff: 2.4, Sum: 15.2]
         [Processed Buffers: Min: 1, Avg: 1.0, Max: 1, Diff: 0, Sum: 8]
      [Scan RS (ms): Min: 5.8, Avg: 6.2, Max: 7.4, Diff: 1.6, Sum: 49.3]
      [Object Copy (ms): Min: 20.2, Avg: 20.2, Max: 20.3, Diff: 0.1, Sum: 161.9]
      [Termination (ms): Min: 0.0, Avg: 0.0, Max: 0.0, Diff: 0.0, Sum: 0.1]
      [GC Worker Other (ms): Min: 0.0, Avg: 0.0, Max: 0.0, Diff: 0.0, Sum: 0.1]
      [GC Worker Total (ms): Min: 27.7, Avg: 28.6, Max: 28.9, Diff: 1.2, Sum: 228.6]
      [GC Worker End (ms): Min: 9545.1, Avg: 9545.1, Max: 9545.1, Diff: 0.0]
   [Code Root Fixup: 0.0 ms]
   [Clear CT: 0.1 ms]
   [Other: 0.7 ms]
      [Choose CSet: 0.0 ms]
      [Ref Proc: 0.4 ms]
      [Ref Enq: 0.0 ms]
      [Free CSet: 0.0 ms]
   [Eden: 4096.0K(46.0M)->0.0B(61.0M) Survivors: 6144.0K->6144.0K Heap: 619.8M(819.0M)->624.5M(860.0M)]
 [Times: user=0.25 sys=0.00, real=0.03 secs] 
9.546: [GC concurrent-root-region-scan-start]
9.578: [GC concurrent-root-region-scan-end, 0.0317777 secs]
9.578: [GC concurrent-mark-start]
9.725: [GC pause (young), 0.1337699 secs]
   [Parallel Time: 133.0 ms, GC Workers: 8]
      [GC Worker Start (ms): Min: 9725.4, Avg: 9725.4, Max: 9725.7, Diff: 0.4]
      [Ext Root Scanning (ms): Min: 0.0, Avg: 0.3, Max: 0.3, Diff: 0.3, Sum: 2.0]
      [SATB Filtering (ms): Min: 0.0, Avg: 0.0, Max: 0.0, Diff: 0.0, Sum: 0.0]
      [Update RS (ms): Min: 2.5, Avg: 3.1, Max: 4.6, Diff: 2.1, Sum: 24.5]
         [Processed Buffers: Min: 1, Avg: 1.4, Max: 2, Diff: 1, Sum: 11]
      [Scan RS (ms): Min: 28.1, Avg: 29.7, Max: 30.3, Diff: 2.2, Sum: 238.0]
      [Object Copy (ms): Min: 99.7, Avg: 99.8, Max: 99.9, Diff: 0.2, Sum: 798.3]
      [Termination (ms): Min: 0.0, Avg: 0.0, Max: 0.0, Diff: 0.0, Sum: 0.0]
      [GC Worker Other (ms): Min: 0.0, Avg: 0.0, Max: 0.0, Diff: 0.0, Sum: 0.1]
      [GC Worker Total (ms): Min: 132.6, Avg: 132.9, Max: 132.9, Diff: 0.3, Sum: 1063.0]
      [GC Worker End (ms): Min: 9858.3, Avg: 9858.3, Max: 9858.3, Diff: 0.0]
   [Code Root Fixup: 0.0 ms]
   [Clear CT: 0.0 ms]
   [Other: 0.7 ms]
      [Choose CSet: 0.0 ms]
      [Ref Proc: 0.1 ms]
      [Ref Enq: 0.0 ms]
      [Free CSet: 0.1 ms]
   [Eden: 61.0M(61.0M)->0.0B(35.0M) Survivors: 6144.0K->9216.0K Heap: 735.1M(860.0M)->734.6M(893.0M)]
 [Times: user=1.05 sys=0.06, real=0.13 secs] 
9.957: [GC concurrent-mark-end, 0.3769934 secs]
9.968: [GC remark 9.968: [GC ref-proc, 0.0000434 secs], 0.0008098 secs]
 [Times: user=0.00 sys=0.00, real=0.00 secs] 
9.971: [GC cleanup 775M->210M(893M), 0.0008224 secs]
 [Times: user=0.00 sys=0.00, real=0.00 secs] 
9.972: [GC concurrent-cleanup-start]
9.973: [GC concurrent-cleanup-end, 0.0003923 secs]
10.036: [GC pause (young), 0.0844877 secs]
   [Parallel Time: 83.5 ms, GC Workers: 8]
      [GC Worker Start (ms): Min: 10036.3, Avg: 10036.4, Max: 10037.1, Diff: 0.8]
      [Ext Root Scanning (ms): Min: 0.0, Avg: 0.3, Max: 0.3, Diff: 0.3, Sum: 2.1]
      [Update RS (ms): Min: 2.5, Avg: 3.8, Max: 4.9, Diff: 2.4, Sum: 30.1]
         [Processed Buffers: Min: 1, Avg: 1.9, Max: 2, Diff: 1, Sum: 15]
      [Scan RS (ms): Min: 16.9, Avg: 18.0, Max: 19.4, Diff: 2.5, Sum: 143.9]
      [Object Copy (ms): Min: 61.1, Avg: 61.3, Max: 61.4, Diff: 0.2, Sum: 490.0]
      [Termination (ms): Min: 0.0, Avg: 0.1, Max: 0.1, Diff: 0.1, Sum: 0.5]
      [GC Worker Other (ms): Min: 0.0, Avg: 0.0, Max: 0.0, Diff: 0.0, Sum: 0.1]
      [GC Worker Total (ms): Min: 82.6, Avg: 83.3, Max: 83.5, Diff: 0.8, Sum: 666.7]
      [GC Worker End (ms): Min: 10119.7, Avg: 10119.7, Max: 10119.8, Diff: 0.0]
   [Code Root Fixup: 0.0 ms]
   [Clear CT: 0.1 ms]
   [Other: 1.0 ms]
      [Choose CSet: 0.0 ms]
      [Ref Proc: 0.3 ms]
      [Ref Enq: 0.0 ms]
      [Free CSet: 0.1 ms]
   [Eden: 35.0M(35.0M)->0.0B(70.0M) Survivors: 9216.0K->6144.0K Heap: 239.7M(893.0M)->244.7M(920.0M)]
 [Times: user=0.69 sys=0.05, real=0.09 secs] 
10.288: [GC pause (young), 0.1978748 secs]
   [Parallel Time: 196.5 ms, GC Workers: 8]
      [GC Worker Start (ms): Min: 10288.4, Avg: 10288.4, Max: 10288.4, Diff: 0.0]
      [Ext Root Scanning (ms): Min: 0.2, Avg: 0.3, Max: 0.3, Diff: 0.1, Sum: 2.1]
      [Update RS (ms): Min: 37.1, Avg: 37.8, Max: 39.0, Diff: 1.9, Sum: 302.6]
         [Processed Buffers: Min: 15, Avg: 15.5, Max: 17, Diff: 2, Sum: 124]
      [Scan RS (ms): Min: 28.3, Avg: 29.4, Max: 30.2, Diff: 2.0, Sum: 235.5]
      [Object Copy (ms): Min: 128.6, Avg: 128.8, Max: 129.0, Diff: 0.4, Sum: 1030.1]
      [Termination (ms): Min: 0.0, Avg: 0.2, Max: 0.2, Diff: 0.2, Sum: 1.3]
      [GC Worker Other (ms): Min: 0.0, Avg: 0.0, Max: 0.0, Diff: 0.0, Sum: 0.2]
      [GC Worker Total (ms): Min: 196.4, Avg: 196.5, Max: 196.5, Diff: 0.0, Sum: 1571.7]
      [GC Worker End (ms): Min: 10484.8, Avg: 10484.8, Max: 10484.9, Diff: 0.0]
   [Code Root Fixup: 0.0 ms]
   [Clear CT: 0.1 ms]
   [Other: 1.3 ms]
      [Choose CSet: 0.0 ms]
      [Ref Proc: 0.0 ms]
      [Ref Enq: 0.0 ms]
      [Free CSet: 0.1 ms]
   [Eden: 70.0M(70.0M)->0.0B(56.0M) Survivors: 6144.0K->10.0M Heap: 397.6M(920.0M)->399.6M(941.0M)]
 [Times: user=1.61 sys=0.00, real=0.20 secs] 
10.648: [GC pause (young) (initial-mark), 0.0693521 secs]
   [Parallel Time: 68.7 ms, GC Workers: 8]
      [GC Worker Start (ms): Min: 10648.2, Avg: 10650.0, Max: 10662.2, Diff: 14.0]
      [Ext Root Scanning (ms): Min: 0.0, Avg: 0.2, Max: 0.3, Diff: 0.3, Sum: 2.0]
      [Update RS (ms): Min: 0.0, Avg: 2.9, Max: 4.5, Diff: 4.5, Sum: 23.3]
         [Processed Buffers: Min: 0, Avg: 1.5, Max: 2, Diff: 2, Sum: 12]
      [Scan RS (ms): Min: 3.8, Avg: 14.7, Max: 30.3, Diff: 26.6, Sum: 117.6]
      [Object Copy (ms): Min: 35.5, Avg: 48.9, Max: 50.9, Diff: 15.4, Sum: 391.6]
      [Termination (ms): Min: 0.0, Avg: 0.0, Max: 0.0, Diff: 0.0, Sum: 0.3]
      [GC Worker Other (ms): Min: 0.0, Avg: 0.0, Max: 0.0, Diff: 0.0, Sum: 0.1]
      [GC Worker Total (ms): Min: 54.6, Avg: 66.9, Max: 68.6, Diff: 14.0, Sum: 534.8]
      [GC Worker End (ms): Min: 10716.8, Avg: 10716.8, Max: 10716.8, Diff: 0.0]
   [Code Root Fixup: 0.0 ms]
   [Clear CT: 0.1 ms]
   [Other: 0.6 ms]
      [Choose CSet: 0.0 ms]
      [Ref Proc: 0.2 ms]
      [Ref Enq: 0.0 ms]
      [Free CSet: 0.1 ms]
   [Eden: 23.0M(56.0M)->0.0B(68.0M) Survivors: 10.0M->9216.0K Heap: 438.2M(941.0M)->441.8M(958.0M)]
 [Times: user=0.59 sys=0.00, real=0.07 secs] 
10.718: [GC concurrent-root-region-scan-start]
10.750: [GC concurrent-root-region-scan-end, 0.0321910 secs]
10.750: [GC concurrent-mark-start]
11.003: [GC pause (young), 0.1687968 secs]
   [Parallel Time: 167.9 ms, GC Workers: 8]
      [GC Worker Start (ms): Min: 11002.8, Avg: 11004.5, Max: 11015.9, Diff: 13.1]
      [Ext Root Scanning (ms): Min: 0.0, Avg: 0.2, Max: 0.3, Diff: 0.3, Sum: 1.8]
      [SATB Filtering (ms): Min: 0.0, Avg: 0.0, Max: 0.0, Diff: 0.0, Sum: 0.0]
      [Update RS (ms): Min: 18.0, Avg: 29.7, Max: 32.3, Diff: 14.3, Sum: 238.0]
         [Processed Buffers: Min: 7, Avg: 12.4, Max: 16, Diff: 9, Sum: 99]
      [Scan RS (ms): Min: 19.9, Avg: 20.9, Max: 21.9, Diff: 2.0, Sum: 166.9]
      [Object Copy (ms): Min: 115.0, Avg: 115.1, Max: 115.4, Diff: 0.4, Sum: 921.1]
      [Termination (ms): Min: 0.0, Avg: 0.2, Max: 0.2, Diff: 0.2, Sum: 1.2]
      [GC Worker Other (ms): Min: 0.0, Avg: 0.0, Max: 0.0, Diff: 0.0, Sum: 0.1]
      [GC Worker Total (ms): Min: 154.7, Avg: 166.1, Max: 167.8, Diff: 13.1, Sum: 1329.1]
      [GC Worker End (ms): Min: 11170.6, Avg: 11170.6, Max: 11170.6, Diff: 0.0]
   [Code Root Fixup: 0.0 ms]
   [Clear CT: 0.1 ms]
   [Other: 0.9 ms]
      [Choose CSet: 0.0 ms]
      [Ref Proc: 0.1 ms]
      [Ref Enq: 0.0 ms]
      [Free CSet: 0.1 ms]
   [Eden: 68.0M(68.0M)->0.0B(69.0M) Survivors: 9216.0K->10.0M Heap: 568.4M(958.0M)->571.4M(972.0M)]
 [Times: user=1.25 sys=0.03, real=0.17 secs] 
11.368: [GC concurrent-mark-end, 0.6185184 secs]
11.368: [GC remark 11.369: [GC ref-proc, 0.0000443 secs], 0.0009498 secs]
 [Times: user=0.00 sys=0.00, real=0.00 secs] 
11.369: [GC cleanup 638M->303M(972M), 0.0010706 secs]
 [Times: user=0.00 sys=0.00, real=0.00 secs] 
11.371: [GC concurrent-cleanup-start]
11.371: [GC concurrent-cleanup-end, 0.0003079 secs]
11.473: [GC pause (young), 0.1784343 secs]
   [Parallel Time: 177.5 ms, GC Workers: 8]
      [GC Worker Start (ms): Min: 11473.2, Avg: 11477.7, Max: 11508.1, Diff: 35.0]
      [Ext Root Scanning (ms): Min: 0.0, Avg: 0.2, Max: 0.3, Diff: 0.3, Sum: 1.9]
      [Update RS (ms): Min: 0.0, Avg: 3.4, Max: 4.9, Diff: 4.9, Sum: 26.9]
         [Processed Buffers: Min: 0, Avg: 1.8, Max: 3, Diff: 3, Sum: 14]
      [Scan RS (ms): Min: 13.0, Avg: 40.0, Max: 45.0, Diff: 32.0, Sum: 320.2]
      [Object Copy (ms): Min: 106.9, Avg: 111.0, Max: 129.5, Diff: 22.7, Sum: 887.6]
      [Termination (ms): Min: 0.0, Avg: 18.4, Max: 22.4, Diff: 22.4, Sum: 147.1]
      [GC Worker Other (ms): Min: 0.0, Avg: 0.0, Max: 0.0, Diff: 0.0, Sum: 0.2]
      [GC Worker Total (ms): Min: 142.5, Avg: 173.0, Max: 177.5, Diff: 35.0, Sum: 1383.9]
      [GC Worker End (ms): Min: 11650.7, Avg: 11650.7, Max: 11650.7, Diff: 0.0]
   [Code Root Fixup: 0.0 ms]
   [Clear CT: 0.1 ms]
   [Other: 0.8 ms]
      [Choose CSet: 0.0 ms]
      [Ref Proc: 0.1 ms]
      [Ref Enq: 0.0 ms]
      [Free CSet: 0.1 ms]
   [Eden: 59.0M(48.0M)->0.0B(71.0M) Survivors: 10.0M->8192.0K Heap: 377.7M(972.0M)->380.2M(983.0M)]
 [Times: user=1.36 sys=0.08, real=0.18 secs] 
11.753: [GC pause (young) (initial-mark), 0.2663461 secs]
   [Parallel Time: 265.3 ms, GC Workers: 8]
      [GC Worker Start (ms): Min: 11752.9, Avg: 11752.9, Max: 11753.2, Diff: 0.3]
      [Ext Root Scanning (ms): Min: 0.0, Avg: 0.2, Max: 0.3, Diff: 0.3, Sum: 1.9]
      [Update RS (ms): Min: 119.0, Avg: 119.6, Max: 120.5, Diff: 1.5, Sum: 957.0]
         [Processed Buffers: Min: 59, Avg: 61.9, Max: 66, Diff: 7, Sum: 495]
      [Scan RS (ms): Min: 8.9, Avg: 9.8, Max: 10.4, Diff: 1.5, Sum: 78.7]
      [Object Copy (ms): Min: 135.4, Avg: 135.5, Max: 135.6, Diff: 0.2, Sum: 1083.6]
      [Termination (ms): Min: 0.0, Avg: 0.1, Max: 0.1, Diff: 0.1, Sum: 0.6]
      [GC Worker Other (ms): Min: 0.0, Avg: 0.0, Max: 0.1, Diff: 0.0, Sum: 0.3]
      [GC Worker Total (ms): Min: 265.0, Avg: 265.3, Max: 265.3, Diff: 0.3, Sum: 2122.1]
      [GC Worker End (ms): Min: 12018.2, Avg: 12018.2, Max: 12018.2, Diff: 0.0]
   [Code Root Fixup: 0.0 ms]
   [Clear CT: 0.1 ms]
   [Other: 0.9 ms]
      [Choose CSet: 0.0 ms]
      [Ref Proc: 0.1 ms]
      [Ref Enq: 0.0 ms]
      [Free CSet: 0.1 ms]
   [Eden: 59.0M(71.0M)->0.0B(39.0M) Survivors: 8192.0K->10.0M Heap: 477.7M(983.0M)->484.3M(992.0M)]
 [Times: user=2.00 sys=0.03, real=0.27 secs] 
12.019: [GC concurrent-root-region-scan-start]
12.057: [GC concurrent-root-region-scan-end, 0.0375268 secs]
12.057: [GC concurrent-mark-start]
12.451: [GC pause (young), 0.1123095 secs]
   [Parallel Time: 111.6 ms, GC Workers: 8]
      [GC Worker Start (ms): Min: 12451.3, Avg: 12464.1, Max: 12492.9, Diff: 41.6]
      [Ext Root Scanning (ms): Min: 0.0, Avg: 0.2, Max: 0.3, Diff: 0.3, Sum: 1.3]
      [SATB Filtering (ms): Min: 0.0, Avg: 0.0, Max: 0.0, Diff: 0.0, Sum: 0.0]
      [Update RS (ms): Min: 0.0, Avg: 2.0, Max: 4.4, Diff: 4.4, Sum: 16.1]
         [Processed Buffers: Min: 0, Avg: 1.8, Max: 4, Diff: 4, Sum: 14]
      [Scan RS (ms): Min: 0.0, Avg: 9.4, Max: 16.7, Diff: 16.7, Sum: 75.1]
      [Object Copy (ms): Min: 19.5, Avg: 52.7, Max: 89.0, Diff: 69.5, Sum: 421.7]
      [Termination (ms): Min: 0.0, Avg: 32.4, Max: 40.4, Diff: 40.4, Sum: 259.2]
      [GC Worker Other (ms): Min: 0.0, Avg: 1.3, Max: 9.9, Diff: 9.9, Sum: 10.0]
      [GC Worker Total (ms): Min: 69.9, Avg: 97.9, Max: 111.5, Diff: 41.6, Sum: 783.4]
      [GC Worker End (ms): Min: 12560.7, Avg: 12562.1, Max: 12562.9, Diff: 2.1]
   [Code Root Fixup: 0.0 ms]
   [Clear CT: 0.0 ms]
   [Other: 0.7 ms]
      [Choose CSet: 0.0 ms]
      [Ref Proc: 0.2 ms]
      [Ref Enq: 0.0 ms]
      [Free CSet: 0.1 ms]
   [Eden: 39.0M(39.0M)->0.0B(55.0M) Survivors: 10.0M->7168.0K Heap: 558.6M(992.0M)->561.6M(999.0M)]
 [Times: user=0.55 sys=0.01, real=0.12 secs] 
12.743: [GC pause (young), 0.1968345 secs]
   [Parallel Time: 195.7 ms, GC Workers: 8]
      [GC Worker Start (ms): Min: 12743.2, Avg: 12743.3, Max: 12743.3, Diff: 0.0]
      [Ext Root Scanning (ms): Min: 0.2, Avg: 0.4, Max: 1.4, Diff: 1.2, Sum: 3.3]
      [SATB Filtering (ms): Min: 0.0, Avg: 0.0, Max: 0.0, Diff: 0.0, Sum: 0.0]
      [Update RS (ms): Min: 57.9, Avg: 59.4, Max: 60.6, Diff: 2.7, Sum: 475.4]
         [Processed Buffers: Min: 22, Avg: 23.4, Max: 25, Diff: 3, Sum: 187]
      [Scan RS (ms): Min: 15.0, Avg: 15.9, Max: 16.5, Diff: 1.5, Sum: 127.1]
      [Object Copy (ms): Min: 119.7, Avg: 119.9, Max: 119.9, Diff: 0.2, Sum: 958.8]
      [Termination (ms): Min: 0.0, Avg: 0.0, Max: 0.1, Diff: 0.1, Sum: 0.4]
      [GC Worker Other (ms): Min: 0.0, Avg: 0.0, Max: 0.0, Diff: 0.0, Sum: 0.2]
      [GC Worker Total (ms): Min: 195.6, Avg: 195.6, Max: 195.7, Diff: 0.0, Sum: 1565.1]
      [GC Worker End (ms): Min: 12938.9, Avg: 12938.9, Max: 12938.9, Diff: 0.0]
   [Code Root Fixup: 0.0 ms]
   [Clear CT: 0.1 ms]
   [Other: 1.1 ms]
      [Choose CSet: 0.0 ms]
      [Ref Proc: 0.2 ms]
      [Ref Enq: 0.0 ms]
      [Free CSet: 0.1 ms]
   [Eden: 55.0M(55.0M)->0.0B(46.0M) Survivors: 7168.0K->8192.0K Heap: 699.4M(999.0M)->700.9M(1004.0M)]
 [Times: user=1.34 sys=0.08, real=0.19 secs] 
13.092: [GC concurrent-mark-end, 1.0321998 secs]
13.098: [GC remark 13.098: [GC ref-proc, 0.0000369 secs], 0.0009820 secs]
 [Times: user=0.00 sys=0.00, real=0.00 secs] 
13.099: [GC cleanup 769M->430M(1004M), 0.0006820 secs]
 [Times: user=0.00 sys=0.00, real=0.00 secs] 
13.100: [GC concurrent-cleanup-start]
13.100: [GC concurrent-cleanup-end, 0.0002412 secs]
13.137: [GC pause (young), 0.0993547 secs]
   [Parallel Time: 98.5 ms, GC Workers: 8]
      [GC Worker Start (ms): Min: 13136.8, Avg: 13136.8, Max: 13136.9, Diff: 0.0]
      [Ext Root Scanning (ms): Min: 0.2, Avg: 0.3, Max: 0.3, Diff: 0.1, Sum: 2.1]
      [Update RS (ms): Min: 2.4, Avg: 3.3, Max: 4.7, Diff: 2.4, Sum: 26.7]
         [Processed Buffers: Min: 1, Avg: 1.6, Max: 2, Diff: 1, Sum: 13]
      [Scan RS (ms): Min: 21.1, Avg: 22.5, Max: 23.6, Diff: 2.5, Sum: 179.7]
      [Object Copy (ms): Min: 72.3, Avg: 72.4, Max: 72.5, Diff: 0.3, Sum: 579.0]
      [Termination (ms): Min: 0.0, Avg: 0.0, Max: 0.0, Diff: 0.0, Sum: 0.0]
      [GC Worker Other (ms): Min: 0.0, Avg: 0.0, Max: 0.0, Diff: 0.0, Sum: 0.1]
      [GC Worker Total (ms): Min: 98.5, Avg: 98.5, Max: 98.5, Diff: 0.0, Sum: 787.8]
      [GC Worker End (ms): Min: 13235.3, Avg: 13235.3, Max: 13235.3, Diff: 0.0]
   [Code Root Fixup: 0.0 ms]
   [Clear CT: 0.1 ms]
   [Other: 0.7 ms]
      [Choose CSet: 0.0 ms]
      [Ref Proc: 0.1 ms]
      [Ref Enq: 0.0 ms]
      [Free CSet: 0.1 ms]
   [Eden: 46.0M(46.0M)->0.0B(57.0M) Survivors: 8192.0K->7168.0K Heap: 447.2M(1004.0M)->451.7M(1008.0M)]
 [Times: user=0.70 sys=0.05, real=0.09 secs] 
13.317: [GC pause (young) (initial-mark), 0.0426612 secs]
   [Parallel Time: 42.3 ms, GC Workers: 8]
      [GC Worker Start (ms): Min: 13317.2, Avg: 13317.3, Max: 13317.3, Diff: 0.0]
      [Ext Root Scanning (ms): Min: 0.2, Avg: 0.3, Max: 0.3, Diff: 0.1, Sum: 2.0]
      [Update RS (ms): Min: 2.4, Avg: 3.3, Max: 4.7, Diff: 2.3, Sum: 26.6]
         [Processed Buffers: Min: 1, Avg: 1.6, Max: 2, Diff: 1, Sum: 13]
      [Scan RS (ms): Min: 5.2, Avg: 6.6, Max: 7.6, Diff: 2.4, Sum: 52.5]
      [Object Copy (ms): Min: 31.8, Avg: 32.0, Max: 32.1, Diff: 0.2, Sum: 255.6]
      [Termination (ms): Min: 0.0, Avg: 0.1, Max: 0.1, Diff: 0.1, Sum: 0.7]
      [GC Worker Other (ms): Min: 0.0, Avg: 0.0, Max: 0.0, Diff: 0.0, Sum: 0.1]
      [GC Worker Total (ms): Min: 42.2, Avg: 42.2, Max: 42.2, Diff: 0.0, Sum: 337.6]
      [GC Worker End (ms): Min: 13359.5, Avg: 13359.5, Max: 13359.5, Diff: 0.0]
   [Code Root Fixup: 0.0 ms]
   [Clear CT: 0.0 ms]
   [Other: 0.4 ms]
      [Choose CSet: 0.0 ms]
      [Ref Proc: 0.1 ms]
      [Ref Enq: 0.0 ms]
      [Free CSet: 0.0 ms]
   [Eden: 15.0M(57.0M)->0.0B(71.0M) Survivors: 7168.0K->8192.0K Heap: 466.0M(1008.0M)->469.7M(1012.0M)]
 [Times: user=0.25 sys=0.00, real=0.04 secs] 
13.360: [GC concurrent-root-region-scan-start]
13.383: [GC concurrent-root-region-scan-end, 0.0232598 secs]
13.383: [GC concurrent-mark-start]
13.790: [GC pause (young), 0.1655066 secs]
   [Parallel Time: 164.6 ms, GC Workers: 8]
      [GC Worker Start (ms): Min: 13790.3, Avg: 13797.4, Max: 13813.0, Diff: 22.7]
      [Ext Root Scanning (ms): Min: 0.0, Avg: 0.2, Max: 0.3, Diff: 0.3, Sum: 1.4]
      [SATB Filtering (ms): Min: 0.0, Avg: 0.0, Max: 0.0, Diff: 0.0, Sum: 0.0]
      [Update RS (ms): Min: 0.0, Avg: 2.1, Max: 4.7, Diff: 4.7, Sum: 17.2]
         [Processed Buffers: Min: 0, Avg: 1.4, Max: 3, Diff: 3, Sum: 11]
      [Scan RS (ms): Min: 13.8, Avg: 27.1, Max: 33.6, Diff: 19.8, Sum: 217.0]
      [Object Copy (ms): Min: 87.5, Avg: 95.4, Max: 123.3, Diff: 35.8, Sum: 763.5]
      [Termination (ms): Min: 0.0, Avg: 28.4, Max: 40.3, Diff: 40.3, Sum: 227.0]
      [GC Worker Other (ms): Min: 0.0, Avg: 0.0, Max: 0.0, Diff: 0.0, Sum: 0.1]
      [GC Worker Total (ms): Min: 137.0, Avg: 153.3, Max: 164.5, Diff: 27.4, Sum: 1226.1]
      [GC Worker End (ms): Min: 13950.0, Avg: 13950.7, Max: 13954.8, Diff: 4.8]
   [Code Root Fixup: 0.0 ms]
   [Clear CT: 0.0 ms]
   [Other: 0.8 ms]
      [Choose CSet: 0.0 ms]
      [Ref Proc: 0.1 ms]
      [Ref Enq: 0.0 ms]
      [Free CSet: 0.1 ms]
   [Eden: 59.0M(58.0M)->0.0B(76.0M) Survivors: 8192.0K->9216.0K Heap: 616.7M(1012.0M)->620.2M(1015.0M)]
 [Times: user=1.25 sys=0.00, real=0.17 secs] 
14.140: [GC concurrent-mark-end, 0.7560698 secs]
14.140: [GC remark 14.140: [GC ref-proc, 0.0000364 secs], 0.0009727 secs]
 [Times: user=0.00 sys=0.00, real=0.00 secs] 
14.141: [GC cleanup 689M->364M(1015M), 0.0006998 secs]
 [Times: user=0.00 sys=0.00, real=0.00 secs] 
14.142: [GC concurrent-cleanup-start]
14.142: [GC concurrent-cleanup-end, 0.0002323 secs]
14.218: [GC pause (young), 0.2238888 secs]
   [Parallel Time: 222.7 ms, GC Workers: 8]
      [GC Worker Start (ms): Min: 14218.1, Avg: 14218.1, Max: 14218.2, Diff: 0.1]
      [Ext Root Scanning (ms): Min: 0.1, Avg: 0.2, Max: 0.3, Diff: 0.2, Sum: 1.9]
      [Update RS (ms): Min: 2.8, Avg: 4.5, Max: 4.8, Diff: 2.0, Sum: 36.1]
         [Processed Buffers: Min: 2, Avg: 2.4, Max: 5, Diff: 3, Sum: 19]
      [Scan RS (ms): Min: 70.1, Avg: 70.5, Max: 72.1, Diff: 2.0, Sum: 563.8]
      [Object Copy (ms): Min: 147.0, Avg: 147.2, Max: 147.3, Diff: 0.3, Sum: 1177.2]
      [Termination (ms): Min: 0.0, Avg: 0.2, Max: 0.3, Diff: 0.3, Sum: 1.7]
      [GC Worker Other (ms): Min: 0.0, Avg: 0.0, Max: 0.0, Diff: 0.0, Sum: 0.1]
      [GC Worker Total (ms): Min: 222.5, Avg: 222.6, Max: 222.7, Diff: 0.1, Sum: 1780.8]
      [GC Worker End (ms): Min: 14440.7, Avg: 14440.7, Max: 14440.8, Diff: 0.0]
   [Code Root Fixup: 0.0 ms]
   [Clear CT: 0.1 ms]
   [Other: 1.1 ms]
      [Choose CSet: 0.0 ms]
      [Ref Proc: 0.1 ms]
      [Ref Enq: 0.0 ms]
      [Free CSet: 0.1 ms]
   [Eden: 76.0M(76.0M)->0.0B(44.0M) Survivors: 9216.0K->11.0M Heap: 440.2M(1015.0M)->443.2M(1017.0M)]
 [Times: user=1.75 sys=0.03, real=0.23 secs] 
14.474: [GC pause (young) (initial-mark), 0.2264098 secs]
   [Parallel Time: 225.5 ms, GC Workers: 8]
      [GC Worker Start (ms): Min: 14474.0, Avg: 14474.1, Max: 14474.1, Diff: 0.0]
      [Ext Root Scanning (ms): Min: 0.2, Avg: 0.2, Max: 0.3, Diff: 0.1, Sum: 2.0]
      [Update RS (ms): Min: 149.1, Avg: 149.8, Max: 151.4, Diff: 2.4, Sum: 1198.7]
         [Processed Buffers: Min: 115, Avg: 127.4, Max: 137, Diff: 22, Sum: 1019]
      [Scan RS (ms): Min: 13.8, Avg: 15.4, Max: 16.2, Diff: 2.5, Sum: 123.4]
      [Object Copy (ms): Min: 59.8, Avg: 59.9, Max: 60.0, Diff: 0.2, Sum: 479.2]
      [Termination (ms): Min: 0.0, Avg: 0.0, Max: 0.0, Diff: 0.0, Sum: 0.1]
      [GC Worker Other (ms): Min: 0.0, Avg: 0.0, Max: 0.0, Diff: 0.0, Sum: 0.1]
      [GC Worker Total (ms): Min: 225.4, Avg: 225.4, Max: 225.4, Diff: 0.0, Sum: 1803.5]
      [GC Worker End (ms): Min: 14699.5, Avg: 14699.5, Max: 14699.5, Diff: 0.0]
   [Code Root Fixup: 0.0 ms]
   [Clear CT: 0.1 ms]
   [Other: 0.8 ms]
      [Choose CSet: 0.0 ms]
      [Ref Proc: 0.1 ms]
      [Ref Enq: 0.0 ms]
      [Free CSet: 0.1 ms]
   [Eden: 20.0M(44.0M)->0.0B(43.0M) Survivors: 11.0M->7168.0K Heap: 462.5M(1017.0M)->468.7M(1019.0M)]
 [Times: user=1.73 sys=0.02, real=0.23 secs] 
14.701: [GC concurrent-root-region-scan-start]
14.772: [GC concurrent-root-region-scan-end, 0.0712699 secs]
14.772: [GC concurrent-mark-start]
15.090: [GC pause (young), 0.1229877 secs]
   [Parallel Time: 122.4 ms, GC Workers: 8]
      [GC Worker Start (ms): Min: 15090.2, Avg: 15098.1, Max: 15111.1, Diff: 20.9]
      [Ext Root Scanning (ms): Min: 0.0, Avg: 0.2, Max: 0.4, Diff: 0.4, Sum: 1.4]
      [SATB Filtering (ms): Min: 0.0, Avg: 0.0, Max: 0.0, Diff: 0.0, Sum: 0.0]
      [Update RS (ms): Min: 15.2, Avg: 28.3, Max: 36.8, Diff: 21.6, Sum: 226.6]
         [Processed Buffers: Min: 6, Avg: 13.3, Max: 22, Diff: 16, Sum: 106]
      [Scan RS (ms): Min: 1.1, Avg: 2.1, Max: 2.9, Diff: 1.8, Sum: 16.8]
      [Object Copy (ms): Min: 70.0, Avg: 74.6, Max: 83.7, Diff: 13.7, Sum: 596.6]
      [Termination (ms): Min: 0.0, Avg: 9.3, Max: 13.9, Diff: 13.9, Sum: 74.4]
      [GC Worker Other (ms): Min: 0.0, Avg: 0.0, Max: 0.0, Diff: 0.0, Sum: 0.1]
      [GC Worker Total (ms): Min: 101.5, Avg: 114.5, Max: 122.3, Diff: 20.9, Sum: 915.9]
      [GC Worker End (ms): Min: 15212.6, Avg: 15212.6, Max: 15212.6, Diff: 0.0]
   [Code Root Fixup: 0.0 ms]
   [Clear CT: 0.1 ms]
   [Other: 0.6 ms]
      [Choose CSet: 0.0 ms]
      [Ref Proc: 0.1 ms]
      [Ref Enq: 0.0 ms]
      [Free CSet: 0.1 ms]
   [Eden: 43.0M(43.0M)->0.0B(44.0M) Survivors: 7168.0K->7168.0K Heap: 546.9M(1019.0M)->551.9M(1020.0M)]
 [Times: user=0.86 sys=0.03, real=0.13 secs] 
15.346: [GC pause (young), 0.1580505 secs]
   [Parallel Time: 156.9 ms, GC Workers: 8]
      [GC Worker Start (ms): Min: 15346.5, Avg: 15346.6, Max: 15346.8, Diff: 0.2]
      [Ext Root Scanning (ms): Min: 0.1, Avg: 0.2, Max: 0.3, Diff: 0.3, Sum: 2.0]
      [SATB Filtering (ms): Min: 0.0, Avg: 0.0, Max: 0.0, Diff: 0.0, Sum: 0.0]
      [Update RS (ms): Min: 49.4, Avg: 50.0, Max: 51.8, Diff: 2.3, Sum: 400.2]
         [Processed Buffers: Min: 20, Avg: 20.1, Max: 21, Diff: 1, Sum: 161]
      [Scan RS (ms): Min: 6.4, Avg: 8.1, Max: 8.8, Diff: 2.4, Sum: 65.1]
      [Object Copy (ms): Min: 98.0, Avg: 98.2, Max: 98.5, Diff: 0.5, Sum: 785.8]
      [Termination (ms): Min: 0.0, Avg: 0.2, Max: 0.3, Diff: 0.3, Sum: 1.5]
      [GC Worker Other (ms): Min: 0.0, Avg: 0.0, Max: 0.0, Diff: 0.0, Sum: 0.1]
      [GC Worker Total (ms): Min: 156.7, Avg: 156.8, Max: 156.9, Diff: 0.2, Sum: 1254.7]
      [GC Worker End (ms): Min: 15503.4, Avg: 15503.4, Max: 15503.4, Diff: 0.0]
   [Code Root Fixup: 0.0 ms]
   [Clear CT: 0.1 ms]
   [Other: 1.1 ms]
      [Choose CSet: 0.0 ms]
      [Ref Proc: 0.1 ms]
      [Ref Enq: 0.0 ms]
      [Free CSet: 0.1 ms]
   [Eden: 44.0M(44.0M)->0.0B(44.0M) Survivors: 7168.0K->7168.0K Heap: 668.4M(1020.0M)->670.9M(1021.0M)]
 [Times: user=1.20 sys=0.02, real=0.16 secs] 
15.607: [GC pause (young), 0.2128607 secs]
   [Parallel Time: 212.1 ms, GC Workers: 8]
      [GC Worker Start (ms): Min: 15607.1, Avg: 15607.9, Max: 15613.0, Diff: 5.9]
      [Ext Root Scanning (ms): Min: 0.0, Avg: 0.2, Max: 0.3, Diff: 0.3, Sum: 1.8]
      [SATB Filtering (ms): Min: 0.0, Avg: 0.0, Max: 0.0, Diff: 0.0, Sum: 0.0]
      [Update RS (ms): Min: 99.3, Avg: 103.9, Max: 105.2, Diff: 5.8, Sum: 831.6]
         [Processed Buffers: Min: 40, Avg: 43.1, Max: 45, Diff: 5, Sum: 345]
      [Scan RS (ms): Min: 2.6, Avg: 3.1, Max: 3.7, Diff: 1.1, Sum: 24.8]
      [Object Copy (ms): Min: 103.7, Avg: 103.9, Max: 104.0, Diff: 0.2, Sum: 830.9]
      [Termination (ms): Min: 0.0, Avg: 0.1, Max: 0.2, Diff: 0.2, Sum: 0.9]
      [GC Worker Other (ms): Min: 0.0, Avg: 0.0, Max: 0.0, Diff: 0.0, Sum: 0.2]
      [GC Worker Total (ms): Min: 206.2, Avg: 211.3, Max: 212.1, Diff: 5.9, Sum: 1690.2]
      [GC Worker End (ms): Min: 15819.2, Avg: 15819.2, Max: 15819.2, Diff: 0.0]
   [Code Root Fixup: 0.0 ms]
   [Clear CT: 0.1 ms]
   [Other: 0.7 ms]
      [Choose CSet: 0.0 ms]
      [Ref Proc: 0.1 ms]
      [Ref Enq: 0.0 ms]
      [Free CSet: 0.1 ms]
   [Eden: 44.0M(44.0M)->0.0B(44.0M) Survivors: 7168.0K->7168.0K Heap: 764.4M(1021.0M)->769.4M(1022.0M)]
 [Times: user=1.64 sys=0.06, real=0.21 secs] 
15.856: [GC pause (young), 0.1127526 secs]
   [Parallel Time: 112.3 ms, GC Workers: 8]
      [GC Worker Start (ms): Min: 15855.9, Avg: 15856.0, Max: 15856.0, Diff: 0.0]
      [Ext Root Scanning (ms): Min: 0.2, Avg: 0.3, Max: 0.3, Diff: 0.1, Sum: 2.0]
      [SATB Filtering (ms): Min: 0.0, Avg: 0.0, Max: 0.0, Diff: 0.0, Sum: 0.0]
      [Update RS (ms): Min: 66.0, Avg: 66.8, Max: 67.5, Diff: 1.4, Sum: 534.2]
         [Processed Buffers: Min: 49, Avg: 52.5, Max: 56, Diff: 7, Sum: 420]
      [Scan RS (ms): Min: 1.1, Avg: 1.9, Max: 2.5, Diff: 1.4, Sum: 14.9]
      [Object Copy (ms): Min: 43.1, Avg: 43.2, Max: 43.3, Diff: 0.2, Sum: 346.0]
      [Termination (ms): Min: 0.0, Avg: 0.1, Max: 0.1, Diff: 0.1, Sum: 0.6]
      [GC Worker Other (ms): Min: 0.0, Avg: 0.0, Max: 0.0, Diff: 0.0, Sum: 0.1]
      [GC Worker Total (ms): Min: 112.2, Avg: 112.2, Max: 112.2, Diff: 0.0, Sum: 897.8]
      [GC Worker End (ms): Min: 15968.2, Avg: 15968.2, Max: 15968.2, Diff: 0.0]
   [Code Root Fixup: 0.0 ms]
   [Clear CT: 0.0 ms]
   [Other: 0.4 ms]
      [Choose CSet: 0.0 ms]
      [Ref Proc: 0.1 ms]
      [Ref Enq: 0.0 ms]
      [Free CSet: 0.0 ms]
   [Eden: 24.0M(44.0M)->0.0B(44.0M) Survivors: 7168.0K->7168.0K Heap: 792.7M(1022.0M)->798.9M(1023.0M)]
 [Times: user=0.87 sys=0.00, real=0.11 secs] 
15.969: [Full GC 798M->117M(393M), 0.5579407 secs]
   [Eden: 0.0B(44.0M)->0.0B(32.0M) Survivors: 7168.0K->0.0B Heap: 798.9M(1023.0M)->117.6M(393.0M)]
 [Times: user=0.56 sys=0.06, real=0.56 secs] 
16.527: [GC concurrent-mark-abort]
16.605: [GC pause (young), 0.0451392 secs]
   [Parallel Time: 44.5 ms, GC Workers: 8]
      [GC Worker Start (ms): Min: 16605.5, Avg: 16605.5, Max: 16605.5, Diff: 0.0]
      [Ext Root Scanning (ms): Min: 0.3, Avg: 0.3, Max: 0.4, Diff: 0.1, Sum: 2.8]
      [Update RS (ms): Min: 0.3, Avg: 2.1, Max: 2.5, Diff: 2.2, Sum: 16.9]
         [Processed Buffers: Min: 1, Avg: 1.1, Max: 2, Diff: 1, Sum: 9]
      [Scan RS (ms): Min: 6.3, Avg: 6.7, Max: 8.5, Diff: 2.3, Sum: 53.6]
      [Object Copy (ms): Min: 35.1, Avg: 35.2, Max: 35.4, Diff: 0.2, Sum: 282.0]
      [Termination (ms): Min: 0.0, Avg: 0.0, Max: 0.0, Diff: 0.0, Sum: 0.3]
      [GC Worker Other (ms): Min: 0.0, Avg: 0.0, Max: 0.0, Diff: 0.0, Sum: 0.1]
      [GC Worker Total (ms): Min: 44.4, Avg: 44.5, Max: 44.5, Diff: 0.0, Sum: 355.6]
      [GC Worker End (ms): Min: 16649.9, Avg: 16649.9, Max: 16649.9, Diff: 0.0]
   [Code Root Fixup: 0.0 ms]
   [Clear CT: 0.1 ms]
   [Other: 0.6 ms]
      [Choose CSet: 0.0 ms]
      [Ref Proc: 0.1 ms]
      [Ref Enq: 0.0 ms]
      [Free CSet: 0.0 ms]
   [Eden: 32.0M(32.0M)->0.0B(51.0M) Survivors: 0.0B->4096.0K Heap: 184.8M(393.0M)->186.3M(520.0M)]
 [Times: user=0.36 sys=0.00, real=0.05 secs] 
16.683: [GC pause (young) (initial-mark), 0.0364399 secs]
   [Parallel Time: 36.0 ms, GC Workers: 8]
      [GC Worker Start (ms): Min: 16683.0, Avg: 16683.0, Max: 16683.1, Diff: 0.1]
      [Ext Root Scanning (ms): Min: 0.2, Avg: 0.2, Max: 0.3, Diff: 0.1, Sum: 1.9]
      [Update RS (ms): Min: 8.8, Avg: 10.3, Max: 11.1, Diff: 2.3, Sum: 82.2]
         [Processed Buffers: Min: 5, Avg: 6.6, Max: 9, Diff: 4, Sum: 53]
      [Scan RS (ms): Min: 0.3, Avg: 1.0, Max: 2.5, Diff: 2.2, Sum: 7.9]
      [Object Copy (ms): Min: 24.3, Avg: 24.3, Max: 24.5, Diff: 0.2, Sum: 194.7]
      [Termination (ms): Min: 0.0, Avg: 0.0, Max: 0.0, Diff: 0.0, Sum: 0.2]
      [GC Worker Other (ms): Min: 0.0, Avg: 0.0, Max: 0.0, Diff: 0.0, Sum: 0.3]
      [GC Worker Total (ms): Min: 35.8, Avg: 35.9, Max: 35.9, Diff: 0.1, Sum: 287.2]
      [GC Worker End (ms): Min: 16718.9, Avg: 16718.9, Max: 16718.9, Diff: 0.1]
   [Code Root Fixup: 0.0 ms]
   [Clear CT: 0.0 ms]
   [Other: 0.4 ms]
      [Choose CSet: 0.0 ms]
      [Ref Proc: 0.1 ms]
      [Ref Enq: 0.0 ms]
      [Free CSet: 0.0 ms]
   [Eden: 16.0M(51.0M)->0.0B(71.0M) Survivors: 4096.0K->7168.0K Heap: 201.3M(520.0M)->205.8M(621.0M)]
 [Times: user=0.37 sys=0.00, real=0.04 secs] 
16.720: [GC concurrent-root-region-scan-start]
16.724: [GC concurrent-root-region-scan-end, 0.0045610 secs]
16.724: [GC concurrent-mark-start]
17.332: [GC pause (young), 0.2660909 secs]
   [Parallel Time: 264.9 ms, GC Workers: 8]
      [GC Worker Start (ms): Min: 17332.1, Avg: 17362.9, Max: 17403.3, Diff: 71.2]
      [Ext Root Scanning (ms): Min: 0.0, Avg: 0.2, Max: 0.3, Diff: 0.3, Sum: 1.2]
      [SATB Filtering (ms): Min: 0.0, Avg: 0.0, Max: 0.0, Diff: 0.0, Sum: 0.0]
      [Update RS (ms): Min: 0.0, Avg: 1.8, Max: 4.3, Diff: 4.3, Sum: 14.6]
         [Processed Buffers: Min: 0, Avg: 1.8, Max: 5, Diff: 5, Sum: 14]
      [Scan RS (ms): Min: 0.0, Avg: 32.2, Max: 69.4, Diff: 69.4, Sum: 257.9]
      [Object Copy (ms): Min: 49.2, Avg: 114.4, Max: 204.6, Diff: 155.4, Sum: 915.3]
      [Termination (ms): Min: 0.0, Avg: 84.6, Max: 144.3, Diff: 144.3, Sum: 677.1]
      [GC Worker Other (ms): Min: 0.0, Avg: 0.0, Max: 0.1, Diff: 0.1, Sum: 0.3]
      [GC Worker Total (ms): Min: 193.6, Avg: 233.3, Max: 264.8, Diff: 71.3, Sum: 1866.4]
      [GC Worker End (ms): Min: 17595.0, Avg: 17596.2, Max: 17596.9, Diff: 1.9]
   [Code Root Fixup: 0.0 ms]
   [Clear CT: 0.1 ms]
   [Other: 1.1 ms]
      [Choose CSet: 0.0 ms]
      [Ref Proc: 0.1 ms]
      [Ref Enq: 0.0 ms]
      [Free CSet: 0.1 ms]
   [Eden: 71.0M(71.0M)->0.0B(48.0M) Survivors: 7168.0K->10.0M Heap: 375.4M(621.0M)->378.4M(702.0M)]
 [Times: user=1.30 sys=0.08, real=0.27 secs] 
17.719: [GC pause (young), 0.2808707 secs]
   [Parallel Time: 279.7 ms, GC Workers: 8]
      [GC Worker Start (ms): Min: 17718.7, Avg: 17718.7, Max: 17718.8, Diff: 0.0]
      [Ext Root Scanning (ms): Min: 0.2, Avg: 0.3, Max: 0.3, Diff: 0.1, Sum: 2.0]
      [SATB Filtering (ms): Min: 0.0, Avg: 0.0, Max: 0.0, Diff: 0.0, Sum: 0.0]
      [Update RS (ms): Min: 149.5, Avg: 150.1, Max: 151.4, Diff: 1.9, Sum: 1201.0]
         [Processed Buffers: Min: 76, Avg: 79.9, Max: 84, Diff: 8, Sum: 639]
      [Scan RS (ms): Min: 5.4, Avg: 6.6, Max: 7.2, Diff: 1.9, Sum: 52.8]
      [Object Copy (ms): Min: 122.4, Avg: 122.5, Max: 122.8, Diff: 0.4, Sum: 980.1]
      [Termination (ms): Min: 0.0, Avg: 0.1, Max: 0.2, Diff: 0.2, Sum: 1.0]
      [GC Worker Other (ms): Min: 0.0, Avg: 0.0, Max: 0.0, Diff: 0.0, Sum: 0.2]
      [GC Worker Total (ms): Min: 279.6, Avg: 279.7, Max: 279.7, Diff: 0.1, Sum: 2237.2]
      [GC Worker End (ms): Min: 17998.4, Avg: 17998.4, Max: 17998.4, Diff: 0.0]
   [Code Root Fixup: 0.0 ms]
   [Clear CT: 0.1 ms]
   [Other: 1.1 ms]
      [Choose CSet: 0.0 ms]
      [Ref Proc: 0.1 ms]
      [Ref Enq: 0.0 ms]
      [Free CSet: 0.1 ms]
   [Eden: 48.0M(48.0M)->0.0B(30.0M) Survivors: 10.0M->8192.0K Heap: 485.1M(702.0M)->491.1M(767.0M)]
 [Times: user=1.98 sys=0.05, real=0.28 secs] 
18.050: [GC pause (young), 0.1250930 secs]
   [Parallel Time: 124.4 ms, GC Workers: 8]
      [GC Worker Start (ms): Min: 18049.9, Avg: 18050.2, Max: 18051.6, Diff: 1.7]
      [Ext Root Scanning (ms): Min: 0.0, Avg: 0.2, Max: 0.4, Diff: 0.4, Sum: 1.9]
      [SATB Filtering (ms): Min: 0.0, Avg: 0.0, Max: 0.0, Diff: 0.0, Sum: 0.0]
      [Update RS (ms): Min: 68.0, Avg: 69.9, Max: 71.6, Diff: 3.6, Sum: 559.3]
         [Processed Buffers: Min: 50, Avg: 52.9, Max: 56, Diff: 6, Sum: 423]
      [Scan RS (ms): Min: 0.6, Avg: 2.1, Max: 2.9, Diff: 2.4, Sum: 16.5]
      [Object Copy (ms): Min: 51.6, Avg: 51.7, Max: 51.8, Diff: 0.2, Sum: 413.9]
      [Termination (ms): Min: 0.0, Avg: 0.1, Max: 0.1, Diff: 0.1, Sum: 0.6]
      [GC Worker Other (ms): Min: 0.0, Avg: 0.0, Max: 0.0, Diff: 0.0, Sum: 0.1]
      [GC Worker Total (ms): Min: 122.7, Avg: 124.0, Max: 124.4, Diff: 1.7, Sum: 992.2]
      [GC Worker End (ms): Min: 18174.2, Avg: 18174.3, Max: 18174.3, Diff: 0.1]
   [Code Root Fixup: 0.0 ms]
   [Clear CT: 0.1 ms]
   [Other: 0.6 ms]
      [Choose CSet: 0.0 ms]
      [Ref Proc: 0.1 ms]
      [Ref Enq: 0.0 ms]
      [Free CSet: 0.0 ms]
   [Eden: 30.0M(30.0M)->0.0B(35.0M) Survivors: 8192.0K->5120.0K Heap: 521.1M(767.0M)->525.1M(819.0M)]
 [Times: user=0.95 sys=0.01, real=0.12 secs] 
18.362: [GC pause (young), 0.0889829 secs]
   [Parallel Time: 88.0 ms, GC Workers: 8]
      [GC Worker Start (ms): Min: 18361.6, Avg: 18361.6, Max: 18361.7, Diff: 0.0]
      [Ext Root Scanning (ms): Min: 0.2, Avg: 0.3, Max: 0.3, Diff: 0.1, Sum: 2.0]
      [SATB Filtering (ms): Min: 0.0, Avg: 0.0, Max: 0.0, Diff: 0.0, Sum: 0.0]
      [Update RS (ms): Min: 2.3, Avg: 3.8, Max: 4.7, Diff: 2.3, Sum: 30.7]
         [Processed Buffers: Min: 1, Avg: 2.0, Max: 3, Diff: 2, Sum: 16]
      [Scan RS (ms): Min: 16.8, Avg: 17.7, Max: 19.2, Diff: 2.4, Sum: 141.5]
      [Object Copy (ms): Min: 65.7, Avg: 65.8, Max: 66.1, Diff: 0.5, Sum: 526.6]
      [Termination (ms): Min: 0.0, Avg: 0.4, Max: 0.4, Diff: 0.4, Sum: 3.0]
      [GC Worker Other (ms): Min: 0.0, Avg: 0.0, Max: 0.0, Diff: 0.0, Sum: 0.1]
      [GC Worker Total (ms): Min: 88.0, Avg: 88.0, Max: 88.0, Diff: 0.0, Sum: 703.9]
      [GC Worker End (ms): Min: 18449.6, Avg: 18449.6, Max: 18449.6, Diff: 0.0]
   [Code Root Fixup: 0.0 ms]
   [Clear CT: 0.1 ms]
   [Other: 0.9 ms]
      [Choose CSet: 0.0 ms]
      [Ref Proc: 0.1 ms]
      [Ref Enq: 0.0 ms]
      [Free CSet: 0.1 ms]
   [Eden: 35.0M(35.0M)->0.0B(42.0M) Survivors: 5120.0K->5120.0K Heap: 625.6M(819.0M)->628.6M(860.0M)]
 [Times: user=0.73 sys=0.02, real=0.09 secs] 
18.518: [GC concurrent-mark-end, 1.7936661 secs]
18.518: [GC remark 18.518: [GC ref-proc, 0.0000383 secs], 0.0016010 secs]
 [Times: user=0.00 sys=0.00, real=0.00 secs] 
18.520: [GC cleanup 630M->606M(860M), 0.0005206 secs]
 [Times: user=0.00 sys=0.00, real=0.00 secs] 
18.520: [GC concurrent-cleanup-start]
18.520: [GC concurrent-cleanup-end, 0.0000163 secs]
18.598: [GC pause (young), 0.1053133 secs]
   [Parallel Time: 104.6 ms, GC Workers: 8]
      [GC Worker Start (ms): Min: 18598.0, Avg: 18598.1, Max: 18598.1, Diff: 0.0]
      [Ext Root Scanning (ms): Min: 0.2, Avg: 0.3, Max: 0.3, Diff: 0.1, Sum: 2.1]
      [Update RS (ms): Min: 2.4, Avg: 3.1, Max: 4.8, Diff: 2.3, Sum: 25.0]
         [Processed Buffers: Min: 1, Avg: 1.6, Max: 2, Diff: 1, Sum: 13]
      [Scan RS (ms): Min: 23.9, Avg: 25.5, Max: 26.2, Diff: 2.3, Sum: 204.4]
      [Object Copy (ms): Min: 75.4, Avg: 75.5, Max: 75.6, Diff: 0.2, Sum: 604.3]
      [Termination (ms): Min: 0.0, Avg: 0.0, Max: 0.0, Diff: 0.0, Sum: 0.1]
      [GC Worker Other (ms): Min: 0.0, Avg: 0.0, Max: 0.0, Diff: 0.0, Sum: 0.1]
      [GC Worker Total (ms): Min: 104.5, Avg: 104.5, Max: 104.5, Diff: 0.0, Sum: 836.1]
      [GC Worker End (ms): Min: 18702.6, Avg: 18702.6, Max: 18702.6, Diff: 0.0]
   [Code Root Fixup: 0.0 ms]
   [Clear CT: 0.1 ms]
   [Other: 0.7 ms]
      [Choose CSet: 0.0 ms]
      [Ref Proc: 0.1 ms]
      [Ref Enq: 0.0 ms]
      [Free CSet: 0.1 ms]
   [Eden: 42.0M(42.0M)->0.0B(46.0M) Survivors: 5120.0K->6144.0K Heap: 680.1M(860.0M)->685.1M(893.0M)]
 [Times: user=0.86 sys=0.00, real=0.10 secs] 
18.739: [GC pause (young) (initial-mark), 0.0584406 secs]
   [Parallel Time: 58.1 ms, GC Workers: 8]
      [GC Worker Start (ms): Min: 18739.0, Avg: 18739.1, Max: 18739.2, Diff: 0.1]
      [Ext Root Scanning (ms): Min: 0.2, Avg: 0.2, Max: 0.3, Diff: 0.1, Sum: 1.9]
      [Update RS (ms): Min: 35.6, Avg: 35.8, Max: 36.1, Diff: 0.5, Sum: 286.7]
         [Processed Buffers: Min: 37, Avg: 40.3, Max: 45, Diff: 8, Sum: 322]
      [Scan RS (ms): Min: 3.6, Avg: 3.9, Max: 4.1, Diff: 0.5, Sum: 31.0]
      [Object Copy (ms): Min: 17.9, Avg: 18.0, Max: 18.1, Diff: 0.2, Sum: 143.8]
      [Termination (ms): Min: 0.0, Avg: 0.0, Max: 0.1, Diff: 0.1, Sum: 0.4]
      [GC Worker Other (ms): Min: 0.0, Avg: 0.0, Max: 0.0, Diff: 0.0, Sum: 0.1]
      [GC Worker Total (ms): Min: 57.9, Avg: 58.0, Max: 58.0, Diff: 0.1, Sum: 463.8]
      [GC Worker End (ms): Min: 18797.0, Avg: 18797.0, Max: 18797.0, Diff: 0.0]
   [Code Root Fixup: 0.0 ms]
   [Clear CT: 0.0 ms]
   [Other: 0.3 ms]
      [Choose CSet: 0.0 ms]
      [Ref Proc: 0.1 ms]
      [Ref Enq: 0.0 ms]
      [Free CSet: 0.0 ms]
   [Eden: 5120.0K(46.0M)->0.0B(54.0M) Survivors: 6144.0K->7168.0K Heap: 689.2M(893.0M)->694.6M(920.0M)]
 [Times: user=0.50 sys=0.00, real=0.06 secs] 
18.798: [GC concurrent-root-region-scan-start]
18.811: [GC concurrent-root-region-scan-end, 0.0132580 secs]
18.811: [GC concurrent-mark-start]
19.098: [GC pause (young), 0.1666719 secs]
   [Parallel Time: 165.9 ms, GC Workers: 8]
      [GC Worker Start (ms): Min: 19097.7, Avg: 19111.6, Max: 19132.9, Diff: 35.2]
      [Ext Root Scanning (ms): Min: 0.0, Avg: 0.2, Max: 0.3, Diff: 0.3, Sum: 1.2]
      [SATB Filtering (ms): Min: 0.0, Avg: 0.0, Max: 0.0, Diff: 0.0, Sum: 0.0]
      [Update RS (ms): Min: 0.0, Avg: 1.6, Max: 4.0, Diff: 4.0, Sum: 13.0]
         [Processed Buffers: Min: 0, Avg: 1.4, Max: 3, Diff: 3, Sum: 11]
      [Scan RS (ms): Min: 0.0, Avg: 14.9, Max: 26.9, Diff: 26.9, Sum: 119.2]
      [Object Copy (ms): Min: 37.4, Avg: 75.0, Max: 136.1, Diff: 98.7, Sum: 600.0]
      [Termination (ms): Min: 0.0, Avg: 60.3, Max: 93.3, Diff: 93.3, Sum: 482.5]
      [GC Worker Other (ms): Min: 0.0, Avg: 0.0, Max: 0.0, Diff: 0.0, Sum: 0.1]
      [GC Worker Total (ms): Min: 130.7, Avg: 152.0, Max: 165.9, Diff: 35.2, Sum: 1216.0]
      [GC Worker End (ms): Min: 19263.6, Avg: 19263.6, Max: 19263.6, Diff: 0.0]
   [Code Root Fixup: 0.0 ms]
   [Clear CT: 0.1 ms]
   [Other: 0.6 ms]
      [Choose CSet: 0.0 ms]
      [Ref Proc: 0.1 ms]
      [Ref Enq: 0.0 ms]
      [Free CSet: 0.1 ms]
   [Eden: 54.0M(54.0M)->0.0B(39.0M) Survivors: 7168.0K->8192.0K Heap: 807.3M(920.0M)->808.3M(941.0M)]
 [Times: user=0.91 sys=0.02, real=0.17 secs] 
19.388: [GC pause (young), 0.1544178 secs]
   [Parallel Time: 153.6 ms, GC Workers: 8]
      [GC Worker Start (ms): Min: 19388.5, Avg: 19391.1, Max: 19409.4, Diff: 20.9]
      [Ext Root Scanning (ms): Min: 0.0, Avg: 0.2, Max: 0.3, Diff: 0.3, Sum: 1.9]
      [SATB Filtering (ms): Min: 0.0, Avg: 0.0, Max: 0.0, Diff: 0.0, Sum: 0.0]
      [Update RS (ms): Min: 41.4, Avg: 59.5, Max: 62.5, Diff: 21.1, Sum: 476.3]
         [Processed Buffers: Min: 18, Avg: 25.9, Max: 28, Diff: 10, Sum: 207]
      [Scan RS (ms): Min: 9.5, Avg: 9.8, Max: 10.2, Diff: 0.8, Sum: 78.7]
      [Object Copy (ms): Min: 81.1, Avg: 81.3, Max: 81.4, Diff: 0.3, Sum: 650.2]
      [Termination (ms): Min: 0.0, Avg: 0.0, Max: 0.1, Diff: 0.1, Sum: 0.4]
      [GC Worker Other (ms): Min: 0.0, Avg: 0.0, Max: 0.0, Diff: 0.0, Sum: 0.1]
      [GC Worker Total (ms): Min: 132.6, Avg: 150.9, Max: 153.6, Diff: 20.9, Sum: 1207.6]
      [GC Worker End (ms): Min: 19542.0, Avg: 19542.0, Max: 19542.0, Diff: 0.0]
   [Code Root Fixup: 0.0 ms]
   [Clear CT: 0.1 ms]
   [Other: 0.7 ms]
      [Choose CSet: 0.0 ms]
      [Ref Proc: 0.1 ms]
      [Ref Enq: 0.0 ms]
      [Free CSet: 0.1 ms]
   [Eden: 39.0M(39.0M)->0.0B(42.0M) Survivors: 8192.0K->6144.0K Heap: 900.7M(941.0M)->901.7M(976.0M)]
 [Times: user=1.05 sys=0.03, real=0.15 secs] 
19.672: [GC concurrent-mark-end, 0.8563048 secs]
19.672: [GC remark 19.672: [GC ref-proc, 0.0000420 secs], 0.0008537 secs]
 [Times: user=0.00 sys=0.00, real=0.00 secs] 
19.673: [GC cleanup 958M->367M(990M), 0.0008033 secs]
 [Times: user=0.00 sys=0.00, real=0.00 secs] 
19.674: [GC concurrent-cleanup-start]
19.674: [GC concurrent-cleanup-end, 0.0002874 secs]
19.709: [GC pause (young), 0.1709017 secs]
   [Parallel Time: 170.2 ms, GC Workers: 8]
      [GC Worker Start (ms): Min: 19708.8, Avg: 19709.6, Max: 19715.3, Diff: 6.5]
      [Ext Root Scanning (ms): Min: 0.0, Avg: 0.2, Max: 0.3, Diff: 0.3, Sum: 1.8]
      [Update RS (ms): Min: 0.0, Avg: 2.5, Max: 4.5, Diff: 4.5, Sum: 20.2]
         [Processed Buffers: Min: 0, Avg: 1.4, Max: 2, Diff: 2, Sum: 11]
      [Scan RS (ms): Min: 35.8, Avg: 40.7, Max: 54.5, Diff: 18.7, Sum: 325.7]
      [Object Copy (ms): Min: 70.4, Avg: 89.1, Max: 123.7, Diff: 53.3, Sum: 713.1]
      [Termination (ms): Min: 0.0, Avg: 36.2, Max: 41.3, Diff: 41.3, Sum: 289.2]
      [GC Worker Other (ms): Min: 0.0, Avg: 0.0, Max: 0.0, Diff: 0.0, Sum: 0.2]
      [GC Worker Total (ms): Min: 163.6, Avg: 168.8, Max: 170.1, Diff: 6.6, Sum: 1350.2]
      [GC Worker End (ms): Min: 19874.7, Avg: 19878.4, Max: 19878.9, Diff: 4.2]
   [Code Root Fixup: 0.0 ms]
   [Clear CT: 0.0 ms]
   [Other: 0.7 ms]
      [Choose CSet: 0.0 ms]
      [Ref Proc: 0.1 ms]
      [Ref Enq: 0.0 ms]
      [Free CSet: 0.1 ms]
   [Eden: 42.0M(42.0M)->0.0B(50.0M) Survivors: 6144.0K->6144.0K Heap: 397.4M(990.0M)->402.4M(997.0M)]
 [Times: user=1.23 sys=0.03, real=0.17 secs] 
19.962: [GC pause (young), 0.2039892 secs]
   [Parallel Time: 203.2 ms, GC Workers: 8]
      [GC Worker Start (ms): Min: 19961.8, Avg: 19961.8, Max: 19962.0, Diff: 0.2]
      [Ext Root Scanning (ms): Min: 0.1, Avg: 0.2, Max: 0.3, Diff: 0.2, Sum: 1.9]
      [Update RS (ms): Min: 89.5, Avg: 89.9, Max: 90.5, Diff: 1.1, Sum: 719.4]
         [Processed Buffers: Min: 43, Avg: 47.4, Max: 51, Diff: 8, Sum: 379]
      [Scan RS (ms): Min: 9.5, Avg: 10.1, Max: 10.6, Diff: 1.1, Sum: 80.4]
      [Object Copy (ms): Min: 102.7, Avg: 102.8, Max: 103.0, Diff: 0.3, Sum: 822.3]
      [Termination (ms): Min: 0.0, Avg: 0.1, Max: 0.1, Diff: 0.1, Sum: 0.8]
      [GC Worker Other (ms): Min: 0.0, Avg: 0.0, Max: 0.0, Diff: 0.0, Sum: 0.2]
      [GC Worker Total (ms): Min: 203.0, Avg: 203.1, Max: 203.2, Diff: 0.2, Sum: 1625.0]
      [GC Worker End (ms): Min: 20165.0, Avg: 20165.0, Max: 20165.0, Diff: 0.0]
   [Code Root Fixup: 0.0 ms]
   [Clear CT: 0.0 ms]
   [Other: 0.7 ms]
      [Choose CSet: 0.0 ms]
      [Ref Proc: 0.1 ms]
      [Ref Enq: 0.0 ms]
      [Free CSet: 0.1 ms]
   [Eden: 50.0M(50.0M)->0.0B(43.0M) Survivors: 6144.0K->7168.0K Heap: 475.8M(997.0M)->480.8M(1003.0M)]
 [Times: user=1.64 sys=0.01, real=0.20 secs] 
20.198: [GC pause (young) (initial-mark), 0.0566054 secs]
   [Parallel Time: 56.3 ms, GC Workers: 8]
      [GC Worker Start (ms): Min: 20198.0, Avg: 20198.1, Max: 20198.3, Diff: 0.3]
      [Ext Root Scanning (ms): Min: 0.0, Avg: 0.2, Max: 0.3, Diff: 0.3, Sum: 1.9]
      [Update RS (ms): Min: 45.3, Avg: 45.7, Max: 47.1, Diff: 1.8, Sum: 366.0]
         [Processed Buffers: Min: 49, Avg: 50.8, Max: 53, Diff: 4, Sum: 406]
      [Scan RS (ms): Min: 0.2, Avg: 1.6, Max: 2.0, Diff: 1.8, Sum: 12.4]
      [Object Copy (ms): Min: 8.5, Avg: 8.6, Max: 8.7, Diff: 0.2, Sum: 68.6]
      [Termination (ms): Min: 0.0, Avg: 0.0, Max: 0.0, Diff: 0.0, Sum: 0.0]
      [GC Worker Other (ms): Min: 0.0, Avg: 0.0, Max: 0.0, Diff: 0.0, Sum: 0.1]
      [GC Worker Total (ms): Min: 55.9, Avg: 56.1, Max: 56.2, Diff: 0.3, Sum: 449.0]
      [GC Worker End (ms): Min: 20254.2, Avg: 20254.2, Max: 20254.2, Diff: 0.0]
   [Code Root Fixup: 0.0 ms]
   [Clear CT: 0.0 ms]
   [Other: 0.3 ms]
      [Choose CSet: 0.0 ms]
      [Ref Proc: 0.1 ms]
      [Ref Enq: 0.0 ms]
      [Free CSet: 0.0 ms]
   [Eden: 1024.0K(43.0M)->0.0B(57.0M) Survivors: 7168.0K->1024.0K Heap: 481.2M(1003.0M)->482.8M(1008.0M)]
 [Times: user=0.37 sys=0.00, real=0.06 secs] 
20.255: [GC concurrent-root-region-scan-start]
20.263: [GC concurrent-root-region-scan-end, 0.0081101 secs]
20.263: [GC concurrent-mark-start]
20.709: [GC pause (young), 0.1290527 secs]
   [Parallel Time: 128.3 ms, GC Workers: 8]
      [GC Worker Start (ms): Min: 20708.6, Avg: 20710.7, Max: 20725.1, Diff: 16.5]
      [Ext Root Scanning (ms): Min: 0.0, Avg: 0.2, Max: 0.3, Diff: 0.3, Sum: 1.8]
      [SATB Filtering (ms): Min: 0.0, Avg: 0.0, Max: 0.0, Diff: 0.0, Sum: 0.0]
      [Update RS (ms): Min: 0.0, Avg: 2.8, Max: 4.7, Diff: 4.7, Sum: 22.7]
         [Processed Buffers: Min: 0, Avg: 1.8, Max: 3, Diff: 3, Sum: 14]
      [Scan RS (ms): Min: 12.6, Avg: 24.0, Max: 26.5, Diff: 14.0, Sum: 192.0]
      [Object Copy (ms): Min: 81.2, Avg: 83.6, Max: 99.0, Diff: 17.8, Sum: 668.5]
      [Termination (ms): Min: 0.0, Avg: 15.5, Max: 17.8, Diff: 17.8, Sum: 124.1]
      [GC Worker Other (ms): Min: 0.0, Avg: 0.0, Max: 0.0, Diff: 0.0, Sum: 0.1]
      [GC Worker Total (ms): Min: 111.7, Avg: 126.1, Max: 128.3, Diff: 16.6, Sum: 1009.2]
      [GC Worker End (ms): Min: 20836.8, Avg: 20836.8, Max: 20836.8, Diff: 0.0]
   [Code Root Fixup: 0.0 ms]
   [Clear CT: 0.0 ms]
   [Other: 0.7 ms]
      [Choose CSet: 0.0 ms]
      [Ref Proc: 0.1 ms]
      [Ref Enq: 0.0 ms]
      [Free CSet: 0.1 ms]
   [Eden: 57.0M(57.0M)->0.0B(55.0M) Survivors: 1024.0K->8192.0K Heap: 627.9M(1008.0M)->629.9M(1012.0M)]
 [Times: user=0.98 sys=0.05, real=0.13 secs] 
20.983: [GC pause (young), 0.2373204 secs]
   [Parallel Time: 236.4 ms, GC Workers: 8]
      [GC Worker Start (ms): Min: 20982.9, Avg: 20982.9, Max: 20983.1, Diff: 0.2]
      [Ext Root Scanning (ms): Min: 0.1, Avg: 0.3, Max: 0.4, Diff: 0.3, Sum: 2.1]
      [SATB Filtering (ms): Min: 0.0, Avg: 0.0, Max: 0.0, Diff: 0.0, Sum: 0.0]
      [Update RS (ms): Min: 66.2, Avg: 67.1, Max: 68.3, Diff: 2.1, Sum: 536.5]
         [Processed Buffers: Min: 25, Avg: 26.0, Max: 27, Diff: 2, Sum: 208]
      [Scan RS (ms): Min: 20.6, Avg: 21.8, Max: 22.8, Diff: 2.2, Sum: 174.8]
      [Object Copy (ms): Min: 142.4, Avg: 143.2, Max: 147.3, Diff: 4.9, Sum: 1145.8]
      [Termination (ms): Min: 0.0, Avg: 3.9, Max: 4.5, Diff: 4.5, Sum: 31.2]
      [GC Worker Other (ms): Min: 0.0, Avg: 0.0, Max: 0.0, Diff: 0.0, Sum: 0.2]
      [GC Worker Total (ms): Min: 236.1, Avg: 236.3, Max: 236.4, Diff: 0.3, Sum: 1890.6]
      [GC Worker End (ms): Min: 21219.2, Avg: 21219.2, Max: 21219.3, Diff: 0.0]
   [Code Root Fixup: 0.0 ms]
   [Clear CT: 0.0 ms]
   [Other: 0.8 ms]
      [Choose CSet: 0.0 ms]
      [Ref Proc: 0.1 ms]
      [Ref Enq: 0.0 ms]
      [Free CSet: 0.1 ms]
   [Eden: 55.0M(55.0M)->0.0B(42.0M) Survivors: 8192.0K->8192.0K Heap: 730.6M(1012.0M)->736.6M(1015.0M)]
 [Times: user=1.64 sys=0.14, real=0.24 secs] 
21.297: [GC pause (young), 0.2330113 secs]
   [Parallel Time: 232.3 ms, GC Workers: 8]
      [GC Worker Start (ms): Min: 21296.6, Avg: 21297.3, Max: 21301.9, Diff: 5.3]
      [Ext Root Scanning (ms): Min: 0.0, Avg: 0.2, Max: 0.3, Diff: 0.3, Sum: 1.9]
      [SATB Filtering (ms): Min: 0.0, Avg: 0.0, Max: 0.0, Diff: 0.0, Sum: 0.0]
      [Update RS (ms): Min: 117.1, Avg: 121.4, Max: 122.7, Diff: 5.6, Sum: 971.5]
         [Processed Buffers: Min: 66, Avg: 69.8, Max: 72, Diff: 6, Sum: 558]
      [Scan RS (ms): Min: 8.7, Avg: 9.4, Max: 10.5, Diff: 1.8, Sum: 75.3]
      [Object Copy (ms): Min: 99.2, Avg: 100.2, Max: 100.5, Diff: 1.3, Sum: 801.9]
      [Termination (ms): Min: 0.0, Avg: 0.2, Max: 0.4, Diff: 0.4, Sum: 2.0]
      [GC Worker Other (ms): Min: 0.0, Avg: 0.0, Max: 0.0, Diff: 0.0, Sum: 0.1]
      [GC Worker Total (ms): Min: 227.0, Avg: 231.6, Max: 232.3, Diff: 5.3, Sum: 1852.7]
      [GC Worker End (ms): Min: 21528.9, Avg: 21528.9, Max: 21528.9, Diff: 0.0]
   [Code Root Fixup: 0.0 ms]
   [Clear CT: 0.0 ms]
   [Other: 0.7 ms]
      [Choose CSet: 0.0 ms]
      [Ref Proc: 0.1 ms]
      [Ref Enq: 0.0 ms]
      [Free CSet: 0.1 ms]
   [Eden: 42.0M(42.0M)->0.0B(43.0M) Survivors: 8192.0K->7168.0K Heap: 802.1M(1015.0M)->807.1M(1017.0M)]
 [Times: user=1.68 sys=0.02, real=0.22 secs] 
21.627: [GC pause (young), 0.1421791 secs]
   [Parallel Time: 141.5 ms, GC Workers: 8]
      [GC Worker Start (ms): Min: 21626.8, Avg: 21626.9, Max: 21627.0, Diff: 0.2]
      [Ext Root Scanning (ms): Min: 0.1, Avg: 0.2, Max: 0.3, Diff: 0.2, Sum: 2.0]
      [SATB Filtering (ms): Min: 0.0, Avg: 0.0, Max: 0.0, Diff: 0.0, Sum: 0.0]
      [Update RS (ms): Min: 71.7, Avg: 72.1, Max: 73.4, Diff: 1.7, Sum: 577.1]
         [Processed Buffers: Min: 29, Avg: 30.9, Max: 33, Diff: 4, Sum: 247]
      [Scan RS (ms): Min: 0.8, Avg: 2.1, Max: 2.6, Diff: 1.7, Sum: 17.0]
      [Object Copy (ms): Min: 66.8, Avg: 66.9, Max: 67.0, Diff: 0.2, Sum: 535.3]
      [Termination (ms): Min: 0.0, Avg: 0.0, Max: 0.1, Diff: 0.1, Sum: 0.3]
      [GC Worker Other (ms): Min: 0.0, Avg: 0.0, Max: 0.0, Diff: 0.0, Sum: 0.1]
      [GC Worker Total (ms): Min: 141.3, Avg: 141.5, Max: 141.5, Diff: 0.2, Sum: 1131.8]
      [GC Worker End (ms): Min: 21768.3, Avg: 21768.3, Max: 21768.3, Diff: 0.0]
   [Code Root Fixup: 0.0 ms]
   [Clear CT: 0.1 ms]
   [Other: 0.6 ms]
      [Choose CSet: 0.0 ms]
      [Ref Proc: 0.1 ms]
      [Ref Enq: 0.0 ms]
      [Free CSet: 0.1 ms]
   [Eden: 43.0M(43.0M)->0.0B(43.0M) Survivors: 7168.0K->7168.0K Heap: 885.3M(1017.0M)->890.3M(1019.0M)]
 [Times: user=1.09 sys=0.02, real=0.14 secs] 
21.813: [GC concurrent-mark-end, 1.5500998 secs]
21.813: [GC remark 21.813: [GC ref-proc, 0.0000429 secs], 0.0009992 secs]
 [Times: user=0.00 sys=0.00, real=0.00 secs] 
21.814: [GC cleanup 890M->547M(1019M), 0.0007646 secs]
 [Times: user=0.00 sys=0.00, real=0.00 secs] 
21.815: [GC concurrent-cleanup-start]
21.815: [GC concurrent-cleanup-end, 0.0001759 secs]
21.968: [GC pause (young), 0.1796775 secs]
   [Parallel Time: 178.9 ms, GC Workers: 8]
      [GC Worker Start (ms): Min: 21968.1, Avg: 21992.5, Max: 22026.9, Diff: 58.8]
      [Ext Root Scanning (ms): Min: 0.0, Avg: 0.2, Max: 0.3, Diff: 0.3, Sum: 1.2]
      [Update RS (ms): Min: 0.0, Avg: 3.0, Max: 6.5, Diff: 6.5, Sum: 23.8]
         [Processed Buffers: Min: 0, Avg: 2.5, Max: 6, Diff: 6, Sum: 20]
      [Scan RS (ms): Min: 0.0, Avg: 14.0, Max: 28.3, Diff: 28.3, Sum: 112.3]
      [Object Copy (ms): Min: 15.6, Avg: 69.2, Max: 142.4, Diff: 126.8, Sum: 553.9]
      [Termination (ms): Min: 0.0, Avg: 66.2, Max: 104.3, Diff: 104.3, Sum: 529.3]
      [GC Worker Other (ms): Min: 0.0, Avg: 0.0, Max: 0.0, Diff: 0.0, Sum: 0.1]
      [GC Worker Total (ms): Min: 117.9, Avg: 152.6, Max: 176.7, Diff: 58.8, Sum: 1220.6]
      [GC Worker End (ms): Min: 22144.8, Avg: 22145.1, Max: 22146.9, Diff: 2.1]
   [Code Root Fixup: 0.0 ms]
   [Clear CT: 0.1 ms]
   [Other: 0.8 ms]
      [Choose CSet: 0.0 ms]
      [Ref Proc: 0.2 ms]
      [Ref Enq: 0.0 ms]
      [Free CSet: 0.1 ms]
   [Eden: 43.0M(43.0M)->0.0B(44.0M) Survivors: 7168.0K->7168.0K Heap: 662.9M(1019.0M)->664.4M(1020.0M)]
 [Times: user=0.78 sys=0.00, real=0.18 secs] 
22.221: [GC pause (young) (initial-mark), 0.0169550 secs]
   [Parallel Time: 16.6 ms, GC Workers: 8]
      [GC Worker Start (ms): Min: 22220.8, Avg: 22220.9, Max: 22221.4, Diff: 0.5]
      [Ext Root Scanning (ms): Min: 0.0, Avg: 0.3, Max: 0.3, Diff: 0.3, Sum: 2.0]
      [Update RS (ms): Min: 0.0, Avg: 1.4, Max: 2.4, Diff: 2.4, Sum: 11.0]
         [Processed Buffers: Min: 0, Avg: 1.1, Max: 3, Diff: 3, Sum: 9]
      [Scan RS (ms): Min: 1.1, Avg: 2.1, Max: 3.4, Diff: 2.3, Sum: 16.5]
      [Object Copy (ms): Min: 12.7, Avg: 12.8, Max: 12.9, Diff: 0.2, Sum: 102.3]
      [Termination (ms): Min: 0.0, Avg: 0.0, Max: 0.0, Diff: 0.0, Sum: 0.0]
      [GC Worker Other (ms): Min: 0.0, Avg: 0.0, Max: 0.0, Diff: 0.0, Sum: 0.1]
      [GC Worker Total (ms): Min: 16.0, Avg: 16.5, Max: 16.6, Diff: 0.5, Sum: 132.0]
      [GC Worker End (ms): Min: 22237.4, Avg: 22237.4, Max: 22237.4, Diff: 0.0]
   [Code Root Fixup: 0.0 ms]
   [Clear CT: 0.0 ms]
   [Other: 0.3 ms]
      [Choose CSet: 0.0 ms]
      [Ref Proc: 0.1 ms]
      [Ref Enq: 0.0 ms]
      [Free CSet: 0.0 ms]
   [Eden: 3072.0K(44.0M)->0.0B(68.0M) Survivors: 7168.0K->6144.0K Heap: 666.6M(1020.0M)->672.4M(1021.0M)]
 [Times: user=0.13 sys=0.00, real=0.02 secs] 
22.238: [GC concurrent-root-region-scan-start]
22.239: [GC concurrent-root-region-scan-end, 0.0014546 secs]
22.239: [GC concurrent-mark-start]
22.459: [GC pause (young), 0.1719942 secs]
   [Parallel Time: 171.0 ms, GC Workers: 8]
      [GC Worker Start (ms): Min: 22459.0, Avg: 22459.4, Max: 22461.9, Diff: 2.8]
      [Ext Root Scanning (ms): Min: 0.0, Avg: 0.2, Max: 0.3, Diff: 0.3, Sum: 1.8]
      [SATB Filtering (ms): Min: 0.0, Avg: 0.0, Max: 0.0, Diff: 0.0, Sum: 0.0]
      [Update RS (ms): Min: 4.6, Avg: 6.8, Max: 8.0, Diff: 3.5, Sum: 54.2]
         [Processed Buffers: Min: 2, Avg: 3.5, Max: 6, Diff: 4, Sum: 28]
      [Scan RS (ms): Min: 43.9, Avg: 45.0, Max: 45.9, Diff: 2.0, Sum: 359.7]
      [Object Copy (ms): Min: 118.4, Avg: 118.5, Max: 118.6, Diff: 0.2, Sum: 947.8]
      [Termination (ms): Min: 0.0, Avg: 0.1, Max: 0.2, Diff: 0.2, Sum: 1.0]
      [GC Worker Other (ms): Min: 0.0, Avg: 0.0, Max: 0.0, Diff: 0.0, Sum: 0.1]
      [GC Worker Total (ms): Min: 168.1, Avg: 170.6, Max: 171.0, Diff: 2.8, Sum: 1364.8]
      [GC Worker End (ms): Min: 22630.0, Avg: 22630.0, Max: 22630.0, Diff: 0.0]
   [Code Root Fixup: 0.0 ms]
   [Clear CT: 0.1 ms]
   [Other: 0.9 ms]
      [Choose CSet: 0.0 ms]
      [Ref Proc: 0.1 ms]
      [Ref Enq: 0.0 ms]
      [Free CSet: 0.1 ms]
   [Eden: 68.0M(68.0M)->0.0B(41.0M) Survivors: 6144.0K->10.0M Heap: 825.1M(1021.0M)->824.6M(1022.0M)]
 [Times: user=1.25 sys=0.00, real=0.16 secs] 
22.695: [GC concurrent-mark-end, 0.4235443 secs]
22.695: [GC pause (young), 0.1830741 secs]
   [Parallel Time: 182.4 ms, GC Workers: 8]
      [GC Worker Start (ms): Min: 22694.8, Avg: 22694.8, Max: 22695.0, Diff: 0.3]
      [Ext Root Scanning (ms): Min: 0.1, Avg: 0.2, Max: 0.3, Diff: 0.2, Sum: 1.9]
      [SATB Filtering (ms): Min: 0.0, Avg: 0.0, Max: 0.0, Diff: 0.0, Sum: 0.0]
      [Update RS (ms): Min: 90.0, Avg: 91.0, Max: 92.3, Diff: 2.3, Sum: 727.9]
         [Processed Buffers: Min: 70, Avg: 72.6, Max: 77, Diff: 7, Sum: 581]
      [Scan RS (ms): Min: 8.7, Avg: 9.9, Max: 10.7, Diff: 2.1, Sum: 79.3]
      [Object Copy (ms): Min: 81.0, Avg: 81.0, Max: 81.2, Diff: 0.2, Sum: 648.3]
      [Termination (ms): Min: 0.0, Avg: 0.1, Max: 0.1, Diff: 0.1, Sum: 0.7]
      [GC Worker Other (ms): Min: 0.0, Avg: 0.0, Max: 0.0, Diff: 0.0, Sum: 0.1]
      [GC Worker Total (ms): Min: 182.1, Avg: 182.3, Max: 182.3, Diff: 0.3, Sum: 1458.1]
      [GC Worker End (ms): Min: 22877.1, Avg: 22877.1, Max: 22877.1, Diff: 0.0]
   [Code Root Fixup: 0.0 ms]
   [Clear CT: 0.1 ms]
   [Other: 0.6 ms]
      [Choose CSet: 0.0 ms]
      [Ref Proc: 0.1 ms]
      [Ref Enq: 0.0 ms]
      [Free CSet: 0.1 ms]
   [Eden: 41.0M(41.0M)->0.0B(44.0M) Survivors: 10.0M->7168.0K Heap: 865.6M(1022.0M)->870.1M(1023.0M)]
 [Times: user=1.31 sys=0.02, real=0.18 secs] 
22.879: [GC remark 22.879: [GC ref-proc, 0.0000383 secs], 0.0008229 secs]
 [Times: user=0.02 sys=0.00, real=0.00 secs] 
22.914: [GC cleanup 872M->257M(1023M), 0.0010650 secs]
 [Times: user=0.00 sys=0.00, real=0.00 secs] 
22.915: [GC concurrent-cleanup-start]
22.916: [GC concurrent-cleanup-end, 0.0004399 secs]
23.027: [GC pause (young), 0.1537073 secs]
   [Parallel Time: 152.5 ms, GC Workers: 8]
      [GC Worker Start (ms): Min: 23027.3, Avg: 23027.3, Max: 23027.4, Diff: 0.1]
      [Ext Root Scanning (ms): Min: 0.2, Avg: 0.2, Max: 0.3, Diff: 0.1, Sum: 2.0]
      [Update RS (ms): Min: 41.0, Avg: 41.6, Max: 42.6, Diff: 1.5, Sum: 333.1]
         [Processed Buffers: Min: 16, Avg: 17.0, Max: 18, Diff: 2, Sum: 136]
      [Scan RS (ms): Min: 10.8, Avg: 11.6, Max: 12.2, Diff: 1.4, Sum: 92.7]
      [Object Copy (ms): Min: 98.5, Avg: 98.8, Max: 99.1, Diff: 0.6, Sum: 790.4]
      [Termination (ms): Min: 0.0, Avg: 0.2, Max: 0.3, Diff: 0.3, Sum: 1.4]
      [GC Worker Other (ms): Min: 0.0, Avg: 0.0, Max: 0.0, Diff: 0.0, Sum: 0.1]
      [GC Worker Total (ms): Min: 152.4, Avg: 152.5, Max: 152.5, Diff: 0.1, Sum: 1219.8]
      [GC Worker End (ms): Min: 23179.8, Avg: 23179.8, Max: 23179.8, Diff: 0.0]
   [Code Root Fixup: 0.0 ms]
   [Clear CT: 0.0 ms]
   [Other: 1.1 ms]
      [Choose CSet: 0.0 ms]
      [Ref Proc: 0.2 ms]
      [Ref Enq: 0.0 ms]
      [Free CSet: 0.1 ms]
   [Eden: 44.0M(44.0M)->0.0B(44.0M) Survivors: 7168.0K->7168.0K Heap: 371.2M(1023.0M)->373.7M(1024.0M)]
 [Times: user=1.17 sys=0.03, real=0.15 secs] 
23.379: [GC pause (young), 0.1155549 secs]
   [Parallel Time: 114.8 ms, GC Workers: 8]
      [GC Worker Start (ms): Min: 23378.8, Avg: 23380.2, Max: 23389.2, Diff: 10.4]
      [Ext Root Scanning (ms): Min: 0.0, Avg: 0.3, Max: 0.3, Diff: 0.3, Sum: 2.0]
      [Update RS (ms): Min: 0.0, Avg: 2.4, Max: 4.0, Diff: 4.0, Sum: 19.5]
         [Processed Buffers: Min: 0, Avg: 1.4, Max: 2, Diff: 2, Sum: 11]
      [Scan RS (ms): Min: 22.0, Avg: 31.1, Max: 51.2, Diff: 29.2, Sum: 248.9]
      [Object Copy (ms): Min: 60.4, Avg: 79.6, Max: 82.4, Diff: 22.0, Sum: 637.0]
      [Termination (ms): Min: 0.0, Avg: 0.0, Max: 0.0, Diff: 0.0, Sum: 0.2]
      [GC Worker Other (ms): Min: 0.0, Avg: 0.0, Max: 0.0, Diff: 0.0, Sum: 0.1]
      [GC Worker Total (ms): Min: 104.4, Avg: 113.5, Max: 114.8, Diff: 10.4, Sum: 907.8]
      [GC Worker End (ms): Min: 23493.6, Avg: 23493.6, Max: 23493.6, Diff: 0.0]
   [Code Root Fixup: 0.0 ms]
   [Clear CT: 0.1 ms]
   [Other: 0.6 ms]
      [Choose CSet: 0.0 ms]
      [Ref Proc: 0.1 ms]
      [Ref Enq: 0.0 ms]
      [Free CSet: 0.1 ms]
   [Eden: 44.0M(44.0M)->0.0B(44.0M) Survivors: 7168.0K->7168.0K Heap: 467.2M(1024.0M)->470.7M(1024.0M)]
 [Times: user=0.76 sys=0.03, real=0.12 secs] 
23.587: [GC pause (young) (initial-mark), 0.0596773 secs]
   [Parallel Time: 58.9 ms, GC Workers: 8]
      [GC Worker Start (ms): Min: 23586.6, Avg: 23587.9, Max: 23596.9, Diff: 10.3]
      [Ext Root Scanning (ms): Min: 0.0, Avg: 0.2, Max: 0.3, Diff: 0.3, Sum: 1.9]
      [Update RS (ms): Min: 0.0, Avg: 2.6, Max: 4.6, Diff: 4.6, Sum: 20.5]
         [Processed Buffers: Min: 0, Avg: 1.4, Max: 2, Diff: 2, Sum: 11]
      [Scan RS (ms): Min: 2.5, Avg: 8.5, Max: 10.1, Diff: 7.7, Sum: 68.4]
      [Object Copy (ms): Min: 46.1, Avg: 46.2, Max: 46.3, Diff: 0.2, Sum: 369.3]
      [Termination (ms): Min: 0.0, Avg: 0.1, Max: 0.1, Diff: 0.1, Sum: 0.4]
      [GC Worker Other (ms): Min: 0.0, Avg: 0.0, Max: 0.0, Diff: 0.0, Sum: 0.1]
      [GC Worker Total (ms): Min: 48.6, Avg: 57.6, Max: 58.9, Diff: 10.3, Sum: 460.6]
      [GC Worker End (ms): Min: 23645.5, Avg: 23645.5, Max: 23645.5, Diff: 0.0]
   [Code Root Fixup: 0.0 ms]
   [Clear CT: 0.1 ms]
   [Other: 0.7 ms]
      [Choose CSet: 0.0 ms]
      [Ref Proc: 0.1 ms]
      [Ref Enq: 0.0 ms]
      [Free CSet: 0.1 ms]
   [Eden: 24.0M(44.0M)->0.0B(58.0M) Survivors: 7168.0K->7168.0K Heap: 494.1M(1024.0M)->497.7M(1024.0M)]
 [Times: user=0.30 sys=0.03, real=0.05 secs] 
23.646: [GC concurrent-root-region-scan-start]
23.681: [GC concurrent-root-region-scan-end, 0.0347707 secs]
23.681: [GC concurrent-mark-start]
24.110: [GC pause (young), 0.1722330 secs]
   [Parallel Time: 171.4 ms, GC Workers: 8]
      [GC Worker Start (ms): Min: 24109.6, Avg: 24121.5, Max: 24140.9, Diff: 31.3]
      [Ext Root Scanning (ms): Min: 0.0, Avg: 0.1, Max: 0.3, Diff: 0.3, Sum: 1.2]
      [SATB Filtering (ms): Min: 0.0, Avg: 0.0, Max: 0.0, Diff: 0.0, Sum: 0.0]
      [Update RS (ms): Min: 0.0, Avg: 1.7, Max: 4.2, Diff: 4.2, Sum: 13.8]
         [Processed Buffers: Min: 0, Avg: 1.5, Max: 3, Diff: 3, Sum: 12]
      [Scan RS (ms): Min: 5.6, Avg: 26.2, Max: 58.4, Diff: 52.8, Sum: 209.3]
      [Object Copy (ms): Min: 65.5, Avg: 87.5, Max: 120.8, Diff: 55.3, Sum: 700.0]
      [Termination (ms): Min: 0.0, Avg: 39.3, Max: 68.8, Diff: 68.8, Sum: 314.5]
      [GC Worker Other (ms): Min: 0.0, Avg: 0.0, Max: 0.0, Diff: 0.0, Sum: 0.1]
      [GC Worker Total (ms): Min: 134.0, Avg: 154.9, Max: 171.3, Diff: 37.4, Sum: 1238.8]
      [GC Worker End (ms): Min: 24274.9, Avg: 24276.4, Max: 24280.9, Diff: 6.1]
   [Code Root Fixup: 0.0 ms]
   [Clear CT: 0.1 ms]
   [Other: 0.8 ms]
      [Choose CSet: 0.0 ms]
      [Ref Proc: 0.1 ms]
      [Ref Enq: 0.0 ms]
      [Free CSet: 0.1 ms]
   [Eden: 58.0M(58.0M)->0.0B(64.0M) Survivors: 7168.0K->9216.0K Heap: 643.8M(1024.0M)->648.3M(1024.0M)]
 [Times: user=1.03 sys=0.02, real=0.18 secs] 
24.429: [GC pause (young), 0.2628072 secs]
   [Parallel Time: 261.8 ms, GC Workers: 8]
      [GC Worker Start (ms): Min: 24429.0, Avg: 24429.0, Max: 24429.1, Diff: 0.0]
      [Ext Root Scanning (ms): Min: 0.2, Avg: 0.3, Max: 0.3, Diff: 0.1, Sum: 2.0]
      [SATB Filtering (ms): Min: 0.0, Avg: 0.0, Max: 0.0, Diff: 0.0, Sum: 0.0]
      [Update RS (ms): Min: 89.9, Avg: 90.6, Max: 91.0, Diff: 1.1, Sum: 724.8]
         [Processed Buffers: Min: 30, Avg: 34.1, Max: 36, Diff: 6, Sum: 273]
      [Scan RS (ms): Min: 15.4, Avg: 16.0, Max: 16.8, Diff: 1.4, Sum: 128.0]
      [Object Copy (ms): Min: 154.6, Avg: 154.7, Max: 155.0, Diff: 0.4, Sum: 1237.9]
      [Termination (ms): Min: 0.0, Avg: 0.2, Max: 0.2, Diff: 0.2, Sum: 1.3]
      [GC Worker Other (ms): Min: 0.0, Avg: 0.0, Max: 0.0, Diff: 0.0, Sum: 0.2]
      [GC Worker Total (ms): Min: 261.8, Avg: 261.8, Max: 261.8, Diff: 0.0, Sum: 2094.2]
      [GC Worker End (ms): Min: 24690.8, Avg: 24690.8, Max: 24690.8, Diff: 0.0]
   [Code Root Fixup: 0.0 ms]
   [Clear CT: 0.1 ms]
   [Other: 0.9 ms]
      [Choose CSet: 0.0 ms]
      [Ref Proc: 0.1 ms]
      [Ref Enq: 0.0 ms]
      [Free CSet: 0.1 ms]
   [Eden: 64.0M(64.0M)->0.0B(42.0M) Survivors: 9216.0K->10.0M Heap: 758.0M(1024.0M)->760.0M(1024.0M)]
 [Times: user=1.78 sys=0.05, real=0.25 secs] 
24.758: [GC pause (young), 0.2413589 secs]
   [Parallel Time: 240.7 ms, GC Workers: 8]
      [GC Worker Start (ms): Min: 24758.4, Avg: 24758.4, Max: 24758.5, Diff: 0.1]
      [Ext Root Scanning (ms): Min: 0.1, Avg: 0.2, Max: 0.3, Diff: 0.2, Sum: 1.9]
      [SATB Filtering (ms): Min: 0.0, Avg: 0.0, Max: 0.0, Diff: 0.0, Sum: 0.0]
      [Update RS (ms): Min: 139.5, Avg: 140.2, Max: 141.4, Diff: 1.9, Sum: 1121.6]
         [Processed Buffers: Min: 90, Avg: 92.9, Max: 96, Diff: 6, Sum: 743]
      [Scan RS (ms): Min: 8.0, Avg: 9.3, Max: 9.9, Diff: 1.9, Sum: 74.1]
      [Object Copy (ms): Min: 90.8, Avg: 90.8, Max: 91.0, Diff: 0.2, Sum: 726.8]
      [Termination (ms): Min: 0.0, Avg: 0.1, Max: 0.1, Diff: 0.1, Sum: 0.7]
      [GC Worker Other (ms): Min: 0.0, Avg: 0.0, Max: 0.0, Diff: 0.0, Sum: 0.1]
      [GC Worker Total (ms): Min: 240.5, Avg: 240.6, Max: 240.7, Diff: 0.1, Sum: 1925.1]
      [GC Worker End (ms): Min: 24999.0, Avg: 24999.0, Max: 24999.0, Diff: 0.0]
   [Code Root Fixup: 0.0 ms]
   [Clear CT: 0.1 ms]
   [Other: 0.6 ms]
      [Choose CSet: 0.0 ms]
      [Ref Proc: 0.1 ms]
      [Ref Enq: 0.0 ms]
      [Free CSet: 0.0 ms]
   [Eden: 33.0M(42.0M)->0.0B(44.0M) Survivors: 10.0M->7168.0K Heap: 815.8M(1024.0M)->821.0M(1024.0M)]
 [Times: user=1.78 sys=0.03, real=0.24 secs] 
25.000: [Full GC 820M->117M(1008M), 0.4791788 secs]
   [Eden: 0.0B(44.0M)->0.0B(50.0M) Survivors: 7168.0K->0.0B Heap: 821.0M(1024.0M)->117.6M(1008.0M)]
 [Times: user=0.58 sys=0.00, real=0.48 secs] 
25.479: [GC concurrent-mark-abort]
25.640: [GC pause (young), 0.1019330 secs]
   [Parallel Time: 101.3 ms, GC Workers: 8]
      [GC Worker Start (ms): Min: 25640.1, Avg: 25640.4, Max: 25642.6, Diff: 2.5]
      [Ext Root Scanning (ms): Min: 0.0, Avg: 0.3, Max: 0.4, Diff: 0.4, Sum: 2.4]
      [Update RS (ms): Min: 4.6, Avg: 5.7, Max: 6.7, Diff: 2.0, Sum: 45.8]
         [Processed Buffers: Min: 2, Avg: 2.9, Max: 4, Diff: 2, Sum: 23]
      [Scan RS (ms): Min: 21.2, Avg: 22.1, Max: 23.3, Diff: 2.1, Sum: 177.1]
      [Object Copy (ms): Min: 72.6, Avg: 72.7, Max: 72.8, Diff: 0.3, Sum: 581.8]
      [Termination (ms): Min: 0.0, Avg: 0.0, Max: 0.0, Diff: 0.0, Sum: 0.2]
      [GC Worker Other (ms): Min: 0.0, Avg: 0.0, Max: 0.0, Diff: 0.0, Sum: 0.1]
      [GC Worker Total (ms): Min: 98.7, Avg: 100.9, Max: 101.2, Diff: 2.5, Sum: 807.3]
      [GC Worker End (ms): Min: 25741.3, Avg: 25741.3, Max: 25741.3, Diff: 0.0]
   [Code Root Fixup: 0.0 ms]
   [Clear CT: 0.0 ms]
   [Other: 0.6 ms]
      [Choose CSet: 0.0 ms]
      [Ref Proc: 0.1 ms]
      [Ref Enq: 0.0 ms]
      [Free CSet: 0.1 ms]
   [Eden: 50.0M(50.0M)->0.0B(43.0M) Survivors: 0.0B->7168.0K Heap: 255.7M(1008.0M)->259.2M(1012.0M)]
 [Times: user=0.81 sys=0.03, real=0.10 secs] 
25.843: [GC pause (young), 0.1575937 secs]
   [Parallel Time: 156.9 ms, GC Workers: 8]
      [GC Worker Start (ms): Min: 25843.5, Avg: 25843.5, Max: 25843.7, Diff: 0.2]
      [Ext Root Scanning (ms): Min: 0.1, Avg: 0.2, Max: 0.3, Diff: 0.2, Sum: 2.0]
      [Update RS (ms): Min: 38.6, Avg: 39.3, Max: 40.8, Diff: 2.2, Sum: 314.0]
         [Processed Buffers: Min: 15, Avg: 15.9, Max: 18, Diff: 3, Sum: 127]
      [Scan RS (ms): Min: 16.6, Avg: 18.1, Max: 18.9, Diff: 2.3, Sum: 145.2]
      [Object Copy (ms): Min: 98.9, Avg: 99.0, Max: 99.1, Diff: 0.3, Sum: 792.0]
      [Termination (ms): Min: 0.0, Avg: 0.1, Max: 0.1, Diff: 0.1, Sum: 0.9]
      [GC Worker Other (ms): Min: 0.0, Avg: 0.0, Max: 0.0, Diff: 0.0, Sum: 0.1]
      [GC Worker Total (ms): Min: 156.6, Avg: 156.8, Max: 156.8, Diff: 0.2, Sum: 1254.1]
      [GC Worker End (ms): Min: 26000.3, Avg: 26000.3, Max: 26000.3, Diff: 0.0]
   [Code Root Fixup: 0.0 ms]
   [Clear CT: 0.0 ms]
   [Other: 0.7 ms]
      [Choose CSet: 0.0 ms]
      [Ref Proc: 0.1 ms]
      [Ref Enq: 0.0 ms]
      [Free CSet: 0.1 ms]
   [Eden: 43.0M(43.0M)->0.0B(43.0M) Survivors: 7168.0K->7168.0K Heap: 332.2M(1012.0M)->336.2M(1015.0M)]
 [Times: user=1.12 sys=0.09, real=0.16 secs] 
26.078: [GC pause (young), 0.2228942 secs]
   [Parallel Time: 222.2 ms, GC Workers: 8]
      [GC Worker Start (ms): Min: 26077.8, Avg: 26077.9, Max: 26078.3, Diff: 0.5]
      [Ext Root Scanning (ms): Min: 0.0, Avg: 0.2, Max: 0.3, Diff: 0.3, Sum: 1.9]
      [Update RS (ms): Min: 107.2, Avg: 107.7, Max: 108.3, Diff: 1.1, Sum: 861.7]
         [Processed Buffers: Min: 45, Avg: 46.3, Max: 48, Diff: 3, Sum: 370]
      [Scan RS (ms): Min: 6.1, Avg: 6.9, Max: 7.4, Diff: 1.3, Sum: 54.9]
      [Object Copy (ms): Min: 107.1, Avg: 107.2, Max: 107.3, Diff: 0.3, Sum: 857.5]
      [Termination (ms): Min: 0.0, Avg: 0.0, Max: 0.0, Diff: 0.0, Sum: 0.1]
      [GC Worker Other (ms): Min: 0.0, Avg: 0.0, Max: 0.0, Diff: 0.0, Sum: 0.1]
      [GC Worker Total (ms): Min: 221.6, Avg: 222.0, Max: 222.1, Diff: 0.5, Sum: 1776.2]
      [GC Worker End (ms): Min: 26299.9, Avg: 26299.9, Max: 26300.0, Diff: 0.0]
   [Code Root Fixup: 0.0 ms]
   [Clear CT: 0.0 ms]
   [Other: 0.6 ms]
      [Choose CSet: 0.0 ms]
      [Ref Proc: 0.1 ms]
      [Ref Enq: 0.0 ms]
      [Free CSet: 0.0 ms]
   [Eden: 43.0M(43.0M)->0.0B(43.0M) Survivors: 7168.0K->7168.0K Heap: 418.4M(1015.0M)->424.4M(1017.0M)]
 [Times: user=1.59 sys=0.00, real=0.21 secs] 
26.342: [GC pause (young) (initial-mark), 0.0895633 secs]
   [Parallel Time: 89.0 ms, GC Workers: 8]
      [GC Worker Start (ms): Min: 26342.1, Avg: 26342.1, Max: 26342.2, Diff: 0.1]
      [Ext Root Scanning (ms): Min: 0.1, Avg: 0.2, Max: 0.3, Diff: 0.1, Sum: 1.8]
      [Update RS (ms): Min: 54.7, Avg: 55.3, Max: 56.1, Diff: 1.4, Sum: 442.5]
         [Processed Buffers: Min: 36, Avg: 38.8, Max: 42, Diff: 6, Sum: 310]
      [Scan RS (ms): Min: 1.2, Avg: 1.9, Max: 2.7, Diff: 1.5, Sum: 15.4]
      [Object Copy (ms): Min: 31.3, Avg: 31.4, Max: 31.5, Diff: 0.2, Sum: 251.2]
      [Termination (ms): Min: 0.0, Avg: 0.0, Max: 0.0, Diff: 0.0, Sum: 0.0]
      [GC Worker Other (ms): Min: 0.0, Avg: 0.0, Max: 0.0, Diff: 0.0, Sum: 0.1]
      [GC Worker Total (ms): Min: 88.8, Avg: 88.9, Max: 88.9, Diff: 0.1, Sum: 711.1]
      [GC Worker End (ms): Min: 26431.0, Avg: 26431.0, Max: 26431.0, Diff: 0.0]
   [Code Root Fixup: 0.0 ms]
   [Clear CT: 0.1 ms]
   [Other: 0.6 ms]
      [Choose CSet: 0.0 ms]
      [Ref Proc: 0.1 ms]
      [Ref Enq: 0.0 ms]
      [Free CSet: 0.0 ms]
   [Eden: 19.0M(43.0M)->0.0B(43.0M) Survivors: 7168.0K->7168.0K Heap: 442.7M(1017.0M)->446.9M(1019.0M)]
 [Times: user=0.62 sys=0.00, real=0.09 secs] 
26.432: [GC concurrent-root-region-scan-start]
26.496: [GC concurrent-root-region-scan-end, 0.0641543 secs]
26.496: [GC concurrent-mark-start]
26.815: [GC pause (young), 0.1216558 secs]
   [Parallel Time: 121.0 ms, GC Workers: 8]
      [GC Worker Start (ms): Min: 26815.0, Avg: 26824.3, Max: 26856.0, Diff: 40.9]
      [Ext Root Scanning (ms): Min: 0.0, Avg: 0.2, Max: 0.3, Diff: 0.3, Sum: 1.3]
      [SATB Filtering (ms): Min: 0.0, Avg: 0.0, Max: 0.0, Diff: 0.0, Sum: 0.0]
      [Update RS (ms): Min: 0.0, Avg: 3.4, Max: 7.3, Diff: 7.3, Sum: 27.2]
         [Processed Buffers: Min: 0, Avg: 3.0, Max: 7, Diff: 7, Sum: 24]
      [Scan RS (ms): Min: 0.0, Avg: 10.1, Max: 13.6, Diff: 13.6, Sum: 81.1]
      [Object Copy (ms): Min: 36.9, Avg: 61.5, Max: 94.2, Diff: 57.3, Sum: 492.0]
      [Termination (ms): Min: 0.0, Avg: 34.9, Max: 43.0, Diff: 43.0, Sum: 278.8]
      [GC Worker Other (ms): Min: 0.0, Avg: 0.0, Max: 0.0, Diff: 0.0, Sum: 0.1]
      [GC Worker Total (ms): Min: 73.7, Avg: 110.1, Max: 120.9, Diff: 47.2, Sum: 880.5]
      [GC Worker End (ms): Min: 26929.7, Avg: 26934.4, Max: 26936.0, Diff: 6.3]
   [Code Root Fixup: 0.0 ms]
   [Clear CT: 0.0 ms]
   [Other: 0.6 ms]
      [Choose CSet: 0.0 ms]
      [Ref Proc: 0.1 ms]
      [Ref Enq: 0.0 ms]
      [Free CSet: 0.1 ms]
   [Eden: 43.0M(43.0M)->0.0B(55.0M) Survivors: 7168.0K->7168.0K Heap: 525.1M(1019.0M)->529.1M(1020.0M)]
 [Times: user=0.70 sys=0.03, real=0.13 secs] 
27.197: [GC concurrent-mark-end, 0.7010818 secs]
27.197: [GC remark 27.197: [GC ref-proc, 0.0000364 secs], 0.0009176 secs]
 [Times: user=0.00 sys=0.00, real=0.00 secs] 
27.198: [GC cleanup 666M->360M(1020M), 0.0006825 secs]
 [Times: user=0.00 sys=0.00, real=0.00 secs] 
27.199: [GC concurrent-cleanup-start]
27.199: [GC concurrent-cleanup-end, 0.0001581 secs]
27.200: [GC pause (young), 0.1334107 secs]
   [Parallel Time: 130.7 ms, GC Workers: 8]
      [GC Worker Start (ms): Min: 27199.7, Avg: 27199.7, Max: 27199.8, Diff: 0.0]
      [Ext Root Scanning (ms): Min: 0.2, Avg: 0.3, Max: 0.3, Diff: 0.1, Sum: 2.3]
      [Update RS (ms): Min: 2.3, Avg: 2.9, Max: 3.9, Diff: 1.5, Sum: 23.0]
         [Processed Buffers: Min: 1, Avg: 1.8, Max: 3, Diff: 2, Sum: 14]
      [Scan RS (ms): Min: 33.9, Avg: 34.9, Max: 35.5, Diff: 1.6, Sum: 279.0]
      [Object Copy (ms): Min: 92.5, Avg: 92.6, Max: 92.7, Diff: 0.2, Sum: 740.7]
      [Termination (ms): Min: 0.0, Avg: 0.1, Max: 0.1, Diff: 0.1, Sum: 0.5]
      [GC Worker Other (ms): Min: 0.0, Avg: 0.0, Max: 0.0, Diff: 0.0, Sum: 0.2]
      [GC Worker Total (ms): Min: 130.7, Avg: 130.7, Max: 130.7, Diff: 0.0, Sum: 1045.6]
      [GC Worker End (ms): Min: 27330.4, Avg: 27330.5, Max: 27330.5, Diff: 0.0]
   [Code Root Fixup: 0.0 ms]
   [Clear CT: 0.1 ms]
   [Other: 2.6 ms]
      [Choose CSet: 0.0 ms]
      [Ref Proc: 1.8 ms]
      [Ref Enq: 0.0 ms]
      [Free CSet: 0.1 ms]
   [Eden: 55.0M(55.0M)->0.0B(52.0M) Survivors: 7168.0K->8192.0K Heap: 361.6M(1020.0M)->363.1M(1021.0M)]
 [Times: user=1.12 sys=0.00, real=0.14 secs] 
27.542: [GC pause (young), 0.1272520 secs]
   [Parallel Time: 126.4 ms, GC Workers: 8]
      [GC Worker Start (ms): Min: 27541.7, Avg: 27541.7, Max: 27541.7, Diff: 0.0]
      [Ext Root Scanning (ms): Min: 0.2, Avg: 0.3, Max: 0.3, Diff: 0.1, Sum: 2.1]
      [Update RS (ms): Min: 2.4, Avg: 2.6, Max: 3.8, Diff: 1.4, Sum: 21.2]
         [Processed Buffers: Min: 1, Avg: 1.5, Max: 2, Diff: 1, Sum: 12]
      [Scan RS (ms): Min: 32.3, Avg: 33.2, Max: 33.7, Diff: 1.4, Sum: 265.4]
      [Object Copy (ms): Min: 89.9, Avg: 90.2, Max: 90.5, Diff: 0.5, Sum: 721.6]
      [Termination (ms): Min: 0.0, Avg: 0.0, Max: 0.0, Diff: 0.0, Sum: 0.1]
      [GC Worker Other (ms): Min: 0.0, Avg: 0.0, Max: 0.1, Diff: 0.0, Sum: 0.2]
      [GC Worker Total (ms): Min: 126.3, Avg: 126.3, Max: 126.4, Diff: 0.1, Sum: 1010.7]
      [GC Worker End (ms): Min: 27668.0, Avg: 27668.0, Max: 27668.0, Diff: 0.0]
   [Code Root Fixup: 0.0 ms]
   [Clear CT: 0.1 ms]
   [Other: 0.8 ms]
      [Choose CSet: 0.0 ms]
      [Ref Proc: 0.1 ms]
      [Ref Enq: 0.0 ms]
      [Free CSet: 0.1 ms]
   [Eden: 52.0M(52.0M)->0.0B(54.0M) Survivors: 8192.0K->8192.0K Heap: 454.2M(1021.0M)->458.7M(1022.0M)]
 [Times: user=1.11 sys=0.02, real=0.13 secs] 
27.704: [GC pause (young) (initial-mark), 0.0813090 secs]
   [Parallel Time: 78.8 ms, GC Workers: 8]
      [GC Worker Start (ms): Min: 27704.1, Avg: 27704.1, Max: 27704.1, Diff: 0.1]
      [Ext Root Scanning (ms): Min: 0.2, Avg: 0.2, Max: 0.3, Diff: 0.1, Sum: 1.9]
      [Update RS (ms): Min: 53.1, Avg: 53.8, Max: 55.0, Diff: 1.9, Sum: 430.5]
         [Processed Buffers: Min: 57, Avg: 61.6, Max: 66, Diff: 9, Sum: 493]
      [Scan RS (ms): Min: 2.7, Avg: 3.9, Max: 4.7, Diff: 2.0, Sum: 31.3]
      [Object Copy (ms): Min: 20.6, Avg: 20.7, Max: 20.8, Diff: 0.2, Sum: 165.5]
      [Termination (ms): Min: 0.0, Avg: 0.0, Max: 0.1, Diff: 0.1, Sum: 0.3]
      [GC Worker Other (ms): Min: 0.0, Avg: 0.0, Max: 0.0, Diff: 0.0, Sum: 0.1]
      [GC Worker Total (ms): Min: 78.7, Avg: 78.7, Max: 78.7, Diff: 0.1, Sum: 629.6]
      [GC Worker End (ms): Min: 27782.8, Avg: 27782.8, Max: 27782.8, Diff: 0.0]
   [Code Root Fixup: 0.0 ms]
   [Clear CT: 0.1 ms]
   [Other: 2.5 ms]
      [Choose CSet: 0.0 ms]
      [Ref Proc: 2.2 ms]
      [Ref Enq: 0.0 ms]
      [Free CSet: 0.0 ms]
   [Eden: 5120.0K(54.0M)->0.0B(48.0M) Survivors: 8192.0K->7168.0K Heap: 463.0M(1022.0M)->468.2M(1023.0M)]
 [Times: user=0.62 sys=0.00, real=0.08 secs] 
27.785: [GC concurrent-root-region-scan-start]
27.800: [GC concurrent-root-region-scan-end, 0.0149397 secs]
27.800: [GC concurrent-mark-start]
28.194: [GC pause (young), 0.1128814 secs]
   [Parallel Time: 112.2 ms, GC Workers: 8]
      [GC Worker Start (ms): Min: 28194.1, Avg: 28197.5, Max: 28209.6, Diff: 15.5]
      [Ext Root Scanning (ms): Min: 0.0, Avg: 0.2, Max: 0.3, Diff: 0.3, Sum: 1.7]
      [SATB Filtering (ms): Min: 0.0, Avg: 0.0, Max: 0.0, Diff: 0.0, Sum: 0.0]
      [Update RS (ms): Min: 0.0, Avg: 3.3, Max: 5.5, Diff: 5.5, Sum: 26.0]
         [Processed Buffers: Min: 0, Avg: 2.0, Max: 4, Diff: 4, Sum: 16]
      [Scan RS (ms): Min: 15.8, Avg: 24.3, Max: 27.1, Diff: 11.4, Sum: 194.5]
      [Object Copy (ms): Min: 77.5, Avg: 78.1, Max: 81.0, Diff: 3.5, Sum: 624.7]
      [Termination (ms): Min: 0.0, Avg: 2.9, Max: 3.3, Diff: 3.3, Sum: 23.1]
      [GC Worker Other (ms): Min: 0.0, Avg: 0.0, Max: 0.0, Diff: 0.0, Sum: 0.1]
      [GC Worker Total (ms): Min: 96.7, Avg: 108.8, Max: 112.1, Diff: 15.5, Sum: 870.1]
      [GC Worker End (ms): Min: 28306.2, Avg: 28306.2, Max: 28306.3, Diff: 0.0]
   [Code Root Fixup: 0.0 ms]
   [Clear CT: 0.0 ms]
   [Other: 0.7 ms]
      [Choose CSet: 0.0 ms]
      [Ref Proc: 0.1 ms]
      [Ref Enq: 0.0 ms]
      [Free CSet: 0.1 ms]
   [Eden: 48.0M(48.0M)->0.0B(55.0M) Survivors: 7168.0K->7168.0K Heap: 604.2M(1023.0M)->605.7M(1024.0M)]
 [Times: user=0.81 sys=0.05, real=0.12 secs] 
28.528: [GC pause (young), 0.1895417 secs]
   [Parallel Time: 188.7 ms, GC Workers: 8]
      [GC Worker Start (ms): Min: 28527.7, Avg: 28527.8, Max: 28527.8, Diff: 0.0]
      [Ext Root Scanning (ms): Min: 0.2, Avg: 0.3, Max: 0.3, Diff: 0.1, Sum: 2.0]
      [SATB Filtering (ms): Min: 0.0, Avg: 0.0, Max: 0.0, Diff: 0.0, Sum: 0.0]
      [Update RS (ms): Min: 2.3, Avg: 2.7, Max: 3.4, Diff: 1.1, Sum: 21.9]
         [Processed Buffers: Min: 1, Avg: 1.5, Max: 2, Diff: 1, Sum: 12]
      [Scan RS (ms): Min: 44.5, Avg: 45.2, Max: 45.7, Diff: 1.2, Sum: 361.9]
      [Object Copy (ms): Min: 110.6, Avg: 114.4, Max: 140.5, Diff: 29.9, Sum: 915.3]
      [Termination (ms): Min: 0.0, Avg: 26.0, Max: 29.8, Diff: 29.8, Sum: 208.1]
      [GC Worker Other (ms): Min: 0.0, Avg: 0.0, Max: 0.0, Diff: 0.0, Sum: 0.1]
      [GC Worker Total (ms): Min: 188.6, Avg: 188.7, Max: 188.7, Diff: 0.0, Sum: 1509.3]
      [GC Worker End (ms): Min: 28716.4, Avg: 28716.4, Max: 28716.4, Diff: 0.0]
   [Code Root Fixup: 0.0 ms]
   [Clear CT: 0.1 ms]
   [Other: 0.8 ms]
      [Choose CSet: 0.0 ms]
      [Ref Proc: 0.1 ms]
      [Ref Enq: 0.0 ms]
      [Free CSet: 0.1 ms]
   [Eden: 55.0M(55.0M)->0.0B(43.0M) Survivors: 7168.0K->8192.0K Heap: 706.4M(1024.0M)->709.4M(1024.0M)]
 [Times: user=1.48 sys=0.03, real=0.20 secs] 
28.842: [GC concurrent-mark-end, 1.0420724 secs]
28.843: [GC remark 28.843: [GC ref-proc, 0.0000411 secs], 0.0009330 secs]
 [Times: user=0.00 sys=0.00, real=0.00 secs] 
28.844: [GC cleanup 724M->400M(1024M), 0.0007072 secs]
 [Times: user=0.00 sys=0.00, real=0.00 secs] 
28.844: [GC concurrent-cleanup-start]
28.844: [GC concurrent-cleanup-end, 0.0001726 secs]
28.899: [GC pause (young), 0.1402413 secs]
   [Parallel Time: 139.5 ms, GC Workers: 8]
      [GC Worker Start (ms): Min: 28899.5, Avg: 28904.0, Max: 28935.4, Diff: 35.9]
      [Ext Root Scanning (ms): Min: 0.0, Avg: 0.2, Max: 0.3, Diff: 0.3, Sum: 1.9]
      [Update RS (ms): Min: 0.0, Avg: 3.2, Max: 4.9, Diff: 4.9, Sum: 25.4]
         [Processed Buffers: Min: 0, Avg: 1.9, Max: 3, Diff: 3, Sum: 15]
      [Scan RS (ms): Min: 0.0, Avg: 24.4, Max: 28.8, Diff: 28.8, Sum: 194.8]
      [Object Copy (ms): Min: 69.8, Avg: 79.9, Max: 98.1, Diff: 28.3, Sum: 638.8]
      [Termination (ms): Min: 0.0, Avg: 18.9, Max: 24.0, Diff: 24.0, Sum: 150.9]
      [GC Worker Other (ms): Min: 0.0, Avg: 0.0, Max: 0.0, Diff: 0.0, Sum: 0.1]
      [GC Worker Total (ms): Min: 93.9, Avg: 126.5, Max: 139.4, Diff: 45.5, Sum: 1011.9]
      [GC Worker End (ms): Min: 29029.3, Avg: 29030.5, Max: 29038.9, Diff: 9.7]
   [Code Root Fixup: 0.0 ms]
   [Clear CT: 0.1 ms]
   [Other: 0.7 ms]
      [Choose CSet: 0.0 ms]
      [Ref Proc: 0.1 ms]
      [Ref Enq: 0.0 ms]
      [Free CSet: 0.1 ms]
   [Eden: 43.0M(43.0M)->0.0B(50.0M) Survivors: 8192.0K->7168.0K Heap: 452.7M(1024.0M)->455.7M(1024.0M)]
 [Times: user=0.86 sys=0.05, real=0.14 secs] 
29.079: [GC pause (young) (initial-mark), 0.0658542 secs]
   [Parallel Time: 65.5 ms, GC Workers: 8]
      [GC Worker Start (ms): Min: 29079.1, Avg: 29079.2, Max: 29079.2, Diff: 0.0]
      [Ext Root Scanning (ms): Min: 0.2, Avg: 0.2, Max: 0.3, Diff: 0.0, Sum: 2.0]
      [Update RS (ms): Min: 37.7, Avg: 38.0, Max: 39.1, Diff: 1.5, Sum: 303.8]
         [Processed Buffers: Min: 40, Avg: 43.3, Max: 46, Diff: 6, Sum: 346]
      [Scan RS (ms): Min: 1.4, Avg: 3.6, Max: 11.0, Diff: 9.6, Sum: 28.8]
      [Object Copy (ms): Min: 16.4, Avg: 23.5, Max: 24.6, Diff: 8.2, Sum: 187.8]
      [Termination (ms): Min: 0.0, Avg: 0.1, Max: 0.1, Diff: 0.1, Sum: 0.5]
      [GC Worker Other (ms): Min: 0.0, Avg: 0.0, Max: 0.0, Diff: 0.0, Sum: 0.1]
      [GC Worker Total (ms): Min: 65.4, Avg: 65.4, Max: 65.4, Diff: 0.0, Sum: 523.0]
      [GC Worker End (ms): Min: 29144.5, Avg: 29144.5, Max: 29144.5, Diff: 0.0]
   [Code Root Fixup: 0.0 ms]
   [Clear CT: 0.1 ms]
   [Other: 0.3 ms]
      [Choose CSet: 0.0 ms]
      [Ref Proc: 0.1 ms]
      [Ref Enq: 0.0 ms]
      [Free CSet: 0.0 ms]
   [Eden: 9216.0K(50.0M)->0.0B(46.0M) Survivors: 7168.0K->8192.0K Heap: 464.0M(1024.0M)->469.2M(1024.0M)]
 [Times: user=0.47 sys=0.02, real=0.07 secs] 
29.145: [GC concurrent-root-region-scan-start]
29.159: [GC concurrent-root-region-scan-end, 0.0141308 secs]
29.159: [GC concurrent-mark-start]
29.492: [GC pause (young), 0.1301079 secs]
   [Parallel Time: 129.5 ms, GC Workers: 8]
      [GC Worker Start (ms): Min: 29491.5, Avg: 29505.6, Max: 29550.9, Diff: 59.4]
      [Ext Root Scanning (ms): Min: 0.0, Avg: 0.1, Max: 0.3, Diff: 0.3, Sum: 1.1]
      [SATB Filtering (ms): Min: 0.0, Avg: 0.0, Max: 0.0, Diff: 0.0, Sum: 0.0]
      [Update RS (ms): Min: 0.0, Avg: 1.9, Max: 4.2, Diff: 4.2, Sum: 14.9]
         [Processed Buffers: Min: 0, Avg: 1.5, Max: 3, Diff: 3, Sum: 12]
      [Scan RS (ms): Min: 0.0, Avg: 10.2, Max: 17.9, Diff: 17.9, Sum: 81.5]
      [Object Copy (ms): Min: 14.9, Avg: 64.8, Max: 99.5, Diff: 84.6, Sum: 518.3]
      [Termination (ms): Min: 0.0, Avg: 30.6, Max: 55.1, Diff: 55.1, Sum: 244.8]
      [GC Worker Other (ms): Min: 0.0, Avg: 0.0, Max: 0.0, Diff: 0.0, Sum: 0.1]
      [GC Worker Total (ms): Min: 70.0, Avg: 107.6, Max: 120.5, Diff: 50.5, Sum: 860.7]
      [GC Worker End (ms): Min: 29612.1, Avg: 29613.2, Max: 29620.9, Diff: 8.9]
   [Code Root Fixup: 0.0 ms]
   [Clear CT: 0.0 ms]
   [Other: 0.6 ms]
      [Choose CSet: 0.0 ms]
      [Ref Proc: 0.1 ms]
      [Ref Enq: 0.0 ms]
      [Free CSet: 0.1 ms]
   [Eden: 46.0M(46.0M)->0.0B(62.0M) Survivors: 8192.0K->7168.0K Heap: 550.4M(1024.0M)->554.9M(1024.0M)]
 [Times: user=0.73 sys=0.00, real=0.13 secs] 
29.856: [GC pause (young), 0.1840323 secs]
   [Parallel Time: 183.1 ms, GC Workers: 8]
      [GC Worker Start (ms): Min: 29856.1, Avg: 29856.1, Max: 29856.1, Diff: 0.0]
      [Ext Root Scanning (ms): Min: 0.2, Avg: 0.3, Max: 0.3, Diff: 0.1, Sum: 2.0]
      [SATB Filtering (ms): Min: 0.0, Avg: 0.0, Max: 0.0, Diff: 0.0, Sum: 0.0]
      [Update RS (ms): Min: 4.3, Avg: 4.6, Max: 4.7, Diff: 0.4, Sum: 37.0]
         [Processed Buffers: Min: 2, Avg: 2.5, Max: 6, Diff: 4, Sum: 20]
      [Scan RS (ms): Min: 46.5, Avg: 46.6, Max: 47.0, Diff: 0.5, Sum: 372.8]
      [Object Copy (ms): Min: 111.7, Avg: 114.3, Max: 131.6, Diff: 19.9, Sum: 914.3]
      [Termination (ms): Min: 0.0, Avg: 17.3, Max: 19.8, Diff: 19.8, Sum: 138.7]
      [GC Worker Other (ms): Min: 0.0, Avg: 0.0, Max: 0.0, Diff: 0.0, Sum: 0.1]
      [GC Worker Total (ms): Min: 183.1, Avg: 183.1, Max: 183.1, Diff: 0.0, Sum: 1464.8]
      [GC Worker End (ms): Min: 30039.2, Avg: 30039.2, Max: 30039.2, Diff: 0.0]
   [Code Root Fixup: 0.0 ms]
   [Clear CT: 0.1 ms]
   [Other: 0.8 ms]
      [Choose CSet: 0.0 ms]
      [Ref Proc: 0.1 ms]
      [Ref Enq: 0.0 ms]
      [Free CSet: 0.1 ms]
   [Eden: 62.0M(62.0M)->0.0B(46.0M) Survivors: 7168.0K->9216.0K Heap: 715.4M(1024.0M)->718.4M(1024.0M)]
 [Times: user=1.33 sys=0.02, real=0.18 secs] 
30.184: [GC concurrent-mark-end, 1.0127350 secs]
30.185: [GC remark 30.185: [GC ref-proc, 0.0000476 secs], 0.0010510 secs]
 [Times: user=0.00 sys=0.00, real=0.00 secs] 
30.186: [GC cleanup 756M->425M(1024M), 0.0006470 secs]
 [Times: user=0.00 sys=0.00, real=0.00 secs] 
30.187: [GC concurrent-cleanup-start]
30.187: [GC concurrent-cleanup-end, 0.0002309 secs]
30.241: [GC pause (young), 0.1156697 secs]
   [Parallel Time: 114.5 ms, GC Workers: 8]
      [GC Worker Start (ms): Min: 30241.3, Avg: 30241.4, Max: 30242.1, Diff: 0.8]
      [Ext Root Scanning (ms): Min: 0.0, Avg: 0.2, Max: 0.3, Diff: 0.3, Sum: 2.0]
      [Update RS (ms): Min: 2.7, Avg: 4.4, Max: 5.2, Diff: 2.5, Sum: 35.4]
         [Processed Buffers: Min: 2, Avg: 2.0, Max: 2, Diff: 0, Sum: 16]
      [Scan RS (ms): Min: 29.1, Avg: 29.9, Max: 31.1, Diff: 2.1, Sum: 238.8]
      [Object Copy (ms): Min: 79.7, Avg: 79.8, Max: 79.8, Diff: 0.2, Sum: 638.1]
      [Termination (ms): Min: 0.0, Avg: 0.0, Max: 0.0, Diff: 0.0, Sum: 0.2]
      [GC Worker Other (ms): Min: 0.0, Avg: 0.0, Max: 0.0, Diff: 0.0, Sum: 0.1]
      [GC Worker Total (ms): Min: 113.6, Avg: 114.3, Max: 114.4, Diff: 0.8, Sum: 914.5]
      [GC Worker End (ms): Min: 30355.7, Avg: 30355.7, Max: 30355.7, Diff: 0.0]
   [Code Root Fixup: 0.0 ms]
   [Clear CT: 0.1 ms]
   [Other: 1.1 ms]
      [Choose CSet: 0.0 ms]
      [Ref Proc: 0.1 ms]
      [Ref Enq: 0.0 ms]
      [Free CSet: 0.1 ms]
   [Eden: 46.0M(46.0M)->0.0B(53.0M) Survivors: 9216.0K->7168.0K Heap: 456.7M(1024.0M)->460.2M(1024.0M)]
 [Times: user=0.84 sys=0.01, real=0.11 secs] 
30.389: [GC pause (young) (initial-mark), 0.0661043 secs]
   [Parallel Time: 65.7 ms, GC Workers: 8]
      [GC Worker Start (ms): Min: 30389.2, Avg: 30389.5, Max: 30391.0, Diff: 1.8]
      [Ext Root Scanning (ms): Min: 0.0, Avg: 0.2, Max: 0.3, Diff: 0.3, Sum: 1.8]
      [Update RS (ms): Min: 43.2, Avg: 44.5, Max: 45.7, Diff: 2.5, Sum: 356.1]
         [Processed Buffers: Min: 52, Avg: 54.5, Max: 56, Diff: 4, Sum: 436]
      [Scan RS (ms): Min: 1.0, Avg: 2.1, Max: 2.5, Diff: 1.5, Sum: 16.4]
      [Object Copy (ms): Min: 18.2, Avg: 18.4, Max: 18.5, Diff: 0.3, Sum: 147.0]
      [Termination (ms): Min: 0.0, Avg: 0.2, Max: 0.4, Diff: 0.4, Sum: 1.7]
      [GC Worker Other (ms): Min: 0.0, Avg: 0.0, Max: 0.0, Diff: 0.0, Sum: 0.1]
      [GC Worker Total (ms): Min: 63.9, Avg: 65.4, Max: 65.7, Diff: 1.8, Sum: 523.1]
      [GC Worker End (ms): Min: 30454.8, Avg: 30454.8, Max: 30454.8, Diff: 0.0]
   [Code Root Fixup: 0.0 ms]
   [Clear CT: 0.0 ms]
   [Other: 0.3 ms]
      [Choose CSet: 0.0 ms]
      [Ref Proc: 0.1 ms]
      [Ref Enq: 0.0 ms]
      [Free CSet: 0.0 ms]
   [Eden: 1024.0K(53.0M)->0.0B(51.0M) Survivors: 7168.0K->2048.0K Heap: 460.5M(1024.0M)->463.7M(1024.0M)]
 [Times: user=0.50 sys=0.00, real=0.07 secs] 
30.455: [GC concurrent-root-region-scan-start]
30.456: [GC concurrent-root-region-scan-end, 0.0003354 secs]
30.456: [GC concurrent-mark-start]
30.882: [GC pause (young), 0.1062300 secs]
   [Parallel Time: 105.5 ms, GC Workers: 8]
      [GC Worker Start (ms): Min: 30881.7, Avg: 30883.3, Max: 30894.2, Diff: 12.5]
      [Ext Root Scanning (ms): Min: 0.0, Avg: 0.2, Max: 0.3, Diff: 0.3, Sum: 1.8]
      [SATB Filtering (ms): Min: 0.0, Avg: 0.0, Max: 0.0, Diff: 0.0, Sum: 0.0]
      [Update RS (ms): Min: 0.0, Avg: 4.1, Max: 4.8, Diff: 4.8, Sum: 32.5]
         [Processed Buffers: Min: 0, Avg: 2.3, Max: 5, Diff: 5, Sum: 18]
      [Scan RS (ms): Min: 15.5, Avg: 22.0, Max: 23.2, Diff: 7.8, Sum: 176.1]
      [Object Copy (ms): Min: 77.2, Avg: 77.4, Max: 77.6, Diff: 0.4, Sum: 619.1]
      [Termination (ms): Min: 0.0, Avg: 0.2, Max: 0.2, Diff: 0.2, Sum: 1.4]
      [GC Worker Other (ms): Min: 0.0, Avg: 0.0, Max: 0.0, Diff: 0.0, Sum: 0.1]
      [GC Worker Total (ms): Min: 92.9, Avg: 103.9, Max: 105.5, Diff: 12.5, Sum: 830.9]
      [GC Worker End (ms): Min: 30987.2, Avg: 30987.2, Max: 30987.2, Diff: 0.0]
   [Code Root Fixup: 0.0 ms]
   [Clear CT: 0.1 ms]
   [Other: 0.7 ms]
      [Choose CSet: 0.0 ms]
      [Ref Proc: 0.1 ms]
      [Ref Enq: 0.0 ms]
      [Free CSet: 0.1 ms]
   [Eden: 51.0M(51.0M)->0.0B(55.0M) Survivors: 2048.0K->7168.0K Heap: 602.7M(1024.0M)->603.2M(1024.0M)]
 [Times: user=0.84 sys=0.02, real=0.11 secs] 
31.187: [GC pause (young), 0.1711913 secs]
   [Parallel Time: 170.3 ms, GC Workers: 8]
      [GC Worker Start (ms): Min: 31186.7, Avg: 31186.7, Max: 31187.1, Diff: 0.4]
      [Ext Root Scanning (ms): Min: 0.0, Avg: 0.2, Max: 0.3, Diff: 0.3, Sum: 1.9]
      [SATB Filtering (ms): Min: 0.0, Avg: 0.0, Max: 0.0, Diff: 0.0, Sum: 0.0]
      [Update RS (ms): Min: 15.1, Avg: 15.7, Max: 17.0, Diff: 1.9, Sum: 125.8]
         [Processed Buffers: Min: 6, Avg: 6.6, Max: 7, Diff: 1, Sum: 53]
      [Scan RS (ms): Min: 38.8, Avg: 40.2, Max: 40.8, Diff: 2.0, Sum: 321.3]
      [Object Copy (ms): Min: 113.8, Avg: 114.0, Max: 114.1, Diff: 0.3, Sum: 911.9]
      [Termination (ms): Min: 0.0, Avg: 0.1, Max: 0.1, Diff: 0.1, Sum: 0.5]
      [GC Worker Other (ms): Min: 0.0, Avg: 0.0, Max: 0.0, Diff: 0.0, Sum: 0.2]
      [GC Worker Total (ms): Min: 169.9, Avg: 170.2, Max: 170.3, Diff: 0.4, Sum: 1361.7]
      [GC Worker End (ms): Min: 31356.9, Avg: 31356.9, Max: 31357.0, Diff: 0.0]
   [Code Root Fixup: 0.0 ms]
   [Clear CT: 0.1 ms]
   [Other: 0.8 ms]
      [Choose CSet: 0.0 ms]
      [Ref Proc: 0.1 ms]
      [Ref Enq: 0.0 ms]
      [Free CSet: 0.1 ms]
   [Eden: 55.0M(55.0M)->0.0B(44.0M) Survivors: 7168.0K->8192.0K Heap: 703.9M(1024.0M)->709.9M(1024.0M)]
 [Times: user=1.19 sys=0.03, real=0.16 secs] 
31.398: [GC pause (young), 0.1519192 secs]
   [Parallel Time: 151.4 ms, GC Workers: 8]
      [GC Worker Start (ms): Min: 31398.1, Avg: 31398.1, Max: 31398.2, Diff: 0.1]
      [Ext Root Scanning (ms): Min: 0.2, Avg: 0.2, Max: 0.3, Diff: 0.1, Sum: 1.9]
      [SATB Filtering (ms): Min: 0.0, Avg: 0.0, Max: 0.0, Diff: 0.0, Sum: 0.0]
      [Update RS (ms): Min: 85.2, Avg: 85.9, Max: 87.6, Diff: 2.4, Sum: 687.0]
         [Processed Buffers: Min: 71, Avg: 75.5, Max: 84, Diff: 13, Sum: 604]
      [Scan RS (ms): Min: 12.5, Avg: 14.2, Max: 19.9, Diff: 7.4, Sum: 113.4]
      [Object Copy (ms): Min: 43.6, Avg: 50.9, Max: 52.0, Diff: 8.5, Sum: 407.3]
      [Termination (ms): Min: 0.0, Avg: 0.1, Max: 0.2, Diff: 0.2, Sum: 1.0]
      [GC Worker Other (ms): Min: 0.0, Avg: 0.0, Max: 0.0, Diff: 0.0, Sum: 0.1]
      [GC Worker Total (ms): Min: 151.3, Avg: 151.3, Max: 151.4, Diff: 0.1, Sum: 1210.8]
      [GC Worker End (ms): Min: 31549.5, Avg: 31549.5, Max: 31549.5, Diff: 0.0]
   [Code Root Fixup: 0.0 ms]
   [Clear CT: 0.1 ms]
   [Other: 0.4 ms]
      [Choose CSet: 0.0 ms]
      [Ref Proc: 0.1 ms]
      [Ref Enq: 0.0 ms]
      [Free CSet: 0.0 ms]
   [Eden: 17.0M(44.0M)->0.0B(44.0M) Survivors: 8192.0K->7168.0K Heap: 726.9M(1024.0M)->730.9M(1024.0M)]
 [Times: user=1.03 sys=0.02, real=0.15 secs] 
31.550: [Full GC 730M->78M(262M), 0.4187990 secs]
   [Eden: 0.0B(44.0M)->0.0B(29.0M) Survivors: 7168.0K->0.0B Heap: 730.9M(1024.0M)->78.5M(262.0M)]
 [Times: user=0.41 sys=0.06, real=0.42 secs] 
31.969: [GC concurrent-mark-abort]
32.032: [GC pause (young), 0.0549376 secs]
   [Parallel Time: 54.3 ms, GC Workers: 8]
      [GC Worker Start (ms): Min: 32032.0, Avg: 32035.7, Max: 32047.2, Diff: 15.2]
      [Ext Root Scanning (ms): Min: 0.0, Avg: 0.3, Max: 0.4, Diff: 0.4, Sum: 2.2]
      [Update RS (ms): Min: 0.0, Avg: 3.4, Max: 4.9, Diff: 4.9, Sum: 27.2]
         [Processed Buffers: Min: 0, Avg: 2.0, Max: 5, Diff: 5, Sum: 16]
      [Scan RS (ms): Min: 0.0, Avg: 4.2, Max: 6.4, Diff: 6.4, Sum: 33.9]
      [Object Copy (ms): Min: 36.7, Avg: 40.6, Max: 43.8, Diff: 7.1, Sum: 324.9]
      [Termination (ms): Min: 0.0, Avg: 2.1, Max: 2.4, Diff: 2.4, Sum: 16.9]
      [GC Worker Other (ms): Min: 0.0, Avg: 0.0, Max: 0.0, Diff: 0.0, Sum: 0.1]
      [GC Worker Total (ms): Min: 39.1, Avg: 50.6, Max: 54.3, Diff: 15.2, Sum: 405.1]
      [GC Worker End (ms): Min: 32086.3, Avg: 32086.3, Max: 32086.3, Diff: 0.0]
   [Code Root Fixup: 0.0 ms]
   [Clear CT: 0.0 ms]
   [Other: 0.6 ms]
      [Choose CSet: 0.0 ms]
      [Ref Proc: 0.1 ms]
      [Ref Enq: 0.0 ms]
      [Free CSet: 0.0 ms]
   [Eden: 29.0M(29.0M)->0.0B(47.0M) Survivors: 0.0B->4096.0K Heap: 131.0M(262.0M)->133.5M(415.0M)]
 [Times: user=0.42 sys=0.02, real=0.06 secs] 
32.170: [GC pause (young), 0.0879002 secs]
   [Parallel Time: 87.1 ms, GC Workers: 8]
      [GC Worker Start (ms): Min: 32170.3, Avg: 32170.5, Max: 32171.6, Diff: 1.3]
      [Ext Root Scanning (ms): Min: 0.0, Avg: 0.3, Max: 0.4, Diff: 0.4, Sum: 2.0]
      [Update RS (ms): Min: 13.8, Avg: 14.9, Max: 15.4, Diff: 1.6, Sum: 118.9]
         [Processed Buffers: Min: 6, Avg: 6.5, Max: 8, Diff: 2, Sum: 52]
      [Scan RS (ms): Min: 8.1, Avg: 8.8, Max: 10.0, Diff: 1.9, Sum: 70.3]
      [Object Copy (ms): Min: 62.9, Avg: 62.9, Max: 63.0, Diff: 0.2, Sum: 503.5]
      [Termination (ms): Min: 0.0, Avg: 0.0, Max: 0.1, Diff: 0.1, Sum: 0.3]
      [GC Worker Other (ms): Min: 0.0, Avg: 0.0, Max: 0.0, Diff: 0.0, Sum: 0.1]
      [GC Worker Total (ms): Min: 85.8, Avg: 86.9, Max: 87.1, Diff: 1.3, Sum: 695.1]
      [GC Worker End (ms): Min: 32257.4, Avg: 32257.4, Max: 32257.4, Diff: 0.0]
   [Code Root Fixup: 0.0 ms]
   [Clear CT: 0.0 ms]
   [Other: 0.7 ms]
      [Choose CSet: 0.0 ms]
      [Ref Proc: 0.1 ms]
      [Ref Enq: 0.0 ms]
      [Free CSet: 0.0 ms]
   [Eden: 47.0M(47.0M)->0.0B(55.0M) Survivors: 4096.0K->7168.0K Heap: 215.7M(415.0M)->218.7M(537.0M)]
 [Times: user=0.64 sys=0.00, real=0.09 secs] 
32.298: [GC pause (young) (initial-mark), 0.0260201 secs]
   [Parallel Time: 25.4 ms, GC Workers: 8]
      [GC Worker Start (ms): Min: 32298.2, Avg: 32298.2, Max: 32298.2, Diff: 0.1]
      [Ext Root Scanning (ms): Min: 0.2, Avg: 0.2, Max: 0.3, Diff: 0.1, Sum: 1.9]
      [Update RS (ms): Min: 10.2, Avg: 11.1, Max: 11.6, Diff: 1.4, Sum: 88.5]
         [Processed Buffers: Min: 14, Avg: 15.3, Max: 17, Diff: 3, Sum: 122]
      [Scan RS (ms): Min: 1.4, Avg: 2.0, Max: 2.9, Diff: 1.5, Sum: 15.7]
      [Object Copy (ms): Min: 11.9, Avg: 12.0, Max: 12.1, Diff: 0.2, Sum: 96.1]
      [Termination (ms): Min: 0.0, Avg: 0.0, Max: 0.0, Diff: 0.0, Sum: 0.1]
      [GC Worker Other (ms): Min: 0.0, Avg: 0.0, Max: 0.0, Diff: 0.0, Sum: 0.1]
      [GC Worker Total (ms): Min: 25.3, Avg: 25.3, Max: 25.3, Diff: 0.1, Sum: 202.4]
      [GC Worker End (ms): Min: 32323.5, Avg: 32323.5, Max: 32323.5, Diff: 0.0]
   [Code Root Fixup: 0.0 ms]
   [Clear CT: 0.1 ms]
   [Other: 0.5 ms]
      [Choose CSet: 0.0 ms]
      [Ref Proc: 0.1 ms]
      [Ref Enq: 0.0 ms]
      [Free CSet: 0.0 ms]
   [Eden: 3072.0K(55.0M)->0.0B(81.0M) Survivors: 7168.0K->4096.0K Heap: 221.0M(537.0M)->226.6M(635.0M)]
 [Times: user=0.25 sys=0.00, real=0.03 secs] 
32.324: [GC concurrent-root-region-scan-start]
32.333: [GC concurrent-root-region-scan-end, 0.0085598 secs]
32.333: [GC concurrent-mark-start]
32.960: [GC pause (young), 0.2751765 secs]
   [Parallel Time: 273.8 ms, GC Workers: 8]
      [GC Worker Start (ms): Min: 32960.3, Avg: 32973.5, Max: 32993.9, Diff: 33.7]
      [Ext Root Scanning (ms): Min: 0.0, Avg: 0.2, Max: 0.3, Diff: 0.3, Sum: 1.3]
      [SATB Filtering (ms): Min: 0.0, Avg: 0.0, Max: 0.0, Diff: 0.0, Sum: 0.0]
      [Update RS (ms): Min: 0.0, Avg: 4.4, Max: 9.1, Diff: 9.1, Sum: 35.1]
         [Processed Buffers: Min: 0, Avg: 3.5, Max: 8, Diff: 8, Sum: 28]
      [Scan RS (ms): Min: 42.3, Avg: 60.5, Max: 84.9, Diff: 42.6, Sum: 483.9]
      [Object Copy (ms): Min: 125.4, Avg: 154.4, Max: 191.0, Diff: 65.6, Sum: 1235.6]
      [Termination (ms): Min: 0.0, Avg: 37.7, Max: 54.4, Diff: 54.4, Sum: 301.2]
      [GC Worker Other (ms): Min: 0.0, Avg: 0.0, Max: 0.0, Diff: 0.0, Sum: 0.2]
      [GC Worker Total (ms): Min: 240.0, Avg: 257.2, Max: 273.7, Diff: 33.7, Sum: 2057.3]
      [GC Worker End (ms): Min: 33227.3, Avg: 33230.6, Max: 33234.0, Diff: 6.8]
   [Code Root Fixup: 0.0 ms]
   [Clear CT: 0.1 ms]
   [Other: 1.3 ms]
      [Choose CSet: 0.0 ms]
      [Ref Proc: 0.1 ms]
      [Ref Enq: 0.0 ms]
      [Free CSet: 0.1 ms]
   [Eden: 80.0M(44.0M)->0.0B(59.0M) Survivors: 4096.0K->6144.0K Heap: 428.6M(635.0M)->427.7M(713.0M)]
 [Times: user=1.73 sys=0.08, real=0.28 secs] 
33.535: [GC concurrent-mark-end, 1.2025944 secs]
33.536: [GC remark 33.536: [GC ref-proc, 0.0000448 secs], 0.0014620 secs]
 [Times: user=0.00 sys=0.00, real=0.00 secs] 
33.537: [GC cleanup 509M->470M(713M), 0.0005029 secs]
 [Times: user=0.00 sys=0.00, real=0.00 secs] 
33.538: [GC concurrent-cleanup-start]
33.538: [GC concurrent-cleanup-end, 0.0000266 secs]
33.555: [GC pause (young), 0.1295061 secs]
   [Parallel Time: 128.3 ms, GC Workers: 8]
      [GC Worker Start (ms): Min: 33555.3, Avg: 33555.3, Max: 33555.3, Diff: 0.0]
      [Ext Root Scanning (ms): Min: 0.2, Avg: 0.3, Max: 0.3, Diff: 0.1, Sum: 2.1]
      [Update RS (ms): Min: 4.8, Avg: 5.6, Max: 7.5, Diff: 2.7, Sum: 44.9]
         [Processed Buffers: Min: 2, Avg: 2.5, Max: 3, Diff: 1, Sum: 20]
      [Scan RS (ms): Min: 27.8, Avg: 29.7, Max: 30.7, Diff: 3.0, Sum: 237.7]
      [Object Copy (ms): Min: 92.3, Avg: 92.6, Max: 92.7, Diff: 0.4, Sum: 740.4]
      [Termination (ms): Min: 0.0, Avg: 0.0, Max: 0.0, Diff: 0.0, Sum: 0.3]
      [GC Worker Other (ms): Min: 0.0, Avg: 0.0, Max: 0.0, Diff: 0.0, Sum: 0.1]
      [GC Worker Total (ms): Min: 128.1, Avg: 128.2, Max: 128.2, Diff: 0.0, Sum: 1025.4]
      [GC Worker End (ms): Min: 33683.5, Avg: 33683.5, Max: 33683.5, Diff: 0.0]
   [Code Root Fixup: 0.0 ms]
   [Clear CT: 0.1 ms]
   [Other: 1.2 ms]
      [Choose CSet: 0.0 ms]
      [Ref Proc: 0.1 ms]
      [Ref Enq: 0.0 ms]
      [Free CSet: 0.1 ms]
   [Eden: 59.0M(59.0M)->0.0B(62.0M) Survivors: 6144.0K->9216.0K Heap: 482.8M(713.0M)->487.3M(776.0M)]
 [Times: user=1.09 sys=0.03, real=0.14 secs] 
33.717: [GC pause (young) (initial-mark), 0.1021117 secs]
   [Parallel Time: 101.6 ms, GC Workers: 8]
      [GC Worker Start (ms): Min: 33717.1, Avg: 33717.2, Max: 33717.9, Diff: 0.9]
      [Ext Root Scanning (ms): Min: 0.0, Avg: 0.2, Max: 0.3, Diff: 0.3, Sum: 1.7]
      [Update RS (ms): Min: 61.4, Avg: 62.2, Max: 63.6, Diff: 2.1, Sum: 497.8]
         [Processed Buffers: Min: 60, Avg: 69.0, Max: 75, Diff: 15, Sum: 552]
      [Scan RS (ms): Min: 2.9, Avg: 4.1, Max: 4.5, Diff: 1.6, Sum: 32.8]
      [Object Copy (ms): Min: 34.7, Avg: 34.8, Max: 34.9, Diff: 0.2, Sum: 278.7]
      [Termination (ms): Min: 0.0, Avg: 0.0, Max: 0.0, Diff: 0.0, Sum: 0.1]
      [GC Worker Other (ms): Min: 0.0, Avg: 0.0, Max: 0.0, Diff: 0.0, Sum: 0.1]
      [GC Worker Total (ms): Min: 100.7, Avg: 101.4, Max: 101.6, Diff: 0.9, Sum: 811.3]
      [GC Worker End (ms): Min: 33818.6, Avg: 33818.6, Max: 33818.6, Diff: 0.0]
   [Code Root Fixup: 0.0 ms]
   [Clear CT: 0.0 ms]
   [Other: 0.5 ms]
      [Choose CSet: 0.0 ms]
      [Ref Proc: 0.1 ms]
      [Ref Enq: 0.0 ms]
      [Free CSet: 0.0 ms]
   [Eden: 16.0M(62.0M)->0.0B(47.0M) Survivors: 9216.0K->9216.0K Heap: 502.6M(776.0M)->507.8M(826.0M)]
 [Times: user=0.87 sys=0.00, real=0.10 secs] 
33.819: [GC concurrent-root-region-scan-start]
33.843: [GC concurrent-root-region-scan-end, 0.0238322 secs]
33.843: [GC concurrent-mark-start]
34.378: [GC pause (young), 0.1847474 secs]
   [Parallel Time: 183.8 ms, GC Workers: 8]
      [GC Worker Start (ms): Min: 34378.2, Avg: 34405.2, Max: 34451.9, Diff: 73.7]
      [Ext Root Scanning (ms): Min: 0.0, Avg: 0.1, Max: 0.4, Diff: 0.4, Sum: 1.1]
      [SATB Filtering (ms): Min: 0.0, Avg: 0.0, Max: 0.0, Diff: 0.0, Sum: 0.0]
      [Update RS (ms): Min: 0.0, Avg: 7.7, Max: 15.6, Diff: 15.6, Sum: 61.7]
         [Processed Buffers: Min: 0, Avg: 5.6, Max: 12, Diff: 12, Sum: 45]
      [Scan RS (ms): Min: 0.1, Avg: 28.1, Max: 69.7, Diff: 69.5, Sum: 224.9]
      [Object Copy (ms): Min: 55.9, Avg: 89.1, Max: 133.3, Diff: 77.4, Sum: 712.9]
      [Termination (ms): Min: 0.0, Avg: 31.2, Max: 53.9, Diff: 53.9, Sum: 249.6]
      [GC Worker Other (ms): Min: 0.0, Avg: 0.0, Max: 0.0, Diff: 0.0, Sum: 0.1]
      [GC Worker Total (ms): Min: 108.8, Avg: 156.3, Max: 183.7, Diff: 74.9, Sum: 1250.2]
      [GC Worker End (ms): Min: 34560.8, Avg: 34561.5, Max: 34562.0, Diff: 1.2]
   [Code Root Fixup: 0.0 ms]
   [Clear CT: 0.0 ms]
   [Other: 0.9 ms]
      [Choose CSet: 0.0 ms]
      [Ref Proc: 0.2 ms]
      [Ref Enq: 0.0 ms]
      [Free CSet: 0.1 ms]
   [Eden: 47.0M(47.0M)->0.0B(46.0M) Survivors: 9216.0K->7168.0K Heap: 637.7M(826.0M)->639.7M(866.0M)]
 [Times: user=0.98 sys=0.02, real=0.20 secs] 
34.676: [GC pause (young), 0.2230738 secs]
   [Parallel Time: 222.3 ms, GC Workers: 8]
      [GC Worker Start (ms): Min: 34676.0, Avg: 34676.0, Max: 34676.1, Diff: 0.0]
      [Ext Root Scanning (ms): Min: 0.2, Avg: 0.2, Max: 0.3, Diff: 0.1, Sum: 2.0]
      [SATB Filtering (ms): Min: 0.0, Avg: 0.0, Max: 0.0, Diff: 0.0, Sum: 0.0]
      [Update RS (ms): Min: 109.6, Avg: 110.2, Max: 111.3, Diff: 1.7, Sum: 881.3]
         [Processed Buffers: Min: 55, Avg: 58.3, Max: 62, Diff: 7, Sum: 466]
      [Scan RS (ms): Min: 3.5, Avg: 4.7, Max: 5.3, Diff: 1.8, Sum: 37.2]
      [Object Copy (ms): Min: 106.9, Avg: 107.0, Max: 107.2, Diff: 0.3, Sum: 856.3]
      [Termination (ms): Min: 0.0, Avg: 0.1, Max: 0.2, Diff: 0.2, Sum: 1.1]
      [GC Worker Other (ms): Min: 0.0, Avg: 0.0, Max: 0.0, Diff: 0.0, Sum: 0.1]
      [GC Worker Total (ms): Min: 222.2, Avg: 222.2, Max: 222.3, Diff: 0.1, Sum: 1777.9]
      [GC Worker End (ms): Min: 34898.3, Avg: 34898.3, Max: 34898.3, Diff: 0.0]
   [Code Root Fixup: 0.0 ms]
   [Clear CT: 0.0 ms]
   [Other: 0.7 ms]
      [Choose CSet: 0.0 ms]
      [Ref Proc: 0.1 ms]
      [Ref Enq: 0.0 ms]
      [Free CSet: 0.1 ms]
   [Eden: 46.0M(46.0M)->0.0B(37.0M) Survivors: 7168.0K->7168.0K Heap: 724.8M(866.0M)->729.8M(898.0M)]
 [Times: user=1.56 sys=0.05, real=0.21 secs] 
35.068: [GC pause (young), 0.0790609 secs]
   [Parallel Time: 78.5 ms, GC Workers: 8]
      [GC Worker Start (ms): Min: 35067.6, Avg: 35067.6, Max: 35067.7, Diff: 0.0]
      [Ext Root Scanning (ms): Min: 0.2, Avg: 0.3, Max: 0.3, Diff: 0.1, Sum: 2.0]
      [SATB Filtering (ms): Min: 0.0, Avg: 0.0, Max: 0.0, Diff: 0.0, Sum: 0.0]
      [Update RS (ms): Min: 4.7, Avg: 5.4, Max: 7.0, Diff: 2.2, Sum: 43.1]
         [Processed Buffers: Min: 2, Avg: 2.5, Max: 3, Diff: 1, Sum: 20]
      [Scan RS (ms): Min: 12.7, Avg: 14.2, Max: 14.9, Diff: 2.2, Sum: 113.6]
      [Object Copy (ms): Min: 58.4, Avg: 58.5, Max: 58.7, Diff: 0.2, Sum: 468.3]
      [Termination (ms): Min: 0.0, Avg: 0.0, Max: 0.0, Diff: 0.0, Sum: 0.2]
      [GC Worker Other (ms): Min: 0.0, Avg: 0.0, Max: 0.0, Diff: 0.0, Sum: 0.1]
      [GC Worker Total (ms): Min: 78.4, Avg: 78.4, Max: 78.4, Diff: 0.0, Sum: 627.4]
      [GC Worker End (ms): Min: 35146.1, Avg: 35146.1, Max: 35146.1, Diff: 0.0]
   [Code Root Fixup: 0.0 ms]
   [Clear CT: 0.0 ms]
   [Other: 0.5 ms]
      [Choose CSet: 0.0 ms]
      [Ref Proc: 0.1 ms]
      [Ref Enq: 0.0 ms]
      [Free CSet: 0.1 ms]
   [Eden: 37.0M(37.0M)->0.0B(40.0M) Survivors: 7168.0K->6144.0K Heap: 802.0M(898.0M)->806.5M(924.0M)]
 [Times: user=0.61 sys=0.01, real=0.08 secs] 
35.262: [GC concurrent-mark-end, 1.4186847 secs]
35.262: [GC remark 35.262: [GC ref-proc, 0.0000364 secs], 0.0012624 secs]
 [Times: user=0.00 sys=0.00, real=0.00 secs] 
35.264: [GC cleanup 883M->577M(924M), 0.0006736 secs]
 [Times: user=0.00 sys=0.00, real=0.00 secs] 
35.264: [GC concurrent-cleanup-start]
35.265: [GC concurrent-cleanup-end, 0.0002127 secs]
35.313: [GC pause (young), 0.1144544 secs]
   [Parallel Time: 113.8 ms, GC Workers: 8]
      [GC Worker Start (ms): Min: 35313.3, Avg: 35313.3, Max: 35313.3, Diff: 0.0]
      [Ext Root Scanning (ms): Min: 0.2, Avg: 0.3, Max: 0.3, Diff: 0.1, Sum: 2.0]
      [Update RS (ms): Min: 5.7, Avg: 10.5, Max: 34.6, Diff: 28.9, Sum: 83.6]
         [Processed Buffers: Min: 2, Avg: 3.0, Max: 4, Diff: 2, Sum: 24]
      [Scan RS (ms): Min: 0.0, Avg: 21.0, Max: 52.9, Diff: 52.8, Sum: 167.7]
      [Object Copy (ms): Min: 53.6, Avg: 70.2, Max: 79.7, Diff: 26.1, Sum: 561.5]
      [Termination (ms): Min: 0.0, Avg: 11.9, Max: 16.4, Diff: 16.4, Sum: 95.1]
      [GC Worker Other (ms): Min: 0.0, Avg: 0.0, Max: 0.0, Diff: 0.0, Sum: 0.1]
      [GC Worker Total (ms): Min: 113.7, Avg: 113.7, Max: 113.8, Diff: 0.0, Sum: 910.0]
      [GC Worker End (ms): Min: 35427.1, Avg: 35427.1, Max: 35427.1, Diff: 0.0]
   [Code Root Fixup: 0.0 ms]
   [Clear CT: 0.1 ms]
   [Other: 0.6 ms]
      [Choose CSet: 0.0 ms]
      [Ref Proc: 0.1 ms]
      [Ref Enq: 0.0 ms]
      [Free CSet: 0.1 ms]
   [Eden: 40.0M(40.0M)->0.0B(43.0M) Survivors: 6144.0K->6144.0K Heap: 594.8M(924.0M)->596.8M(944.0M)]
 [Times: user=0.70 sys=0.05, real=0.12 secs] 
35.467: [GC pause (young) (initial-mark), 0.0338625 secs]
   [Parallel Time: 33.4 ms, GC Workers: 8]
      [GC Worker Start (ms): Min: 35467.1, Avg: 35467.1, Max: 35467.2, Diff: 0.0]
      [Ext Root Scanning (ms): Min: 0.2, Avg: 0.2, Max: 0.3, Diff: 0.0, Sum: 1.9]
      [Update RS (ms): Min: 18.5, Avg: 19.1, Max: 20.1, Diff: 1.7, Sum: 152.7]
         [Processed Buffers: Min: 17, Avg: 21.4, Max: 27, Diff: 10, Sum: 171]
      [Scan RS (ms): Min: 1.1, Avg: 2.2, Max: 2.9, Diff: 1.8, Sum: 17.3]
      [Object Copy (ms): Min: 11.7, Avg: 11.8, Max: 11.9, Diff: 0.2, Sum: 94.5]
      [Termination (ms): Min: 0.0, Avg: 0.0, Max: 0.0, Diff: 0.0, Sum: 0.0]
      [GC Worker Other (ms): Min: 0.0, Avg: 0.0, Max: 0.0, Diff: 0.0, Sum: 0.1]
      [GC Worker Total (ms): Min: 33.3, Avg: 33.3, Max: 33.4, Diff: 0.0, Sum: 266.7]
      [GC Worker End (ms): Min: 35500.5, Avg: 35500.5, Max: 35500.5, Diff: 0.0]
   [Code Root Fixup: 0.0 ms]
   [Clear CT: 0.1 ms]
   [Other: 0.4 ms]
      [Choose CSet: 0.0 ms]
      [Ref Proc: 0.1 ms]
      [Ref Enq: 0.0 ms]
      [Free CSet: 0.0 ms]
   [Eden: 2048.0K(43.0M)->0.0B(65.0M) Survivors: 6144.0K->3072.0K Heap: 597.8M(944.0M)->602.3M(960.0M)]
 [Times: user=0.38 sys=0.00, real=0.03 secs] 
35.501: [GC concurrent-root-region-scan-start]
35.510: [GC concurrent-root-region-scan-end, 0.0091173 secs]
35.510: [GC concurrent-mark-start]
35.534: [GC concurrent-mark-end, 0.0237151 secs]
35.534: [GC remark 35.534: [GC ref-proc, 0.0000355 secs], 0.0006251 secs]
 [Times: user=0.00 sys=0.00, real=0.00 secs] 
35.535: [GC cleanup 627M->44M(960M), 0.0007389 secs]
 [Times: user=0.00 sys=0.00, real=0.00 secs] 
35.535: [GC concurrent-cleanup-start]
35.536: [GC concurrent-cleanup-end, 0.0003877 secs]
35.635: [GC pause (young), 0.1943089 secs]
   [Parallel Time: 193.3 ms, GC Workers: 8]
      [GC Worker Start (ms): Min: 35635.5, Avg: 35635.5, Max: 35635.7, Diff: 0.2]
      [Ext Root Scanning (ms): Min: 0.1, Avg: 0.2, Max: 0.3, Diff: 0.2, Sum: 2.0]
      [Update RS (ms): Min: 16.6, Avg: 17.5, Max: 18.4, Diff: 1.9, Sum: 140.0]
         [Processed Buffers: Min: 7, Avg: 7.8, Max: 10, Diff: 3, Sum: 62]
      [Scan RS (ms): Min: 47.4, Avg: 48.4, Max: 49.3, Diff: 1.9, Sum: 387.5]
      [Object Copy (ms): Min: 126.8, Avg: 127.0, Max: 127.1, Diff: 0.3, Sum: 1016.1]
      [Termination (ms): Min: 0.0, Avg: 0.0, Max: 0.0, Diff: 0.0, Sum: 0.0]
      [GC Worker Other (ms): Min: 0.0, Avg: 0.0, Max: 0.0, Diff: 0.0, Sum: 0.1]
      [GC Worker Total (ms): Min: 193.0, Avg: 193.2, Max: 193.3, Diff: 0.2, Sum: 1545.8]
      [GC Worker End (ms): Min: 35828.7, Avg: 35828.7, Max: 35828.8, Diff: 0.0]
   [Code Root Fixup: 0.0 ms]
   [Clear CT: 0.0 ms]
   [Other: 1.0 ms]
      [Choose CSet: 0.0 ms]
      [Ref Proc: 0.1 ms]
      [Ref Enq: 0.0 ms]
      [Free CSet: 0.1 ms]
   [Eden: 65.0M(65.0M)->0.0B(40.0M) Survivors: 3072.0K->9216.0K Heap: 151.6M(960.0M)->152.1M(973.0M)]
 [Times: user=1.45 sys=0.05, real=0.19 secs] 
35.901: [GC pause (young), 0.2695253 secs]
   [Parallel Time: 268.5 ms, GC Workers: 8]
      [GC Worker Start (ms): Min: 35901.4, Avg: 35901.5, Max: 35901.6, Diff: 0.1]
      [Ext Root Scanning (ms): Min: 0.1, Avg: 0.2, Max: 0.3, Diff: 0.2, Sum: 1.8]
      [Update RS (ms): Min: 148.1, Avg: 149.0, Max: 149.9, Diff: 1.8, Sum: 1192.1]
         [Processed Buffers: Min: 89, Avg: 95.3, Max: 101, Diff: 12, Sum: 762]
      [Scan RS (ms): Min: 13.6, Avg: 14.5, Max: 15.4, Diff: 1.7, Sum: 116.2]
      [Object Copy (ms): Min: 104.4, Avg: 104.5, Max: 104.6, Diff: 0.2, Sum: 836.0]
      [Termination (ms): Min: 0.0, Avg: 0.1, Max: 0.2, Diff: 0.2, Sum: 0.8]
      [GC Worker Other (ms): Min: 0.0, Avg: 0.0, Max: 0.0, Diff: 0.0, Sum: 0.1]
      [GC Worker Total (ms): Min: 268.3, Avg: 268.4, Max: 268.4, Diff: 0.1, Sum: 2147.1]
      [GC Worker End (ms): Min: 36169.9, Avg: 36169.9, Max: 36169.9, Diff: 0.0]
   [Code Root Fixup: 0.0 ms]
   [Clear CT: 0.1 ms]
   [Other: 1.0 ms]
      [Choose CSet: 0.0 ms]
      [Ref Proc: 0.1 ms]
      [Ref Enq: 0.0 ms]
      [Free CSet: 0.1 ms]
   [Eden: 40.0M(40.0M)->0.0B(42.0M) Survivors: 9216.0K->7168.0K Heap: 227.3M(973.0M)->231.8M(984.0M)]
 [Times: user=2.00 sys=0.09, real=0.27 secs] 
36.253: [GC pause (young), 0.2257581 secs]
   [Parallel Time: 224.9 ms, GC Workers: 8]
      [GC Worker Start (ms): Min: 36252.9, Avg: 36254.0, Max: 36260.2, Diff: 7.4]
      [Ext Root Scanning (ms): Min: 0.0, Avg: 0.3, Max: 0.4, Diff: 0.4, Sum: 2.2]
      [Update RS (ms): Min: 117.4, Avg: 124.6, Max: 128.6, Diff: 11.2, Sum: 996.8]
         [Processed Buffers: Min: 47, Avg: 52.0, Max: 56, Diff: 9, Sum: 416]
      [Scan RS (ms): Min: 0.0, Avg: 1.7, Max: 2.9, Diff: 2.9, Sum: 13.9]
      [Object Copy (ms): Min: 95.7, Avg: 97.0, Max: 97.3, Diff: 1.5, Sum: 776.2]
      [Termination (ms): Min: 0.0, Avg: 0.1, Max: 0.1, Diff: 0.1, Sum: 0.4]
      [GC Worker Other (ms): Min: 0.0, Avg: 0.0, Max: 0.0, Diff: 0.0, Sum: 0.1]
      [GC Worker Total (ms): Min: 217.5, Avg: 223.7, Max: 224.8, Diff: 7.4, Sum: 1789.7]
      [GC Worker End (ms): Min: 36477.7, Avg: 36477.7, Max: 36477.7, Diff: 0.0]
   [Code Root Fixup: 0.0 ms]
   [Clear CT: 0.1 ms]
   [Other: 0.8 ms]
      [Choose CSet: 0.0 ms]
      [Ref Proc: 0.2 ms]
      [Ref Enq: 0.0 ms]
      [Free CSet: 0.1 ms]
   [Eden: 42.0M(42.0M)->0.0B(42.0M) Survivors: 7168.0K->7168.0K Heap: 326.6M(984.0M)->331.1M(992.0M)]
 [Times: user=1.62 sys=0.00, real=0.23 secs] 
36.631: [GC pause (young), 0.1444342 secs]
   [Parallel Time: 143.8 ms, GC Workers: 8]
      [GC Worker Start (ms): Min: 36631.4, Avg: 36648.5, Max: 36666.0, Diff: 34.7]
      [Ext Root Scanning (ms): Min: 0.0, Avg: 0.1, Max: 0.4, Diff: 0.4, Sum: 1.0]
      [Update RS (ms): Min: 0.0, Avg: 3.6, Max: 7.6, Diff: 7.6, Sum: 29.1]
         [Processed Buffers: Min: 0, Avg: 2.9, Max: 6, Diff: 6, Sum: 23]
      [Scan RS (ms): Min: 5.4, Avg: 22.3, Max: 56.7, Diff: 51.3, Sum: 178.1]
      [Object Copy (ms): Min: 58.5, Avg: 73.2, Max: 103.7, Diff: 45.2, Sum: 585.8]
      [Termination (ms): Min: 0.0, Avg: 27.4, Max: 43.0, Diff: 43.0, Sum: 218.9]
      [GC Worker Other (ms): Min: 0.0, Avg: 0.0, Max: 0.0, Diff: 0.0, Sum: 0.1]
      [GC Worker Total (ms): Min: 109.1, Avg: 126.6, Max: 143.8, Diff: 34.7, Sum: 1012.9]
      [GC Worker End (ms): Min: 36775.1, Avg: 36775.1, Max: 36775.1, Diff: 0.0]
   [Code Root Fixup: 0.0 ms]
   [Clear CT: 0.0 ms]
   [Other: 0.6 ms]
      [Choose CSet: 0.0 ms]
      [Ref Proc: 0.0 ms]
      [Ref Enq: 0.0 ms]
      [Free CSet: 0.1 ms]
   [Eden: 42.0M(42.0M)->0.0B(42.0M) Survivors: 7168.0K->7168.0K Heap: 403.2M(992.0M)->405.2M(999.0M)]
 [Times: user=0.81 sys=0.02, real=0.14 secs] 
36.852: [GC pause (young), 0.2075468 secs]
   [Parallel Time: 206.9 ms, GC Workers: 8]
      [GC Worker Start (ms): Min: 36851.9, Avg: 36852.0, Max: 36852.1, Diff: 0.2]
      [Ext Root Scanning (ms): Min: 0.1, Avg: 0.2, Max: 0.3, Diff: 0.2, Sum: 1.9]
      [Update RS (ms): Min: 100.5, Avg: 101.2, Max: 102.0, Diff: 1.5, Sum: 809.8]
         [Processed Buffers: Min: 42, Avg: 48.6, Max: 50, Diff: 8, Sum: 389]
      [Scan RS (ms): Min: 9.3, Avg: 10.1, Max: 10.9, Diff: 1.6, Sum: 80.6]
      [Object Copy (ms): Min: 95.0, Avg: 95.2, Max: 95.3, Diff: 0.3, Sum: 761.2]
      [Termination (ms): Min: 0.0, Avg: 0.1, Max: 0.1, Diff: 0.1, Sum: 0.6]
      [GC Worker Other (ms): Min: 0.0, Avg: 0.0, Max: 0.0, Diff: 0.0, Sum: 0.1]
      [GC Worker Total (ms): Min: 206.7, Avg: 206.8, Max: 206.8, Diff: 0.2, Sum: 1654.1]
      [GC Worker End (ms): Min: 37058.7, Avg: 37058.7, Max: 37058.8, Diff: 0.0]
   [Code Root Fixup: 0.0 ms]
   [Clear CT: 0.0 ms]
   [Other: 0.6 ms]
      [Choose CSet: 0.0 ms]
      [Ref Proc: 0.1 ms]
      [Ref Enq: 0.0 ms]
      [Free CSet: 0.1 ms]
   [Eden: 42.0M(42.0M)->0.0B(43.0M) Survivors: 7168.0K->7168.0K Heap: 486.3M(999.0M)->491.8M(1004.0M)]
 [Times: user=1.56 sys=0.03, real=0.20 secs] 
37.096: [GC pause (young) (initial-mark), 0.0807870 secs]
   [Parallel Time: 80.3 ms, GC Workers: 8]
      [GC Worker Start (ms): Min: 37096.1, Avg: 37096.2, Max: 37096.3, Diff: 0.2]
      [Ext Root Scanning (ms): Min: 0.1, Avg: 0.2, Max: 0.3, Diff: 0.2, Sum: 1.8]
      [Update RS (ms): Min: 51.5, Avg: 52.3, Max: 53.4, Diff: 1.9, Sum: 418.3]
         [Processed Buffers: Min: 43, Avg: 45.3, Max: 48, Diff: 5, Sum: 362]
      [Scan RS (ms): Min: 0.8, Avg: 1.8, Max: 2.6, Diff: 1.8, Sum: 14.1]
      [Object Copy (ms): Min: 25.9, Avg: 26.0, Max: 26.1, Diff: 0.2, Sum: 207.7]
      [Termination (ms): Min: 0.0, Avg: 0.0, Max: 0.0, Diff: 0.0, Sum: 0.1]
      [GC Worker Other (ms): Min: 0.0, Avg: 0.0, Max: 0.0, Diff: 0.0, Sum: 0.1]
      [GC Worker Total (ms): Min: 80.1, Avg: 80.3, Max: 80.3, Diff: 0.2, Sum: 642.1]
      [GC Worker End (ms): Min: 37176.4, Avg: 37176.4, Max: 37176.4, Diff: 0.0]
   [Code Root Fixup: 0.0 ms]
   [Clear CT: 0.1 ms]
   [Other: 0.4 ms]
      [Choose CSet: 0.0 ms]
      [Ref Proc: 0.1 ms]
      [Ref Enq: 0.0 ms]
      [Free CSet: 0.0 ms]
   [Eden: 14.0M(43.0M)->0.0B(43.0M) Survivors: 7168.0K->7168.0K Heap: 505.2M(1004.0M)->507.3M(1008.0M)]
 [Times: user=0.62 sys=0.00, real=0.08 secs] 
37.177: [GC concurrent-root-region-scan-start]
37.182: [GC concurrent-root-region-scan-end, 0.0049664 secs]
37.182: [GC concurrent-mark-start]
37.553: [GC pause (young), 0.1280530 secs]
   [Parallel Time: 127.4 ms, GC Workers: 8]
      [GC Worker Start (ms): Min: 37552.6, Avg: 37563.2, Max: 37585.0, Diff: 32.3]
      [Ext Root Scanning (ms): Min: 0.0, Avg: 0.1, Max: 0.3, Diff: 0.3, Sum: 1.2]
      [SATB Filtering (ms): Min: 0.0, Avg: 0.0, Max: 0.0, Diff: 0.0, Sum: 0.0]
      [Update RS (ms): Min: 0.0, Avg: 2.6, Max: 5.5, Diff: 5.5, Sum: 20.5]
         [Processed Buffers: Min: 0, Avg: 2.0, Max: 4, Diff: 4, Sum: 16]
      [Scan RS (ms): Min: 0.0, Avg: 8.1, Max: 15.3, Diff: 15.3, Sum: 64.6]
      [Object Copy (ms): Min: 25.1, Avg: 60.9, Max: 101.3, Diff: 76.2, Sum: 486.9]
      [Termination (ms): Min: 0.0, Avg: 40.5, Max: 69.9, Diff: 69.9, Sum: 323.7]
      [GC Worker Other (ms): Min: 0.0, Avg: 0.0, Max: 0.0, Diff: 0.0, Sum: 0.1]
      [GC Worker Total (ms): Min: 95.0, Avg: 112.1, Max: 127.3, Diff: 32.3, Sum: 897.0]
      [GC Worker End (ms): Min: 37673.8, Avg: 37675.3, Max: 37680.0, Diff: 6.2]
   [Code Root Fixup: 0.0 ms]
   [Clear CT: 0.0 ms]
   [Other: 0.6 ms]
      [Choose CSet: 0.0 ms]
      [Ref Proc: 0.1 ms]
      [Ref Enq: 0.0 ms]
      [Free CSet: 0.1 ms]
   [Eden: 43.0M(43.0M)->0.0B(51.0M) Survivors: 7168.0K->7168.0K Heap: 585.5M(1008.0M)->588.0M(1012.0M)]
 [Times: user=0.73 sys=0.00, real=0.13 secs] 
37.841: [GC pause (young), 0.2014165 secs]
   [Parallel Time: 200.5 ms, GC Workers: 8]
      [GC Worker Start (ms): Min: 37840.7, Avg: 37840.8, Max: 37841.3, Diff: 0.6]
      [Ext Root Scanning (ms): Min: 0.0, Avg: 0.2, Max: 0.4, Diff: 0.4, Sum: 1.9]
      [SATB Filtering (ms): Min: 0.0, Avg: 0.0, Max: 0.0, Diff: 0.0, Sum: 0.0]
      [Update RS (ms): Min: 67.2, Avg: 68.2, Max: 69.5, Diff: 2.3, Sum: 545.9]
         [Processed Buffers: Min: 25, Avg: 26.5, Max: 27, Diff: 2, Sum: 212]
      [Scan RS (ms): Min: 10.0, Avg: 11.2, Max: 11.9, Diff: 1.9, Sum: 89.4]
      [Object Copy (ms): Min: 120.5, Avg: 120.6, Max: 120.7, Diff: 0.2, Sum: 964.7]
      [Termination (ms): Min: 0.0, Avg: 0.1, Max: 0.2, Diff: 0.2, Sum: 0.9]
      [GC Worker Other (ms): Min: 0.0, Avg: 0.0, Max: 0.0, Diff: 0.0, Sum: 0.1]
      [GC Worker Total (ms): Min: 199.9, Avg: 200.4, Max: 200.5, Diff: 0.6, Sum: 1602.8]
      [GC Worker End (ms): Min: 38041.2, Avg: 38041.2, Max: 38041.2, Diff: 0.0]
   [Code Root Fixup: 0.0 ms]
   [Clear CT: 0.0 ms]
   [Other: 0.8 ms]
      [Choose CSet: 0.0 ms]
      [Ref Proc: 0.1 ms]
      [Ref Enq: 0.0 ms]
      [Free CSet: 0.1 ms]
   [Eden: 51.0M(51.0M)->0.0B(42.0M) Survivors: 7168.0K->8192.0K Heap: 721.9M(1012.0M)->723.9M(1015.0M)]
 [Times: user=1.43 sys=0.03, real=0.20 secs] 
38.154: [GC concurrent-mark-end, 0.9722506 secs]
38.154: [GC remark 38.154: [GC ref-proc, 0.0000453 secs], 0.0011910 secs]
 [Times: user=0.00 sys=0.00, real=0.00 secs] 
38.156: [GC cleanup 731M->354M(1015M), 0.0008201 secs]
 [Times: user=0.00 sys=0.00, real=0.00 secs] 
