0.133: [GC0.133: [DefNew: 69440K->8640K(78080K), 0.0909376 secs] 69440K->46942K(251648K), 0.0910944 secs] [Times: user=0.08 sys=0.02, real=0.09 secs] 
0.255: [GC0.255: [DefNew: 56315K->8639K(78080K), 0.1033479 secs] 94617K->91072K(251648K), 0.1034655 secs] [Times: user=0.08 sys=0.03, real=0.10 secs] 
0.394: [GC0.394: [DefNew: 65329K->8640K(78080K), 0.1185530 secs] 147761K->147157K(251648K), 0.1186673 secs] [Times: user=0.11 sys=0.02, real=0.12 secs] 
0.552: [GC0.552: [DefNew: 78080K->8640K(78080K), 0.1315698 secs]0.684: [Tenured: 207957K->165851K(209624K), 0.4194380 secs] 216597K->165851K(287704K), [Perm : 2665K->2665K(21248K)], 0.5513922 secs] [Times: user=0.56 sys=0.00, real=0.55 secs] 
1.187: [GC1.187: [DefNew: 110592K->13823K(124416K), 0.1505190 secs] 276443K->266935K(400836K), 0.1506799 secs] [Times: user=0.14 sys=0.01, real=0.15 secs] 
1.400: [GC1.401: [DefNew: 124415K->13824K(124416K), 0.1713986 secs]1.572: [Tenured: 329872K->92560K(330028K), 0.2878165 secs] 377527K->92560K(454444K), [Perm : 2670K->2670K(21248K)], 0.4632984 secs] [Times: user=0.44 sys=0.02, real=0.46 secs] 
1.942: [GC1.942: [DefNew: 110592K->13824K(124416K), 0.1850615 secs] 203152K->203151K(400836K), 0.1851366 secs] [Times: user=0.19 sys=0.00, real=0.18 secs] 
2.192: [GC2.192: [DefNew: 124416K->13823K(124416K), 0.1596895 secs]2.352: [Tenured: 285674K->29073K(285828K), 0.1338010 secs] 313743K->29073K(410244K), [Perm : 2670K->2670K(21248K)], 0.2944655 secs] [Times: user=0.30 sys=0.00, real=0.30 secs] 
2.555: [GC2.556: [DefNew: 109952K->13696K(123648K), 0.1337283 secs] 139025K->112317K(398252K), 0.1337866 secs] [Times: user=0.13 sys=0.00, real=0.13 secs] 
2.760: [GC2.760: [DefNew: 113389K->13696K(123648K), 0.1903212 secs] 212011K->211699K(398252K), 0.1903861 secs] [Times: user=0.19 sys=0.00, real=0.19 secs] 
3.013: [GC3.013: [DefNew: 123648K->13695K(123648K), 0.1591945 secs]3.173: [Tenured: 293710K->29860K(293804K), 0.1369224 secs] 321651K->29860K(417452K), [Perm : 2670K->2669K(21248K)], 0.3068814 secs] [Times: user=0.28 sys=0.03, real=0.31 secs] 
3.378: [GC3.378: [DefNew: 98304K->12288K(110592K), 0.1121466 secs] 128164K->101455K(356304K), 0.1122604 secs] [Times: user=0.13 sys=0.00, real=0.11 secs] 
3.559: [GC3.559: [DefNew: 110592K->12288K(110592K), 0.1912958 secs] 199759K->199758K(356304K), 0.1913578 secs] [Times: user=0.19 sys=0.00, real=0.19 secs] 
3.811: [GC3.812: [DefNew: 110592K->12288K(110592K), 0.1579475 secs]3.969: [Tenured: 279442K->14183K(299796K), 0.0987002 secs] 298062K->14183K(410388K), [Perm : 2669K->2669K(21248K)], 0.2669975 secs] [Times: user=0.25 sys=0.02, real=0.27 secs] 
4.115: [GC4.115: [DefNew: 54609K->8640K(78208K), 0.0686487 secs] 68793K->56846K(251780K), 0.0687066 secs] [Times: user=0.06 sys=0.00, real=0.07 secs] 
4.221: [GC4.221: [DefNew: 78208K->8640K(78208K), 0.0962231 secs] 126414K->110388K(251780K), 0.0962814 secs] [Times: user=0.11 sys=0.00, real=0.10 secs] 
4.358: [GC4.358: [DefNew: 78208K->8640K(78208K), 0.1246758 secs] 179956K->179956K(251780K), 0.1247384 secs] [Times: user=0.12 sys=0.00, real=0.13 secs] 
4.522: [GC4.522: [DefNew: 47767K->8640K(78208K), 0.1094152 secs]4.631: [Tenured: 209786K->183706K(209860K), 0.4808304 secs] 219083K->183706K(288068K), [Perm : 2669K->2669K(21248K)], 0.5905059 secs] [Times: user=0.56 sys=0.03, real=0.59 secs] 
5.188: [GC5.188: [DefNew: 116148K->15295K(137856K), 0.1441513 secs] 299855K->285428K(444036K), 0.1442129 secs] [Times: user=0.16 sys=0.00, real=0.14 secs] 
5.410: [GC5.410: [DefNew: 134684K->15296K(137856K), 0.1800186 secs]5.590: [Tenured: 354706K->120449K(354756K), 0.3585938 secs] 404817K->120449K(492612K), [Perm : 2669K->2669K(21248K)], 0.5423090 secs] [Times: user=0.51 sys=0.02, real=0.54 secs] 
6.007: [GC6.007: [DefNew: 84552K->15296K(137856K), 0.1200827 secs] 205001K->204577K(444036K), 0.1201415 secs] [Times: user=0.13 sys=0.00, real=0.12 secs] 
6.197: [GC6.197: [DefNew: 131276K->15295K(137856K), 0.1647892 secs] 320558K->306300K(444036K), 0.1648531 secs] [Times: user=0.17 sys=0.00, real=0.17 secs] 
6.439: [GC6.439: [DefNew: 134044K->15296K(137856K), 0.1749771 secs]6.614: [Tenured: 375577K->120449K(375724K), 0.3579398 secs] 425048K->120449K(513580K), [Perm : 2669K->2669K(21248K)], 0.5380914 secs] [Times: user=0.53 sys=0.00, real=0.54 secs] 
7.032: [GC7.032: [DefNew: 84719K->15296K(137856K), 0.1205907 secs] 205168K->204577K(444036K), 0.1206518 secs] [Times: user=0.11 sys=0.00, real=0.12 secs] 
7.225: [GC7.225: [DefNew: 131275K->15295K(137856K), 0.1651792 secs] 320557K->306300K(444036K), 0.1652347 secs] [Times: user=0.17 sys=0.00, real=0.17 secs] 
7.468: [GC7.468: [DefNew: 134195K->15296K(137856K), 0.1741360 secs]7.642: [Tenured: 375577K->120449K(375724K), 0.3589731 secs] 425199K->120449K(513580K), [Perm : 2669K->2669K(21248K)], 0.5382943 secs] [Times: user=0.48 sys=0.05, real=0.54 secs] 
8.061: [GC8.061: [DefNew: 85022K->15296K(137856K), 0.1202044 secs] 205471K->204577K(444036K), 0.1202637 secs] [Times: user=0.11 sys=0.00, real=0.12 secs] 
8.251: [GC8.251: [DefNew: 132106K->15295K(137856K), 0.1643992 secs] 321388K->306300K(444036K), 0.1644636 secs] [Times: user=0.16 sys=0.00, real=0.16 secs] 
8.492: [GC8.492: [DefNew: 133854K->15296K(137856K), 0.1738547 secs]8.666: [Tenured: 375577K->120449K(375724K), 0.3573147 secs] 424858K->120449K(513580K), [Perm : 2669K->2669K(21248K)], 0.5363359 secs] [Times: user=0.53 sys=0.02, real=0.54 secs] 
9.084: [GC9.084: [DefNew: 84832K->15296K(137856K), 0.1207307 secs] 205281K->204577K(444036K), 0.1207918 secs] [Times: user=0.13 sys=0.00, real=0.12 secs] 
9.274: [GC9.274: [DefNew: 132160K->15295K(137856K), 0.1649315 secs] 321442K->306300K(444036K), 0.1649950 secs] [Times: user=0.17 sys=0.00, real=0.16 secs] 
9.516: [GC9.516: [DefNew: 134805K->15296K(137856K), 0.1735753 secs]9.690: [Tenured: 375577K->120449K(375724K), 0.3581348 secs] 425809K->120449K(513580K), [Perm : 2669K->2669K(21248K)], 0.5368845 secs] [Times: user=0.51 sys=0.02, real=0.54 secs] 
10.109: [GC10.109: [DefNew: 84852K->15296K(137856K), 0.1198462 secs] 205301K->204577K(444036K), 0.1199119 secs] [Times: user=0.13 sys=0.00, real=0.12 secs] 
10.298: [GC10.298: [DefNew: 132174K->15295K(137856K), 0.1646180 secs] 321456K->306300K(444036K), 0.1646801 secs] [Times: user=0.17 sys=0.00, real=0.16 secs] 
10.540: [GC10.540: [DefNew: 134825K->15296K(137856K), 0.1744966 secs]10.714: [Tenured: 375577K->120449K(375724K), 0.3640925 secs] 425829K->120449K(513580K), [Perm : 2669K->2669K(21248K)], 0.5437547 secs] [Times: user=0.52 sys=0.03, real=0.54 secs] 
11.140: [GC11.140: [DefNew: 84863K->15296K(137856K), 0.1206098 secs] 205313K->204577K(444036K), 0.1206709 secs] [Times: user=0.12 sys=0.00, real=0.12 secs] 
11.332: [GC11.332: [DefNew: 132181K->15295K(137856K), 0.1682833 secs] 321463K->306300K(444036K), 0.1683444 secs] [Times: user=0.17 sys=0.00, real=0.17 secs] 
11.577: [GC11.578: [DefNew: 134836K->15296K(137856K), 0.1778083 secs]11.755: [Tenured: 375577K->120449K(375724K), 0.3623683 secs] 425840K->120449K(513580K), [Perm : 2669K->2669K(21248K)], 0.5454854 secs] [Times: user=0.53 sys=0.01, real=0.54 secs] 
12.179: [GC12.179: [DefNew: 84869K->15296K(137856K), 0.1223989 secs] 205318K->204577K(444036K), 0.1224562 secs] [Times: user=0.11 sys=0.00, real=0.12 secs] 
12.372: [GC12.372: [DefNew: 132186K->15295K(137856K), 0.1655711 secs] 321467K->306300K(444036K), 0.1656364 secs] [Times: user=0.17 sys=0.00, real=0.17 secs] 
12.615: [GC12.615: [DefNew: 134842K->15296K(137856K), 0.1815935 secs]12.796: [Tenured: 375577K->120449K(375724K), 0.3600013 secs] 425846K->120449K(513580K), [Perm : 2669K->2669K(21248K)], 0.5468242 secs] [Times: user=0.52 sys=0.05, real=0.55 secs] 
13.218: [GC13.218: [DefNew: 84873K->15296K(137856K), 0.1204167 secs] 205322K->204577K(444036K), 0.1204829 secs] [Times: user=0.13 sys=0.00, real=0.12 secs] 
13.408: [GC13.408: [DefNew: 132188K->15295K(137856K), 0.1645373 secs] 321470K->306300K(444036K), 0.1645891 secs] [Times: user=0.17 sys=0.00, real=0.16 secs] 
13.651: [GC13.651: [DefNew: 134845K->15296K(137856K), 0.1815557 secs]13.832: [Tenured: 375577K->120449K(375724K), 0.3635765 secs] 425849K->120449K(513580K), [Perm : 2669K->2669K(21248K)], 0.5503132 secs] [Times: user=0.53 sys=0.02, real=0.55 secs] 
14.257: [GC14.257: [DefNew: 84874K->15296K(137856K), 0.1202231 secs] 205324K->204577K(444036K), 0.1202921 secs] [Times: user=0.11 sys=0.00, real=0.12 secs] 
14.448: [GC14.448: [DefNew