2015-01-15T12:30:38.059+0300: 0.138: [GC 69440K->46942K(251648K), 0.0858643 secs]
2015-01-15T12:30:38.179+0300: 0.253: [GC 94617K->91072K(251648K), 0.0980251 secs]
2015-01-15T12:30:38.309+0300: 0.386: [GC 147761K->147158K(251648K), 0.1158050 secs]
2015-01-15T12:30:38.469+0300: 0.540: [GC 216598K->216597K(287704K), 0.1321695 secs]
2015-01-15T12:30:38.599+0300: 0.672: [Full GC 216597K->165851K(287704K), 0.3994760 secs]
2015-01-15T12:30:39.093+0300: 1.171: [GC 276443K->266935K(400836K), 0.1540868 secs]
2015-01-15T12:30:39.313+0300: 1.385: [GC 377527K->343696K(454444K), 0.1836809 secs]
2015-01-15T12:30:39.493+0300: 1.569: [Full GC 343696K->92561K(454444K), 0.2716427 secs]
2015-01-15T12:30:39.843+0300: 1.921: [GC 203153K->203151K(400836K), 0.1775679 secs]
2015-01-15T12:30:40.083+0300: 2.160: [GC 313743K->299498K(410244K), 0.1546457 secs]
2015-01-15T12:30:40.243+0300: 2.315: [Full GC 299498K->29073K(410244K), 0.1269568 secs]
2015-01-15T12:30:40.433+0300: 2.508: [GC 139025K->112317K(398252K), 0.1278912 secs]
2015-01-15T12:30:40.632+0300: 2.702: [GC 212011K->211700K(398252K), 0.1844735 secs]
2015-01-15T12:30:40.874+0300: 2.948: [GC 321652K->307406K(417452K), 0.1570930 secs]
2015-01-15T12:30:41.034+0300: 3.105: [Full GC 307406K->29860K(417452K), 0.1312794 secs]
2015-01-15T12:30:41.224+0300: 3.296: [GC 128164K->101455K(356304K), 0.1084580 secs]
2015-01-15T12:30:41.394+0300: 3.471: [GC 199759K->199758K(356304K), 0.1813302 secs]
2015-01-15T12:30:41.634+0300: 3.711: [GC 298062K->291730K(410388K), 0.1585984 secs]
2015-01-15T12:30:41.794+0300: 3.870: [Full GC 291730K->14183K(410388K), 0.0939208 secs]
2015-01-15T12:30:41.934+0300: 4.010: [GC 68793K->56846K(251780K), 0.0672326 secs]
2015-01-15T12:30:42.034+0300: 4.113: [GC 126414K->110389K(251780K), 0.0912860 secs]
2015-01-15T12:30:42.165+0300: 4.244: [GC 179957K->179956K(251780K), 0.1181371 secs]
2015-01-15T12:30:42.325+0300: 4.397: [GC 219083K->218426K(288068K), 0.1128591 secs]
2015-01-15T12:30:42.435+0300: 4.510: [Full GC 218426K->183706K(288068K), 0.5017767 secs]
2015-01-15T12:30:43.016+0300: 5.088: [GC 299855K->285428K(444036K), 0.1509664 secs]
2015-01-15T12:30:43.236+0300: 5.313: [GC 404817K->370002K(492612K), 0.1899167 secs]
2015-01-15T12:30:43.426+0300: 5.503: [Full GC 370002K->120449K(492612K), 0.3413057 secs]
2015-01-15T12:30:43.826+0300: 5.902: [GC 205001K->204578K(444036K), 0.1141480 secs]
2015-01-15T12:30:44.006+0300: 6.082: [GC 320558K->306300K(444036K), 0.1580069 secs]
2015-01-15T12:30:44.237+0300: 6.313: [GC 425048K->390873K(513580K), 0.1723691 secs]
2015-01-15T12:30:44.407+0300: 6.485: [Full GC 390873K->120449K(513580K), 0.3428471 secs]
2015-01-15T12:30:44.817+0300: 6.888: [GC 205168K->204578K(444036K), 0.1149779 secs]
2015-01-15T12:30:44.997+0300: 7.069: [GC 320557K->306300K(444036K), 0.1581174 secs]
2015-01-15T12:30:45.228+0300: 7.301: [GC 425199K->390873K(513580K), 0.1649951 secs]
2015-01-15T12:30:45.388+0300: 7.466: [Full GC 390873K->120449K(513580K), 0.3398554 secs]
2015-01-15T12:30:45.788+0300: 7.864: [GC 205472K->204578K(444036K), 0.1163401 secs]
2015-01-15T12:30:45.978+0300: 8.051: [GC 321388K->306300K(444036K), 0.1572717 secs]
2015-01-15T12:30:46.208+0300: 8.282: [GC 424858K->390873K(513580K), 0.1751570 secs]
2015-01-15T12:30:46.378+0300: 8.457: [Full GC 390873K->120449K(513580K), 0.3469784 secs]
2015-01-15T12:30:46.788+0300: 8.865: [GC 205281K->204578K(444036K), 0.1176832 secs]
2015-01-15T12:30:46.978+0300: 9.050: [GC 321442K->306300K(444036K), 0.1625170 secs]
2015-01-15T12:30:47.218+0300: 9.294: [GC 425809K->390873K(513580K), 0.1810736 secs]
2015-01-15T12:30:47.398+0300: 9.476: [Full GC 390873K->120449K(513580K), 0.3449575 secs]
2015-01-15T12:30:47.808+0300: 9.879: [GC 205302K->204578K(444036K), 0.1154360 secs]
2015-01-15T12:30:47.988+0300: 10.062: [GC 321456K->306300K(444036K), 0.1575296 secs]
2015-01-15T12:30:48.218+0300: 10.293: [GC 425829K->390873K(513580K), 0.1802755 secs]
2015-01-15T12:30:48.398+0300: 10.474: [Full GC 390873K->120449K(513580K), 0.3419318 secs]
2015-01-15T12:30:48.801+0300: 10.875: [GC 205313K->204577K(444036K), 0.1144391 secs]
2015-01-15T12:30:48.981+0300: 11.056: [GC 321463K->306300K(444036K), 0.1586852 secs]
2015-01-15T12:30:49.211+0300: 11.290: [GC 425840K->390873K(513580K), 0.1788554 secs]
2015-01-15T12:30:49.391+0300: 11.469: [Full GC 390873K->120449K(513580K), 0.3411280 secs]
2015-01-15T12:30:49.791+0300: 11.868: [GC 205319K->204578K(444036K), 0.1137547 secs]
2015-01-15T12:30:49.971+0300: 12.048: [GC 321468K->306300K(444036K), 0.1566246 secs]
2015-01-15T12:30:50.201+0300: 12.278: [GC 425846K->390873K(513580K), 0.1740616 secs]
2015-01-15T12:30:50.374+0300: 12.452: [Full GC 390873K->120449K(513580K), 0.3391971 secs]
2015-01-15T12:30:50.774+0300: 12.851: [GC 205322K->204578K(444036K), 0.1132812 secs]
2015-01-15T12:30:50.954+0300: 13.030: [GC 321470K->306300K(444036K), 0.1573374 secs]
2015-01-15T12:30:51.184+0300: 13.261: [GC 425849K->390873K(513580K), 0.1718257 secs]
2015-01-15T12:30:51.354+0300: 13.433: [Full GC 390873K->120449K(513580K), 0.3417662 secs]
2015-01-15T12:30:51.764+0300: 13.834: [GC 205324K->204578K(444036K), 0.1190094 secs]
2015-01-15T12:30:51.945+0300: 14.020: [GC 321471K->306300K(444036K), 0.1563331 secs]
2015-01-15T12:30:52.175+0300: 14.249: [GC 425851K->390873K(513580K), 0.1799288 secs]
2015-01-15T12:30:52.357+0300: 14.429: [Full GC