0.153: [GC0.153: [ParNew: 69440K->8640K(78080K), 0.0723454 secs] 69440K->47060K(251648K), 0.0725226 secs] [Times: user=0.36 sys=0.02, real=0.07 secs] 
0.256: [GC0.256: [ParNew: 56315K->8640K(78080K), 0.0717338 secs] 94735K->91252K(251648K), 0.0718611 secs] [Times: user=0.47 sys=0.02, real=0.07 secs] 
0.364: [GC0.364: [ParNew: 65329K->8640K(78080K), 0.0919601 secs] 147941K->171478K(251648K), 0.0921131 secs] [Times: user=0.73 sys=0.02, real=0.09 secs] 
0.496: [GC0.496: [ParNew: 78080K->8640K(78080K), 0.1137352 secs]0.609: [Tenured: 232373K->176636K(232472K), 0.3933219 secs] 240918K->176636K(310552K), [Perm : 2665K->2665K(21248K)], 0.5073720 secs] [Times: user=1.23 sys=0.02, real=0.51 secs] 
1.092: [GC1.092: [ParNew: 114062K->14720K(132544K), 0.1236000 secs] 290699K->281271K(426940K), 0.1237777 secs] [Times: user=0.64 sys=0.05, real=0.12 secs] 
1.287: [GC1.287: [ParNew: 132544K->14720K(132544K), 0.1332650 secs]1.420: [Tenured: 345940K->103252K(346084K), 0.3081196 secs] 399095K->103252K(478628K), [Perm : 2670K->2670K(21248K)], 0.4452244 secs] [Times: user=1.39 sys=0.03, real=0.44 secs] 
1.798: [GC1.798: [ParNew: 102173K->14720K(132544K), 0.1342536 secs] 205425K->204715K(426940K), 0.1343254 secs] [Times: user=0.81 sys=0.00, real=0.13 secs] 
2.003: [GC2.003: [ParNew: 130878K->14720K(132544K), 0.1326301 secs] 320873K->306557K(426940K), 0.1326917 secs] [Times: user=1.00 sys=0.00, real=0.13 secs] 
2.212: [GC2.212: [ParNew: 132544K->14720K(132544K), 0.1342587 secs]2.346: [Tenured: 375986K->137732K(376228K), 0.3580442 secs] 424381K->137732K(508772K), [Perm : 2670K->2670K(21248K)], 0.4985102 secs] [Times: user=1.45 sys=0.03, real=0.50 secs] 
2.766: [GC2.766: [ParNew: 85473K->14720K(132544K), 0.1150806 secs] 223206K->258594K(426940K), 0.1151604 secs] [Times: user=0.78 sys=0.00, real=0.12 secs] 
2.951: [GC2.951: [ParNew: 130947K->14720K(132544K), 0.1256176 secs]3.077: [Tenured: 345717K->35876K(348480K), 0.1511150 secs] 374821K->35876K(481024K), [Perm : 2670K->2669K(21248K)], 0.2808271 secs] [Times: user=1.20 sys=0.00, real=0.28 secs] 
3.309: [GC3.309: [ParNew: 117824K->14720K(132544K), 0.1269593 secs] 153700K->127137K(426940K), 0.1270250 secs] [Times: user=0.69 sys=0.00, real=0.13 secs] 
3.492: [GC3.495: [ParNew: 100421K->14720K(132544K), 0.1270344 secs] 212838K->211984K(426940K), 0.1295209 secs] [Times: user=0.94 sys=0.00, real=0.13 secs] 
3.701: [GC3.701: [ParNew: 131838K->14720K(132544K), 0.1246132 secs]3.826: [Tenured: 299123K->35876K(299196K), 0.1503508 secs] 329102K->35876K(431740K), [Perm : 2669K->2669K(21248K)], 0.2762899 secs] [Times: user=1.25 sys=0.00, real=0.28 secs] 
4.047: [GC4.047: [ParNew: 114688K->14336K(129024K), 0.1198101 secs] 150564K->123993K(415660K), 0.1198861 secs] [Times: user=0.62 sys=0.00, real=0.12 secs] 
4.228: [GC4.228: [ParNew: 102773K->14336K(129024K), 0.1307814 secs] 212430K->211984K(415660K), 0.1308611 secs] [Times: user=1.12 sys=0.00, real=0.13 secs] 
4.429: [GC4.429: [ParNew: 129024K->14336K(129024K), 0.1256764 secs]4.555: [Tenured: 298211K->34597K(298348K), 0.1468758 secs] 326672K->34597K(427372K), [Perm : 2669K->2669K(21248K)], 0.2777873 secs] [Times: user=1.11 sys=0.00, real=0.27 secs] 
4.767: [GC4.767: [ParNew: 99456K->12416K(111872K), 0.0976543 secs] 134053K->107441K(360312K), 0.0977261 secs] [Times: user=0.66 sys=0.00, real=0.10 secs] 
4.934: [GC4.934: [ParNew: 111872K->12416K(111872K), 0.1420895 secs] 206897K->207049K(360312K), 0.1421622 secs] [Times: user=1.22 sys=0.00, real=0.14 secs] 
5.137: [GC5.137: [ParNew: 111872K->12416K(111872K), 0.1274832 secs]5.264: [Tenured: 284671K->19196K(302524K), 0.1075316 secs] 306505K->19196K(414396K), [Perm : 2669K->2669K(21248K)], 0.2461377 secs] [Times: user=1.19 sys=0.02, real=0.24 secs] 
5.424: [GC5.424: [ParNew: 69568K->8640K(78208K), 0.0688885 secs] 88764K->71036K(251780K), 0.0843224 secs] [Times: user=0.45 sys=0.00, real=0.09 secs] 
5.558: [GC5.558: [ParNew: 78208K->8640K(78208K), 0.1004710 secs] 140604K->140729K(251780K), 0.1005639 secs] [Times: user=0.83 sys=0.00, real=0.10 secs] 
5.699: [GC5.699: [ParNew: 78208K->8640K(78208K), 0.1090249 secs]5.808: [Tenured: 201736K->165283K(209628K), 0.3862977 secs] 210297K->165283K(287836K), [Perm : 2669K->2669K(21248K)], 0.4956015 secs] [Times: user=1.37 sys=0.00, real=0.49 secs] 
6.268: [GC6.268: [ParNew: 110272K->13760K(124032K), 0.1219168 secs] 275555K->266313K(399504K), 0.1219863 secs] [Times: user=0.70 sys=0.01, real=0.12 secs] 
6.455: [GC6.455: [ParNew: 124032K->13760K(124032K), 0.1253685 secs]6.580: [Tenured: 328958K->91363K(329080K), 0.2710459 secs] 376585K->91363K(453112K), [Perm : 2669K->2669K(21248K)], 0.4003750 secs] [Times: user=1.23 sys=0.03, real=0.39 secs] 
6.933: [GC6.933: [ParNew: 110272K->13760K(124032K), 0.1435147 secs] 201635K->201786K(399504K), 0.1435842 secs] [Times: user=0.84 sys=0.00, real=0.15 secs] 
7.140: [GC7.140: [ParNew: 117049K->13760K(124032K), 0.1262250 secs]7.266: [Tenured: 280925K->24006K(281040K), 0.1186685 secs] 305076K->24006K(405072K), [Perm : 2669K->2669K(21248K)], 0.2460290 secs] [Times: user=1.09 sys=0.00, real=0.24 secs] 
7.445: [GC7.445: [ParNew: 108160K->13504K(121664K), 0.1013569 secs] 132166K->98443K(391960K), 0.1162403 secs] [Times: user=0.67 sys=0.00, real=0.12 secs] 
7.639: [GC7.639: [ParNew: 121664K->13504K(121664K), 0.1539294 secs] 206603K->206754K(391960K), 0.1540082 secs] [Times: user=1.31 sys=0.00, real=0.16 secs] 
7.856: [GC7.856: [ParNew: 116568K->13504K(121664K), 0.1253251 secs]7.982: [Tenured: 286061K->24006K(286232K), 0.1198726 secs] 309819K->24006K(407896K), [Perm : 2669K->2669K(21248K)], 0.2496976 secs] [Times: user=1.09 sys=0.02, real=0.25 secs] 
8.155: [GC8.155: [ParNew: 79084K->12032K(108608K), 0.0834076 secs] 103090K->101255K(349776K), 0.0834846 secs] [Times: user=0.44 sys=0.00, real=0.08 secs] 
8.287: [GC8.287: [ParNew: 108608K->12032K(108608K), 0.1068109 secs] 197831K->173902K(349776K), 0.1068687 secs] [Times: user=0.81 sys=0.00, real=0.11 secs] 
8.437: [GC8.437: [ParNew: 56001K->12032K(108608K), 0.0699732 secs] 217871K->217646K(349776K), 0.0700464 secs] [Times: user=0.62 sys=0.00, real=0.07 secs] 
8.568: [GC8.568: [ParNew: 108608K->12032K(108608K), 0.1148805 secs]8.683: [Tenured: 292785K->21233K(295252K), 0.1147284 secs] 314222K->21233K(403860K), [Perm : 2669K->2669K(21248K)], 0.2407066 secs] [Times: user=0.95 sys=0.02, real=0.23 secs] 
8.851: [GC8.851: [ParNew: 69568K->8640K(78208K), 0.0713503 secs] 90801K->73097K(251780K), 0.0714109 secs] [Times: user=0.38 sys=0.00, real=0.07 secs] 
8.972: [GC8.972: [ParNew: 77409K->8640K(78208K), 0.1001384 secs] 141867K->141438K(251780K), 0.1002205 secs] [Times: user=0.84 sys=0.00, real=0.10 secs] 
9.113: [GC9.113: [ParNew: 78208K->8640K(78208K), 0.1074005 secs]9.220: [Tenured: 202469K->170728K(209628K), 0.3895679 secs] 211006K->170728K(287836K), [Perm : 2669K->2669K(21248K)], 0.4972035 secs] [Times: user=1.25 sys=0.00, real=0.50 secs] 
9.689: [GC9.689: [ParNew: 113920K->14208K(128128K), 0.1314321 secs] 284648K->275235K(412676K), 0.1314965 secs] [Times: user=1.05 sys=0.00, real=0.13 secs] 
9.887: [GC9.887: [ParNew: 128128K->14208K(128128K), 0.1253624 secs]10.013: [Tenured: 336495K->99348K(336620K), 0.2916468 secs] 389155K->99348K(464748K), [Perm : 2669K->2669K(21248K)], 0.4209120 secs] [Times: user=1.25 sys=0.03, real=0.42 secs] 
10.381: [GC10.381: [ParNew: 106301K->14208K(128128K), 0.1394607 secs] 205649K->204723K(412676K), 0.1395293 secs] [Times: user=0.75 sys=0.00, real=0.14 secs] 
10.603: [GC10.603: [ParNew: 128128K->14208K(128128K), 0.1319845 secs]10.735: [Tenured: 290294K->33818K(290308K), 0.1493124 secs] 318643K->33818K(418436K), [Perm : 2669K->2669K(21248K)], 0.2824944 secs] [Times: user=1.05 sys=0.00, real=0.28 secs] 
10.953: [GC10.953: [ParNew: 111616K->13888K(125504K), 0.1179772 secs] 145434K->118847K(404140K), 0.1180434 secs] [Times: user=0.64 sys=0.00, real=0.12 secs] 
11.134: [GC11.134: [ParNew: 107678K->13888K(125504K), 0.1346995 secs] 212638K->211966K(404140K), 0.1347877 secs] [Times: user=1.09 sys=0.00, real=0.13 secs] 
11.336: [GC11.336: [ParNew: 125504K->13888K(125504K), 0.1239232 secs]11.460: [Tenured: 295553K->31525K(295724K), 0.1369490 secs] 323582K->31525K(421228K), [Perm : 2669K->2669K(21248K)], 0.2657613 secs] [Times: user=1.09 sys=0.02, real=0.26 secs] 
11.658: [GC11.658: [ParNew: 98880K->12288K(111168K), 0.0988033 secs] 130405K->103793K(358032K), 0.0988607 secs] [Times: user=0.53 sys=0.00, real=0.10 secs] 
11.826: [GC11.826: [ParNew: 111168K->12288K(111168K), 0.1386047 secs] 202673K->202816K(358032K), 0.1386798 secs] [Times: user=1.01 sys=0.00, real=0.14 secs] 
12.027: [GC12.027: [ParNew: 110542K->12288K(111168K), 0.1287395 secs]12.156: [Tenured: 281707K->16093K(300948K), 0.1019433 secs] 301071K->16093K(412116K), [Perm : 2669K->2669K(21248K)], 0.2414880 secs] [Times: user=1.22 sys=0.00, real=0.24 secs] 
12.307: [GC12.307: [ParNew: 69568K->8640K(78208K), 0.0637127 secs] 85661K->63181K(251780K), 0.0637803 secs] [Times: user=0.39 sys=0.00, real=0.06 secs] 
12.421: [GC12.421: [ParNew: 78208K->8640K(78208K), 0.0986885 secs] 132749K->132874K(251780K), 0.0987534 secs] [Times: user=0.75 sys=0.00, real=0.10 secs] 
12.562: [GC12.562: [ParNew: 78208K->8640K(78208K), 0.1037660 secs]12.666: [Tenured: 193897K->162179K(193924K), 0.3645482 secs] 202442K->162179K(272132K), [Perm : 2669K->2669K(21248K)], 0.4685339 secs] [Times: user=1.22 sys=0.00, real=0.47 secs] 
13.104: [GC13.104: [ParNew: 108160K->13504K(121664K), 0.1334353 secs] 270339K->264107K(391964K), 0.1334988 secs] [Times: user=0.87 sys=0.02, real=0.14 secs] 
13.299: [GC13.299: [ParNew: 106064K->13504K(121664K), 0.1081115 secs]13.407: [Tenured: 319852K->80389K(320220K), 0.2626063 secs] 356668K->80389K(441884K), [Perm : 2669K->2669K(21248K)], 0.3747055 secs] [Times: user=1.11 sys=0.01, real=0.37 secs] 
13.732: [GC13.732: [ParNew: 108160K->13504K(121664K), 0.1153335 secs] 188549K->164604K(391964K), 0.1154142 secs] [Times: user=0.83 sys=0.00, real=0.12 secs] 
13.925: [GC13.925: [ParNew: 121664K->13504K(121664K), 0.1447206 secs] 272764K->269942K(391964K), 0.1448279 secs] [Times: user=1.11 sys=0.00, real=0.15 secs] 
14.137: [GC14.137: [ParNew: 116672K->13504K(121664K), 0.1208149 secs]14.258: [Tenured: 329671K->80389K(329720K), 0.2535696 secs] 373110K->80389K(451384K), [Perm : 2669K->2669K(21248K)], 0.3786894 secs] [Times: user=0.86 sys=0.05, real=0.38 secs] 
14.575: [GC14.575: [ParNew: 108160K->13504K(121664K), 0.1148063 secs] 188549K->164620K(391964K), 0.1148763 secs] [Times: user=0.73 sys=0.00, real=0.11 secs] 
14.766: [GC14.766: [ParNew: 121664K->13504K(121664K), 0.1386093 secs] 272780K->269958K(391964K), 0.1386667 secs] [Times: user=1.11 sys=0.00, real=0.14 secs] 
14.978: [GC14.978: [ParNew: 116366K->13504K(121664K), 0.1134390 secs]15.092: [Tenured: 329695K->80389K(329720K), 0.2576035 secs] 372821K->80389K(451384K), [Perm : 2669K->2669K(21248K)], 0.3757434 secs] [Times: user=1.20 sys=0.03, real=0.37 secs] 
15.413: [GC15.413: [ParNew: 108160K->13504K(121664K), 0.1262063 secs] 188549K->165540K(391964K), 0.1380346 secs] [Times: user=0.51 sys=0.00, real=0.14 secs] 
15.628: [GC15.628: [ParNew: 121664K->13504K(121664K), 0.1448922 secs] 273700K->269926K(391964K), 0.1449571 secs] [Times: user=1.06 sys=0.00, real=0.15 secs] 
15.840: [GC15.840: [ParNew: 116547K->13504K(121664K), 0.1145096 secs]15.954: [Tenured: 329663K->80389K(329720K), 0.2580718 secs] 372970K->80389K(451384K), [Perm : 2669K->2669K(21248K)], 0.3775292 secs] [Times: user=1.23 sys=0.02, real=0.38 secs] 
16.275: [GC16.275: [ParNew: 107264K->13376K(120640K), 0.1219014 secs] 187653K->163724K(388604K), 0.1219686 secs] [Times: user=0.58 sys=0.00, real=0.13 secs] 
16.475: [GC16.475: [ParNew