2015-01-21T17:08:29.334+0300: 0.205: [GC 69440K->60796K(251648K), 0.2362918 secs]
2015-01-21T17:08:29.606+0300: 0.472: [GC 108472K->118823K(251648K), 0.0907078 secs]
2015-01-21T17:08:29.698+0300: 0.564: [GC 142860K(251648K), 0.0268580 secs]
2015-01-21T17:08:29.758+0300: 0.630: [GC 175513K->190933K(260864K), 0.1201917 secs]
2015-01-21T17:08:29.920+0300: 0.791: [GC 260373K->277065K(347032K), 0.1465907 secs]
2015-01-21T17:08:30.090+0300: 0.965: [GC 346505K->354183K(424156K), 0.1243323 secs]
2015-01-21T17:08:30.292+0300: 1.167: [GC 415775K->424641K(494620K), 0.1292011 secs]
2015-01-21T17:08:30.464+0300: 1.338: [GC 487528K->483398K(553272K), 0.1090005 secs]
2015-01-21T17:08:30.624+0300: 1.495: [GC 539757K->555508K(625504K), 0.1245992 secs]
2015-01-21T17:08:30.797+0300: 1.667: [GC 624948K->641639K(711480K), 0.1554453 secs]
2015-01-21T17:08:30.989+0300: 1.856: [GC 711079K->718757K(788604K), 0.1339403 secs]
2015-01-21T17:08:31.192+0300: 2.059: [GC 780113K->789215K(859068K), 0.1366329 secs]
2015-01-21T17:08:31.392+0300: 2.264: [GC 851956K->847972K(917912K), 0.1121740 secs]
2015-01-21T17:08:31.542+0300: 2.416: [GC 904499K->920082K(989952K), 0.1235244 secs]
2015-01-21T17:08:31.732+0300: 2.606: [GC 989522K->1006213K(1076120K), 0.1525119 secs]
2015-01-21T17:08:31.915+0300: 2.785: [GC 1075653K->1083331K(1153244K), 0.1381933 secs]
2015-01-21T17:08:32.125+0300: 2.999: [GC 1144991K->1153789K(1223708K), 0.1304481 secs]
2015-01-21T17:08:32.305+0300: 3.177: [GC 1216346K->1212546K(1282552K), 0.1076029 secs]
2015-01-21T17:08:32.457+0300: 3.328: [GC 1268943K->1284655K(1354592K), 0.1311086 secs]
2015-01-21T17:08:32.627+0300: 3.500: [GC 1354095K->1370787K(1440760K), 0.1513494 secs]
2015-01-21T17:08:32.807+0300: 3.679: [GC 1440227K->1447905K(1517884K), 0.1263485 secs]
2015-01-21T17:08:33.000+0300: 3.873: [GC 1509146K->1518363K(1588348K), 0.1351420 secs]
2015-01-21T17:08:33.190+0300: 4.057: [GC 1580942K->1577120K(1647000K), 0.1088909 secs]
2015-01-21T17:08:33.339+0300: 4.214: [GC 1633532K->1665686K(1735744K), 0.1247545 secs]
2015-01-21T17:08:33.509+0300: 4.380: [GC 1735126K->1752659K(1822872K), 0.1515136 secs]
2015-01-21T17:08:33.733+0300: 4.599: [GC 1822099K->1829777K(1899804K), 0.1274476 secs]
2015-01-21T17:08:33.925+0300: 4.791: [GC 1891519K->1907061K(1977180K), 0.1368927 secs]
2015-01-21T17:08:34.107+0300: 4.973: [GC 1969758K->1965818K(2035832K), 0.1125897 secs]
2015-01-21T17:08:34.258+0300: 5.124: [GC 2022314K->2037928K(2108064K), 0.1291564 secs]
2015-01-21T17:08:34.429+0300: 5.295: [GC 2107368K->2124059K(2194232K), 0.1516177 secs]
2015-01-21T17:08:34.608+0300: 5.474: [GC 2193499K->2201177K(2271356K), 0.1190945 secs]
2015-01-21T17:08:34.795+0300: 5.661: [GC 2262805K->2272196K(2342396K), 0.1369063 secs]
2015-01-21T17:08:34.973+0300: 5.839: [GC 2334734K->2330953K(2401048K), 0.1111207 secs]
2015-01-21T17:08:35.145+0300: 6.011: [GC 2387336K->2403063K(2473280K), 0.1308301 secs]
2015-01-21T17:08:35.317+0300: 6.183: [GC 2472503K->2489194K(2559256K), 0.1520417 secs]
2015-01-21T17:08:35.496+0300: 6.362: [GC 2558634K->2566312K(2636380K), 0.1280867 secs]
2015-01-21T17:08:35.688+0300: 6.554: [GC 2627540K->2637224K(2707420K), 0.1404847 secs]
2015-01-21T17:08:35.884+0300: 6.750: [GC 2699796K->2695981K(2766072K), 0.1119697 secs]
2015-01-21T17:08:36.032+0300: 6.900: [GC 2752388K->2768091K(2838304K), 0.1293164 secs]
2015-01-21T17:08:36.222+0300: 7.092: [GC 2837531K->2854223K(2924280K), 0.1606290 secs]
2015-01-21T17:08:36.414+0300: 7.286: [GC 2923663K->2931341K(3001404K), 0.1354769 secs]
2015-01-21T17:08:36.625+0300: 7.500: [GC 2993076K->3001907K(3072060K), 0.1402534 secs]
2015-01-21T17:08:36.810+0300: 7.681: [GC 3064600K->3060664K(3130712K), 0.1091693 secs]
2015-01-21T17:08:36.962+0300: 7.828: [GC 3117157K->3132774K(3202944K), 0.1319460 secs]
2015-01-21T17:08:37.134+0300: 8.006: [GC 3202214K->3218905K(3289112K), 0.1648498 secs]
2015-01-21T17:08:37.314+0300: 8.186: [GC 3234280K->3240939K(3311000K), 0.0558134 secs]
2015-01-21T17:08:37.424+0300: 8.296: [GC 3310164K->3316192K(3386396K), 0.1436840 secs]
2015-01-21T17:08:37.613+0300: 8.484: [GC 3385632K->3384208K(3454488K), 0.1300716 secs]
2015-01-21T17:08:37.804+0300: 8.672: [GC 3453648K->3452311K(3522496K), 0.1228442 secs]
2015-01-21T17:08:39.712+0300: 10.586: [Full GC 3521751K->190926K(3522496K), 1.2916910 secs]
2015-01-21T17:08:41.515+0300: 12.380: [GC 729704K->444426K(4097536K), 0.2475796 secs]
2015-01-21T17:08:42.101+0300: 12.969: [GC 989770K->472226K(4097536K), 0.1488994 secs]
2015-01-21T17:08:42.583+0300: 13.457: [GC 1017570K->688367K(4097536K), 0.3074623 secs]
2015-01-21T17:08:43.234+0300: 14.101: [GC 1233711K->747532K(4097536K), 0.1688146 secs]
2015-01-21T17:08:43.736+0300: 14.601: [GC 1282515K->731410K(4097536K), 0.0432306 secs]
2015-01-21T17:08:44.108+0300: 14.974: [GC 1257829K->922215K(4097536K), 0.3118930 secs]
2015-01-21T17:08:44.769+0300: 15.635: [GC 1467559K->989058K(4097536K), 0.1765542 secs]
2015-01-21T17:08:45.297+0300: 16.163: [GC 1534402K->989058K(4097536K), 0.0589599 secs]
2015-01-21T17:08:45.683+0300: 16.549: [GC 1494784K->1158887K(4097536K), 0.3122443 secs]
2015-01-21T17:08:46.343+0300: 17.209: [GC 1704231K->1225730K(4097536K), 0.1716037 secs]
2015-01-21T17:08:46.854+0300: 17.721: [GC 1771074K->1225277K(4097536K), 0.0567338 secs]
2015-01-21T17:08:47.226+0300: 18.095: [GC 1730607K->1395445K(4097536K), 0.3081303 secs]
2015-01-21T17:08:47.868+0300: 18.735: [GC 1940789K->1462289K(4097536K), 0.1741303 secs]
2015-01-21T17:08:48.372+0300: 19.245: [GC 2007633K->1462289K(4097536K), 0.0556287 secs]
2015-01-21T17:08:48.742+0300: 19.617: [GC 1967301K->1632580K(4097536K), 0.3103233 secs]
2015-01-21T17:08:49.397+0300: 20.263: [GC 2177924K->1699423K(4097536K), 0.1733144 secs]
2015-01-21T17:08:49.902+0300: 20.774: [GC 2244767K->1699423K(4097536K), 0.0561325 secs]
2015-01-21T17:08:50.280+0300: 21.146: [GC 2206569K->1868931K(4097536K), 0.3097700 secs]
2015-01-21T17:08:50.586+0300: 21.460: [GC 1923014K(4097536K), 0.1049569 secs]
2015-01-21T17:08:51.067+0300: 21.933: [GC 2414275K->1935763K(4097536K), 0.1826620 secs]
2015-01-21T17:08:51.595+0300: 22.467: [GC 2481107K->1935763K(4097536K), 0.0546756 secs]
2015-01-21T17:08:51.765+0300: 22.630: [GC 2101164K(4097536K), 0.1710845 secs]
2015-01-21T17:08:52.163+0300: 23.033: [GC 2184148K->1846529K(4097536K), 0.3129347 secs]
2015-01-21T17:08:52.823+0300: 23.694: [GC 2125339K->1646838K(4097536K), 0.1781790 secs]
2015-01-21T17:08:53.370+0300: 24.235: [GC 1931269K->1385485K(4097536K), 0.0551263 secs]
2015-01-21T17:08:53.757+0300: 24.628: [GC 1647253K->1310337K(4097536K), 0.3148371 secs]
2015-01-21T17:08:54.427+0300: 25.298: [GC 1596408K->1117908K(4097536K), 0.1741802 secs]
2015-01-21T17:08:54.947+0300: 25.820: [GC 1400358K->855014K(4097536K), 0.0545329 secs]
2015-01-21T17:08:55.329+0300: 26.196: [GC 1346836K->1009856K(4097536K), 0.2983992 secs]
2015-01-21T17:08:55.955+0300: 26.827: [GC 1555200K->1076699K(4097536K), 0.1712058 secs]
2015-01-21T17:08:56.471+0300: 27.342: [GC 1622043K->1076259K(4097536K), 0.0559128 secs]
2015-01-21T17:08:56.844+0300: 27.715: [GC 1583600K->1245268K(4097536K), 0.3024889 secs]
2015-01-21T17:08:57.481+0300: 28.351: [GC 1790612K->1312111K(4097536K), 0.1684740 secs]
2015-01-21T17:08:57.983+0300: 28.853: [GC 1857455K->1311671K(4097536K), 0.0557658 secs]
2015-01-21T17:08:58.357+0300: 29.225: [GC 1814127K->1480601K(4097536K), 0.2986786 secs]
2015-01-21T17:08:58.979+0300: 29.851: [GC 2025945K->1547445K(4097536K), 0.1714102 secs]
2015-01-21T17:08:59.482+0300: 30.355: [GC 2092789K->1547001K(4097536K), 0.0554370 secs]
2015-01-21T17:08:59.856+0300: 30.731: [GC 2052872K->1716138K(4097536K), 0.2955587 secs]
2015-01-21T17:09:00.486+0300: 31.357: [GC 2261482K->1782982K(4097536K), 0.1682571 secs]
2015-01-21T17:09:00.987+0300: 31.855: [GC 2328326K->1784708K(4097536K), 0.0575693 secs]
2015-01-21T17:09:01.360+0300: 32.233: [GC 2290778K->1953677K(4097536K), 0.3104385 secs]
2015-01-21T17:09:02.005+0300: 32.874: [GC 2499021K->2020521K(4097536K), 0.1892643 secs]
2015-01-21T17:09:02.527+0300: 33.399: [GC 2565865K->2020007K(4097536K), 0.0562771 secs]
2015-01-21T17:09:02.897+0300: 33.771: [GC 2525614K->2189730K(4097536K), 0.3205582 secs]
2015-01-21T17:09:03.229+0300: 34.096: [GC 2243812K(4097536K), 0.1046859 secs]
2015-01-21T17:09:03.689+0300: 34.557: [GC 2735074K->2256573K(4097536K), 0.1790584 secs]
2015-01-21T17:09:04.213+0300: 35.083: [GC 2801917K->2256948K(4097536K), 0.0747793 secs]
2015-01-21T17:09:04.293+0300: 35.164: [GC 2268074K(4097536K), 0.0154835 secs]
2015-01-21T17:09:04.643+0300: 35.515: [GC 2517832K->2180866K(4097536K), 0.3155914 secs]
2015-01-21T17:09:05.328+0300: 36.202: [GC 2459787K->1981287K(4097536K), 0.1719168 secs]
2015-01-21T17:09:05.860+0300: 36.735: [GC 2268447K->1717469K(4097536K), 0.0702137 secs]
2015-01-21T17:09:06.275+0300: 37.141: [GC 1979942K->1646517K(4097536K), 0.3167609 secs]
2015-01-21T17:09:06.938+0300: 37.806: [GC 1929878K->1451378K(4097536K), 0.1699416 secs]
2015-01-21T17:09:07.460+0300: 38.326: [GC 1730822K->1174679K(4097536K), 0.0557635 secs]
2015-01-21T17:09:07.842+0300: 38.716: [GC 1425291K->1101913K(4097536K), 0.3312433 secs]
2015-01-21T17:09:08.521+0300: 39.393: [GC 1558170K->1079670K(4097536K), 0.1673451 secs]
2015-01-21T17:09:09.031+0300: 39.896: [GC 1625014K->1079227K(4097536K), 0.0589861 secs]
2015-01-21T17:09:09.403+0300: 40.274: [GC 1585089K->1247939K(4097536K), 0.3186610 secs]
2015-01-21T17:09:10.054+0300: 40.925: [GC 1793283K->1314782K(4097536K), 0.1668907 secs]
2015-01-21T17:09:10.565+0300: 41.430: [GC 1860126K->1314343K(4097536K), 0.0539129 secs]
2015-01-21T17:09:10.935+0300: 41.800: [GC 1820407K->1483312K(4097536K), 0.2943533 secs]
2015-01-21T17:09:11.560+0300: 42.426: [GC 2028656K->1550156K(4097536K), 0.1648993 secs]
2015-01-21T17:09:12.057+0300: 42.926: [GC 2095500K->1551686K(4097536K), 0.0558395 secs]
2015-01-21T17:09:12.433+0300: 43.301: [GC 2057288K->1719955K(4097536K), 0.2967790 secs]
2015-01-21T17:09:13.073+0300: 43.941: [GC 2265299K->1786799K(4097536K), 0.1637321 secs]
2015-01-21T17:09:13.570+0300: 44.440: [GC 2332143K->1786950K(4097536K), 0.0540669 secs]
2015-01-21T17:09:13.963+0300: 44.830: [GC 2292182K->1955220K(4097536K), 0.3028407 secs]
2015-01-21T17:09:14.265+0300: 45.136: [GC 2009302K(4097536K), 0.1115373 secs]
2015-01-21T17:09:14.746+0300: 45.612: [GC 2500564K->2022063K(4097536K), 0.1749126 secs]
2015-01-21T17:09:15.258+0300: 46.131: [GC 2567407K->2021616K(4097536K), 0.0559300 secs]
2015-01-21T17:09:15.438+0300: 46.303: [GC 2192194K(4097536K), 0.1510849 secs]
2015-01-21T17:09:15.801+0300: 46.675: [GC 2360982K->2022374K(4097536K), 0.3142064 secs]
2015-01-21T17:09:16.470+0300: 47.344: [GC 2303458K->1824958K(4097536K), 0.1722657 secs]
2015-01-21T17:09:17.015+0300: 47.882: [GC 2115898K->1564935K(4097536K), 0.0546584 secs]
