2015-01-22T17:13:16.502+0300: 0.115: [GC pause (young) 20M->18M(255M), 0.0746109 secs]
2015-01-22T17:13:16.612+0300: 0.227: [GC pause (young) 40M->44M(409M), 0.0471396 secs]
2015-01-22T17:13:16.702+0300: 0.310: [GC pause (young) 72M->75M(532M), 0.0449937 secs]
2015-01-22T17:13:16.798+0300: 0.406: [GC pause (young) 114M->117M(631M), 0.0545266 secs]
2015-01-22T17:13:16.928+0300: 0.544: [GC pause (young) 168M->173M(710M), 0.0555114 secs]
2015-01-22T17:13:17.056+0300: 0.664: [GC pause (young) 239M->244M(773M), 0.1005746 secs]
2015-01-22T17:13:17.338+0300: 0.955: [GC pause (young) 331M->334M(824M), 0.1309313 secs]
2015-01-22T17:13:17.590+0300: 1.198: [GC pause (young) 400M->403M(864M), 0.1119279 secs]
2015-01-22T17:13:17.742+0300: 1.349: [GC pause (young) (initial-mark) 410M->414M(896M), 0.0797546 secs]
2015-01-22T17:13:17.814+0300: 1.429: [GC concurrent-root-region-scan-start]
2015-01-22T17:13:17.824+0300: 1.433: [GC concurrent-root-region-scan-end, 0.0037810 secs]
2015-01-22T17:13:17.824+0300: 1.433: [GC concurrent-mark-start]
2015-01-22T17:13:18.037+0300: 1.645: [GC pause (young) 491M->494M(922M), 0.1127545 secs]
2015-01-22T17:13:18.231+0300: 1.840: [GC concurrent-mark-end, 0.4066947 secs]
2015-01-22T17:13:18.231+0300: 1.840: [GC remark, 0.0007809 secs]
2015-01-22T17:13:18.231+0300: 1.841: [GC cleanup 508M->165M(922M), 0.0006806 secs]
2015-01-22T17:13:18.231+0300: 1.842: [GC concurrent-cleanup-start]
2015-01-22T17:13:18.231+0300: 1.842: [GC concurrent-cleanup-end, 0.0001768 secs]
2015-01-22T17:13:18.317+0300: 1.925: [GC pause (young) 227M->231M(943M), 0.0800322 secs]
2015-01-22T17:13:18.528+0300: 2.136: [GC pause (young) 343M->345M(960M), 0.1491687 secs]
2015-01-22T17:13:18.839+0300: 2.449: [GC pause (young) 427M->431M(973M), 0.1157597 secs]
2015-01-22T17:13:18.959+0300: 2.566: [GC pause (young) (initial-mark) 432M->438M(984M), 0.1088084 secs]
2015-01-22T17:13:19.067+0300: 2.675: [GC concurrent-root-region-scan-start]
2015-01-22T17:13:19.070+0300: 2.678: [GC concurrent-root-region-scan-end, 0.0022415 secs]
2015-01-22T17:13:19.070+0300: 2.678: [GC concurrent-mark-start]
2015-01-22T17:13:19.375+0300: 2.987: [GC pause (young) 540M->539M(992M), 0.1357521 secs]
2015-01-22T17:13:19.705+0300: 3.313: [GC pause (young) 634M->640M(999M), 0.1071649 secs]
2015-01-22T17:13:19.812+0300: 3.420: [GC concurrent-mark-end, 0.7423975 secs]
2015-01-22T17:13:19.813+0300: 3.420: [GC remark, 0.0010856 secs]
2015-01-22T17:13:19.922+0300: 3.530: [GC cleanup 703M->373M(999M), 0.0009451 secs]
2015-01-22T17:13:19.923+0300: 3.531: [GC concurrent-cleanup-start]
2015-01-22T17:13:19.923+0300: 3.531: [GC concurrent-cleanup-end, 0.0002799 secs]
2015-01-22T17:13:19.959+0300: 3.568: [GC pause (young) 404M->407M(1004M), 0.1642517 secs]
2015-01-22T17:13:20.303+0300: 3.919: [GC pause (young) 473M->478M(1008M), 0.1093271 secs]
2015-01-22T17:13:20.453+0300: 4.061: [GC pause (young) (initial-mark) 486M->490M(1012M), 0.0740609 secs]
2015-01-22T17:13:20.527+0300: 4.135: [GC concurrent-root-region-scan-start]
2015-01-22T17:13:20.534+0300: 4.142: [GC concurrent-root-region-scan-end, 0.0070223 secs]
2015-01-22T17:13:20.534+0300: 4.142: [GC concurrent-mark-start]
2015-01-22T17:13:20.957+0300: 4.572: [GC pause (young) 626M->629M(1015M), 0.1228295 secs]
2015-01-22T17:13:21.291+0300: 4.900: [GC pause (young) 712M->715M(1017M), 0.1350738 secs]
2015-01-22T17:13:21.433+0300: 5.049: [GC concurrent-mark-end, 0.9072874 secs]
2015-01-22T17:13:21.433+0300: 5.049: [GC remark, 0.0009204 secs]
2015-01-22T17:13:21.433+0300: 5.050: [GC cleanup 732M->387M(1017M), 0.0006615 secs]
2015-01-22T17:13:21.443+0300: 5.051: [GC concurrent-cleanup-start]
2015-01-22T17:13:21.443+0300: 5.051: [GC concurrent-cleanup-end, 0.0002696 secs]
2015-01-22T17:13:21.525+0300: 5.133: [GC pause (young) 460M->465M(1019M), 0.2271250 secs]
2015-01-22T17:13:21.787+0300: 5.395: [GC pause (young) (initial-mark) 468M->471M(1020M), 0.0631989 secs]
2015-01-22T17:13:21.850+0300: 5.458: [GC concurrent-root-region-scan-start]
2015-01-22T17:13:21.859+0300: 5.467: [GC concurrent-root-region-scan-end, 0.0091388 secs]
2015-01-22T17:13:21.859+0300: 5.467: [GC concurrent-mark-start]
2015-01-22T17:13:22.283+0300: 5.896: [GC pause (young) 608M->609M(1021M), 0.1354759 secs]
2015-01-22T17:13:22.585+0300: 6.193: [GC pause (young) 692M->697M(1022M), 0.1357344 secs]
2015-01-22T17:13:22.859+0300: 6.473: [GC concurrent-mark-end, 1.0056102 secs]
2015-01-22T17:13:22.859+0300: 6.476: [GC remark, 0.0011103 secs]
2015-01-22T17:13:22.869+0300: 6.477: [GC cleanup 757M->437M(1022M), 0.0007721 secs]
2015-01-22T17:13:22.869+0300: 6.478: [GC concurrent-cleanup-start]
2015-01-22T17:13:22.869+0300: 6.478: [GC concurrent-cleanup-end, 0.0005076 secs]
2015-01-22T17:13:22.924+0300: 6.531: [GC pause (young) 466M->470M(1023M), 0.1238223 secs]
2015-01-22T17:13:23.059+0300: 6.667: [GC pause (young) (initial-mark) 473M->478M(1024M), 0.1031758 secs]
2015-01-22T17:13:23.162+0300: 6.770: [GC concurrent-root-region-scan-start]
2015-01-22T17:13:23.173+0300: 6.781: [GC concurrent-root-region-scan-end, 0.0107655 secs]
2015-01-22T17:13:23.173+0300: 6.781: [GC concurrent-mark-start]
2015-01-22T17:13:23.533+0300: 7.146: [GC pause (young) 559M->558M(1024M), 0.1252236 secs]
2015-01-22T17:13:23.895+0300: 7.504: [GC pause (young) 697M->702M(1024M), 0.1434583 secs]
2015-01-22T17:13:24.139+0300: 7.746: [GC concurrent-mark-end, 0.9654168 secs]
2015-01-22T17:13:24.144+0300: 7.752: [GC remark, 0.0084983 secs]
2015-01-22T17:13:24.152+0300: 7.760: [GC cleanup 718M->395M(1024M), 0.0007506 secs]
2015-01-22T17:13:24.153+0300: 7.761: [GC concurrent-cleanup-start]
2015-01-22T17:13:24.153+0300: 7.761: [GC concurrent-cleanup-end, 0.0002230 secs]
2015-01-22T17:13:24.245+0300: 7.853: [GC pause (young) 470M->473M(1024M), 0.1642820 secs]
2015-01-22T17:13:24.449+0300: 8.057: [GC pause (young) (initial-mark) 474M->479M(1024M), 0.0574133 secs]
2015-01-22T17:13:24.506+0300: 8.114: [GC concurrent-root-region-scan-start]
2015-01-22T17:13:24.515+0300: 8.123: [GC concurrent-root-region-scan-end, 0.0092531 secs]
2015-01-22T17:13:24.515+0300: 8.123: [GC concurrent-mark-start]
2015-01-22T17:13:24.926+0300: 8.537: [GC pause (young) 631M->629M(1024M), 0.1378868 secs]
2015-01-22T17:13:25.300+0300: 8.909: [GC pause (young) 767M->775M(1024M), 0.2023644 secs]
2015-01-22T17:13:25.534+0300: 9.145: [GC pause (young) 797M->802M(1024M), 0.2192149 secs]
2015-01-22T17:13:25.756+0300: 9.365: [Full GC 802M->117M(393M), 0.5380146 secs]
2015-01-22T17:13:26.287+0300: 9.903: [GC concurrent-mark-abort]
2015-01-22T17:13:26.357+0300: 9.964: [GC pause (young) 171M->173M(520M), 0.0335420 secs]
2015-01-22T17:13:26.485+0300: 10.093: [GC pause (young) 256M->259M(621M), 0.0857534 secs]
2015-01-22T17:13:26.644+0300: 10.252: [GC pause (young) (initial-mark) 302M->307M(702M), 0.0774319 secs]
2015-01-22T17:13:26.722+0300: 10.330: [GC concurrent-root-region-scan-start]
2015-01-22T17:13:26.725+0300: 10.333: [GC concurrent-root-region-scan-end, 0.0036359 secs]
2015-01-22T17:13:26.725+0300: 10.333: [GC concurrent-mark-start]
2015-01-22T17:13:26.835+0300: 10.443: [GC concurrent-mark-end, 0.1099326 secs]
2015-01-22T17:13:26.835+0300: 10.443: [GC remark, 0.0006246 secs]
2015-01-22T17:13:26.836+0300: 10.444: [GC cleanup 375M->106M(702M), 0.0005276 secs]
2015-01-22T17:13:26.837+0300: 10.445: [GC concurrent-cleanup-start]
2015-01-22T17:13:26.837+0300: 10.445: [GC concurrent-cleanup-end, 0.0001922 secs]
2015-01-22T17:13:26.875+0300: 10.486: [GC pause (young) 146M->149M(767M), 0.1462969 secs]
2015-01-22T17:13:27.120+0300: 10.728: [GC pause (young) 231M->237M(819M), 0.2015173 secs]
2015-01-22T17:13:27.439+0300: 11.047: [GC pause (young) 333M->337M(860M), 0.1500103 secs]
2015-01-22T17:13:27.684+0300: 11.292: [GC pause (young) 426M->430M(893M), 0.2020878 secs]
2015-01-22T17:13:27.918+0300: 11.526: [GC pause (young) (initial-mark) 444M->450M(920M), 0.1255021 secs]
2015-01-22T17:13:28.043+0300: 11.651: [GC concurrent-root-region-scan-start]
2015-01-22T17:13:28.073+0300: 11.681: [GC concurrent-root-region-scan-end, 0.0300129 secs]
2015-01-22T17:13:28.073+0300: 11.681: [GC concurrent-mark-start]
2015-01-22T17:13:28.361+0300: 11.969: [GC pause (young) 549M->555M(941M), 0.1224820 secs]
2015-01-22T17:13:28.595+0300: 12.210: [GC concurrent-mark-end, 0.5289658 secs]
2015-01-22T17:13:28.605+0300: 12.222: [GC remark, 0.0008453 secs]
2015-01-22T17:13:28.615+0300: 12.223: [GC cleanup 646M->298M(941M), 0.0007035 secs]
2015-01-22T17:13:28.615+0300: 12.223: [GC concurrent-cleanup-start]
2015-01-22T17:13:28.615+0300: 12.223: [GC concurrent-cleanup-end, 0.0002556 secs]
2015-01-22T17:13:28.645+0300: 12.254: [GC pause (young) 304M->307M(958M), 0.1429008 secs]
2015-01-22T17:13:28.903+0300: 12.511: [GC pause (young) 385M->387M(972M), 0.1545848 secs]
2015-01-22T17:13:29.229+0300: 12.837: [GC pause (young) 473M->477M(983M), 0.1134015 secs]
2015-01-22T17:13:29.375+0300: 12.983: [GC pause (young) (initial-mark) 483M->487M(992M), 0.0691944 secs]
2015-01-22T17:13:29.444+0300: 13.052: [GC concurrent-root-region-scan-start]
2015-01-22T17:13:29.457+0300: 13.065: [GC concurrent-root-region-scan-end, 0.0133261 secs]
2015-01-22T17:13:29.457+0300: 13.065: [GC concurrent-mark-start]
2015-01-22T17:13:29.869+0300: 13.485: [GC pause (young) 626M->627M(999M), 0.1524104 secs]
2015-01-22T17:13:30.175+0300: 13.783: [GC pause (young) 728M->732M(1004M), 0.2194794 secs]
2015-01-22T17:13:30.478+0300: 14.086: [GC pause (young) 798M->804M(1008M), 0.2198508 secs]
2015-01-22T17:13:30.793+0300: 14.401: [GC pause (young) 882M->886M(1012M), 0.1728572 secs]
2015-01-22T17:13:30.985+0300: 14.601: [GC concurrent-mark-end, 1.5361779 secs]
2015-01-22T17:13:30.995+0300: 14.604: [GC remark, 0.0009171 secs]
2015-01-22T17:13:31.005+0300: 14.613: [GC cleanup 949M->605M(1012M), 0.0010039 secs]
2015-01-22T17:13:31.005+0300: 14.614: [GC concurrent-cleanup-start]
2015-01-22T17:13:31.005+0300: 14.614: [GC concurrent-cleanup-end, 0.0002958 secs]
2015-01-22T17:13:31.103+0300: 14.711: [GC pause (young) 657M->659M(1015M), 0.1757687 secs]
2015-01-22T17:13:31.317+0300: 14.925: [GC pause (young) (initial-mark) 668M->673M(1017M), 0.0799501 secs]
2015-01-22T17:13:31.397+0300: 15.005: [GC concurrent-root-region-scan-start]
2015-01-22T17:13:31.409+0300: 15.019: [GC concurrent-root-region-scan-end, 0.0146962 secs]
2015-01-22T17:13:31.409+0300: 15.019: [GC concurrent-mark-start]
2015-01-22T17:13:31.551+0300: 15.167: [GC pause (young) 768M->772M(1019M), 0.1424072 secs]
2015-01-22T17:13:31.721+0300: 15.329: [GC concurrent-mark-end, 0.3100550 secs]
2015-01-22T17:13:31.721+0300: 15.330: [GC remark, 0.0007221 secs]
2015-01-22T17:13:31.721+0300: 15.330: [GC cleanup 785M->163M(1019M), 0.0008108 secs]
2015-01-22T17:13:31.721+0300: 15.331: [GC concurrent-cleanup-start]
2015-01-22T17:13:31.721+0300: 15.332: [GC concurrent-cleanup-end, 0.0004352 secs]
2015-01-22T17:13:31.791+0300: 15.399: [GC pause (young) 234M->240M(1020M), 0.1945967 secs]
2015-01-22T17:13:32.106+0300: 15.714: [GC pause (young) 350M->352M(1021M), 0.1832943 secs]
2015-01-22T17:13:32.453+0300: 16.062: [GC pause (young) 429M->434M(1022M), 0.1004183 secs]
2015-01-22T17:13:32.622+0300: 16.230: [GC pause (young) (initial-mark) 495M->500M(1023M), 0.1502085 secs]
2015-01-22T17:13:32.765+0300: 16.380: [GC concurrent-root-region-scan-start]
2015-01-22T17:13:32.775+0300: 16.385: [GC concurrent-root-region-scan-end, 0.0049025 secs]
2015-01-22T17:13:32.775+0300: 16.385: [GC concurrent-mark-start]
2015-01-22T17:13:33.167+0300: 16.781: [GC pause (young) 641M->644M(1024M), 0.2188973 secs]
2015-01-22T17:13:33.503+0300: 17.111: [GC pause (young) 718M->721M(1024M), 0.1917146 secs]
2015-01-22T17:13:33.893+0300: 17.503: [GC concurrent-mark-end, 1.1171475 secs]
2015-01-22T17:13:33.893+0300: 17.503: [GC remark, 0.0011280 secs]
2015-01-22T17:13:33.893+0300: 17.504: [GC cleanup 763M->406M(1024M), 0.0008542 secs]
2015-01-22T17:13:33.893+0300: 17.505: [GC concurrent-cleanup-start]
2015-01-22T17:13:33.893+0300: 17.505: [GC concurrent-cleanup-end, 0.0002533 secs]
2015-01-22T17:13:34.063+0300: 17.673: [GC pause (young) 447M->452M(1024M), 0.1187640 secs]
2015-01-22T17:13:34.215+0300: 17.831: [GC pause (young) (initial-mark) 465M->470M(1024M), 0.0747593 secs]
2015-01-22T17:13:34.298+0300: 17.906: [GC concurrent-root-region-scan-start]
2015-01-22T17:13:34.303+0300: 17.911: [GC concurrent-root-region-scan-end, 0.0045955 secs]
2015-01-22T17:13:34.303+0300: 17.911: [GC concurrent-mark-start]
2015-01-22T17:13:34.829+0300: 18.438: [GC concurrent-mark-end, 0.5271110 secs]
2015-01-22T17:13:34.829+0300: 18.439: [GC remark, 0.0011042 secs]
2015-01-22T17:13:34.829+0300: 18.440: [GC cleanup 605M->275M(1024M), 0.0008514 secs]
2015-01-22T17:13:34.829+0300: 18.441: [GC concurrent-cleanup-start]
2015-01-22T17:13:34.829+0300: 18.441: [GC concurrent-cleanup-end, 0.0002762 secs]
2015-01-22T17:13:34.869+0300: 18.477: [GC pause (young) 281M->285M(1024M), 0.1222385 secs]
2015-01-22T17:13:35.127+0300: 18.735: [GC pause (young) 394M->396M(1024M), 0.2299883 secs]
2015-01-22T17:13:35.830+0300: 19.445: [GC pause (young) 499M->502M(1024M), 0.1874559 secs]
2015-01-22T17:13:36.084+0300: 19.692: [GC pause (young) (initial-mark) 542M->546M(1024M), 0.1276051 secs]
2015-01-22T17:13:36.211+0300: 19.819: [GC concurrent-root-region-scan-start]
2015-01-22T17:13:36.216+0300: 19.824: [GC concurrent-root-region-scan-end, 0.0049948 secs]
2015-01-22T17:13:36.216+0300: 19.824: [GC concurrent-mark-start]
2015-01-22T17:13:36.990+0300: 20.605: [GC pause (young) 679M->682M(1024M), 0.1434000 secs]
2015-01-22T17:13:37.243+0300: 20.850: [GC pause (young) 772M->777M(1024M), 0.2276507 secs]
2015-01-22T17:13:37.569+0300: 21.176: [GC concurrent-mark-end, 1.3211727 secs]
2015-01-22T17:13:37.580+0300: 21.187: [GC remark, 0.0011602 secs]
2015-01-22T17:13:37.582+0300: 21.189: [GC cleanup 818M->472M(1024M), 0.0007147 secs]
2015-01-22T17:13:37.582+0300: 21.189: [GC concurrent-cleanup-start]
2015-01-22T17:13:37.583+0300: 21.190: [GC concurrent-cleanup-end, 0.0002804 secs]
2015-01-22T17:13:37.707+0300: 21.314: [GC pause (young) 508M->511M(1024M), 0.1043346 secs]
2015-01-22T17:13:37.827+0300: 21.435: [GC pause (young) (initial-mark) 521M->526M(1024M), 0.0802146 secs]
2015-01-22T17:13:37.907+0300: 21.515: [GC concurrent-root-region-scan-start]
2015-01-22T17:13:37.907+0300: 21.519: [GC concurrent-root-region-scan-end, 0.0045745 secs]
2015-01-22T17:13:37.907+0300: 21.519: [GC concurrent-mark-start]
2015-01-22T17:13:38.662+0300: 22.270: [GC pause (young) 661M->662M(1024M), 0.1893467 secs]
2015-01-22T17:13:38.956+0300: 22.563: [GC concurrent-mark-end, 1.0430059 secs]
2015-01-22T17:13:38.956+0300: 22.563: [GC remark, 0.0011784 secs]
2015-01-22T17:13:38.957+0300: 22.564: [GC cleanup 732M->415M(1024M), 0.0006531 secs]
2015-01-22T17:13:38.958+0300: 22.565: [GC concurrent-cleanup-start]
2015-01-22T17:13:38.958+0300: 22.565: [GC concurrent-cleanup-end, 0.0002281 secs]
2015-01-22T17:13:39.010+0300: 22.617: [GC pause (young) 477M->479M(1024M), 0.2466700 secs]
2015-01-22T17:13:39.476+0300: 23.087: [GC pause (young) 521M->524M(1024M), 0.1362657 secs]
2015-01-22T17:13:39.656+0300: 23.263: [GC pause (young) (initial-mark) 527M->530M(1024M), 0.0318313 secs]
2015-01-22T17:13:39.688+0300: 23.295: [GC concurrent-root-region-scan-start]
2015-01-22T17:13:39.689+0300: 23.296: [GC concurrent-root-region-scan-end, 0.0016640 secs]
2015-01-22T17:13:39.689+0300: 23.296: [GC concurrent-mark-start]
2015-01-22T17:13:40.300+0300: 23.911: [GC pause (young) 691M->689M(1024M), 0.2176746 secs]
2015-01-22T17:13:40.604+0300: 24.211: [GC pause (young) 758M->763M(1024M), 0.2149576 secs]
2015-01-22T17:13:40.819+0300: 24.426: [Full GC 763M->117M(441M), 0.5279694 secs]
2015-01-22T17:13:41.343+0300: 24.954: [GC concurrent-mark-abort]
2015-01-22T17:13:41.443+0300: 25.054: [GC pause (young) (initial-mark) 199M->201M(558M), 0.0616604 secs]
2015-01-22T17:13:41.509+0300: 25.116: [GC concurrent-root-region-scan-start]
2015-01-22T17:13:41.577+0300: 25.183: [GC concurrent-root-region-scan-end, 0.0677053 secs]
2015-01-22T17:13:41.577+0300: 25.183: [GC concurrent-mark-start]
2015-01-22T17:13:42.097+0300: 25.707: [GC pause (young) 362M->367M(652M), 0.2331046 secs]
2015-01-22T17:13:42.422+0300: 26.029: [GC pause (young) 436M->441M(727M), 0.2354133 secs]
2015-01-22T17:13:42.843+0300: 26.455: [GC pause (young) 506M->509M(787M), 0.0536659 secs]
2015-01-22T17:13:43.105+0300: 26.720: [GC concurrent-mark-end, 1.5364718 secs]
2015-01-22T17:13:43.105+0300: 26.721: [GC remark, 0.0012745 secs]
2015-01-22T17:13:43.115+0300: 26.722: [GC cleanup 632M->608M(787M), 0.0004852 secs]
2015-01-22T17:13:43.115+0300: 26.722: [GC concurrent-cleanup-start]
2015-01-22T17:13:43.115+0300: 26.722: [GC concurrent-cleanup-end, 0.0000261 secs]
2015-01-22T17:13:43.115+0300: 26.731: [GC pause (young) 610M->614M(835M), 0.1197124 secs]
2015-01-22T17:13:43.277+0300: 26.884: [GC pause (young) (initial-mark) 621M->626M(873M), 0.0998380 secs]
