0.224: [GC0.224: [ParNew: 69440K->8640K(78080K), 0.2419334 secs] 69440K->60796K(251648K), 0.2421125 secs] [Times: user=1.47 sys=0.05, real=0.24 secs] 
0.496: [GC0.496: [ParNew: 56315K->8640K(78080K), 0.0907314 secs] 108472K->118823K(251648K), 0.0908551 secs] [Times: user=0.70 sys=0.03, real=0.10 secs] 
0.589: [GC [1 CMS-initial-mark: 110183K(173568K)] 142860K(251648K), 0.0270080 secs] [Times: user=0.03 sys=0.00, real=0.02 secs] 
0.616: [CMS-concurrent-mark-start]
0.652: [GC0.652: [ParNew: 65329K->8640K(78080K), 0.1309582 secs] 175513K->190933K(260864K), 0.1310795 secs] [Times: user=0.72 sys=0.03, real=0.13 secs] 
0.828: [GC0.828: [ParNew: 78080K->8640K(78080K), 0.1572898 secs] 260373K->277065K(347032K), 0.1574045 secs] [Times: user=1.09 sys=0.01, real=0.16 secs] 
1.012: [GC1.012: [ParNew: 78080K->8638K(78080K), 0.1279180 secs] 346505K->354183K(424156K), 0.1279871 secs] [Times: user=0.97 sys=0.03, real=0.13 secs] 
1.214: [GC1.214: [ParNew: 70230K->8640K(78080K), 0.1291547 secs] 415775K->424641K(494620K), 0.1292177 secs] [Times: user=1.00 sys=0.02, real=0.13 secs] 
1.387: [GC1.387: [ParNew: 71527K->8640K(78080K), 0.1213091 secs] 487528K->483398K(553272K), 0.1213744 secs] [Times: user=0.65 sys=0.01, real=0.12 secs] 
1.547: [GC1.547: [ParNew: 64999K->8640K(78080K), 0.1215050 secs] 539757K->555507K(625504K), 0.1215690 secs] [Times: user=0.84 sys=0.00, real=0.12 secs] 
1.710: [GC1.710: [ParNew: 78080K->8640K(78080K), 0.1494605 secs] 624947K->641639K(711480K), 0.1495244 secs] [Times: user=1.05 sys=0.02, real=0.15 secs] 
1.887: [GC1.887: [ParNew: 78080K->8640K(78080K), 0.1249716 secs] 711079K->718757K(788604K), 0.1250360 secs] [Times: user=0.73 sys=0.05, real=0.13 secs] 
2.076: [GC2.076: [ParNew: 69995K->8640K(78080K), 0.1334526 secs] 780113K->789215K(859068K), 0.1335169 secs] [Times: user=0.78 sys=0.01, real=0.13 secs] 
2.251: [GC2.251: [ParNew: 71381K->8640K(78080K), 0.1062608 secs] 851956K->847972K(917912K), 0.1063233 secs] [Times: user=0.66 sys=0.00, real=0.11 secs] 
2.404: [GC2.404: [ParNew: 65167K->8640K(78080K), 0.1251423 secs] 904499K->920082K(989952K), 0.1252240 secs] [Times: user=0.81 sys=0.00, real=0.13 secs] 
2.578: [GC2.578: [ParNew: 78080K->8640K(78080K), 0.1412590 secs] 989522K->1006213K(1076120K), 0.1413243 secs] [Times: user=0.91 sys=0.02, real=0.14 secs] 
2.747: [GC2.747: [ParNew: 78080K->8640K(78080K), 0.1227697 secs] 1075653K->1083331K(1153244K), 0.1228336 secs] [Times: user=0.89 sys=0.00, real=0.12 secs] 
2.942: [GC2.942: [ParNew: 70299K->8640K(78080K), 0.1300126 secs] 1144991K->1153789K(1223708K), 0.1300765 secs] [Times: user=0.87 sys=0.03, real=0.13 secs] 
3.113: [GC3.113: [ParNew: 71196K->8640K(78080K), 0.1045375 secs] 1216346K->1212546K(1282360K), 0.1046019 secs] [Times: user=0.66 sys=0.00, real=0.11 secs] 
3.274: [GC3.274: [ParNew: 65037K->8640K(78080K), 0.1223872 secs] 1268943K->1284656K(1354592K), 0.1224441 secs] [Times: user=0.92 sys=0.03, real=0.12 secs] 
3.438: [GC3.438: [ParNew: 78080K->8640K(78080K), 0.1481431 secs] 1354096K->1370787K(1440760K), 0.1482052 secs] [Times: user=1.11 sys=0.00, real=0.15 secs] 
3.617: [GC3.617: [ParNew: 78080K->8640K(78080K), 0.1162924 secs] 1440227K->1447905K(1517884K), 0.1163558 secs] [Times: user=0.70 sys=0.00, real=0.12 secs] 
3.800: [GC3.800: [ParNew: 69880K->8640K(78080K), 0.1340753 secs] 1509146K->1518363K(1588156K), 0.1341425 secs] [Times: user=0.97 sys=0.00, real=0.14 secs] 
3.998: [GC3.998: [ParNew: 71219K->8640K(78080K), 0.1133567 secs] 1580942K->1577120K(1647192K), 0.1134239 secs] [Times: user=0.42 sys=0.00, real=0.12 secs] 
4.150: [GC4.150: [ParNew: 65052K->8640K(78080K), 0.1282898 secs] 1633532K->1649230K(1719232K), 0.1283505 secs] [Times: user=0.73 sys=0.00, real=0.13 secs] 
4.358: [GC4.358: [ParNew: 78080K->8640K(78080K), 0.1653859 secs] 1718670K->1752504K(1822680K), 0.1654517 secs] [Times: user=1.12 sys=0.05, real=0.17 secs] 
4.554: [GC4.554: [ParNew: 78080K->8640K(78080K), 0.1199815 secs] 1821944K->1829622K(1899612K), 0.1200468 secs] [Times: user=0.89 sys=0.02, real=0.12 secs] 
4.764: [GC4.764: [ParNew: 70381K->8640K(78080K), 0.1318142 secs] 1891363K->1907057K(1977180K), 0.1319294 secs] [Times: user=0.78 sys=0.00, real=0.13 secs] 
4.940: [GC4.940: [ParNew: 71336K->8640K(78080K), 0.1069027 secs] 1969754K->1965814K(2036024K), 0.1069689 secs] [Times: user=0.75 sys=0.00, real=0.11 secs] 
5.089: [GC5.089: [ParNew: 65135K->8640K(78080K), 0.1243847 secs] 2022310K->2037924K(2108064K), 0.1244510 secs] [Times: user=0.87 sys=0.01, real=0.13 secs] 
5.261: [GC5.261: [ParNew: 78080K->8640K(78080K), 0.1535611 secs] 2107364K->2124055K(2194232K), 0.1536231 secs] [Times: user=0.92 sys=0.00, real=0.16 secs] 
5.441: [GC5.441: [ParNew: 78080K->8640K(78080K), 0.1205193 secs] 2193495K->2201173K(2271356K), 0.1205814 secs] [Times: user=0.89 sys=0.02, real=0.12 secs] 
5.626: [GC5.626: [ParNew: 70268K->8640K(78080K), 0.1422806 secs] 2262801K->2272104K(2342204K), 0.1423483 secs] [Times: user=0.83 sys=0.06, real=0.14 secs] 
5.845: [GC5.845: [ParNew: 71177K->8640K(78080K), 0.1098118 secs] 2334642K->2330861K(2401048K), 0.1098766 secs] [Times: user=0.62 sys=0.00, real=0.11 secs] 
6.001: [GC6.001: [ParNew: 65023K->8640K(78080K), 0.1247192 secs] 2387244K->2402971K(2473088K), 0.1247897 secs] [Times: user=0.75 sys=0.05, real=0.12 secs] 
6.197: [GC6.198: [ParNew: 78080K->8640K(78080K), 0.1483796 secs] 2472411K->2489102K(2559256K), 0.1484473 secs] [Times: user=1.01 sys=0.02, real=0.15 secs] 
6.378: [GC6.378: [ParNew: 78080K->8640K(78080K), 0.1233221 secs] 2558542K->2566220K(2636380K), 0.1233864 secs] [Times: user=0.73 sys=0.03, real=0.13 secs] 
6.568: [GC6.568: [ParNew: 69867K->8640K(78080K), 0.1344453 secs] 2627448K->2636805K(2707036K), 0.1345111 secs] [Times: user=0.83 sys=0.02, real=0.13 secs] 
6.756: [GC6.756: [ParNew: 71211K->8640K(78080K), 0.1077092 secs] 2699376K->2695562K(2765688K), 0.1077745 secs] [Times: user=0.56 sys=0.00, real=0.11 secs] 
6.907: [GC6.907: [ParNew: 65046K->8640K(78080K), 0.1285781 secs] 2751969K->2767672K(2837728K), 0.1286402 secs] [Times: user=0.83 sys=0.06, real=0.13 secs] 
7.078: [GC7.078: [ParNew: 78080K->8640K(78080K), 0.1459599 secs] 2837112K->2853803K(2923896K), 0.1460238 secs] [Times: user=1.09 sys=0.00, real=0.14 secs] 
7.252: [GC7.252: [ParNew: 78080K->8640K(78080K), 0.1349398 secs] 2923243K->2930921K(3001020K), 0.1350051 secs] [Times: user=0.98 sys=0.05, real=0.14 secs] 
7.472: [GC7.472: [ParNew: 70375K->8640K(78080K), 0.1459566 secs] 2992657K->3001706K(3071868K), 0.1460261 secs] [Times: user=0.73 sys=0.01, real=0.15 secs] 
7.660: [GC7.660: [ParNew: 71332K->8640K(78080K), 0.1173644 secs] 3064399K->3060463K(3130520K), 0.1174320 secs] [Times: user=0.58 sys=0.03, real=0.12 secs] 
7.845: [GC7.845: [ParNew: 65132K->8640K(78080K), 0.1392395 secs] 3116956K->3132573K(3202752K), 0.1393113 secs] [Times: user=0.89 sys=0.00, real=0.14 secs] 
8.027: [GC8.027: [ParNew: 78080K->8640K(78080K), 0.1508983 secs] 3202013K->3218704K(3288920K), 0.1509589 secs] [Times: user=0.89 sys=0.09, real=0.15 secs] 
8.193: [GC8.193: [ParNew: 24015K->8640K(78080K), 0.0597708 secs] 3234080K->3240738K(3311000K), 0.0598328 secs] [Times: user=0.20 sys=0.00, real=0.06 secs] 
8.299: [GC8.299: [ParNew: 77865K->8640K(78080K), 0.1307431 secs] 3309964K->3315992K(3386204K), 0.1308005 secs] [Times: user=0.70 sys=0.00, real=0.13 secs] 
8.476: [GC8.476: [ParNew: 78080K->8640K(78080K), 0.1306811 secs] 3385432K->3384008K(3454104K), 0.1307450 secs] [Times: user=0.87 sys=0.02, real=0.13 secs] 
8.644: [GC8.644: [ParNew: 78080K->8640K(78080K), 0.1248848 secs] 3453448K->3452111K(3522304K), 0.1249492 secs] [Times: user=0.78 sys=0.00, real=0.13 secs] 
8.810: [GC8.810: [ParNew: 78080K->78080K(78080K), 0.0000182 secs]8.810: [CMS10.776: [CMS-concurrent-mark: 4.232/10.160 secs] [Times: user=47.60 sys=0.81, real=10.16 secs] 
 (concurrent mode failure): 3443471K->190926K(3444224K), 3.3446142 secs] 3521551K->190926K(3522304K), [CMS Perm : 2671K->2670K(21248K)], 3.3459078 secs] [Times: user=5.27 sys=0.00, real=3.34 secs] 
12.620: [GC12.620: [ParNew: 538778K->68096K(613440K), 0.2514855 secs] 729704K->444426K(4097536K), 0.2515550 secs] [Times: user=1.62 sys=0.03, real=0.25 secs] 
13.222: [GC13.222: [ParNew: 613440K->46358K(613440K), 0.1199054 secs] 989770K->484211K(4097536K), 0.1200220 secs] [Times: user=0.84 sys=0.00, real=0.12 secs] 
13.691: [GC13.691: [ParNew: 591702K->68096K(613440K), 0.3135537 secs] 1029555K->688066K(4097536K), 0.3136200 secs] [Times: user=1.81 sys=0.00, real=0.32 secs] 
14.345: [GC14.345: [ParNew: 613440K->68096K(613440K), 0.1737465 secs] 1233410K->747231K(4097536K), 0.1738048 secs] [Times: user=1.01 sys=0.00, real=0.17 secs] 
14.857: [GC14.857: [ParNew: 603078K->57018K(613440K), 0.0428681 secs] 1282214K->736154K(4097536K), 0.0429367 secs] [Times: user=0.28 sys=0.00, real=0.04 secs] 
15.231: [GC15.231: [ParNew: 583438K->68096K(613440K), 0.3134315 secs] 1262574K->922606K(4097536K), 0.3134908 secs] [Times: user=1.81 sys=0.05, real=0.32 secs] 
15.890: [GC15.890: [ParNew: 613440K->68096K(613440K), 0.1708696 secs] 1467950K->989449K(4097536K), 0.1709340 secs] [Times: user=1.05 sys=0.00, real=0.17 secs] 
16.409: [GC16.409: [ParNew: 613440K->66154K(613440K), 0.0571593 secs] 1534793K->987508K(4097536K), 0.0572316 secs] [Times: user=0.28 sys=0.00, real=0.05 secs] 
16.790: [GC16.790: [ParNew: 571880K->68096K(613440K), 0.3157183 secs] 1493234K->1162572K(4097536K), 0.3157859 secs] [Times: user=1.95 sys=0.00, real=0.32 secs] 
17.450: [GC17.450: [ParNew: 613440K->68096K(613440K), 0.1687032 secs] 1707916K->1229415K(4097536K), 0.1687703 secs] [Times: user=1.12 sys=0.00, real=0.17 secs] 
17.964: [GC17.964: [ParNew: 613440K->62451K(613440K), 0.0564325 secs] 1774759K->1223771K(4097536K), 0.0565001 secs] [Times: user=0.34 sys=0.00, real=0.06 secs] 
18.340: [GC18.340: [ParNew: 567781K->68096K(613440K), 0.3117237 secs] 1729101K->1399001K(4097536K), 0.3117992 secs] [Times: user=1.92 sys=0.00, real=0.31 secs] 
18.996: [GC18.996: [ParNew: 613440K->68096K(613440K), 0.1705505 secs] 1944345K->1465844K(4097536K), 0.1706513 secs] [Times: user=1.05 sys=0.00, real=0.17 secs] 
19.512: [GC19.513: [ParNew: 613440K->62476K(613440K), 0.0567166 secs] 2011188K->1460225K(4097536K), 0.0568029 secs] [Times: user=0.30 sys=0.00, real=0.06 secs] 
19.889: [GC19.889: [ParNew: 567489K->68096K(613440K), 0.3188802 secs] 1965237K->1635219K(4097536K), 0.3189521 secs] [Times: user=1.95 sys=0.00, real=0.32 secs] 
20.554: [GC20.554: [ParNew: 613440K->68096K(613440K), 0.1709648 secs] 2180563K->1702062K(4097536K), 0.1710310 secs] [Times: user=1.03 sys=0.00, real=0.17 secs] 
21.070: [GC21.070: [ParNew: 613440K->68096K(613440K), 0.0559226 secs] 2247406K->1702207K(4097536K), 0.0559912 secs] [Times: user=0.39 sys=0.00, real=0.06 secs] 
21.451: [GC21.451: [ParNew: 575241K->68096K(613440K), 0.3135934 secs] 2209352K->1871123K(4097536K), 0.3136620 secs] [Times: user=1.87 sys=0.00, real=0.31 secs] 
21.769: [GC [1 CMS-initial-mark: 1803027K(3484096K)] 1925206K(4097536K), 0.1070286 secs] [Times: user=0.11 sys=0.00, real=0.11 secs] 
21.876: [CMS-concurrent-mark-start]
22.139: [CMS-concurrent-mark: 0.263/0.263 secs] [Times: user=0.80 sys=0.00, real=0.27 secs] 
22.139: [CMS-concurrent-preclean-start]
22.144: [CMS-concurrent-preclean: 0.005/0.005 secs] [Times: user=0.00 sys=0.00, real=0.00 secs] 
22.144: [CMS-concurrent-abortable-preclean-start]
22.254: [GC22.254: [ParNew: 613440K->68096K(613440K), 0.1838770 secs] 2416467K->1937954K(4097536K), 0.1839400 secs] [Times: user=1.34 sys=0.00, real=0.18 secs] 
22.793: [GC22.793: [ParNew: 613440K->57292K(613440K), 0.0540631 secs] 2483298K->1927151K(4097536K), 0.0541257 secs] [Times: user=0.33 sys=0.00, real=0.06 secs] 
22.952: [CMS-concurrent-abortable-preclean: 0.470/0.808 secs] [Times: user=2.73 sys=0.00, real=0.81 secs] 
22.957: [GC[YG occupancy: 228273 K (613440 K)]22.957: [Rescan (parallel) , 0.1903250 secs]23.147: [weak refs processing, 0.0000135 secs]23.147: [scrub string table, 0.0001064 secs] [1 CMS-remark: 1869858K(3484096K)] 2098132K(4097536K), 0.1905419 secs] [Times: user=0.89 sys=0.00, real=0.19 secs] 
23.148: [CMS-concurrent-sweep-start]
23.374: [GC23.374: [ParNew: 563385K->68096K(613440K), 0.3129781 secs] 2181265K->1854361K(4097536K), 0.3130453 secs] [Times: user=2.15 sys=0.00, real=0.31 secs] 
24.042: [GC24.042: [ParNew: 613440K->68096K(613440K), 0.1712708 secs] 2141361K->1662861K(4097536K), 0.1713389 secs] [Times: user=1.22 sys=0.00, real=0.17 secs] 
24.578: [GC24.578: [ParNew: 613440K->67655K(613440K), 0.0547186 secs] 1955107K->1409323K(4097536K), 0.0548049 secs] [Times: user=0.45 sys=0.00, real=0.06 secs] 
24.963: [GC24.963: [ParNew: 573281K->68096K(613440K), 0.3155116 secs] 1678967K->1342327K(4097536K), 0.3309164 secs] [Times: user=2.14 sys=0.00, real=0.33 secs] 
25.658: [GC25.658: [ParNew: 613440K->68096K(613440K), 0.1724688 secs] 1633365K->1154865K(4097536K), 0.1725387 secs] [Times: user=1.25 sys=0.00, real=0.17 secs] 
26.202: [GC26.202: [ParNew: 613440K->62476K(613440K), 0.0566699 secs] 1440698K->889735K(4097536K), 0.0567548 secs] [Times: user=0.42 sys=0.02, real=0.06 secs] 
26.461: [CMS-concurrent-sweep: 2.213/3.313 secs] [Times: user=12.00 sys=0.02, real=3.31 secs] 
26.461: [CMS-concurrent-reset-start]
26.465: [CMS-concurrent-reset: 0.004/0.004 secs] [Times: user=0.00 sys=0.00, real=0.00 secs] 
26.586: [GC26.586: [ParNew: 567726K->68096K(613440K), 0.2978154 secs] 1343755K->1012393K(4097536K), 0.2978933 secs] [Times: user=1.87 sys=0.00, real=0.30 secs] 
27.229: [GC27.230: [ParNew: 613440K->68096K(613440K), 0.1751315 secs] 1557737K->1079237K(4097536K), 0.1752020 secs] [Times: user=0.89 sys=0.00, real=0.17 secs] 
27.745: [GC27.745: [ParNew: 613440K->68096K(613440K), 0.0562095 secs] 1624581K->1079237K(4097536K), 0.0562776 secs] [Times: user=0.39 sys=0.00, real=0.06 secs] 
28.131: [GC28.131: [ParNew: 575436K->68096K(613440K), 0.2982586 secs] 1586577K->1247507K(4097536K), 0.2983248 secs] [Times: user=1.87 sys=0.00, real=0.30 secs] 
28.771: [GC28.771: [ParNew: 613440K->68096K(613440K), 0.1736532 secs] 1792851K->1314350K(4097536K), 0.1737152 secs] [Times: user=0.89 sys=0.00, real=0.17 secs] 
29.287: [GC29.287: [ParNew: 613440K->67656K(613440K), 0.0560621 secs] 1859694K->1313910K(4097536K), 0.0561428 secs] [Times: user=0.39 sys=0.00, real=0.06 secs] 
29.668: [GC29.668: [ParNew: 570112K->68096K(613440K), 0.2948340 secs] 1816366K->1483131K(4097536K), 0.2949017 secs] [Times: user=1.73 sys=0.00, real=0.29 secs] 
30.307: [GC30.307: [ParNew: 613440K->68096K(613440K), 0.1695998 secs] 2028475K->1549974K(4097536K), 0.1696684 secs] [Times: user=0.95 sys=0.00, real=0.17 secs] 
30.821: [GC30.821: [ParNew: 613440K->67652K(613440K), 0.0568141 secs] 2095318K->1549531K(4097536K), 0.0569144 secs] [Times: user=0.30 sys=0.00, real=0.06 secs] 
31.205: [GC31.205: [ParNew: 573522K->68096K(613440K), 0.3017895 secs] 2055401K->1718244K(4097536K), 0.3018628 secs] [Times: user=1.86 sys=0.00, real=0.30 secs] 
31.850: [GC31.850: [ParNew: 613440K->68096K(613440K), 0.1666333 secs] 2263588K->1785087K(4097536K), 0.1667028 secs] [Times: user=1.01 sys=0.00, real=0.17 secs] 
32.361: [GC32.361: [ParNew: 613440K->68096K(613440K), 0.0590757 secs] 2330431K->1785087K(4097536K), 0.0591522 secs] [Times: user=0.34 sys=0.00, real=0.06 secs] 
32.742: [GC32.742: [ParNew: 574166K->68096K(613440K), 0.3040021 secs] 2291158K->1953357K(4097536K), 0.3040740 secs] [Times: user=1.97 sys=0.00, real=0.31 secs] 
33.391: [GC33.391: [ParNew: 613440K->68096K(613440K), 0.1702986 secs] 2498701K->2020201K(4097536K), 0.1703681 secs] [Times: user=0.98 sys=0.00, real=0.17 secs] 
33.901: [GC33.901: [ParNew: 613440K->68096K(613440K), 0.0578381 secs] 2565545K->2021265K(4097536K), 0.0579038 secs] [Times: user=0.23 sys=0.00, real=0.06 secs] 
34.280: [GC34.280: [ParNew: 573703K->68096K(613440K), 0.3106479 secs] 2526872K->2189534K(4097536K), 0.3107137 secs] [Times: user=2.01 sys=0.00, real=0.31 secs] 
34.594: [GC [1 CMS-initial-mark: 2121438K(3484096K)] 2243617K(4097536K), 0.1070496 secs] [Times: user=0.11 sys=0.00, real=0.11 secs] 
34.701: [CMS-concurrent-mark-start]
34.946: [CMS-concurrent-mark: 0.245/0.245 secs] [Times: user=0.75 sys=0.00, real=0.24 secs] 
34.946: [CMS-concurrent-preclean-start]
34.952: [CMS-concurrent-preclean: 0.005/0.005 secs] [Times: user=0.00 sys=0.00, real=0.01 secs] 
34.952: [CMS-concurrent-abortable-preclean-start]
35.065: [GC35.065: [ParNew: 613440K->68096K(613440K), 0.1803890 secs] 2734878K->2256377K(4097536K), 0.1804982 secs] [Times: user=1.36 sys=0.00, real=0.18 secs] 
35.603: [GC35.603: [ParNew: 613440K->67610K(613440K), 0.0547274 secs] 2801721K->2255892K(4097536K), 0.0548002 secs] [Times: user=0.33 sys=0.00, real=0.06 secs] 
35.763: [CMS-concurrent-abortable-preclean: 0.475/0.811 secs] [Times: user=2.75 sys=0.00, real=0.81 secs] 
35.768: [GC[YG occupancy: 238294 K (613440 K)]35.768: [Rescan (parallel) , 0.1907206 secs]35.959: [weak refs processing, 0.0000126 secs]35.959: [scrub string table, 0.0000980 secs] [1 CMS-remark: 2188281K(3484096K)] 2426575K(4097536K), 0.1909277 secs] [Times: user=0.94 sys=0.00, real=0.19 secs] 
35.959: [CMS-concurrent-sweep-start]
36.189: [GC36.189: [ParNew: 572845K->68096K(613440K), 0.3155466 secs] 2601073K->2264593K(4097536K), 0.3156138 secs] [Times: user=2.18 sys=0.00, real=0.32 secs] 
36.856: [GC36.856: [ParNew: 613440K->68096K(613440K), 0.1758430 secs] 2547146K->2068645K(4097536K), 0.1759115 secs] [Times: user=1.05 sys=0.00, real=0.18 secs] 
37.391: [GC37.391: [ParNew: 613440K->68096K(613440K), 0.0534273 secs] 2354488K->1809144K(4097536K), 0.0534996 secs] [Times: user=0.28 sys=0.00, real=0.05 secs] 
37.782: [GC37.782: [ParNew: 575423K->68096K(613440K), 0.3129165 secs] 2077955K->1738896K(4097536K), 0.3129888 secs] [Times: user=2.06 sys=0.00, real=0.31 secs] 
38.459: [GC38.459: [ParNew: 613440K->68096K(613440K), 0.1713972 secs] 2028532K->1550031K(4097536K), 0.1714663 secs] [Times: user=1.20 sys=0.00, real=0.17 secs] 
38.986: [GC38.986: [ParNew: 613440K->67656K(613440K), 0.0539381 secs] 1835103K->1289319K(4097536K), 0.0540160 secs] [Times: user=0.33 sys=0.00, real=0.05 secs] 
39.369: [GC39.369: [ParNew: 570102K->68096K(613440K), 0.3176006 secs] 1546442K->1212705K(4097536K), 0.3176739 secs] [Times: user=2.17 sys=0.00, real=0.32 secs] 
40.040: [GC40.040: [ParNew: 613440K->68096K(613440K), 0.1730029 secs] 1558261K->1079761K(4097536K), 0.1730733 secs] [Times: user=1.17 sys=0.00, real=0.18 secs] 
40.268: [CMS-concurrent-sweep: 2.734/4.309 secs] [Times: user=15.82 sys=0.00, real=4.31 secs] 
40.268: [CMS-concurrent-reset-start]
40.273: [CMS-concurrent-reset: 0.005/0.005 secs] [Times: user=0.00 sys=0.00, real=0.01 secs] 
40.561: [GC40.561: [ParNew: 613440K->67653K(613440K), 0.0549863 secs] 1625105K->1079318K(4097536K), 0.0550582 secs] [Times: user=0.23 sys=0.00, real=0.06 secs] 
40.938: [GC40.938: [ParNew: 573515K->68096K(613440K), 0.2974562 secs] 1585181K->1248030K(4097536K), 0.2975253 secs] [Times: user=1.86 sys=0.00, real=0.30 secs] 
41.580: [GC41.580: [ParNew: 613440K->68096K(613440K), 0.1664276 secs] 1793374K->1314874K(4097536K), 0.1664966 secs] [Times: user=0.86 sys=0.00, real=0.17 secs] 
42.092: [GC42.092: [ParNew: 613440K->67656K(613440K), 0.0556693 secs] 1860218K->1314434K(4097536K), 0.0557449 secs] [Times: user=0.23 sys=0.00, real=0.06 secs] 
42.474: [GC42.474: [ParNew: 573720K->68096K(613440K), 0.2920322 secs] 1820498K->1483143K(4097536K), 0.2921022 secs] [Times: user=2.12 sys=0.00, real=0.29 secs] 
43.109: [GC43.109: [ParNew: 613440K->68096K(613440K), 0.1706769 secs] 2028487K->1549987K(4097536K), 0.1707446 secs] [Times: user=0.86 sys=0.00, real=0.17 secs] 
43.622: [GC43.622: [ParNew: 613440K->67656K(613440K), 0.0551715 secs] 2095331K->1549547K(4097536K), 0.0552406 secs] [Times: user=0.22 sys=0.00, real=0.06 secs] 
44.013: [GC44.013: [ParNew: 573258K->68096K(613440K), 0.2971847 secs] 2055149K->1718256K(4097536K), 0.2972524 secs] [Times: user=1.92 sys=0.00, real=0.30 secs] 
44.660: [GC44.660: [ParNew: 613440K->68096K(613440K), 0.1679036 secs] 2263600K->1785100K(4097536K), 0.1679782 secs] [Times: user=0.89 sys=0.00, real=0.16 secs] 
45.175: [GC45.175: [ParNew: 613440K->67656K(613440K), 0.0550344 secs] 2330444K->1784660K(4097536K), 0.0551034 secs] [Times: user=0.34 sys=0.00, real=0.06 secs] 
45.558: [GC45.558: [ParNew: 572887K->68096K(613440K), 0.2921223 secs] 2289891K->1953369K(4097536K), 0.2921904 secs] [Times: user=2.04 sys=0.00, real=0.29 secs] 
45.854: [GC [1 CMS-initial-mark: 1885273K(3484096K)] 2007452K(4097536K), 0.1069750 secs] [Times: user=0.11 sys=0.00, real=0.11 secs] 
45.961: [CMS-concurrent-mark-start]
46.223: [CMS-concurrent-mark: 0.262/0.262 secs] [Times: user=0.80 sys=0.00, real=0.27 secs] 
46.223: [CMS-concurrent-preclean-start]
46.228: [CMS-concurrent-preclean: 0.005/0.005 secs] [Times: user=0.00 sys=0.00, real=0.00 secs] 
46.228: [CMS-concurrent-abortable-preclean-start]
46.339: [GC46.339: [ParNew: 613440K->68096K(613440K), 0.1807636 secs] 2498713K->2020213K(4097536K), 0.1808298 secs] [Times: user=1.34 sys=0.00, real=0.18 secs] 
46.875: [GC46.875: [ParNew: 613440K->67656K(613440K), 0.0549947 secs] 2565557K->2019773K(4097536K), 0.0550563 secs] [Times: user=0.28 sys=0.00, real=0.06 secs] 
47.034: [CMS-concurrent-abortable-preclean: 0.471/0.806 secs] [Times: user=2.67 sys=0.00, real=0.81 secs] 
47.040: [GC[YG occupancy: 243791 K (613440 K)]47.040: [Rescan (parallel) , 0.1998682 secs]47.240: [weak refs processing, 0.0000145 secs]47.240: [scrub string table, 0.0001050 secs] [1 CMS-remark: 1952117K(3484096K)] 2195908K(4097536K), 0.2001196 secs] [Times: user=1.08 sys=0.00, real=0.20 secs] 
47.240: [CMS-concurrent-sweep-start]
47.459: [GC47.459: [ParNew: 574980K->68096K(613440K), 0.3144438 secs] 2362817K->2024202K(4097536K), 0.3145115 secs] [Times: user=1.97 sys=0.00, real=0.31 secs] 
48.139: [GC48.139: [ParNew: 613440K->68096K(613440K), 0.1706391 secs] 2313585K->1835085K(4097536K), 0.1707077 secs] [Times: user=1.25 sys=0.00, real=0.17 secs] 
48.665: [GC48.665: [ParNew: 613440K->67656K(613440K), 0.0549467 secs] 2120699K->1574915K(4097536K), 0.0550251 secs] [Times: user=0.41 sys=0.00, real=0.05 secs] 
49.053: [GC49.053: [ParNew: 570099K->68096K(613440K), 0.3113407 secs] 1834908K->1501174K(4097536K), 0.3114092 secs] [Times: user=2.18 sys=0.00, real=0.31 secs] 
49.728: [GC49.728: [ParNew: 613440K->68096K(613440K), 0.1724076 secs] 1793365K->1314864K(4097536K), 0.1724739 secs] [Times: user=1.03 sys=0.00, real=0.17 secs] 
50.263: [GC50.263: [ParNew: 613440K->67653K(613440K), 0.0543556 secs] 1633403K->1087616K(4097536K), 0.0544321 secs] [Times: user=0.30 sys=0.00, real=0.06 secs] 
50.663: [GC50.663: [ParNew: 573513K->68096K(613440K), 0.3115622 secs] 1524377K->1187229K(4097536K), 0.3116280 secs] [Times: user=2.26 sys=0.01, real=0.31 secs] 
51.197: [CMS-concurrent-sweep: 2.566/3.957 secs] [Times: user=14.48 sys=0.01, real=3.95 secs] 
51.197: [CMS-concurrent-reset-start]
51.201: [CMS-concurrent-reset: 0.004/0.004 secs] [Times: user=0.03 sys=0.00, real=0.00 secs] 
51.316: [GC51.316: [ParNew: 613440K->68096K(613440K), 0.1754534 secs] 1558261K->1079761K(4097536K), 0.1755229 secs] [Times: user=0.94 sys=0.00, real=0.18 secs] 
51.837: [GC51.837: [ParNew: 613440K->68096K(613440K), 0.0576281 secs] 1625105K->1081162K(4097536K), 0.0576948 secs] [Times: user=0.30 sys=0.00, real=0.06 secs] 
52.221: [GC52.221: [ParNew: 574158K->68096K(613440K), 0.3019351 secs] 1587225K->1249432K(4097536K), 0.3020004 secs] [Times: user=1.75 sys=0.00, real=0.30 secs] 
52.862: [GC52.862: [ParNew: 613440K->68096K(613440K), 0.1665498 secs] 1794776K->1316275K(4097536K), 0.1666193 secs] [Times: user=1.05 sys=0.00, real=0.17 secs] 
53.372: [GC53.372: [ParNew: 613440K->67595K(613440K), 0.0582057 secs] 1861619K->1315775K(4097536K), 0.0582910 secs] [Times: user=0.37 sys=0.00, real=0.06 secs] 
53.756: [GC53.756: [ParNew: 573197K->68096K(613440K), 0.3000822 secs] 1821376K->1484544K(4097536K), 0.3001535 secs] [Times: user=1.84 sys=0.00, real=0.30 secs] 
54.408: [GC54.408: [ParNew: 613440K->68096K(613440K), 0.1636958 secs] 2029888K->1551388K(4097536K), 0.1637606 secs] [Times: user=1.06 sys=0.00, real=0.17 secs] 
54.916: [GC54.916: [ParNew: 613440K->62475K(613440K), 0.0561787 secs] 2096732K->1545768K(4097536K), 0.0562562 secs] [Times: user=0.22 sys=0.00, real=0.06 secs] 
55.296: [GC55.296: [ParNew: 567706K->68096K(613440K), 0.3002688 secs] 2050998K->1719657K(4097536K), 0.3003294 secs] [Times: user=1.89 sys=0.00, real=0.30 secs] 
55.938: [GC55.938: [ParNew: 613440K->68096K(613440K), 0.1669095 secs] 2265001K->1786501K(4097536K), 0.1669841 secs] [Times: user=1.01 sys=0.00, real=0.17 secs] 
56.450: [GC56.450: [ParNew: 613440K->67656K(613440K), 0.0555228 secs] 2331845K->1786061K(4097536K), 0.0555965 secs] [Times: user=0.34 sys=0.00, real=0.06 secs] 
56.828: [GC56.828: [ParNew: 574980K->68096K(613440K), 0.2943456 secs] 2293385K->1954785K(4097536K), 0.2944146 secs] [Times: user=1.78 sys=0.00, real=0.30 secs] 
57.126: [GC [1 CMS-initial-mark: 1886689K(3484096K)] 2008867K(4097536K), 0.1076561 secs] [Times: user=0.11 sys=0.00, real=0.11 secs] 
57.234: [CMS-concurrent-mark-start]
57.472: [CMS-concurrent-mark: 0.238/0.238 secs] [Times: user=0.69 sys=0.00, real=0.23 secs] 
57.472: [CMS-concurrent-preclean-start]
57.477: [CMS-concurrent-preclean: 0.005/0.005 secs] [Times: user=0.00 sys=0.00, real=0.01 secs] 
57.477: [CMS-concurrent-abortable-preclean-start]
57.593: [GC57.593: [ParNew: 613440K->68096K(613440K), 0.1754525 secs] 2500129K->2021628K(4097536K), 0.1755173 secs] [Times: user=1.25 sys=0.00, real=0.18 secs] 
58.114: [GC58.114: [ParNew: 613440K->67656K(613440K), 0.0561311 secs] 2566972K->2021188K(4097536K), 0.0561974 secs] [Times: user=0.31 sys=0.00, real=0.06 secs] 
58.274: [CMS-concurrent-abortable-preclean: 0.466/0.797 secs] [Times: user=2.59 sys=0.00, real=0.80 secs] 
58.279: [GC[YG occupancy: 233103 K (613440 K)]58.279: [Rescan (parallel) , 0.1898949 secs]58.469: [weak refs processing, 0.0000131 secs]58.469: [scrub string table, 0.0000994 secs] [1 CMS-remark: 1953532K(3484096K)] 2186635K(4097536K), 0.1901011 secs] [Times: user=0.92 sys=0.00, real=0.19 secs] 
58.470: [CMS-concurrent-sweep-start]
58.690: [GC58.690: [ParNew: 570099K->68096K(613440K), 0.3105579 secs] 2362653K->2028919K(4097536K), 0.3106269 secs] [Times: user=2.12 sys=0.00, real=0.31 secs] 
59.368: [GC59.368: [ParNew: 613440K->68096K(613440K), 0.1715414 secs] 2319875K->1841375K(4097536K), 0.1716113 secs] [Times: user=1.33 sys=0.00, real=0.17 secs] 
59.901: [GC59.901: [ParNew: 613440K->57295K(613440K), 0.0541606 secs] 2128363K->1572218K(4097536K), 0.0542413 secs] [Times: user=0.47 sys=0.00, real=0.06 secs] 
60.294: [GC60.294: [ParNew: 563154K->68096K(613440K), 0.3226034 secs] 1830339K->1503549K(4097536K), 0.3226677 secs] [Times: user=2.17 sys=0.00, real=0.32 secs] 
60.966: [GC60.967: [ParNew: 613440K->68096K(613440K), 0.1704348 secs] 1802738K->1324237K(4097536K), 0.1705034 secs] [Times: user=1.09 sys=0.00, real=0.17 secs] 
61.509: [GC61.509: [ParNew: 613440K->52117K(613440K), 0.0540496 secs] 1696603K->1135281K(4097536K), 0.0541355 secs] [Times: user=0.38 sys=0.00, real=0.06 secs] 
61.916: [GC61.916: [ParNew: 558180K->68096K(613440K), 0.3242207 secs] 1401077K->1079261K(4097536K), 0.3242921 secs] [Times: user=2.03 sys=0.00, real=0.32 secs] 
62.476: [CMS-concurrent-sweep: 2.597/4.006 secs] [Times: user=14.79 sys=0.00, real=4.00 secs] 
62.476: [CMS-concurrent-reset-start]
62.480: [CMS-concurrent-reset: 0.004/0.004 secs] [Times: user=0.03 sys=0.00, real=0.00 secs] 
62.598: [GC62.598: [ParNew: 613440K->68096K(613440K), 0.1642285 secs] 1558276K->1079775K(4097536K), 0.1642980 secs] [Times: user=1.15 sys=0.00, real=0.16 secs] 
63.104: [GC63.104: [ParNew: 613440K->67656K(613440K), 0.0560481 secs] 1625119K->1079336K(4097536K), 0.0561279 secs] [Times: user=0.25 sys=0.00, real=0.06 secs] 
63.486: [GC63.486: [ParNew: 573256K->68096K(613440K), 0.2948490 secs] 1584936K->1248045K(4097536K), 0.2949180 secs] [Times: user=2.12 sys=0.00, real=0.29 secs] 
64.123: [GC64.123: [ParNew: 613440K->68096K(613440K), 0.1698218 secs] 1793389K->1314888K(4097536K), 0.1698867 secs] [Times: user=0.83 sys=0.00, real=0.17 secs] 
64.638: [GC64.638: [ParNew: 613440K->67656K(613440K), 0.0558914 secs] 1860232K->1314448K(4097536K), 0.0559604 secs] [Times: user=0.39 sys=0.00, real=0.06 secs] 
65.016: [GC65.016: [ParNew: 572886K->68096K(613440K), 0.2986075 secs] 1819678K->1483158K(4097536K), 0.2986766 secs] [Times: user=1.86 sys=0.00, real=0.30 secs] 
65.658: [GC65.658: [ParNew: 613440K->68096K(613440K), 0.1668670 secs] 2028502K->1550001K(4097536K), 0.1669300 secs] [Times: user=0.95 sys=0.00, real=0.17 secs] 
66.179: [GC66.179: [ParNew: 613440K->67656K(613440K), 0.0562842 secs] 2095345K->1549561K(4097536K), 0.0563667 secs] [Times: user=0.22 sys=0.00, real=0.06 secs] 
66.560: [GC66.560: [ParNew: 574979K->68096K(613440K), 0.2956313 secs] 2056885K->1718270K(4097536K), 0.2956971 secs] [Times: user=2.08 sys=0.00, real=0.29 secs] 
67.198: [GC67.198: [ParNew: 613440K->68096K(613440K), 0.1726997 secs] 2263614K->1785114K(4097536K), 0.1727734 secs] [Times: user=0.80 sys=0.00, real=0.17 secs] 
67.712: [GC67.712: [ParNew: 613440K->67656K(613440K), 0.0554547 secs] 2330458K->1784674K(4097536K), 0.0555396 secs] [Times: user=0.33 sys=0.00, real=0.06 secs] 
68.091: [GC68.091: [ParNew: 570099K->68096K(613440K), 0.3077178 secs] 2287117K->1953383K(4097536K), 0.3077841 secs] [Times: user=1.79 sys=0.00, real=0.30 secs] 
68.402: [GC [1 CMS-initial-mark: 1885287K(3484096K)] 2007466K(4097536K), 0.1072525 secs] [Times: user=0.11 sys=0.00, real=0.11 secs] 
68.510: [CMS-concurrent-mark-start]
68.748: [CMS-concurrent-mark: 0.239/0.239 secs] [Times: user=0.75 sys=0.00, real=0.24 secs] 
68.748: [CMS-concurrent-preclean-start]
68.754: [CMS-concurrent-preclean: 0.005/0.005 secs] [Times: user=0.00 sys=0.00, real=0.00 secs] 
68.754: [CMS-concurrent-abortable-preclean-start]
68.867: [GC68.867: [ParNew: 613440K->68096K(613440K), 0.1754912 secs] 2498727K->2020226K(4097536K), 0.1755561 secs] [Times: user=1.29 sys=0.00, real=0.18 secs] 
69.403: [GC69.403: [ParNew: 613440K->52116K(613440K), 0.0538845 secs] 2565570K->2004246K(4097536K), 0.0539596 secs] [Times: user=0.33 sys=0.00, real=0.05 secs] 
69.562: [CMS-concurrent-abortable-preclean: 0.479/0.808 secs] [Times: user=2.68 sys=0.00, real=0.81 secs] 
69.567: [GC[YG occupancy: 223233 K (613440 K)]69.567: [Rescan (parallel) , 0.1983940 secs]69.766: [weak refs processing, 0.0000145 secs]69.766: [scrub string table, 0.0000994 secs] [1 CMS-remark: 1952130K(3484096K)] 2175364K(4097536K), 0.1985844 secs] [Times: user=0.92 sys=0.00, real=0.19 secs] 
69.766: [CMS-concurrent-sweep-start]
69.980: [GC69.980: [ParNew: 557975K->68096K(613440K), 0.3121981 secs] 2348752K->2027234K(4097536K), 0.3122639 secs] [Times: user=2.23 sys=0.00, real=0.31 secs] 
70.650: [GC70.650: [ParNew: 613440K->68096K(613440K), 0.1709396 secs] 2313882K->1835381K(4097536K), 0.1710035 secs] [Times: user=1.22 sys=0.00, real=0.17 secs] 
71.179: [GC71.179: [ParNew: 613440K->67656K(613440K), 0.0554015 secs] 2120973K->1575189K(4097536K), 0.0554724 secs] [Times: user=0.41 sys=0.00, real=0.06 secs] 
71.586: [GC71.586: [ParNew: 573718K->68096K(613440K), 0.3149378 secs] 1845972K->1508620K(4097536K), 0.3150078 secs] [Times: user=2.18 sys=0.00, real=0.32 secs] 
72.258: [GC72.258: [ParNew: 613440K->68096K(613440K), 0.1797886 secs] 1793377K->1314876K(4097536K), 0.1798609 secs] [Times: user=1.08 sys=0.00, real=0.18 secs] 
72.794: [GC72.794: [ParNew: 613440K->57297K(613440K), 0.0539675 secs] 1611542K->1055399K(4097536K), 0.0540436 secs] [Times: user=0.36 sys=0.00, real=0.05 secs] 
73.191: [GC73.191: [ParNew: 562898K->68096K(613440K), 0.3140893 secs] 1489391K->1162858K(4097536K), 0.3141593 secs] [Times: user=2.14 sys=0.00, real=0.31 secs] 
73.711: [CMS-concurrent-sweep: 2.542/3.945 secs] [Times: user=14.76 sys=0.00, real=3.95 secs] 
73.711: [CMS-concurrent-reset-start]
73.715: [CMS-concurrent-reset: 0.004/0.004 secs] [Times: user=0.00 sys=0.00, real=0.00 secs] 
73.869: [GC73.869: [ParNew: 613440K->68096K(613440K), 0.1671166 secs] 1558368K->1079867K(4097536K), 0.1671838 secs] [Times: user=1.19 sys=0.00, real=0.17 secs] 
74.376: [GC74.376: [ParNew: 613440K->67656K(613440K), 0.0547354 secs] 1625211K->1079427K(4097536K), 0.0548081 secs] [Times: user=0.23 sys=0.00, real=0.05 secs] 
74.753: [GC74.753: [ParNew: 572886K->68096K(613440K), 0.2962321 secs] 1584657K->1248137K(4097536K), 0.2962988 secs] [Times: user=1.86 sys=0.00, real=0.30 secs] 
75.392: [GC75.392: [ParNew: 613440K->68096K(613440K), 0.1642402 secs] 1793481K->1314980K(4097536K), 0.1643041 secs] [Times: user=1.09 sys=0.00, real=0.17 secs] 
75.900: [GC75.900: [ParNew: 613440K->68096K(613440K), 0.0584030 secs] 1860324K->1316162K(4097536K), 0.0584725 secs] [Times: user=0.28 sys=0.00, real=0.06 secs] 
76.279: [GC76.279: [ParNew: 575419K->68096K(613440K), 0.3015493 secs] 1823486K->1484432K(4097536K), 0.3016165 secs] [Times: user=1.81 sys=0.00, real=0.30 secs] 
76.921: [GC76.921: [ParNew: 613440K->68096K(613440K), 0.1659853 secs] 2029776K->1551275K(4097536K), 0.1660525 secs] [Times: user=0.81 sys=0.00, real=0.16 secs] 
77.432: [GC77.432: [ParNew: 613440K->68096K(613440K), 0.0564292 secs] 2096619K->1551656K(4097536K), 0.0564955 secs] [Times: user=0.34 sys=0.00, real=0.06 secs] 
77.811: [GC77.811: [ParNew: 570538K->68096K(613440K), 0.2982012 secs] 2054099K->1720364K(4097536K), 0.2982819 secs] [Times: user=1.73 sys=0.00, real=0.30 secs] 
78.451: [GC78.451: [ParNew: 613440K->68096K(613440K), 0.1640060 secs] 2265708K->1787207K(4097536K), 0.1640736 secs] [Times: user=1.03 sys=0.00, real=0.16 secs] 
78.960: [GC78.960: [ParNew: 613440K->67636K(613440K), 0.0561909 secs] 2332551K->1786747K(4097536K), 0.0562608 secs] [Times: user=0.34 sys=0.00, real=0.06 secs] 
79.338: [GC79.338: [ParNew: 573495K->68096K(613440K), 0.2994435 secs] 2292607K->1955476K(4097536K), 0.2995107 secs] [Times: user=1.81 sys=0.00, real=0.30 secs] 
79.641: [GC [1 CMS-initial-mark: 1887380K(3484096K)] 2009559K(4097536K), 0.1067039 secs] [Times: user=0.11 sys=0.00, real=0.11 secs] 
79.748: [CMS-concurrent-mark-start]
79.989: [CMS-concurrent-mark: 0.241/0.241 secs] [Times: user=0.70 sys=0.00, real=0.24 secs] 
79.989: [CMS-concurrent-preclean-start]
79.994: [CMS-concurrent-preclean: 0.005/0.005 secs] [Times: user=0.00 sys=0.00, real=0.00 secs] 
79.994: [CMS-concurrent-abortable-preclean-start]
80.096: [GC80.096: [ParNew: 613440K->68096K(613440K), 0.1753793 secs] 2500820K->2022320K(4097536K), 0.1754474 secs] [Times: user=1.25 sys=0.00, real=0.18 secs] 
80.632: [GC80.632: [ParNew: 613440K->67655K(613440K), 0.0548847 secs] 2567664K->2021879K(4097536K), 0.0549663 secs] [Times: user=0.41 sys=0.00, real=0.06 secs] 
80.796: [CMS-concurrent-abortable-preclean: 0.468/0.802 secs] [Times: user=2.70 sys=0.00, real=0.81 secs] 
80.801: [GC[YG occupancy: 238626 K (613440 K)]80.801: [Rescan (parallel) , 0.2032913 secs]81.004: [weak refs processing, 0.0000131 secs]81.004: [scrub string table, 0.0000998 secs] [1 CMS-remark: 1954224K(3484096K)] 2192850K(4097536K), 0.2034709 secs] [Times: user=1.43 sys=0.02, real=0.20 secs] 
81.004: [CMS-concurrent-sweep-start]
81.222: [GC81.222: [ParNew: 573717K->68096K(613440K), 0.3145049 secs] 2365172K->2028759K(4097536K), 0.3145735 secs] [Times: user=1.98 sys=0.00, real=0.31 secs] 
81.892: [GC81.892: [ParNew: 613440K->68096K(613440K), 0.1715012 secs] 2318719K->1840218K(4097536K), 0.1715698 secs] [Times: user=1.20 sys=0.00, real=0.17 secs] 
82.422: [GC82.422: [ParNew: 613440K->68096K(613440K), 0.0541112 secs] 2126976K->1581768K(4097536K), 0.0541788 secs] [Times: user=0.37 sys=0.00, real=0.05 secs] 
82.828: [GC82.828: [ParNew: 573696K->68096K(613440K), 0.3131833 secs] 1836867K->1499554K(4097536K), 0.3132510 secs] [Times: user=1.97 sys=0.02, real=0.31 secs] 
83.509: [GC83.509: [ParNew: 613440K->68096K(613440K), 0.1703718 secs] 1790197K->1311696K(4097536K), 0.1704409 secs] [Times: user=1.25 sys=0.00, real=0.17 secs] 
84.039: [GC84.039: [ParNew: 613440K->68096K(613440K), 0.0543188 secs] 1697679K->1152371K(4097536K), 0.0543972 secs] [Times: user=0.30 sys=0.00, real=0.05 secs] 
84.444: [GC84.444: [ParNew: 573325K->68096K(613440K), 0.3123091 secs] 1426726K->1089765K(4097536K), 0.3123758 secs] [Times: user=2.17 sys=0.00, real=0.31 secs] 
84.969: [CMS-concurrent-sweep: 2.573/3.965 secs] [Times: user=14.42 sys=0.02, real=3.96 secs] 
84.969: [CMS-concurrent-reset-start]
84.974: [CMS-concurrent-reset: 0.005/0.005 secs] [Times: user=0.00 sys=0.00, real=0.01 secs] 
85.109: [GC85.109: [ParNew: 613440K->68096K(613440K), 0.1674735 secs] 1559936K->1081435K(4097536K), 0.1675402 secs] [Times: user=0.86 sys=0.00, real=0.16 secs] 
85.625: [GC85.625: [ParNew: 613440K->67654K(613440K), 0.0574056 secs] 1626779K->1080993K(4097536K), 0.0574840 secs] [Times: user=0.19 sys=0.00, real=0.06 secs] 
86.003: [GC86.003: [ParNew: 574978K->68096K(613440K), 0.3009984 secs] 1588317K->1249704K(4097536K), 0.3010655 secs] [Times: user=1.70 sys=0.00, real=0.30 secs] 
86.649: [GC86.649: [ParNew: 613440K->68096K(613440K), 0.1684466 secs] 1795048K->1316548K(4097536K), 0.1685138 secs] [Times: user=0.98 sys=0.00, real=0.17 secs] 
87.159: [GC87.159: [ParNew: 613440K->67656K(613440K), 0.0559165 secs] 1861892K->1316108K(4097536K), 0.0559945 secs] [Times: user=0.28 sys=0.00, real=0.06 secs] 
87.544: [GC87.544: [ParNew: 570099K->68096K(613440K), 0.2967966 secs] 1818551K->1484817K(4097536K), 0.2968656 secs] [Times: user=1.87 sys=0.00, real=0.30 secs] 
88.186: [GC88.186: [ParNew: 613440K->68096K(613440K), 0.1638553 secs] 2030161K->1551660K(4097536K), 0.1639234 secs] [Times: user=1.08 sys=0.00, real=0.17 secs] 
88.697: [GC88.697: [ParNew: 613440K->68096K(613440K), 0.0558386 secs] 2097004K->1552010K(4097536K), 0.0559054 secs] [Times: user=0.34 sys=0.00, real=0.06 secs] 
89.076: [GC89.076: [ParNew: 573955K->68096K(613440K), 0.3007670 secs] 2057869K->1720646K(4097536K), 0.3008309 secs] [Times: user=1.84 sys=0.00, real=0.30 secs] 
89.717: [GC89.717: [ParNew: 613440K->68096K(613440K), 0.1681294 secs] 2265990K->1787489K(4097536K), 0.1681980 secs] [Times: user=1.06 sys=0.00, real=0.16 secs] 
90.229: [GC90.229: [ParNew: 613440K->68096K(613440K), 0.0562501 secs] 2332833K->1788156K(4097536K), 0.0563285 secs] [Times: user=0.28 sys=0.00, real=0.06 secs] 
90.614: [GC90.614: [ParNew: 574158K->68096K(613440K), 0.2931546 secs] 2294218K->1956562K(4097536K), 0.2932241 secs] [Times: user=2.14 sys=0.00, real=0.29 secs] 
90.911: [GC [1 CMS-initial-mark: 1888466K(3484096K)] 2010645K(4097536K), 0.1065621 secs] [Times: user=0.11 sys=0.00, real=0.11 secs] 
91.018: [CMS-concurrent-mark-start]
91.266: [CMS-concurrent-mark: 0.248/0.248 secs] [Times: user=0.75 sys=0.00, real=0.25 secs] 
91.266: [CMS-concurrent-preclean-start]
91.271: [CMS-concurrent-preclean: 0.005/0.005 secs] [Times: user=0.00 sys=0.00, real=0.00 secs] 
91.271: [CMS-concurrent-abortable-preclean-start]
91.388: [GC91.388: [ParNew: 613440K->68096K(613440K), 0.1742713 secs] 2501906K->2023406K(4097536K), 0.1743362 secs] [Times: user=1.23 sys=0.00, real=0.18 secs] 
91.915: [GC91.915: [ParNew: 613440K->68096K(613440K), 0.0545170 secs] 2568750K->2023406K(4097536K), 0.0546122 secs] [Times: user=0.30 sys=0.00, real=0.06 secs] 
92.071: [CMS-concurrent-abortable-preclean: 0.475/0.800 secs] [Times: user=2.61 sys=0.00, real=0.80 secs] 
92.076: [GC[YG occupancy: 238906 K (613440 K)]92.076: [Rescan (parallel) , 0.1960060 secs]92.272: [weak refs processing, 0.0000131 secs]92.272: [scrub string table, 0.0000994 secs] [1 CMS-remark: 1955310K(3484096K)] 2194216K(4097536K), 0.1962029 secs] [Times: user=1.01 sys=0.00, real=0.20 secs] 
92.272: [CMS-concurrent-sweep-start]
92.516: [GC92.516: [ParNew: 573696K->68096K(613440K), 0.3112301 secs] 2366279K->2028948K(4097536K), 0.3112931 secs] [Times: user=2.07 sys=0.02, real=0.31 secs] 
93.198: [GC93.198: [ParNew: 613440K->68096K(613440K), 0.1706042 secs] 2321279K->1842778K(4097536K), 0.1706727 secs] [Times: user=1.22 sys=0.00, real=0.17 secs] 
93.744: [GC93.744: [ParNew: 613440K->68096K(613440K), 0.0543239 secs] 2135387K->1590043K(4097536K), 0.0543874 secs] [Times: user=0.30 sys=0.00, real=0.05 secs] 
94.147: [GC94.147: [ParNew: 573325K->68096K(613440K), 0.3152891 secs] 1860039K->1523078K(4097536K), 0.3153605 secs] [Times: user=2.18 sys=0.00, real=0.31 secs] 
94.808: [GC94.808: [ParNew: 613440K->68096K(613440K), 0.1774650 secs] 1805157K->1326656K(4097536K), 0.1775555 secs] [Times: user=1.05 sys=0.00, real=0.18 secs] 
95.356: [GC95.356: [ParNew: 613440K->68096K(613440K), 0.0584324 secs] 1607128K->1061948K(4097536K), 0.0585168 secs] [Times: user=0.39 sys=0.00, real=0.06 secs] 
95.758: [GC95.758: [ParNew: 575419K->68096K(613440K), 0.3130835 secs] 1514367K->1175313K(4097536K), 0.3131479 secs] [Times: user=2.12 sys=0.00, real=0.31 secs] 
96.291: [CMS-concurrent-sweep: 2.617/4.019 secs] [Times: user=14.54 sys=0.02, real=4.02 secs] 
96.291: [CMS-concurrent-reset-start]
96.296: [CMS-concurrent-reset: 0.005/0.005 secs] [Times: user=0.03 sys=0.00, real=0.00 secs] 
96.425: [GC96.425: [ParNew: 613440K->68096K(613440K), 0.1633860 secs] 1560431K->1081930K(4097536K), 0.1634532 secs] [Times: user=1.01 sys=0.00, real=0.16 secs] 
96.931: [GC96.931: [ParNew: 613440K->68096K(613440K), 0.0566811 secs] 1627274K->1082302K(4097536K), 0.0567455 secs] [Times: user=0.28 sys=0.00, real=0.06 secs] 
97.310: [GC97.310: [ParNew: 570538K->68096K(613440K), 0.2968479 secs] 1584745K->1250571K(4097536K), 0.2969132 secs] [Times: user=1.79 sys=0.00, real=0.30 secs] 
97.950: [GC97.950: [ParNew: 613440K->68096K(613440K), 0.1680809 secs] 1795915K->1317415K(4097536K), 0.1682082 secs] [Times: user=0.95 sys=0.00, real=0.17 secs] 
98.462: [GC98.462: [ParNew: 613440K->68096K(613440K), 0.0562123 secs] 1862759K->1317646K(4097536K), 0.0562739 secs] [Times: user=0.34 sys=0.00, real=0.06 secs] 
98.842: [GC98.842: [ParNew: 573955K->68096K(613440K), 0.2996632 secs] 1823505K->1486216K(4097536K), 0.2997309 secs] [Times: user=1.81 sys=0.00, real=0.30 secs] 
99.488: [GC99.488: [ParNew: 613440K->68096K(613440K), 0.1648326 secs] 2031560K->1553059K(4097536K), 0.1648979 secs] [Times: user=1.08 sys=0.00, real=0.16 secs] 
99.998: [GC99.998: [ParNew: 613440K->68096K(613440K), 0.0564059 secs] 2098403K->1553814K(4097536K), 0.0564722 secs] [Times: user=0.25 sys=0.00, real=0.06 secs] 
100.377: [GC100.377: [ParNew: 574158K->68096K(613440K), 0.2978751 secs] 2059876K->1722084K(4097536K), 0.2979325 secs] [Times: user=1.84 sys=0.00, real=0.30 secs] 
101.019: [GC101.019: [ParNew: 613440K->68096K(613440K), 0.1684886 secs] 2267428K->1788927K(4097536K), 0.1685586 secs] [Times: user=0.87 sys=0.00, real=0.17 secs] 
101.532: [GC101.532: [ParNew: 613440K->67623K(613440K), 0.0557439 secs] 2334271K->1788455K(4097536K), 0.0558270 secs] [Times: user=0.34 sys=0.00, real=0.06 secs] 
101.908: [GC101.908: [ParNew: 573224K->68096K(613440K), 0.2965526 secs] 2294056K->1957197K(4097536K), 0.2966212 secs] [Times: user=1.81 sys=0.00, real=0.30 secs] 
102.209: [GC [1 CMS-initial-mark: 1889101K(3484096K)] 2011279K(4097536K), 0.1073692 secs] [Times: user=0.09 sys=0.00, real=0.11 secs] 
102.316: [CMS-concurrent-mark-start]
102.576: [CMS-concurrent-mark: 0.260/0.260 secs] [Times: user=0.80 sys=0.00, real=0.26 secs] 
102.576: [CMS-concurrent-preclean-start]
102.582: [CMS-concurrent-preclean: 0.005/0.005 secs] [Times: user=0.00 sys=0.00, real=0.01 secs] 
102.582: [CMS-concurrent-abortable-preclean-start]
102.686: [GC102.686: [ParNew: 613440K->68096K(613440K), 0.1739802 secs] 2502541K->2024040K(4097536K), 0.1740446 secs] [Times: user=1.36 sys=0.00, real=0.18 secs] 
103.213: [GC103.213: [ParNew: 613440K->68096K(613440K), 0.0547134 secs] 2569384K->2024040K(4097536K), 0.0547914 secs] [Times: user=0.26 sys=0.00, real=0.06 secs] 
103.370: [CMS-concurrent-abortable-preclean: 0.463/0.788 secs] [Times: user=2.68 sys=0.00, real=0.79 secs] 
103.375: [GC[YG occupancy: 233215 K (613440 K)]103.375: [Rescan (parallel) , 0.1699478 secs]103.545: [weak refs processing, 0.0000145 secs]103.545: [scrub string table, 0.0000994 secs] [1 CMS-remark: 1955944K(3484096K)] 2189159K(4097536K), 0.1701787 secs] [Times: user=1.05 sys=0.02, real=0.17 secs] 
103.545: [CMS-concurrent-sweep-start]
103.770: [GC103.770: [ParNew: 573325K->68096K(613440K), 0.3127495 secs] 2366687K->2029727K(4097536K), 0.3128199 secs] [Times: user=2.23 sys=0.00, real=0.31 secs] 
104.452: [GC104.452: [ParNew: 613440K->68096K(613440K), 0.1821612 secs] 2321688K->1843187K(4097536K), 0.1822382 secs] [Times: user=1.33 sys=0.00, real=0.18 secs] 
104.993: [GC104.993: [ParNew: 613440K->68096K(613440K), 0.0546206 secs] 2131484K->1586140K(4097536K), 0.0547027 secs] [Times: user=0.39 sys=0.00, real=0.06 secs] 
105.387: [GC105.387: [ParNew: 575419K->68096K(613440K), 0.3118379 secs] 1849545K->1510490K(4097536K), 0.3118967 secs] [Times: user=2.20 sys=0.00, real=0.31 secs] 
106.054: [GC106.054: [ParNew: 613440K->68096K(613440K), 0.1724734 secs] 1798850K->1320349K(4097536K), 0.1725462 secs] [Times: user=1.08 sys=0.00, real=0.17 secs] 
106.595: [GC106.595: [ParNew: 613440K->68096K(613440K), 0.0580513 secs] 1709149K->1163805K(4097536K), 0.0581357 secs] [Times: user=0.28 sys=0.00, real=0.06 secs] 
107.005: [GC107.005: [ParNew: 570538K->68096K(613440K), 0.3129776 secs] 1421891K->1087717K(4097536K), 0.3130439 secs] [Times: user=2.11 sys=0.00, real=0.32 secs] 
107.563: [CMS-concurrent-sweep: 2.611/4.018 secs] [Times: user=14.84 sys=0.00, real=4.02 secs] 
107.563: [CMS-concurrent-reset-start]
107.569: [CMS-concurrent-reset: 0.007/0.007 secs] [Times: user=0.00 sys=0.00, real=0.00 secs] 
107.695: [GC107.695: [ParNew: 613440K->68096K(613440K), 0.1645341 secs] 1560568K->1082067K(4097536K), 0.1646017 secs] [Times: user=1.18 sys=0.00, real=0.16 secs] 
108.205: [GC108.205: [ParNew: 613440K->62474K(613440K), 0.0560490 secs] 1627411K->1076445K(4097536K), 0.0561190 secs] [Times: user=0.30 sys=0.00, real=0.06 secs] 
108.586: [GC108.586: [ParNew: 568333K->68096K(613440K), 0.2971432 secs] 1582305K->1250337K(4097536K), 0.2972127 secs] [Times: user=2.04 sys=0.00, real=0.30 secs] 
109.227: [GC109.228: [ParNew: 613440K->68096K(613440K), 0.1697257 secs] 1795681K->1317180K(4097536K), 0.1697920 secs] [Times: user=0.92 sys=0.00, real=0.17 secs] 
109.740: [GC109.740: [ParNew: 613440K->67656K(613440K), 0.0561811 secs] 1862524K->1316740K(4097536K), 0.0562664 secs] [Times: user=0.34 sys=0.00, real=0.05 secs] 
110.119: [GC110.119: [ParNew: 573718K->68096K(613440K), 0.3068487 secs] 1822802K->1485449K(4097536K), 0.3069159 secs] [Times: user=1.65 sys=0.00, real=0.31 secs] 
110.770: [GC110.770: [ParNew: 613440K->68096K(613440K), 0.1693441 secs] 2030793K->1552293K(4097536K), 0.1694118 secs] [Times: user=0.87 sys=0.00, real=0.17 secs] 
111.281: [GC111.292: [ParNew: 613440K->68096K(613440K), 0.0557421 secs] 2097637K->1552293K(4097536K), 0.0666619 secs] [Times: user=0.28 sys=0.00, real=0.07 secs] 
111.678: [GC111.678: [ParNew: 573696K->68096K(613440K), 0.2963282 secs] 2057894K->1720562K(4097536K), 0.2963973 secs] [Times: user=1.73 sys=0.00, real=0.29 secs] 
112.318: [GC112.318: [ParNew: 613440K->68096K(613440K), 0.1678350 secs] 2265906K->1787406K(4097536K), 0.1679022 secs] [Times: user=1.12 sys=0.00, real=0.17 secs] 
112.833: [GC112.833: [ParNew: 613440K->62476K(613440K), 0.0608978 secs] 2332750K->1781787K(4097536K), 0.0609767 secs] [Times: user=0.34 sys=0.00, real=0.06 secs] 
113.215: [GC113.215: [ParNew: 567706K->68096K(613440K), 0.3049095 secs] 2287016K->1955675K(4097536K), 0.3049762 secs] [Times: user=1.78 sys=0.00, real=0.30 secs] 
113.524: [GC [1 CMS-initial-mark: 1887579K(3484096K)] 2009758K(4097536K), 0.1060844 secs] [Times: user=0.11 sys=0.00, real=0.11 secs] 
113.630: [CMS-concurrent-mark-start]
113.870: [CMS-concurrent-mark: 0.240/0.240 secs] [Times: user=0.70 sys=0.00, real=0.24 secs] 
113.870: [CMS-concurrent-preclean-start]
113.876: [CMS-concurrent-preclean: 0.005/0.005 secs] [Times: user=0.00 sys=0.00, real=0.01 secs] 
113.876: [CMS-concurrent-abortable-preclean-start]
113.990: [GC113.990: [ParNew: 613440K->68096K(613440K), 0.1768996 secs] 2501019K->2022518K(4097536K), 0.1769635 secs] [Times: user=1.00 sys=0.00, real=0.18 secs] 
114.553: [GC114.553: [ParNew: 613440K->67656K(613440K), 0.0552882 secs] 2567862K->2022079K(4097536K), 0.0553707 secs] [Times: user=0.30 sys=0.00, real=0.06 secs] 
114.713: [CMS-concurrent-abortable-preclean: 0.506/0.838 secs] [Times: user=2.43 sys=0.00, real=0.84 secs] 
114.718: [GC[YG occupancy: 243791 K (613440 K)]114.718: [Rescan (parallel) , 0.1948859 secs]114.913: [weak refs processing, 0.0000135 secs]114.913: [scrub string table, 0.0000998 secs] [1 CMS-remark: 1954422K(3484096K)] 2198214K(4097536K), 0.1950959 secs] [Times: user=1.34 sys=0.00, real=0.19 secs] 
114.914: [CMS-concurrent-sweep-start]
115.142: [GC115.142: [ParNew: 574979K->68096K(613440K), 0.3182038 secs] 2373668K->2035054K(4097536K), 0.3182775 secs] [Times: user=2.01 sys=0.00, real=0.32 secs] 
115.836: [GC115.836: [ParNew: 613440K->68096K(613440K), 0.1697705 secs] 2332768K->1854267K(4097536K), 0.1698424 secs] [Times: user=1.19 sys=0.00, real=0.17 secs] 
116.366: [GC116.366: [ParNew: 613440K->68096K(613440K), 0.0569387 secs] 2142617K->1597299K(4097536K), 0.0570063 secs] [Times: user=0.34 sys=0.00, real=0.06 secs] 
116.753: [GC116.753: [ParNew: 570538K->68096K(613440K), 0.3129939 secs] 1854341K->1520168K(4097536K), 0.3130634 secs] [Times: user=2.11 sys=0.00, real=0.31 secs] 
117.442: [GC117.442: [ParNew: 613440K->68096K(613440K), 0.1708113 secs] 1810670K->1332170K(4097536K), 0.1708794 secs] [Times: user=1.20 sys=0.00, real=0.17 secs] 
117.965: [GC117.965: [ParNew: 613440K->67652K(613440K), 0.0543053 secs] 1613299K->1067511K(4097536K), 0.0543883 secs] [Times: user=0.41 sys=0.00, real=0.06 secs] 
118.374: [GC118.374: [ParNew: 573511K->68096K(613440K), 0.3150115 secs] 1514711K->1177564K(4097536K), 0.3150815 secs] [Times: user=2.22 sys=0.00, real=0.31 secs] 
118.905: [CMS-concurrent-sweep: 2.592/3.991 secs] [Times: user=14.63 sys=0.00, real=3.99 secs] 
118.905: [CMS-concurrent-reset-start]
118.911: [CMS-concurrent-reset: 0.007/0.007 secs] [Times: user=0.00 sys=0.00, real=0.01 secs] 
119.038: [GC119.038: [ParNew: 613440K->68096K(613440K), 0.1674739 secs] 1560594K->1082093K(4097536K), 0.1675397 secs] [Times: user=0.89 sys=0.00, real=0.17 secs] 
119.552: [GC119.552: [ParNew: 613440K->68096K(613440K), 0.0569545 secs] 1627437K->1082331K(4097536K), 0.0570184 secs] [Times: user=0.25 sys=0.00, real=0.06 secs] 
119.931: [GC119.931: [ParNew: 574158K->68096K(613440K), 0.3001097 secs] 1588393K->1250601K(4097536K), 0.3001778 secs] [Times: user=1.72 sys=0.00, real=0.30 secs] 
120.577: [GC120.577: [ParNew: 613440K->68096K(613440K), 0.1676125 secs] 1795945K->1317444K(4097536K), 0.1676871 secs] [Times: user=0.98 sys=0.00, real=0.17 secs] 
121.089: [GC121.089: [ParNew: 613440K->67645K(613440K), 0.0546967 secs] 1862788K->1316994K(4097536K), 0.0547708 secs] [Times: user=0.25 sys=0.00, real=0.06 secs] 
121.480: [GC121.480: [ParNew: 573246K->68096K(613440K), 0.2966678 secs] 1822595K->1485714K(4097536K), 0.2967355 secs] [Times: user=1.90 sys=0.00, real=0.30 secs] 
122.121: [GC122.122: [ParNew: 613440K->68096K(613440K), 0.1640797 secs] 2031058K->1552557K(4097536K), 0.1641473 secs] [Times: user=1.08 sys=0.00, real=0.16 secs] 
122.636: [GC122.636: [ParNew: 613440K->57297K(613440K), 0.0540930 secs] 2097901K->1541758K(4097536K), 0.0541653 secs] [Times: user=0.47 sys=0.00, real=0.06 secs] 
123.014: [GC123.014: [ParNew: 562527K->68096K(613440K), 0.3030803 secs] 2046988K->1720826K(4097536K), 0.3031480 secs] [Times: user=1.82 sys=0.03, real=0.30 secs] 
123.660: [GC123.660: [ParNew: 613440K->68096K(613440K), 0.1652660 secs] 2266170K->1787670K(4097536K), 0.1653350 secs] [Times: user=0.97 sys=0.00, real=0.17 secs] 
124.169: [GC124.169: [ParNew: 613440K->67656K(613440K), 0.0554370 secs] 2333014K->1787230K(4097536K), 0.0555345 secs] [Times: user=0.34 sys=0.00, real=0.05 secs] 
124.552: [GC124.552: [ParNew: 574979K->68096K(613440K), 0.2933118 secs] 2294554K->1956058K(4097536K), 0.2933827 secs] [Times: user=2.04 sys=0.00, real=0.29 secs] 
124.849: [GC [1 CMS-initial-mark: 1887962K(3484096K)] 2010141K(4097536K), 0.1060840 secs] [Times: user=0.11 sys=0.00, real=0.11 secs] 
124.955: [CMS-concurrent-mark-start]
125.206: [CMS-concurrent-mark: 0.251/0.251 secs] [Times: user=0.73 sys=0.00, real=0.25 secs] 
125.206: [CMS-concurrent-preclean-start]
125.212: [CMS-concurrent-preclean: 0.005/0.005 secs] [Times: user=0.00 sys=0.00, real=0.01 secs] 
125.212: [CMS-concurrent-abortable-preclean-start]
125.331: [GC125.331: [ParNew: 613440K->68096K(613440K), 0.1765968 secs] 2501402K->2022901K(4097536K), 0.1766519 secs] [Times: user=1.22 sys=0.00, real=0.18 secs] 
125.861: [GC125.861: [ParNew: 613440K->68096K(613440K), 0.0539964 secs] 2568245K->2022901K(4097536K), 0.0540776 secs] [Times: user=0.30 sys=0.00, real=0.06 secs] 
126.016: [CMS-concurrent-abortable-preclean: 0.478/0.805 secs] [Times: user=2.59 sys=0.00, real=0.81 secs] 
126.021: [GC[YG occupancy: 233542 K (613440 K)]126.021: [Rescan (parallel) , 0.1849001 secs]126.206: [weak refs processing, 0.0000145 secs]126.206: [scrub string table, 0.0001059 secs] [1 CMS-remark: 1954805K(3484096K)] 2188348K(4097536K), 0.1851394 secs] [Times: user=0.73 sys=0.00, real=0.18 secs] 
126.206: [CMS-concurrent-sweep-start]
126.450: [GC126.450: [ParNew: 570538K->68096K(613440K), 0.3114190 secs] 2368540K->2034367K(4097536K), 0.3114853 secs] [Times: user=2.20 sys=0.00, real=0.31 secs] 
127.119: [GC127.119: [ParNew: 613440K->68096K(613440K), 0.1719057 secs] 2323759K->1845258K(4097536K), 0.1719696 secs] [Times: user=1.20 sys=0.02, real=0.17 secs] 
127.643: [GC127.643: [ParNew: 613440K->62474K(613440K), 0.0542973 secs] 2127519K->1576554K(4097536K), 0.0543659 secs] [Times: user=0.45 sys=0.00, real=0.06 secs] 
128.028: [GC128.028: [ParNew: 568333K->68096K(613440K), 0.3090408 secs] 1842631K->1510663K(4097536K), 0.3091071 secs] [Times: user=2.14 sys=0.00, real=0.31 secs] 
128.702: [GC128.702: [ParNew: 613440K->68096K(613440K), 0.1712531 secs] 1802732K->1324232K(4097536K), 0.1713198 secs] [Times: user=1.22 sys=0.00, real=0.17 secs] 
129.238: [GC129.238: [ParNew: 613440K->68096K(613440K), 0.0540762 secs] 1710982K->1165638K(4097536K), 0.0694357 secs] [Times: user=0.36 sys=0.00, real=0.07 secs] 
129.641: [GC129.641: [ParNew: 574158K->68096K(613440K), 0.3136494 secs] 1424037K->1086244K(4097536K), 0.3137179 secs] [Times: user=2.26 sys=0.00, real=0.31 secs] 
130.158: [CMS-concurrent-sweep: 2.549/3.951 secs] [Times: user=14.84 sys=0.02, real=3.95 secs] 
130.158: [CMS-concurrent-reset-start]
130.162: [CMS-concurrent-reset: 0.004/0.004 secs] [Times: user=0.03 sys=0.00, real=0.01 secs] 
130.300: [GC130.300: [ParNew: 613440K->68096K(613440K), 0.1721040 secs] 1560687K->1082186K(4097536K), 0.1721730 secs] [Times: user=0.94 sys=0.00, real=0.17 secs] 
130.816: [GC130.816: [ParNew: 613440K->68096K(613440K), 0.0577578 secs] 1627530K->1084950K(4097536K), 0.0578236 secs] [Times: user=0.30 sys=0.00, real=0.06 secs] 
131.211: [GC131.211: [ParNew: 573696K->68096K(613440K), 0.3024105 secs] 1590551K->1253219K(4097536K), 0.3024804 secs] [Times: user=1.78 sys=0.01, real=0.31 secs] 
131.853: [GC131.853: [ParNew: 613440K->68096K(613440K), 0.1661183 secs] 1798563K->1320063K(4097536K), 0.1661855 secs] [Times: user=1.01 sys=0.03, real=0.17 secs] 
132.366: [GC132.366: [ParNew: 613440K->67537K(613440K), 0.0579248 secs] 1865407K->1319504K(4097536K), 0.0580111 secs] [Times: user=0.25 sys=0.00, real=0.06 secs] 
132.751: [GC132.752: [ParNew: 572767K->68096K(613440K), 0.2943573 secs] 1824734K->1488484K(4097536K), 0.2944258 secs] [Times: user=1.72 sys=0.00, real=0.29 secs] 
133.390: [GC133.390: [ParNew: 613440K->68096K(613440K), 0.1696623 secs] 2033828K->1555327K(4097536K), 0.1697290 secs] [Times: user=0.94 sys=0.03, real=0.17 secs] 
133.919: [GC133.919: [ParNew: 613440K->67654K(613440K), 0.0604626 secs] 2100671K->1554885K(4097536K), 0.0605391 secs] [Times: user=0.30 sys=0.00, real=0.06 secs] 
134.306: [GC134.306: [ParNew: 574977K->68096K(613440K), 0.3048330 secs] 2062209K->1723596K(4097536K), 0.3049006 secs] [Times: user=1.89 sys=0.00, real=0.31 secs] 
134.961: [GC134.961: [ParNew: 613440K->68096K(613440K), 0.1690838 secs] 2268940K->1790440K(4097536K), 0.1691519 secs] [Times: user=1.05 sys=0.00, real=0.17 secs] 
135.481: [GC135.481: [ParNew