0.110: [GC pause (young) 20M->18M(255M), 0.0720303 secs]
0.230: [GC pause (young) 40M->43M(409M), 0.0409430 secs]
0.306: [GC pause (young) 72M->75M(532M), 0.0520346 secs]
0.401: [GC pause (young) 113M->116M(631M), 0.0704180 secs]
0.525: [GC pause (young) 167M->173M(710M), 0.0842615 secs]
0.676: [GC pause (young) 239M->244M(773M), 0.0965809 secs]
0.924: [GC pause (young) 331M->334M(824M), 0.1452081 secs]
1.187: [GC pause (young) 402M->407M(864M), 0.1080424 secs]
1.328: [GC pause (young) (initial-mark) 412M->419M(896M), 0.0875886 secs]
1.416: [GC concurrent-root-region-scan-start]
1.448: [GC concurrent-root-region-scan-end, 0.0322386 secs]
1.448: [GC concurrent-mark-start]
1.631: [GC pause (young) 496M->498M(922M), 0.1019839 secs]
1.821: [GC pause (young) 573M->576M(943M), 0.1425752 secs]
2.093: [GC concurrent-mark-end, 0.5879844 secs]
2.093: [GC pause (young) 675M->677M(960M), 0.1391002 secs]
2.232: [GC remark, 0.0006918 secs]
2.233: [GC cleanup 677M->334M(960M), 0.0006634 secs]
2.234: [GC concurrent-cleanup-start]
2.234: [GC concurrent-cleanup-end, 0.0002412 secs]
2.323: [GC pause (young) 418M->421M(973M), 0.1897231 secs]
2.540: [GC pause (young) (initial-mark) 434M->439M(984M), 0.1304666 secs]
2.670: [GC concurrent-root-region-scan-start]
2.685: [GC concurrent-root-region-scan-end, 0.0143002 secs]
2.685: [GC concurrent-mark-start]
2.954: [GC pause (young) 541M->544M(992M), 0.1343284 secs]
3.194: [GC pause (young) 639M->642M(999M), 0.1898328 secs]
3.502: [GC pause (young) 714M->718M(1004M), 0.1617106 secs]
3.668: [GC concurrent-mark-end, 0.9817854 secs]
3.696: [GC remark, 0.0010510 secs]
3.701: [GC cleanup 721M->386M(1004M), 0.0007441 secs]
3.702: [GC concurrent-cleanup-start]
3.702: [GC concurrent-cleanup-end, 0.0002818 secs]
3.784: [GC pause (young) 465M->469M(1008M), 0.1625480 secs]
3.971: [GC pause (young) (initial-mark) 484M->490M(1012M), 0.1061166 secs]
4.077: [GC concurrent-root-region-scan-start]
4.102: [GC concurrent-root-region-scan-end, 0.0247559 secs]
4.102: [GC concurrent-mark-start]
4.473: [GC pause (young) 568M->571M(1015M), 0.1036442 secs]
4.841: [GC pause (young) 708M->711M(1017M), 0.1315765 secs]
4.976: [GC concurrent-mark-end, 0.8747293 secs]
5.004: [GC remark, 0.0010869 secs]
5.037: [GC cleanup 715M->373M(1017M), 0.0007529 secs]
5.038: [GC concurrent-cleanup-start]
5.038: [GC concurrent-cleanup-end, 0.0002710 secs]
5.123: [GC pause (young) 459M->462M(1019M), 0.1710878 secs]
5.334: [GC pause (young) (initial-mark) 469M->474M(1020M), 0.0874113 secs]
5.422: [GC concurrent-root-region-scan-start]
5.439: [GC concurrent-root-region-scan-end, 0.0175694 secs]
5.439: [GC concurrent-mark-start]
5.806: [GC pause (young) 553M->556M(1021M), 0.1138816 secs]
6.190: [GC concurrent-mark-end, 0.7505100 secs]
6.190: [GC remark, 0.0009288 secs]
6.191: [GC cleanup 695M->373M(1021M), 0.0006312 secs]
6.191: [GC concurrent-cleanup-start]
6.192: [GC concurrent-cleanup-end, 0.0001731 secs]
6.215: [GC pause (young) 392M->395M(1022M), 0.1670031 secs]
6.465: [GC pause (young) 465M->471M(1023M), 0.2186094 secs]
6.716: [GC pause (young) (initial-mark) 475M->478M(1024M), 0.0663212 secs]
6.782: [GC concurrent-root-region-scan-start]
6.793: [GC concurrent-root-region-scan-end, 0.0104426 secs]
6.793: [GC concurrent-mark-start]
7.205: [GC pause (young) 614M->617M(1024M), 0.1146424 secs]
7.521: [GC pause (young) 698M->701M(1024M), 0.1272002 secs]
7.699: [GC pause (young) 740M->745M(1024M), 0.1610804 secs]
7.860: [Full GC 745M->78M(640M), 0.3886695 secs]
8.249: [GC concurrent-mark-abort]
8.377: [GC pause (young) 182M->183M(717M), 0.1074746 secs]
8.597: [GC pause (young) 283M->286M(779M), 0.1464289 secs]
8.915: [GC pause (young) 378M->382M(828M), 0.1430846 secs]
9.090: [GC pause (young) (initial-mark) 397M->403M(868M), 0.1373797 secs]
9.227: [GC concurrent-root-region-scan-start]
9.259: [GC concurrent-root-region-scan-end, 0.0314572 secs]
9.259: [GC concurrent-mark-start]
9.506: [GC pause (young) 497M->500M(900M), 0.1187253 secs]
9.723: [GC pause (young) 598M->602M(925M), 0.2006272 secs]
10.059: [GC concurrent-mark-end, 0.7929948 secs]
10.060: [GC remark, 0.0007823 secs]
10.063: [GC cleanup 671M->366M(925M), 0.0007156 secs]
10.064: [GC concurrent-cleanup-start]
10.064: [GC concurrent-cleanup-end, 0.0002118 secs]
10.076: [GC pause (young) 367M->371M(945M), 0.1116853 secs]
10.363: [GC pause (young) 455M->459M(961M), 0.1568627 secs]
10.552: [GC pause (young) (initial-mark) 480M->485M(974M), 0.1149116 secs]
10.667: [GC concurrent-root-region-scan-start]
10.699: [GC concurrent-root-region-scan-end, 0.0319689 secs]
10.699: [GC concurrent-mark-start]
11.041: [GC pause (young) 563M->567M(984M), 0.1160130 secs]
11.415: [GC pause (young) 706M->709M(992M), 0.1368629 secs]
11.663: [GC pause (young) 801M->806M(999M), 0.2364438 secs]
11.916: [GC concurrent-mark-end, 1.2167947 secs]
11.934: [GC remark, 0.0010967 secs]
11.935: [GC cleanup 844M->503M(999M), 0.0007002 secs]
11.936: [GC concurrent-cleanup-start]
11.936: [GC concurrent-cleanup-end, 0.0002463 secs]
11.994: [GC pause (young) 541M->546M(1004M), 0.1738714 secs]
12.206: [GC pause (young) (initial-mark) 554M->558M(1008M), 0.0414263 secs]
12.248: [GC concurrent-root-region-scan-start]
12.261: [GC concurrent-root-region-scan-end, 0.0129674 secs]
12.261: [GC concurrent-mark-start]
12.865: [GC pause (young) 717M->719M(1012M), 0.2183953 secs]
13.165: [GC pause (young) 786M->792M(1015M), 0.2291356 secs]
13.485: [GC pause (young) 870M->875M(1017M), 0.1529824 secs]
13.670: [GC pause (young) 882M->888M(1019M), 0.0544842 secs]
13.725: [Full GC 888M->176M(588M), 0.6822729 secs]
14.407: [GC concurrent-mark-abort]
14.582: [GC pause (young) (initial-mark) 314M->318M(676M), 0.1194068 secs]
14.701: [GC concurrent-root-region-scan-start]
14.738: [GC concurrent-root-region-scan-end, 0.0365551 secs]
14.738: [GC concurrent-mark-start]
14.959: [GC pause (young) 407M->412M(746M), 0.2220933 secs]
15.284: [GC concurrent-mark-end, 0.5340012 secs]
15.284: [GC remark, 0.0008229 secs]
15.285: [GC cleanup 496M->243M(746M), 0.0006032 secs]
15.286: [GC concurrent-cleanup-start]
15.286: [GC concurrent-cleanup-end, 0.0001731 secs]
15.314: [GC pause (young) 302M->307M(802M), 0.2807550 secs]
15.678: [GC pause (young) 359M->362M(847M), 0.1661606 secs]
15.884: [GC pause (young) (initial-mark) 390M->396M(883M), 0.1030508 secs]
15.987: [GC concurrent-root-region-scan-start]
16.019: [GC concurrent-root-region-scan-end, 0.0318047 secs]
16.019: [GC concurrent-mark-start]
16.199: [GC pause (young) 476M->478M(912M), 0.1280898 secs]
16.438: [GC pause (young) 566M->570M(935M), 0.1413688 secs]
16.712: [GC concurrent-mark-end, 0.6491662 secs]
16.712: [GC remark, 0.0010846 secs]
16.745: [GC cleanup 671M->339M(935M), 0.0009097 secs]
16.746: [GC concurrent-cleanup-start]
16.746: [GC concurrent-cleanup-end, 0.0002524 secs]
16.809: [GC pause (young) 376M->378M(953M), 0.1404213 secs]
17.056: [GC pause (young) 469M->474M(968M), 0.2429968 secs]
17.394: [GC pause (young) (initial-mark) 480M->484M(980M), 0.0253931 secs]
