2015-01-19T14:27:21.981+0300: 0.137: [GC 65536K->43235K(249856K), 0.0656790 secs]
2015-01-19T14:27:22.081+0300: 0.237: [GC 94177K->91291K(315392K), 0.0752483 secs]
2015-01-19T14:27:22.252+0300: 0.407: [GC 222363K->198474K(329728K), 0.1361051 secs]
2015-01-19T14:27:22.388+0300: 0.543: [Full GC 198474K->171397K(550400K), 3.3222507 secs]
2015-01-19T14:27:25.798+0300: 3.955: [GC 296975K->282386K(604672K), 0.1642999 secs]
2015-01-19T14:27:26.084+0300: 4.241: [GC 467730K->410063K(659968K), 0.1546055 secs]
2015-01-19T14:27:26.239+0300: 4.396: [Full GC 410063K->163352K(800256K), 3.0269721 secs]
2015-01-19T14:27:29.434+0300: 7.591: [GC 403992K->356144K(647680K), 0.1824486 secs]
2015-01-19T14:27:29.676+0300: 7.832: [GC 444208K->444279K(723968K), 0.1041727 secs]
2015-01-19T14:27:29.780+0300: 7.937: [Full GC 444279K->173542K(900096K), 3.1806862 secs]
2015-01-19T14:27:33.018+0300: 11.175: [GC 261606K->257319K(900096K), 0.0707820 secs]
2015-01-19T14:27:33.143+0300: 11.300: [GC 345383K->317577K(900096K), 0.0939997 secs]
2015-01-19T14:27:33.284+0300: 11.441: [GC 383601K->367205K(900096K), 0.0843838 secs]
2015-01-19T14:27:33.438+0300: 11.595: [GC 509352K->449355K(900096K), 0.6089154 secs]
2015-01-19T14:27:34.122+0300: 12.279: [GC 533217K->510958K(900096K), 0.2696864 secs]
2015-01-19T14:27:34.447+0300: 12.604: [GC 599022K->572448K(900096K), 0.1212974 secs]
2015-01-19T14:27:34.628+0300: 12.785: [GC 660512K->636506K(900096K), 0.1480764 secs]
2015-01-19T14:27:34.830+0300: 12.987: [GC 724570K->682411K(900096K), 0.1211496 secs]
2015-01-19T14:27:34.951+0300: 13.108: [Full GC 682411K->14652K(815616K), 0.2621454 secs]
2015-01-19T14:27:35.270+0300: 13.427: [GC 102716K->80341K(815616K), 0.0620165 secs]
2015-01-19T14:27:35.373+0300: 13.530: [GC 140625K->148190K(815616K), 0.1166087 secs]
2015-01-19T14:27:35.560+0300: 13.718: [GC 290337K->206303K(815616K), 0.4809918 secs]
2015-01-19T14:27:36.116+0300: 14.273: [GC 290112K->267914K(815616K), 0.3202135 secs]
2015-01-19T14:27:36.491+0300: 14.648: [GC 355978K->329404K(815616K), 0.1159938 secs]
2015-01-19T14:27:36.666+0300: 14.823: [GC 417468K->393478K(815616K), 0.1429939 secs]
2015-01-19T14:27:36.864+0300: 15.021: [GC 481542K->439391K(815616K), 0.1213212 secs]
2015-01-19T14:27:37.042+0300: 15.199: [GC 527455K->501850K(815616K), 0.0866006 secs]
2015-01-19T14:27:37.169+0300: 15.326: [GC 562107K->569675K(815616K), 0.1092342 secs]
2015-01-19T14:27:37.348+0300: 15.505: [Full GC 711822K->202503K(1096192K), 3.0741628 secs]
2015-01-19T14:27:40.495+0300: 18.653: [GC 286281K->264130K(1096192K), 0.0594825 secs]
2015-01-19T14:27:40.611+0300: 18.768: [GC 352194K->325628K(1096192K), 0.1123024 secs]
2015-01-19T14:27:40.782+0300: 18.939: [GC 413692K->389670K(1096192K), 0.1340558 secs]
2015-01-19T14:27:40.972+0300: 19.129: [GC 477734K->435583K(1096192K), 0.1308654 secs]
2015-01-19T14:27:41.160+0300: 19.317: [GC 523647K->498058K(1096192K), 0.0853326 secs]
2015-01-19T14:27:41.286+0300: 19.443: [GC 558299K->565875K(1096192K), 0.1079397 secs]
2015-01-19T14:27:41.468+0300: 19.626: [GC 708022K->624020K(1096192K), 0.4794584 secs]
2015-01-19T14:27:42.022+0300: 20.179: [GC 707781K->685703K(1096192K), 0.2696430 secs]
2015-01-19T14:27:42.348+0300: 20.506: [GC 773767K->747129K(1096192K), 0.1185885 secs]
2015-01-19T14:27:42.526+0300: 20.683: [GC 835193K->811203K(1096192K), 0.1470772 secs]
2015-01-19T14:27:42.728+0300: 20.885: [GC 899267K->857124K(1096192K), 0.1266776 secs]
2015-01-19T14:27:42.912+0300: 21.069: [GC 945188K->919575K(1096192K), 0.1078930 secs]
2015-01-19T14:27:43.020+0300: 21.177: [Full GC 919575K->76997K(1097728K), 1.4136394 secs]
2015-01-19T14:27:44.474+0300: 22.631: [GC 137229K->160942K(1097728K), 0.0615523 secs]
2015-01-19T14:27:44.606+0300: 22.763: [GC 303089K->219079K(1097728K), 0.5246701 secs]
2015-01-19T14:27:45.203+0300: 23.361: [GC 302830K->280658K(1097728K), 0.3216433 secs]
2015-01-19T14:27:45.581+0300: 23.738: [GC 368722K->342148K(1097728K), 0.1181243 secs]
2015-01-19T14:27:45.759+0300: 23.917: [GC 430212K->406151K(1097728K), 0.1371127 secs]
2015-01-19T14:27:45.949+0300: 24.106: [GC 494215K->452055K(1097728K), 0.1210175 secs]
2015-01-19T14:27:46.127+0300: 24.284: [GC 540119K->514467K(1097728K), 0.1094064 secs]
2015-01-19T14:27:46.277+0300: 24.435: [GC 574694K->582324K(1097728K), 0.1099638 secs]
2015-01-19T14:27:46.456+0300: 24.614: [GC 724470K->640445K(1097728K), 0.4788930 secs]
2015-01-19T14:27:47.010+0300: 25.166: [GC 724189K->702120K(1097728K), 0.2788615 secs]
2015-01-19T14:27:47.345+0300: 25.502: [GC