2015-01-23T15:41:23.027+0300: 0.209: [GC pause (young), 0.0837589 secs]
   [Parallel Time: 83.3 ms, GC Workers: 8]
      [GC Worker Start (ms): Min: 209.5, Avg: 209.6, Max: 209.6, Diff: 0.1]
      [Ext Root Scanning (ms): Min: 0.4, Avg: 6.5, Max: 16.7, Diff: 16.4, Sum: 51.7]
      [Update RS (ms): Min: 0.0, Avg: 10.5, Max: 18.0, Diff: 18.0, Sum: 83.7]
         [Processed Buffers: Min: 0, Avg: 5.8, Max: 11, Diff: 11, Sum: 46]
      [Scan RS (ms): Min: 11.6, Avg: 12.8, Max: 13.5, Diff: 1.9, Sum: 102.6]
      [Object Copy (ms): Min: 53.1, Avg: 53.3, Max: 53.6, Diff: 0.4, Sum: 426.5]
      [Termination (ms): Min: 0.0, Avg: 0.1, Max: 0.2, Diff: 0.2, Sum: 0.8]
      [GC Worker Other (ms): Min: 0.0, Avg: 0.0, Max: 0.0, Diff: 0.0, Sum: 0.2]
      [GC Worker Total (ms): Min: 83.1, Avg: 83.2, Max: 83.2, Diff: 0.1, Sum: 665.5]
      [GC Worker End (ms): Min: 292.7, Avg: 292.7, Max: 292.7, Diff: 0.0]
   [Code Root Fixup: 0.0 ms]
   [Clear CT: 0.0 ms]
   [Other: 0.4 ms]
      [Choose CSet: 0.0 ms]
      [Ref Proc: 0.1 ms]
      [Ref Enq: 0.0 ms]
      [Free CSet: 0.0 ms]
   [Eden: 21.0M(12.0M)->0.0B(10.0M) Survivors: 0.0B->2048.0K Heap: 40.6M(255.0M)->39.4M(255.0M)]
 [Times: user=0.50 sys=0.08, real=0.08 secs] 
2015-01-23T15:41:23.164+0300: 0.347: [GC pause (young), 0.0393345 secs]
   [Parallel Time: 38.4 ms, GC Workers: 8]
      [GC Worker Start (ms): Min: 346.9, Avg: 346.9, Max: 346.9, Diff: 0.0]
      [Ext Root Scanning (ms): Min: 0.2, Avg: 0.3, Max: 0.3, Diff: 0.1, Sum: 2.0]
      [Update RS (ms): Min: 6.1, Avg: 6.7, Max: 7.2, Diff: 1.1, Sum: 53.4]
         [Processed Buffers: Min: 3, Avg: 3.9, Max: 7, Diff: 4, Sum: 31]
      [Scan RS (ms): Min: 5.3, Avg: 5.9, Max: 6.5, Diff: 1.2, Sum: 47.3]
      [Object Copy (ms): Min: 25.4, Avg: 25.4, Max: 25.6, Diff: 0.2, Sum: 203.5]
      [Termination (ms): Min: 0.0, Avg: 0.0, Max: 0.0, Diff: 0.0, Sum: 0.3]
      [GC Worker Other (ms): Min: 0.0, Avg: 0.0, Max: 0.0, Diff: 0.0, Sum: 0.2]
      [GC Worker Total (ms): Min: 38.3, Avg: 38.3, Max: 38.4, Diff: 0.0, Sum: 306.6]
      [GC Worker End (ms): Min: 385.2, Avg: 385.2, Max: 385.2, Diff: 0.0]
   [Code Root Fixup: 0.0 ms]
   [Clear CT: 0.1 ms]
   [Other: 0.9 ms]
      [Choose CSet: 0.0 ms]
      [Ref Proc: 0.1 ms]
      [Ref Enq: 0.0 ms]
      [Free CSet: 0.0 ms]
   [Eden: 10.0M(10.0M)->0.0B(18.0M) Survivors: 2048.0K->2048.0K Heap: 59.9M(255.0M)->62.6M(409.0M)]
 [Times: user=0.37 sys=0.00, real=0.04 secs] 
2015-01-23T15:41:23.248+0300: 0.430: [GC pause (young), 0.0530056 secs]
   [Parallel Time: 52.2 ms, GC Workers: 8]
      [GC Worker Start (ms): Min: 430.5, Avg: 430.5, Max: 430.7, Diff: 0.3]
      [Ext Root Scanning (ms): Min: 0.1, Avg: 0.2, Max: 0.3, Diff: 0.2, Sum: 2.0]
      [Update RS (ms): Min: 7.2, Avg: 7.8, Max: 9.7, Diff: 2.5, Sum: 62.7]
         [Processed Buffers: Min: 3, Avg: 3.9, Max: 5, Diff: 2, Sum: 31]
      [Scan RS (ms): Min: 4.1, Avg: 6.5, Max: 11.2, Diff: 7.2, Sum: 52.2]
      [Object Copy (ms): Min: 33.3, Avg: 37.4, Max: 38.1, Diff: 4.8, Sum: 299.1]
      [Termination (ms): Min: 0.0, Avg: 0.1, Max: 0.1, Diff: 0.1, Sum: 0.7]
      [GC Worker Other (ms): Min: 0.0, Avg: 0.0, Max: 0.0, Diff: 0.0, Sum: 0.1]
      [GC Worker Total (ms): Min: 51.9, Avg: 52.1, Max: 52.2, Diff: 0.3, Sum: 416.9]
      [GC Worker End (ms): Min: 482.6, Avg: 482.6, Max: 482.6, Diff: 0.0]
   [Code Root Fixup: 0.0 ms]
   [Clear CT: 0.1 ms]
   [Other: 0.7 ms]
      [Choose CSet: 0.0 ms]
      [Ref Proc: 0.0 ms]
      [Ref Enq: 0.0 ms]
      [Free CSet: 0.0 ms]
   [Eden: 18.0M(18.0M)->0.0B(23.0M) Survivors: 2048.0K->3072.0K Heap: 96.2M(409.0M)->98.7M(532.0M)]
 [Times: user=0.34 sys=0.00, real=0.05 secs] 
2015-01-23T15:41:23.365+0300: 0.548: [GC pause (young), 0.0652600 secs]
   [Parallel Time: 64.4 ms, GC Workers: 8]
      [GC Worker Start (ms): Min: 547.8, Avg: 548.0, Max: 548.6, Diff: 0.8]
      [Ext Root Scanning (ms): Min: 0.0, Avg: 0.2, Max: 0.4, Diff: 0.4, Sum: 1.9]
      [Update RS (ms): Min: 7.5, Avg: 8.4, Max: 9.4, Diff: 2.0, Sum: 67.4]
         [Processed Buffers: Min: 4, Avg: 4.1, Max: 5, Diff: 1, Sum: 33]
      [Scan RS (ms): Min: 8.4, Avg: 9.3, Max: 10.3, Diff: 1.8, Sum: 74.6]
      [Object Copy (ms): Min: 46.0, Avg: 46.2, Max: 46.3, Diff: 0.3, Sum: 369.4]
      [Termination (ms): Min: 0.0, Avg: 0.1, Max: 0.1, Diff: 0.1, Sum: 0.4]
      [GC Worker Other (ms): Min: 0.0, Avg: 0.0, Max: 0.0, Diff: 0.0, Sum: 0.2]
      [GC Worker Total (ms): Min: 63.6, Avg: 64.2, Max: 64.4, Diff: 0.8, Sum: 513.9]
      [GC Worker End (ms): Min: 612.2, Avg: 612.2, Max: 612.2, Diff: 0.0]
   [Code Root Fixup: 0.0 ms]
   [Clear CT: 0.0 ms]
   [Other: 0.8 ms]
      [Choose CSet: 0.0 ms]
      [Ref Proc: 0.1 ms]
      [Ref Enq: 0.0 ms]
      [Free CSet: 0.0 ms]
   [Eden: 23.0M(23.0M)->0.0B(27.0M) Survivors: 3072.0K->4096.0K Heap: 145.2M(532.0M)->149.2M(631.0M)]
 [Times: user=0.39 sys=0.05, real=0.07 secs] 
2015-01-23T15:41:23.514+0300: 0.697: [GC pause (young), 0.1037305 secs]
   [Parallel Time: 102.6 ms, GC Workers: 8]
      [GC Worker Start (ms): Min: 696.9, Avg: 696.9, Max: 696.9, Diff: 0.0]
      [Ext Root Scanning (ms): Min: 0.2, Avg: 0.3, Max: 0.3, Diff: 0.1, Sum: 2.1]
      [Update RS (ms): Min: 19.0, Avg: 20.0, Max: 21.1, Diff: 2.1, Sum: 160.1]
         [Processed Buffers: Min: 7, Avg: 8.0, Max: 9, Diff: 2, Sum: 64]
      [Scan RS (ms): Min: 9.9, Avg: 11.0, Max: 12.1, Diff: 2.2, Sum: 88.1]
      [Object Copy (ms): Min: 67.1, Avg: 67.7, Max: 71.2, Diff: 4.1, Sum: 541.6]
      [Termination (ms): Min: 0.0, Avg: 3.5, Max: 4.1, Diff: 4.1, Sum: 27.9]
      [GC Worker Other (ms): Min: 0.0, Avg: 0.0, Max: 0.0, Diff: 0.0, Sum: 0.1]
      [GC Worker Total (ms): Min: 102.5, Avg: 102.5, Max: 102.6, Diff: 0.1, Sum: 819.8]
      [GC Worker End (ms): Min: 799.3, Avg: 799.4, Max: 799.4, Diff: 0.1]
   [Code Root Fixup: 0.0 ms]
   [Clear CT: 0.1 ms]
   [Other: 1.1 ms]
      [Choose CSet: 0.0 ms]
      [Ref Proc: 0.1 ms]
      [Ref Enq: 0.0 ms]
      [Free CSet: 0.1 ms]
   [Eden: 27.0M(27.0M)->0.0B(31.0M) Survivors: 4096.0K->4096.0K Heap: 211.4M(631.0M)->218.9M(710.0M)]
 [Times: user=0.69 sys=0.03, real=0.10 secs] 
2015-01-23T15:41:23.694+0300: 0.876: [GC pause (young), 0.0926115 secs]
   [Parallel Time: 91.9 ms, GC Workers: 8]
      [GC Worker Start (ms): Min: 876.4, Avg: 878.4, Max: 892.3, Diff: 15.9]
      [Ext Root Scanning (ms): Min: 0.0, Avg: 0.2, Max: 0.3, Diff: 0.3, Sum: 1.8]
      [Update RS (ms): Min: 0.0, Avg: 4.4, Max: 5.9, Diff: 5.9, Sum: 35.3]
         [Processed Buffers: Min: 0, Avg: 2.1, Max: 4, Diff: 4, Sum: 17]
      [Scan RS (ms): Min: 0.0, Avg: 8.3, Max: 9.8, Diff: 9.8, Sum: 66.0]
      [Object Copy (ms): Min: 51.2, Avg: 56.7, Max: 76.6, Diff: 25.4, Sum: 453.5]
      [Termination (ms): Min: 0.0, Avg: 19.8, Max: 24.2, Diff: 24.2, Sum: 158.3]
      [GC Worker Other (ms): Min: 0.0, Avg: 0.0, Max: 0.0, Diff: 0.0, Sum: 0.1]
      [GC Worker Total (ms): Min: 75.4, Avg: 89.4, Max: 91.9, Diff: 16.4, Sum: 715.0]
      [GC Worker End (ms): Min: 967.7, Avg: 967.8, Max: 968.3, Diff: 0.6]
   [Code Root Fixup: 0.0 ms]
   [Clear CT: 0.0 ms]
   [Other: 0.7 ms]
      [Choose CSet: 0.0 ms]
      [Ref Proc: 0.1 ms]
      [Ref Enq: 0.0 ms]
      [Free CSet: 0.0 ms]
   [Eden: 31.0M(31.0M)->0.0B(33.0M) Survivors: 4096.0K->5120.0K Heap: 249.9M(710.0M)->253.9M(773.0M)]
 [Times: user=0.56 sys=0.02, real=0.09 secs] 
2015-01-23T15:41:23.968+0300: 1.150: [GC pause (young), 0.0835984 secs]
   [Parallel Time: 82.7 ms, GC Workers: 8]
      [GC Worker Start (ms): Min: 1150.5, Avg: 1150.5, Max: 1150.6, Diff: 0.0]
      [Ext Root Scanning (ms): Min: 0.2, Avg: 0.3, Max: 0.3, Diff: 0.1, Sum: 2.1]
      [Update RS (ms): Min: 5.5, Avg: 6.4, Max: 7.3, Diff: 1.8, Sum: 51.1]
         [Processed Buffers: Min: 3, Avg: 3.1, Max: 4, Diff: 1, Sum: 25]
      [Scan RS (ms): Min: 14.2, Avg: 15.0, Max: 15.9, Diff: 1.6, Sum: 120.0]
      [Object Copy (ms): Min: 60.9, Avg: 61.0, Max: 61.1, Diff: 0.2, Sum: 488.0]
      [Termination (ms): Min: 0.0, Avg: 0.0, Max: 0.1, Diff: 0.1, Sum: 0.3]
      [GC Worker Other (ms): Min: 0.0, Avg: 0.0, Max: 0.0, Diff: 0.0, Sum: 0.1]
      [GC Worker Total (ms): Min: 82.7, Avg: 82.7, Max: 82.7, Diff: 0.0, Sum: 661.7]
      [GC Worker End (ms): Min: 1233.2, Avg: 1233.2, Max: 1233.2, Diff: 0.0]
   [Code Root Fixup: 0.0 ms]
   [Clear CT: 0.0 ms]
   [Other: 0.8 ms]
      [Choose CSet: 0.0 ms]
      [Ref Proc: 0.1 ms]
      [Ref Enq: 0.0 ms]
      [Free CSet: 0.0 ms]
   [Eden: 33.0M(33.0M)->0.0B(37.0M) Survivors: 5120.0K->5120.0K Heap: 344.7M(773.0M)->347.7M(824.0M)]
 [Times: user=0.48 sys=0.06, real=0.08 secs] 
2015-01-23T15:41:24.090+0300: 1.273: [GC pause (young) (initial-mark), 0.1085186 secs]
   [Parallel Time: 107.9 ms, GC Workers: 8]
      [GC Worker Start (ms): Min: 1273.2, Avg: 1273.3, Max: 1273.6, Diff: 0.4]
      [Ext Root Scanning (ms): Min: 0.0, Avg: 0.2, Max: 0.3, Diff: 0.3, Sum: 1.9]
      [Update RS (ms): Min: 51.8, Avg: 52.2, Max: 52.6, Diff: 0.8, Sum: 417.7]
         [Processed Buffers: Min: 26, Avg: 30.5, Max: 34, Diff: 8, Sum: 244]
      [Scan RS (ms): Min: 2.2, Avg: 2.6, Max: 3.0, Diff: 0.8, Sum: 20.8]
      [Object Copy (ms): Min: 52.5, Avg: 52.6, Max: 52.8, Diff: 0.3, Sum: 420.5]
      [Termination (ms): Min: 0.0, Avg: 0.2, Max: 0.3, Diff: 0.3, Sum: 1.5]
      [GC Worker Other (ms): Min: 0.0, Avg: 0.0, Max: 0.0, Diff: 0.0, Sum: 0.1]
      [GC Worker Total (ms): Min: 107.5, Avg: 107.8, Max: 107.9, Diff: 0.4, Sum: 862.6]
      [GC Worker End (ms): Min: 1381.1, Avg: 1381.1, Max: 1381.1, Diff: 0.0]
   [Code Root Fixup: 0.0 ms]
   [Clear CT: 0.0 ms]
   [Other: 0.6 ms]
      [Choose CSet: 0.0 ms]
      [Ref Proc: 0.1 ms]
      [Ref Enq: 0.0 ms]
      [Free CSet: 0.0 ms]
   [Eden: 21.0M(37.0M)->0.0B(37.0M) Survivors: 5120.0K->6144.0K Heap: 382.9M(824.0M)->388.4M(864.0M)]
 [Times: user=0.70 sys=0.03, real=0.11 secs] 
2015-01-23T15:41:24.199+0300: 1.382: [GC concurrent-root-region-scan-start]
2015-01-23T15:41:24.203+0300: 1.385: [GC concurrent-root-region-scan-end, 0.0036149 secs]
2015-01-23T15:41:24.203+0300: 1.385: [GC concurrent-mark-start]
2015-01-23T15:41:24.361+0300: 1.544: [GC pause (young), 0.1443151 secs]
   [Parallel Time: 143.6 ms, GC Workers: 8]
      [GC Worker Start (ms): Min: 1543.7, Avg: 1557.2, Max: 1576.3, Diff: 32.6]
      [Ext Root Scanning (ms): Min: 0.0, Avg: 0.2, Max: 0.3, Diff: 0.3, Sum: 1.2]
      [SATB Filtering (ms): Min: 0.0, Avg: 0.0, Max: 0.0, Diff: 0.0, Sum: 0.0]
      [Update RS (ms): Min: 0.0, Avg: 12.7, Max: 31.5, Diff: 31.5, Sum: 101.3]
         [Processed Buffers: Min: 0, Avg: 7.5, Max: 16, Diff: 16, Sum: 60]
      [Scan RS (ms): Min: 13.8, Avg: 28.8, Max: 41.8, Diff: 28.0, Sum: 230.7]
      [Object Copy (ms): Min: 59.7, Avg: 79.0, Max: 90.3, Diff: 30.6, Sum: 632.4]
      [Termination (ms): Min: 0.0, Avg: 8.6, Max: 10.6, Diff: 10.6, Sum: 68.8]
      [GC Worker Other (ms): Min: 0.0, Avg: 0.7, Max: 5.9, Diff: 5.9, Sum: 6.0]
      [GC Worker Total (ms): Min: 110.9, Avg: 130.0, Max: 143.5, Diff: 32.6, Sum: 1040.4]
      [GC Worker End (ms): Min: 1687.2, Avg: 1687.2, Max: 1687.2, Diff: 0.0]
   [Code Root Fixup: 0.0 ms]
   [Clear CT: 0.0 ms]
   [Other: 0.7 ms]
      [Choose CSet: 0.0 ms]
      [Ref Proc: 0.1 ms]
      [Ref Enq: 0.0 ms]
      [Free CSet: 0.1 ms]
   [Eden: 37.0M(37.0M)->0.0B(38.0M) Survivors: 6144.0K->6144.0K Heap: 474.9M(864.0M)->478.9M(896.0M)]
 [Times: user=0.75 sys=0.00, real=0.14 secs] 
2015-01-23T15:41:24.559+0300: 1.742: [GC concurrent-mark-end, 0.3565959 secs]
2015-01-23T15:41:24.570+0300: 1.752: [GC remark 2015-01-23T15:41:24.570+0300: 1.753: [GC ref-proc, 0.0000392 secs], 0.0007795 secs]
 [Times: user=0.00 sys=0.00, real=0.00 secs] 
2015-01-23T15:41:24.571+0300: 1.753: [GC cleanup 543M->214M(896M), 0.0007137 secs]
 [Times: user=0.00 sys=0.00, real=0.00 secs] 
2015-01-23T15:41:24.571+0300: 1.754: [GC concurrent-cleanup-start]
2015-01-23T15:41:24.572+0300: 1.754: [GC concurrent-cleanup-end, 0.0002524 secs]
2015-01-23T15:41:24.604+0300: 1.786: [GC pause (young), 0.1759053 secs]
   [Parallel Time: 175.2 ms, GC Workers: 8]
      [GC Worker Start (ms): Min: 1786.4, Avg: 1786.6, Max: 1787.3, Diff: 0.9]
      [Ext Root Scanning (ms): Min: 0.0, Avg: 0.2, Max: 0.3, Diff: 0.3, Sum: 1.8]
      [Update RS (ms): Min: 88.3, Avg: 89.5, Max: 90.2, Diff: 1.9, Sum: 715.6]
         [Processed Buffers: Min: 36, Avg: 38.5, Max: 43, Diff: 7, Sum: 308]
      [Scan RS (ms): Min: 3.3, Avg: 4.2, Max: 5.3, Diff: 2.0, Sum: 33.3]
      [Object Copy (ms): Min: 80.9, Avg: 81.1, Max: 81.2, Diff: 0.3, Sum: 648.6]
      [Termination (ms): Min: 0.0, Avg: 0.0, Max: 0.0, Diff: 0.0, Sum: 0.1]
      [GC Worker Other (ms): Min: 0.0, Avg: 0.0, Max: 0.0, Diff: 0.0, Sum: 0.2]
      [GC Worker Total (ms): Min: 174.2, Avg: 175.0, Max: 175.1, Diff: 0.9, Sum: 1399.7]
      [GC Worker End (ms): Min: 1961.5, Avg: 1961.5, Max: 1961.5, Diff: 0.0]
   [Code Root Fixup: 0.0 ms]
   [Clear CT: 0.0 ms]
   [Other: 0.7 ms]
      [Choose CSet: 0.0 ms]
      [Ref Proc: 0.1 ms]
      [Ref Enq: 0.0 ms]
      [Free CSet: 0.0 ms]
   [Eden: 38.0M(38.0M)->0.0B(40.0M) Survivors: 6144.0K->6144.0K Heap: 223.2M(896.0M)->228.7M(922.0M)]
 [Times: user=1.40 sys=0.03, real=0.18 secs] 
2015-01-23T15:41:24.916+0300: 2.099: [GC pause (young), 0.1109537 secs]
   [Parallel Time: 109.8 ms, GC Workers: 8]
      [GC Worker Start (ms): Min: 2098.6, Avg: 2098.8, Max: 2100.1, Diff: 1.5]
      [Ext Root Scanning (ms): Min: 0.0, Avg: 0.2, Max: 0.3, Diff: 0.3, Sum: 1.9]
      [Update RS (ms): Min: 14.3, Avg: 14.9, Max: 16.3, Diff: 2.0, Sum: 119.4]
         [Processed Buffers: Min: 6, Avg: 6.5, Max: 8, Diff: 2, Sum: 52]
      [Scan RS (ms): Min: 16.3, Avg: 17.3, Max: 18.1, Diff: 1.9, Sum: 138.4]
      [Object Copy (ms): Min: 76.9, Avg: 77.0, Max: 77.1, Diff: 0.2, Sum: 615.9]
      [Termination (ms): Min: 0.0, Avg: 0.1, Max: 0.1, Diff: 0.1, Sum: 0.7]
      [GC Worker Other (ms): Min: 0.0, Avg: 0.0, Max: 0.0, Diff: 0.0, Sum: 0.1]
      [GC Worker Total (ms): Min: 108.2, Avg: 109.6, Max: 109.8, Diff: 1.5, Sum: 876.5]
      [GC Worker End (ms): Min: 2208.4, Avg: 2208.4, Max: 2208.4, Diff: 0.0]
   [Code Root Fixup: 0.0 ms]
   [Clear CT: 0.1 ms]
   [Other: 1.0 ms]
      [Choose CSet: 0.0 ms]
      [Ref Proc: 0.1 ms]
      [Ref Enq: 0.0 ms]
      [Free CSet: 0.1 ms]
   [Eden: 40.0M(40.0M)->0.0B(41.0M) Survivors: 6144.0K->6144.0K Heap: 321.5M(922.0M)->325.0M(943.0M)]
 [Times: user=0.94 sys=0.02, real=0.11 secs] 
2015-01-23T15:41:25.180+0300: 2.363: [GC pause (young), 0.1689680 secs]
   [Parallel Time: 168.3 ms, GC Workers: 8]
      [GC Worker Start (ms): Min: 2363.1, Avg: 2374.7, Max: 2402.5, Diff: 39.4]
      [Ext Root Scanning (ms): Min: 0.0, Avg: 0.2, Max: 0.3, Diff: 0.3, Sum: 1.3]
      [Update RS (ms): Min: 0.0, Avg: 10.2, Max: 32.6, Diff: 32.6, Sum: 81.7]
         [Processed Buffers: Min: 0, Avg: 4.8, Max: 10, Diff: 10, Sum: 38]
      [Scan RS (ms): Min: 7.2, Avg: 21.8, Max: 43.3, Diff: 36.2, Sum: 174.3]
      [Object Copy (ms): Min: 70.6, Avg: 85.1, Max: 110.2, Diff: 39.6, Sum: 680.9]
      [Termination (ms): Min: 0.0, Avg: 35.0, Max: 51.0, Diff: 51.0, Sum: 280.3]
      [GC Worker Other (ms): Min: 0.0, Avg: 4.2, Max: 32.0, Diff: 32.0, Sum: 33.4]
      [GC Worker Total (ms): Min: 128.7, Avg: 156.5, Max: 168.2, Diff: 39.5, Sum: 1251.9]
      [GC Worker End (ms): Min: 2531.2, Avg: 2531.2, Max: 2531.3, Diff: 0.1]
   [Code Root Fixup: 0.0 ms]
   [Clear CT: 0.0 ms]
   [Other: 0.6 ms]
      [Choose CSet: 0.0 ms]
      [Ref Proc: 0.0 ms]
      [Ref Enq: 0.0 ms]
      [Free CSet: 0.1 ms]
   [Eden: 41.0M(41.0M)->0.0B(44.0M) Survivors: 6144.0K->6144.0K Heap: 396.1M(943.0M)->398.1M(960.0M)]
 [Times: user=1.05 sys=0.00, real=0.17 secs] 
2015-01-23T15:41:25.408+0300: 2.591: [GC pause (young) (initial-mark), 0.1543957 secs]
   [Parallel Time: 153.3 ms, GC Workers: 8]
      [GC Worker Start (ms): Min: 2591.3, Avg: 2591.5, Max: 2592.7, Diff: 1.4]
      [Ext Root Scanning (ms): Min: 0.0, Avg: 0.2, Max: 0.3, Diff: 0.3, Sum: 2.0]
      [Update RS (ms): Min: 75.3, Avg: 76.4, Max: 77.0, Diff: 1.7, Sum: 611.2]
         [Processed Buffers: Min: 37, Avg: 43.0, Max: 48, Diff: 11, Sum: 344]
      [Scan RS (ms): Min: 4.2, Avg: 4.7, Max: 5.1, Diff: 1.0, Sum: 37.8]
      [Object Copy (ms): Min: 71.1, Avg: 71.3, Max: 71.7, Diff: 0.7, Sum: 570.5]
      [Termination (ms): Min: 0.0, Avg: 0.3, Max: 0.4, Diff: 0.4, Sum: 2.2]
      [GC Worker Other (ms): Min: 0.0, Avg: 0.0, Max: 0.0, Diff: 0.0, Sum: 0.1]
      [GC Worker Total (ms): Min: 151.7, Avg: 153.0, Max: 153.2, Diff: 1.4, Sum: 1223.8]
      [GC Worker End (ms): Min: 2744.4, Avg: 2744.4, Max: 2744.4, Diff: 0.0]
   [Code Root Fixup: 0.0 ms]
   [Clear CT: 0.1 ms]
   [Other: 1.1 ms]
      [Choose CSet: 0.0 ms]
      [Ref Proc: 0.3 ms]
      [Ref Enq: 0.0 ms]
      [Free CSet: 0.0 ms]
   [Eden: 33.0M(44.0M)->0.0B(41.0M) Survivors: 6144.0K->7168.0K Heap: 446.7M(960.0M)->450.3M(973.0M)]
 [Times: user=1.22 sys=0.01, real=0.15 secs] 
2015-01-23T15:41:25.563+0300: 2.746: [GC concurrent-root-region-scan-start]
2015-01-23T15:41:25.568+0300: 2.750: [GC concurrent-root-region-scan-end, 0.0045955 secs]
2015-01-23T15:41:25.568+0300: 2.750: [GC concurrent-mark-start]
2015-01-23T15:41:25.869+0300: 3.051: [GC pause (young), 0.1616114 secs]
   [Parallel Time: 160.9 ms, GC Workers: 8]
      [GC Worker Start (ms): Min: 3051.4, Avg: 3073.2, Max: 3115.3, Diff: 63.9]
      [Ext Root Scanning (ms): Min: 0.0, Avg: 0.1, Max: 0.3, Diff: 0.3, Sum: 1.1]
      [SATB Filtering (ms): Min: 0.0, Avg: 0.0, Max: 0.0, Diff: 0.0, Sum: 0.0]
      [Update RS (ms): Min: 0.0, Avg: 4.0, Max: 8.7, Diff: 8.7, Sum: 32.2]
         [Processed Buffers: Min: 0, Avg: 3.1, Max: 8, Diff: 8, Sum: 25]
      [Scan RS (ms): Min: 0.0, Avg: 20.7, Max: 77.3, Diff: 77.3, Sum: 165.9]
      [Object Copy (ms): Min: 20.8, Avg: 56.8, Max: 93.5, Diff: 72.7, Sum: 454.6]
      [Termination (ms): Min: 0.0, Avg: 57.0, Max: 75.7, Diff: 75.7, Sum: 456.0]
      [GC Worker Other (ms): Min: 0.0, Avg: 0.0, Max: 0.0, Diff: 0.0, Sum: 0.1]
      [GC Worker Total (ms): Min: 96.5, Avg: 138.7, Max: 160.5, Diff: 63.9, Sum: 1109.8]
      [GC Worker End (ms): Min: 3211.9, Avg: 3211.9, Max: 3212.3, Diff: 0.4]
   [Code Root Fixup: 0.0 ms]
   [Clear CT: 0.0 ms]
   [Other: 0.6 ms]
      [Choose CSet: 0.0 ms]
      [Ref Proc: 0.1 ms]
      [Ref Enq: 0.0 ms]
      [Free CSet: 0.1 ms]
   [Eden: 41.0M(41.0M)->0.0B(45.0M) Survivors: 7168.0K->6144.0K Heap: 549.9M(973.0M)->553.9M(984.0M)]
 [Times: user=0.83 sys=0.03, real=0.16 secs] 
2015-01-23T15:41:26.142+0300: 3.325: [GC pause (young), 0.1910450 secs]
   [Parallel Time: 190.0 ms, GC Workers: 8]
      [GC Worker Start (ms): Min: 3324.6, Avg: 3324.6, Max: 3324.7, Diff: 0.1]
      [Ext Root Scanning (ms): Min: 0.2, Avg: 0.2, Max: 0.3, Diff: 0.1, Sum: 2.0]
      [SATB Filtering (ms): Min: 0.0, Avg: 0.0, Max: 0.0, Diff: 0.0, Sum: 0.0]
      [Update RS (ms): Min: 84.5, Avg: 85.4, Max: 86.7, Diff: 2.3, Sum: 683.5]
         [Processed Buffers: Min: 35, Avg: 36.6, Max: 38, Diff: 3, Sum: 293]
      [Scan RS (ms): Min: 10.3, Avg: 11.7, Max: 12.8, Diff: 2.4, Sum: 93.6]
      [Object Copy (ms): Min: 87.1, Avg: 87.9, Max: 92.5, Diff: 5.3, Sum: 702.9]
      [Termination (ms): Min: 0.0, Avg: 4.7, Max: 5.4, Diff: 5.4, Sum: 37.6]
      [GC Worker Other (ms): Min: 0.0, Avg: 0.0, Max: 0.0, Diff: 0.0, Sum: 0.1]
      [GC Worker Total (ms): Min: 189.9, Avg: 190.0, Max: 190.0, Diff: 0.1, Sum: 1519.6]
      [GC Worker End (ms): Min: 3514.6, Avg: 3514.6, Max: 3514.6, Diff: 0.0]
   [Code Root Fixup: 0.0 ms]
   [Clear CT: 0.1 ms]
   [Other: 1.0 ms]
      [Choose CSet: 0.0 ms]
      [Ref Proc: 0.2 ms]
      [Ref Enq: 0.0 ms]
      [Free CSet: 0.1 ms]
   [Eden: 45.0M(45.0M)->0.0B(42.0M) Survivors: 6144.0K->7168.0K Heap: 651.8M(984.0M)->655.3M(992.0M)]
 [Times: user=1.45 sys=0.01, real=0.19 secs] 
2015-01-23T15:41:26.435+0300: 3.617: [GC concurrent-mark-end, 0.8349841 secs]
2015-01-23T15:41:26.449+0300: 3.632: [GC pause (young), 0.1652379 secs]
   [Parallel Time: 164.1 ms, GC Workers: 8]
      [GC Worker Start (ms): Min: 3632.1, Avg: 3632.2, Max: 3632.2, Diff: 0.0]
      [Ext Root Scanning (ms): Min: 0.2, Avg: 0.3, Max: 0.3, Diff: 0.1, Sum: 2.1]
      [SATB Filtering (ms): Min: 0.0, Avg: 0.0, Max: 0.0, Diff: 0.0, Sum: 0.0]
      [Update RS (ms): Min: 47.0, Avg: 47.6, Max: 48.7, Diff: 1.7, Sum: 380.9]
         [Processed Buffers: Min: 19, Avg: 19.3, Max: 20, Diff: 1, Sum: 154]
      [Scan RS (ms): Min: 13.0, Avg: 14.2, Max: 14.9, Diff: 1.9, Sum: 113.6]
      [Object Copy (ms): Min: 101.5, Avg: 101.7, Max: 101.9, Diff: 0.4, Sum: 813.7]
      [Termination (ms): Min: 0.0, Avg: 0.2, Max: 0.2, Diff: 0.2, Sum: 1.4]
      [GC Worker Other (ms): Min: 0.0, Avg: 0.0, Max: 0.0, Diff: 0.0, Sum: 0.1]
      [GC Worker Total (ms): Min: 164.0, Avg: 164.0, Max: 164.0, Diff: 0.0, Sum: 1311.8]
      [GC Worker End (ms): Min: 3796.1, Avg: 3796.1, Max: 3796.2, Diff: 0.0]
   [Code Root Fixup: 0.0 ms]
   [Clear CT: 0.1 ms]
   [Other: 1.1 ms]
      [Choose CSet: 0.0 ms]
      [Ref Proc: 0.1 ms]
      [Ref Enq: 0.0 ms]
      [Free CSet: 0.1 ms]
   [Eden: 42.0M(42.0M)->0.0B(42.0M) Survivors: 7168.0K->7168.0K Heap: 727.3M(992.0M)->729.3M(999.0M)]
 [Times: user=1.19 sys=0.03, real=0.17 secs] 
2015-01-23T15:41:26.705+0300: 3.888: [GC remark 2015-01-23T15:41:26.705+0300: 3.888: [GC ref-proc, 0.0000476 secs], 0.0011569 secs]
 [Times: user=0.00 sys=0.00, real=0.00 secs] 
2015-01-23T15:41:26.723+0300: 3.905: [GC cleanup 729M->375M(999M), 0.0008709 secs]
 [Times: user=0.00 sys=0.00, real=0.00 secs] 
2015-01-23T15:41:26.723+0300: 3.906: [GC concurrent-cleanup-start]
2015-01-23T15:41:26.724+0300: 3.906: [GC concurrent-cleanup-end, 0.0001950 secs]
2015-01-23T15:41:26.833+0300: 4.016: [GC pause (young), 0.1084523 secs]
   [Parallel Time: 107.7 ms, GC Workers: 8]
      [GC Worker Start (ms): Min: 4015.9, Avg: 4016.2, Max: 4018.3, Diff: 2.3]
      [Ext Root Scanning (ms): Min: 0.0, Avg: 0.2, Max: 0.3, Diff: 0.3, Sum: 1.9]
      [Update RS (ms): Min: 2.3, Avg: 3.3, Max: 4.6, Diff: 2.3, Sum: 26.1]
         [Processed Buffers: Min: 1, Avg: 1.8, Max: 2, Diff: 1, Sum: 14]
      [Scan RS (ms): Min: 24.6, Avg: 25.7, Max: 26.9, Diff: 2.3, Sum: 205.6]
      [Object Copy (ms): Min: 77.9, Avg: 78.0, Max: 78.2, Diff: 0.3, Sum: 624.3]
      [Termination (ms): Min: 0.0, Avg: 0.1, Max: 0.1, Diff: 0.1, Sum: 0.8]
      [GC Worker Other (ms): Min: 0.0, Avg: 0.0, Max: 0.0, Diff: 0.0, Sum: 0.1]
      [GC Worker Total (ms): Min: 105.3, Avg: 107.4, Max: 107.7, Diff: 2.3, Sum: 858.9]
      [GC Worker End (ms): Min: 4123.6, Avg: 4123.6, Max: 4123.6, Diff: 0.0]
   [Code Root Fixup: 0.0 ms]
   [Clear CT: 0.1 ms]
   [Other: 0.7 ms]
      [Choose CSet: 0.0 ms]
      [Ref Proc: 0.1 ms]
      [Ref Enq: 0.0 ms]
      [Free CSet: 0.1 ms]
   [Eden: 42.0M(42.0M)->0.0B(46.0M) Survivors: 7168.0K->7168.0K Heap: 456.8M(999.0M)->462.3M(1004.0M)]
 [Times: user=0.84 sys=0.00, real=0.11 secs] 
2015-01-23T15:41:26.974+0300: 4.156: [GC pause (young) (initial-mark), 0.0892346 secs]
   [Parallel Time: 88.8 ms, GC Workers: 8]
      [GC Worker Start (ms): Min: 4156.5, Avg: 4156.6, Max: 4156.8, Diff: 0.3]
      [Ext Root Scanning (ms): Min: 0.0, Avg: 0.2, Max: 0.3, Diff: 0.3, Sum: 1.9]
      [Update RS (ms): Min: 51.8, Avg: 52.4, Max: 53.6, Diff: 1.8, Sum: 418.9]
         [Processed Buffers: Min: 45, Avg: 50.5, Max: 55, Diff: 10, Sum: 404]
      [Scan RS (ms): Min: 2.6, Avg: 3.8, Max: 4.5, Diff: 1.9, Sum: 30.8]
      [Object Copy (ms): Min: 32.1, Avg: 32.2, Max: 32.3, Diff: 0.2, Sum: 257.4]
      [Termination (ms): Min: 0.0, Avg: 0.0, Max: 0.0, Diff: 0.0, Sum: 0.1]
      [GC Worker Other (ms): Min: 0.0, Avg: 0.0, Max: 0.0, Diff: 0.0, Sum: 0.1]
      [GC Worker Total (ms): Min: 88.4, Avg: 88.6, Max: 88.7, Diff: 0.3, Sum: 709.2]
      [GC Worker End (ms): Min: 4245.2, Avg: 4245.2, Max: 4245.2, Diff: 0.0]
   [Code Root Fixup: 0.0 ms]
   [Clear CT: 0.0 ms]
   [Other: 0.4 ms]
      [Choose CSet: 0.0 ms]
      [Ref Proc: 0.1 ms]
      [Ref Enq: 0.0 ms]
      [Free CSet: 0.0 ms]
   [Eden: 16.0M(46.0M)->0.0B(44.0M) Survivors: 7168.0K->7168.0K Heap: 477.7M(1004.0M)->482.3M(1008.0M)]
 [Times: user=0.75 sys=0.00, real=0.09 secs] 
2015-01-23T15:41:27.063+0300: 4.246: [GC concurrent-root-region-scan-start]
2015-01-23T15:41:27.089+0300: 4.272: [GC concurrent-root-region-scan-end, 0.0257954 secs]
2015-01-23T15:41:27.089+0300: 4.272: [GC concurrent-mark-start]
2015-01-23T15:41:27.449+0300: 4.631: [GC pause (young), 0.0971398 secs]
   [Parallel Time: 96.4 ms, GC Workers: 8]
      [GC Worker Start (ms): Min: 4631.4, Avg: 4634.4, Max: 4654.9, Diff: 23.4]
      [Ext Root Scanning (ms): Min: 0.0, Avg: 0.2, Max: 0.3, Diff: 0.3, Sum: 1.8]
      [SATB Filtering (ms): Min: 0.0, Avg: 0.0, Max: 0.0, Diff: 0.0, Sum: 0.0]
      [Update RS (ms): Min: 0.0, Avg: 2.9, Max: 4.5, Diff: 4.5, Sum: 23.5]
         [Processed Buffers: Min: 0, Avg: 1.6, Max: 2, Diff: 2, Sum: 13]
      [Scan RS (ms): Min: 0.0, Avg: 11.5, Max: 14.3, Diff: 14.3, Sum: 92.4]
      [Object Copy (ms): Min: 56.2, Avg: 64.1, Max: 79.6, Diff: 23.3, Sum: 512.6]
      [Termination (ms): Min: 0.0, Avg: 14.6, Max: 16.7, Diff: 16.7, Sum: 116.8]
      [GC Worker Other (ms): Min: 0.0, Avg: 0.0, Max: 0.0, Diff: 0.0, Sum: 0.2]
      [GC Worker Total (ms): Min: 72.9, Avg: 93.4, Max: 96.4, Diff: 23.4, Sum: 747.4]
      [GC Worker End (ms): Min: 4727.8, Avg: 4727.8, Max: 4727.8, Diff: 0.0]
   [Code Root Fixup: 0.0 ms]
   [Clear CT: 0.1 ms]
   [Other: 0.7 ms]
      [Choose CSet: 0.0 ms]
      [Ref Proc: 0.1 ms]
      [Ref Enq: 0.0 ms]
      [Free CSet: 0.0 ms]
   [Eden: 44.0M(44.0M)->0.0B(59.0M) Survivors: 7168.0K->7168.0K Heap: 561.6M(1008.0M)->564.6M(1012.0M)]
 [Times: user=0.72 sys=0.00, real=0.10 secs] 
2015-01-23T15:41:27.758+0300: 4.941: [GC pause (young), 0.1679282 secs]
   [Parallel Time: 166.8 ms, GC Workers: 8]
      [GC Worker Start (ms): Min: 4940.7, Avg: 4940.7, Max: 4940.8, Diff: 0.1]
      [Ext Root Scanning (ms): Min: 0.1, Avg: 0.2, Max: 0.3, Diff: 0.2, Sum: 1.9]
      [SATB Filtering (ms): Min: 0.0, Avg: 0.0, Max: 0.0, Diff: 0.0, Sum: 0.0]
      [Update RS (ms): Min: 6.8, Avg: 7.3, Max: 8.0, Diff: 1.1, Sum: 58.1]
         [Processed Buffers: Min: 3, Avg: 3.6, Max: 5, Diff: 2, Sum: 29]
      [Scan RS (ms): Min: 43.1, Avg: 44.9, Max: 52.3, Diff: 9.2, Sum: 359.6]
      [Object Copy (ms): Min: 106.9, Avg: 114.2, Max: 115.4, Diff: 8.4, Sum: 913.7]
      [Termination (ms): Min: 0.0, Avg: 0.1, Max: 0.1, Diff: 0.1, Sum: 0.7]
      [GC Worker Other (ms): Min: 0.0, Avg: 0.0, Max: 0.0, Diff: 0.0, Sum: 0.2]
      [GC Worker Total (ms): Min: 166.7, Avg: 166.8, Max: 166.8, Diff: 0.1, Sum: 1334.2]
      [GC Worker End (ms): Min: 5107.5, Avg: 5107.5, Max: 5107.5, Diff: 0.0]
   [Code Root Fixup: 0.0 ms]
   [Clear CT: 0.1 ms]
   [Other: 1.0 ms]
      [Choose CSet: 0.0 ms]
      [Ref Proc: 0.1 ms]
      [Ref Enq: 0.0 ms]
      [Free CSet: 0.1 ms]
   [Eden: 59.0M(59.0M)->0.0B(43.0M) Survivors: 7168.0K->9216.0K Heap: 722.1M(1012.0M)->726.1M(1015.0M)]
 [Times: user=1.11 sys=0.06, real=0.17 secs] 
2015-01-23T15:41:28.135+0300: 5.318: [GC concurrent-mark-end, 1.0462050 secs]
2015-01-23T15:41:28.135+0300: 5.318: [GC remark 2015-01-23T15:41:28.140+0300: 5.323: [GC ref-proc, 0.0000453 secs], 0.0063098 secs]
 [Times: user=0.00 sys=0.00, real=0.01 secs] 
2015-01-23T15:41:28.141+0300: 5.324: [GC cleanup 789M->452M(1015M), 0.0006829 secs]
 [Times: user=0.00 sys=0.00, real=0.00 secs] 
2015-01-23T15:41:28.142+0300: 5.325: [GC concurrent-cleanup-start]
2015-01-23T15:41:28.142+0300: 5.325: [GC concurrent-cleanup-end, 0.0001796 secs]
2015-01-23T15:41:28.146+0300: 5.329: [GC pause (young), 0.1126583 secs]
   [Parallel Time: 112.0 ms, GC Workers: 8]
      [GC Worker Start (ms): Min: 5328.6, Avg: 5328.6, Max: 5328.6, Diff: 0.0]
      [Ext Root Scanning (ms): Min: 0.2, Avg: 0.3, Max: 0.3, Diff: 0.1, Sum: 2.2]
      [Update RS (ms): Min: 2.9, Avg: 4.0, Max: 4.7, Diff: 1.8, Sum: 32.2]
         [Processed Buffers: Min: 2, Avg: 2.3, Max: 4, Diff: 2, Sum: 18]
      [Scan RS (ms): Min: 28.2, Avg: 28.9, Max: 30.1, Diff: 1.9, Sum: 231.4]
      [Object Copy (ms): Min: 78.6, Avg: 78.6, Max: 78.7, Diff: 0.1, Sum: 629.2]
      [Termination (ms): Min: 0.0, Avg: 0.0, Max: 0.0, Diff: 0.0, Sum: 0.1]
      [GC Worker Other (ms): Min: 0.0, Avg: 0.0, Max: 0.0, Diff: 0.0, Sum: 0.1]
      [GC Worker Total (ms): Min: 111.9, Avg: 111.9, Max: 111.9, Diff: 0.0, Sum: 895.2]
      [GC Worker End (ms): Min: 5440.5, Avg: 5440.5, Max: 5440.5, Diff: 0.0]
   [Code Root Fixup: 0.0 ms]
   [Clear CT: 0.0 ms]
   [Other: 0.7 ms]
      [Choose CSet: 0.0 ms]
      [Ref Proc: 0.1 ms]
      [Ref Enq: 0.0 ms]
      [Free CSet: 0.1 ms]
   [Eden: 43.0M(43.0M)->0.0B(53.0M) Survivors: 9216.0K->7168.0K Heap: 454.7M(1015.0M)->459.2M(1017.0M)]
 [Times: user=0.78 sys=0.06, real=0.11 secs] 
2015-01-23T15:41:28.291+0300: 5.473: [GC pause (young) (initial-mark), 0.0813993 secs]
   [Parallel Time: 80.9 ms, GC Workers: 8]
      [GC Worker Start (ms): Min: 5473.6, Avg: 5473.7, Max: 5474.7, Diff: 1.1]
      [Ext Root Scanning (ms): Min: 0.0, Avg: 0.2, Max: 0.3, Diff: 0.3, Sum: 1.9]
      [Update RS (ms): Min: 53.0, Avg: 53.8, Max: 54.6, Diff: 1.5, Sum: 430.2]
         [Processed Buffers: Min: 49, Avg: 54.6, Max: 59, Diff: 10, Sum: 437]
      [Scan RS (ms): Min: 1.2, Avg: 2.0, Max: 2.8, Diff: 1.7, Sum: 16.1]
      [Object Copy (ms): Min: 24.5, Avg: 24.6, Max: 24.8, Diff: 0.3, Sum: 197.0]
      [Termination (ms): Min: 0.0, Avg: 0.1, Max: 0.1, Diff: 0.1, Sum: 0.5]
      [GC Worker Other (ms): Min: 0.0, Avg: 0.0, Max: 0.0, Diff: 0.0, Sum: 0.1]
      [GC Worker Total (ms): Min: 79.7, Avg: 80.7, Max: 80.9, Diff: 1.1, Sum: 645.9]
      [GC Worker End (ms): Min: 5554.4, Avg: 5554.4, Max: 5554.4, Diff: 0.0]
   [Code Root Fixup: 0.0 ms]
   [Clear CT: 0.1 ms]
   [Other: 0.4 ms]
      [Choose CSet: 0.0 ms]
      [Ref Proc: 0.1 ms]
      [Ref Enq: 0.0 ms]
      [Free CSet: 0.0 ms]
   [Eden: 9216.0K(53.0M)->0.0B(47.0M) Survivors: 7168.0K->8192.0K Heap: 467.5M(1017.0M)->473.2M(1019.0M)]
 [Times: user=0.62 sys=0.00, real=0.08 secs] 
2015-01-23T15:41:28.372+0300: 5.555: [GC concurrent-root-region-scan-start]
2015-01-23T15:41:28.377+0300: 5.560: [GC concurrent-root-region-scan-end, 0.0047041 secs]
2015-01-23T15:41:28.377+0300: 5.560: [GC concurrent-mark-start]
2015-01-23T15:41:28.742+0300: 5.925: [GC pause (young), 0.1124684 secs]
   [Parallel Time: 111.6 ms, GC Workers: 8]
      [GC Worker Start (ms): Min: 5925.3, Avg: 5938.0, Max: 5974.4, Diff: 49.1]
      [Ext Root Scanning (ms): Min: 0.0, Avg: 0.1, Max: 0.3, Diff: 0.3, Sum: 1.2]
      [SATB Filtering (ms): Min: 0.0, Avg: 0.0, Max: 0.0, Diff: 0.0, Sum: 0.0]
      [Update RS (ms): Min: 0.0, Avg: 2.6, Max: 5.8, Diff: 5.8, Sum: 20.8]
         [Processed Buffers: Min: 0, Avg: 2.1, Max: 5, Diff: 5, Sum: 17]
      [Scan RS (ms): Min: 0.0, Avg: 9.2, Max: 16.3, Diff: 16.3, Sum: 73.6]
      [Object Copy (ms): Min: 26.4, Avg: 63.9, Max: 90.5, Diff: 64.1, Sum: 511.1]
      [Termination (ms): Min: 0.0, Avg: 23.0, Max: 36.1, Diff: 36.1, Sum: 184.4]
      [GC Worker Other (ms): Min: 0.0, Avg: 0.0, Max: 0.0, Diff: 0.0, Sum: 0.1]
      [GC Worker Total (ms): Min: 62.5, Avg: 98.9, Max: 111.6, Diff: 49.1, Sum: 791.2]
      [GC Worker End (ms): Min: 6036.9, Avg: 6036.9, Max: 6036.9, Diff: 0.0]
   [Code Root Fixup: 0.0 ms]
   [Clear CT: 0.1 ms]
   [Other: 0.8 ms]
      [Choose CSet: 0.0 ms]
      [Ref Proc: 0.2 ms]
      [Ref Enq: 0.0 ms]
      [Free CSet: 0.1 ms]
   [Eden: 47.0M(47.0M)->0.0B(66.0M) Survivors: 8192.0K->7168.0K Heap: 555.4M(1019.0M)->558.4M(1020.0M)]
 [Times: user=0.69 sys=0.00, real=0.11 secs] 
2015-01-23T15:41:29.117+0300: 6.300: [GC concurrent-mark-end, 0.7397425 secs]
2015-01-23T15:41:29.117+0300: 6.300: [GC remark 2015-01-23T15:41:29.117+0300: 6.300: [GC ref-proc, 0.0000392 secs], 0.0010212 secs]
 [Times: user=0.00 sys=0.00, real=0.00 secs] 
2015-01-23T15:41:29.118+0300: 6.301: [GC cleanup 695M->379M(1020M), 0.0006498 secs]
 [Times: user=0.00 sys=0.00, real=0.00 secs] 
2015-01-23T15:41:29.119+0300: 6.301: [GC concurrent-cleanup-start]
2015-01-23T15:41:29.119+0300: 6.302: [GC concurrent-cleanup-end, 0.0002402 secs]
2015-01-23T15:41:29.147+0300: 6.330: [GC pause (young), 0.1813446 secs]
   [Parallel Time: 180.4 ms, GC Workers: 8]
      [GC Worker Start (ms): Min: 6330.0, Avg: 6330.0, Max: 6330.1, Diff: 0.0]
      [Ext Root Scanning (ms): Min: 0.2, Avg: 0.3, Max: 0.3, Diff: 0.1, Sum: 2.1]
      [Update RS (ms): Min: 4.3, Avg: 4.7, Max: 4.8, Diff: 0.5, Sum: 37.3]
         [Processed Buffers: Min: 2, Avg: 2.4, Max: 5, Diff: 3, Sum: 19]
      [Scan RS (ms): Min: 46.5, Avg: 46.7, Max: 47.1, Diff: 0.5, Sum: 373.5]
      [Object Copy (ms): Min: 116.7, Avg: 118.2, Max: 128.0, Diff: 11.3, Sum: 945.7]
      [Termination (ms): Min: 0.0, Avg: 9.8, Max: 11.9, Diff: 11.9, Sum: 78.6]
      [GC Worker Other (ms): Min: 0.0, Avg: 0.0, Max: 0.0, Diff: 0.0, Sum: 0.1]
      [GC Worker Total (ms): Min: 179.5, Avg: 179.7, Max: 180.3, Diff: 0.8, Sum: 1437.3]
      [GC Worker End (ms): Min: 6509.6, Avg: 6509.7, Max: 6510.4, Diff: 0.8]
   [Code Root Fixup: 0.0 ms]
   [Clear CT: 0.1 ms]
   [Other: 0.9 ms]
      [Choose CSet: 0.0 ms]
      [Ref Proc: 0.1 ms]
      [Ref Enq: 0.0 ms]
      [Free CSet: 0.1 ms]
   [Eden: 66.0M(66.0M)->0.0B(48.0M) Survivors: 7168.0K->10.0M Heap: 406.7M(1020.0M)->409.7M(1021.0M)]
 [Times: user=1.36 sys=0.01, real=0.18 secs] 
2015-01-23T15:41:29.400+0300: 6.583: [GC pause (young) (initial-mark), 0.2331789 secs]
   [Parallel Time: 231.8 ms, GC Workers: 8]
      [GC Worker Start (ms): Min: 6583.0, Avg: 6583.0, Max: 6583.1, Diff: 0.0]
      [Ext Root Scanning (ms): Min: 0.2, Avg: 0.3, Max: 0.3, Diff: 0.1, Sum: 2.1]
      [Update RS (ms): Min: 121.4, Avg: 121.9, Max: 123.1, Diff: 1.7, Sum: 975.5]
         [Processed Buffers: Min: 74, Avg: 86.8, Max: 95, Diff: 21, Sum: 694]
      [Scan RS (ms): Min: 14.1, Avg: 15.2, Max: 15.7, Diff: 1.6, Sum: 121.4]
      [Object Copy (ms): Min: 94.0, Avg: 94.2, Max: 94.3, Diff: 0.3, Sum: 753.5]
      [Termination (ms): Min: 0.0, Avg: 0.2, Max: 0.3, Diff: 0.3, Sum: 1.4]
      [GC Worker Other (ms): Min: 0.0, Avg: 0.0, Max: 0.0, Diff: 0.0, Sum: 0.1]
      [GC Worker Total (ms): Min: 231.7, Avg: 231.7, Max: 231.8, Diff: 0.0, Sum: 1853.9]
      [GC Worker End (ms): Min: 6814.8, Avg: 6814.8, Max: 6814.8, Diff: 0.0]
   [Code Root Fixup: 0.0 ms]
   [Clear CT: 0.1 ms]
   [Other: 1.3 ms]
      [Choose CSet: 0.0 ms]
      [Ref Proc: 0.4 ms]
      [Ref Enq: 0.0 ms]
      [Free CSet: 0.1 ms]
   [Eden: 42.0M(48.0M)->0.0B(43.0M) Survivors: 10.0M->8192.0K Heap: 474.5M(1021.0M)->479.7M(1022.0M)]
 [Times: user=1.81 sys=0.06, real=0.23 secs] 
2015-01-23T15:41:29.633+0300: 6.816: [GC concurrent-root-region-scan-start]
2015-01-23T15:41:29.640+0300: 6.823: [GC concurrent-root-region-scan-end, 0.0067241 secs]
2015-01-23T15:41:29.640+0300: 6.823: [GC concurrent-mark-start]
2015-01-23T15:41:30.082+0300: 7.265: [GC pause (young), 0.0930258 secs]
   [Parallel Time: 92.4 ms, GC Workers: 8]
      [GC Worker Start (ms): Min: 7265.0, Avg: 7268.2, Max: 7277.5, Diff: 12.5]
      [Ext Root Scanning (ms): Min: 0.0, Avg: 0.2, Max: 0.3, Diff: 0.3, Sum: 1.7]
      [SATB Filtering (ms): Min: 0.0, Avg: 0.0, Max: 0.0, Diff: 0.0, Sum: 0.0]
      [Update RS (ms): Min: 0.0, Avg: 3.2, Max: 4.8, Diff: 4.8, Sum: 25.8]
         [Processed Buffers: Min: 0, Avg: 2.0, Max: 4, Diff: 4, Sum: 16]
      [Scan RS (ms): Min: 5.3, Avg: 11.2, Max: 14.3, Diff: 9.0, Sum: 89.9]
      [Object Copy (ms): Min: 61.8, Avg: 64.5, Max: 74.3, Diff: 12.5, Sum: 516.0]
      [Termination (ms): Min: 0.0, Avg: 9.8, Max: 12.7, Diff: 12.7, Sum: 78.5]
      [GC Worker Other (ms): Min: 0.0, Avg: 0.0, Max: 0.0, Diff: 0.0, Sum: 0.1]
      [GC Worker Total (ms): Min: 79.7, Avg: 89.0, Max: 92.4, Diff: 12.7, Sum: 712.0]
      [GC Worker End (ms): Min: 7357.1, Avg: 7357.2, Max: 7357.4, Diff: 0.3]
   [Code Root Fixup: 0.0 ms]
   [Clear CT: 0.0 ms]
   [Other: 0.6 ms]
      [Choose CSet: 0.0 ms]
      [Ref Proc: 0.1 ms]
      [Ref Enq: 0.0 ms]
      [Free CSet: 0.1 ms]
   [Eden: 43.0M(43.0M)->0.0B(44.0M) Survivors: 8192.0K->7168.0K Heap: 557.9M(1022.0M)->561.4M(1023.0M)]
 [Times: user=0.70 sys=0.02, real=0.09 secs] 
2015-01-23T15:41:30.312+0300: 7.495: [GC pause (young), 0.1539417 secs]
   [Parallel Time: 153.1 ms, GC Workers: 8]
      [GC Worker Start (ms): Min: 7495.3, Avg: 7495.4, Max: 7495.7, Diff: 0.4]
      [Ext Root Scanning (ms): Min: 0.0, Avg: 0.2, Max: 0.3, Diff: 0.3, Sum: 1.9]
      [SATB Filtering (ms): Min: 0.0, Avg: 0.0, Max: 0.0, Diff: 0.0, Sum: 0.0]
      [Update RS (ms): Min: 53.0, Avg: 53.8, Max: 54.4, Diff: 1.4, Sum: 430.7]
         [Processed Buffers: Min: 21, Avg: 21.8, Max: 23, Diff: 2, Sum: 174]
      [Scan RS (ms): Min: 6.2, Avg: 6.9, Max: 7.6, Diff: 1.4, Sum: 54.8]
      [Object Copy (ms): Min: 91.8, Avg: 91.9, Max: 92.0, Diff: 0.2, Sum: 735.5]
      [Termination (ms): Min: 0.0, Avg: 0.0, Max: 0.0, Diff: 0.0, Sum: 0.2]
      [GC Worker Other (ms): Min: 0.0, Avg: 0.0, Max: 0.0, Diff: 0.0, Sum: 0.1]
      [GC Worker Total (ms): Min: 152.6, Avg: 152.9, Max: 153.0, Diff: 0.4, Sum: 1223.4]
      [GC Worker End (ms): Min: 7648.3, Avg: 7648.3, Max: 7648.3, Diff: 0.0]
   [Code Root Fixup: 0.0 ms]
   [Clear CT: 0.1 ms]
   [Other: 0.8 ms]
      [Choose CSet: 0.0 ms]
      [Ref Proc: 0.1 ms]
      [Ref Enq: 0.0 ms]
      [Free CSet: 0.1 ms]
   [Eden: 44.0M(44.0M)->0.0B(44.0M) Survivors: 7168.0K->7168.0K Heap: 677.9M(1023.0M)->680.4M(1024.0M)]
 [Times: user=1.19 sys=0.05, real=0.15 secs] 
2015-01-23T15:41:30.671+0300: 7.854: [GC pause (young), 0.1108809 secs]
   [Parallel Time: 110.1 ms, GC Workers: 8]
      [GC Worker Start (ms): Min: 7853.9, Avg: 7854.1, Max: 7855.1, Diff: 1.2]
      [Ext Root Scanning (ms): Min: 0.0, Avg: 0.2, Max: 0.3, Diff: 0.3, Sum: 1.9]
      [SATB Filtering (ms): Min: 0.0, Avg: 0.0, Max: 0.0, Diff: 0.0, Sum: 0.0]
      [Update RS (ms): Min: 9.2, Avg: 9.8, Max: 10.1, Diff: 0.9, Sum: 78.3]
         [Processed Buffers: Min: 4, Avg: 4.9, Max: 8, Diff: 4, Sum: 39]
      [Scan RS (ms): Min: 21.7, Avg: 22.0, Max: 22.2, Diff: 0.5, Sum: 175.7]
      [Object Copy (ms): Min: 77.7, Avg: 77.8, Max: 77.9, Diff: 0.2, Sum: 622.6]
      [Termination (ms): Min: 0.0, Avg: 0.0, Max: 0.0, Diff: 0.0, Sum: 0.0]
      [GC Worker Other (ms): Min: 0.0, Avg: 0.0, Max: 0.0, Diff: 0.0, Sum: 0.1]
      [GC Worker Total (ms): Min: 108.8, Avg: 109.8, Max: 110.0, Diff: 1.2, Sum: 878.7]
      [GC Worker End (ms): Min: 7963.9, Avg: 7963.9, Max: 7964.0, Diff: 0.0]
   [Code Root Fixup: 0.0 ms]
   [Clear CT: 0.1 ms]
   [Other: 0.7 ms]
      [Choose CSet: 0.0 ms]
      [Ref Proc: 0.1 ms]
      [Ref Enq: 0.0 ms]
      [Free CSet: 0.1 ms]
   [Eden: 44.0M(44.0M)->0.0B(50.0M) Survivors: 7168.0K->7168.0K Heap: 773.9M(1024.0M)->776.9M(1024.0M)]
 [Times: user=0.86 sys=0.01, real=0.11 secs] 
2015-01-23T15:41:30.817+0300: 8.000: [GC pause (young), 0.1136011 secs]
   [Parallel Time: 113.1 ms, GC Workers: 8]
      [GC Worker Start (ms): Min: 8000.3, Avg: 8000.3, Max: 8000.5, Diff: 0.3]
      [Ext Root Scanning (ms): Min: 0.0, Avg: 0.2, Max: 0.3, Diff: 0.3, Sum: 2.0]
      [SATB Filtering (ms): Min: 0.0, Avg: 0.0, Max: 0.0, Diff: 0.0, Sum: 0.0]
      [Update RS (ms): Min: 61.3, Avg: 61.9, Max: 62.7, Diff: 1.4, Sum: 495.0]
         [Processed Buffers: Min: 52, Avg: 54.4, Max: 57, Diff: 5, Sum: 435]
      [Scan RS (ms): Min: 4.6, Avg: 5.4, Max: 6.2, Diff: 1.6, Sum: 43.5]
      [Object Copy (ms): Min: 45.3, Avg: 45.4, Max: 45.5, Diff: 0.2, Sum: 363.4]
      [Termination (ms): Min: 0.0, Avg: 0.1, Max: 0.1, Diff: 0.1, Sum: 0.4]
      [GC Worker Other (ms): Min: 0.0, Avg: 0.0, Max: 0.0, Diff: 0.0, Sum: 0.1]
      [GC Worker Total (ms): Min: 112.8, Avg: 113.1, Max: 113.1, Diff: 0.3, Sum: 904.4]
      [GC Worker End (ms): Min: 8113.4, Avg: 8113.4, Max: 8113.4, Diff: 0.0]
   [Code Root Fixup: 0.0 ms]
   [Clear CT: 0.1 ms]
   [Other: 0.4 ms]
      [Choose CSet: 0.0 ms]
      [Ref Proc: 0.1 ms]
      [Ref Enq: 0.0 ms]
      [Free CSet: 0.0 ms]
   [Eden: 24.0M(50.0M)->0.0B(45.0M) Survivors: 7168.0K->8192.0K Heap: 800.2M(1024.0M)->804.9M(1024.0M)]
 [Times: user=0.87 sys=0.00, real=0.11 secs] 
2015-01-23T15:41:30.931+0300: 8.114: [GC concurrent-mark-end, 1.2910057 secs]
2015-01-23T15:41:30.931+0300: 8.114: [Full GC 804M->117M(393M), 0.5463972 secs]
   [Eden: 0.0B(45.0M)->0.0B(53.0M) Survivors: 8192.0K->0.0B Heap: 804.9M(1024.0M)->117.6M(393.0M)]
 [Times: user=0.59 sys=0.05, real=0.55 secs] 
2015-01-23T15:41:31.481+0300: 8.663: [GC remark, 0.0000145 secs]
 [Times: user=0.00 sys=0.00, real=0.00 secs] 
2015-01-23T15:41:31.481+0300: 8.664: [GC concurrent-mark-abort]
2015-01-23T15:41:31.575+0300: 8.757: [GC pause (young) (initial-mark), 0.0700966 secs]
   [Parallel Time: 69.4 ms, GC Workers: 8]
      [GC Worker Start (ms): Min: 8756.7, Avg: 8756.7, Max: 8756.7, Diff: 0.0]
      [Ext Root Scanning (ms): Min: 0.3, Avg: 0.3, Max: 0.4, Diff: 0.1, Sum: 2.7]
      [Update RS (ms): Min: 2.5, Avg: 4.0, Max: 4.8, Diff: 2.4, Sum: 32.4]
         [Processed Buffers: Min: 1, Avg: 1.8, Max: 2, Diff: 1, Sum: 14]
      [Scan RS (ms): Min: 9.0, Avg: 9.9, Max: 11.7, Diff: 2.7, Sum: 79.3]
      [Object Copy (ms): Min: 54.8, Avg: 55.0, Max: 55.1, Diff: 0.3, Sum: 439.8]
      [Termination (ms): Min: 0.0, Avg: 0.1, Max: 0.1, Diff: 0.1, Sum: 0.5]
      [GC Worker Other (ms): Min: 0.0, Avg: 0.0, Max: 0.0, Diff: 0.0, Sum: 0.1]
      [GC Worker Total (ms): Min: 69.3, Avg: 69.3, Max: 69.4, Diff: 0.0, Sum: 554.8]
      [GC Worker End (ms): Min: 8826.0, Avg: 8826.0, Max: 8826.0, Diff: 0.0]
   [Code Root Fixup: 0.0 ms]
   [Clear CT: 0.1 ms]
   [Other: 0.6 ms]
      [Choose CSet: 0.0 ms]
      [Ref Proc: 0.1 ms]
      [Ref Enq: 0.0 ms]
      [Free CSet: 0.0 ms]
   [Eden: 48.0M(53.0M)->0.0B(61.0M) Survivors: 0.0B->7168.0K Heap: 199.8M(393.0M)->202.3M(520.0M)]
 [Times: user=0.62 sys=0.00, real=0.07 secs] 
2015-01-23T15:41:31.645+0300: 8.827: [GC concurrent-root-region-scan-start]
2015-01-23T15:41:31.709+0300: 8.890: [GC concurrent-root-region-scan-end, 0.0636277 secs]
2015-01-23T15:41:31.709+0300: 8.890: [GC concurrent-mark-start]
2015-01-23T15:41:32.245+0300: 9.427: [GC pause (young), 0.2817481 secs]
   [Parallel Time: 280.8 ms, GC Workers: 8]
      [GC Worker Start (ms): Min: 9426.7, Avg: 9448.0, Max: 9490.5, Diff: 63.8]
      [Ext Root Scanning (ms): Min: 0.0, Avg: 0.2, Max: 0.4, Diff: 0.4, Sum: 1.3]
      [SATB Filtering (ms): Min: 0.0, Avg: 0.0, Max: 0.0, Diff: 0.0, Sum: 0.0]
      [Update RS (ms): Min: 2.6, Avg: 51.9, Max: 86.7, Diff: 84.1, Sum: 414.9]
         [Processed Buffers: Min: 3, Avg: 22.6, Max: 43, Diff: 40, Sum: 181]
      [Scan RS (ms): Min: 0.0, Avg: 22.7, Max: 38.1, Diff: 38.1, Sum: 181.9]
      [Object Copy (ms): Min: 113.3, Avg: 132.9, Max: 187.0, Diff: 73.7, Sum: 1062.9]
      [Termination (ms): Min: 0.0, Avg: 51.8, Max: 63.3, Diff: 63.3, Sum: 414.4]
      [GC Worker Other (ms): Min: 0.0, Avg: 0.0, Max: 0.0, Diff: 0.0, Sum: 0.3]
      [GC Worker Total (ms): Min: 217.0, Avg: 259.5, Max: 280.8, Diff: 63.8, Sum: 2075.6]
      [GC Worker End (ms): Min: 9707.4, Avg: 9707.5, Max: 9707.5, Diff: 0.0]
   [Code Root Fixup: 0.0 ms]
   [Clear CT: 0.0 ms]
   [Other: 0.9 ms]
      [Choose CSet: 0.0 ms]
      [Ref Proc: 0.1 ms]
      [Ref Enq: 0.0 ms]
      [Free CSet: 0.1 ms]
   [Eden: 56.0M(55.0M)->0.0B(44.0M) Survivors: 7168.0K->8192.0K Heap: 356.9M(520.0M)->362.9M(621.0M)]
 [Times: user=1.67 sys=0.05, real=0.28 secs] 
2015-01-23T15:41:32.613+0300: 9.795: [GC pause (young), 0.2346045 secs]
   [Parallel Time: 233.8 ms, GC Workers: 8]
      [GC Worker Start (ms): Min: 9795.1, Avg: 9795.1, Max: 9795.2, Diff: 0.2]
      [Ext Root Scanning (ms): Min: 0.2, Avg: 0.2, Max: 0.3, Diff: 0.1, Sum: 1.9]
      [SATB Filtering (ms): Min: 0.0, Avg: 0.0, Max: 0.0, Diff: 0.0, Sum: 0.0]
      [Update RS (ms): Min: 124.4, Avg: 125.0, Max: 126.1, Diff: 1.7, Sum: 999.9]
         [Processed Buffers: Min: 64, Avg: 68.6, Max: 75, Diff: 11, Sum: 549]
      [Scan RS (ms): Min: 5.2, Avg: 6.3, Max: 6.9, Diff: 1.6, Sum: 50.4]
      [Object Copy (ms): Min: 102.1, Avg: 102.1, Max: 102.2, Diff: 0.2, Sum: 817.0]
      [Termination (ms): Min: 0.0, Avg: 0.0, Max: 0.1, Diff: 0.1, Sum: 0.3]
      [GC Worker Other (ms): Min: 0.0, Avg: 0.0, Max: 0.0, Diff: 0.0, Sum: 0.1]
      [GC Worker Total (ms): Min: 233.6, Avg: 233.7, Max: 233.8, Diff: 0.2, Sum: 1869.7]
      [GC Worker End (ms): Min: 10028.8, Avg: 10028.8, Max: 10028.8, Diff: 0.0]
   [Code Root Fixup: 0.0 ms]
   [Clear CT: 0.1 ms]
   [Other: 0.8 ms]
      [Choose CSet: 0.0 ms]
      [Ref Proc: 0.1 ms]
      [Ref Enq: 0.0 ms]
      [Free CSet: 0.0 ms]
   [Eden: 44.0M(44.0M)->0.0B(28.0M) Survivors: 8192.0K->7168.0K Heap: 430.4M(621.0M)->435.9M(702.0M)]
 [Times: user=1.84 sys=0.00, real=0.24 secs] 
2015-01-23T15:41:32.922+0300: 10.103: [GC pause (young), 0.1567958 secs]
   [Parallel Time: 156.1 ms, GC Workers: 8]
      [GC Worker Start (ms): Min: 10103.5, Avg: 10103.8, Max: 10105.2, Diff: 1.6]
      [Ext Root Scanning (ms): Min: 0.0, Avg: 0.2, Max: 0.4, Diff: 0.4, Sum: 1.8]
      [SATB Filtering (ms): Min: 0.0, Avg: 0.0, Max: 0.0, Diff: 0.0, Sum: 0.0]
      [Update RS (ms): Min: 93.0, Avg: 94.5, Max: 96.1, Diff: 3.0, Sum: 756.1]
         [Processed Buffers: Min: 41, Avg: 43.1, Max: 46, Diff: 5, Sum: 345]
      [Scan RS (ms): Min: 0.3, Avg: 1.8, Max: 2.3, Diff: 2.0, Sum: 14.2]
      [Object Copy (ms): Min: 59.1, Avg: 59.2, Max: 59.3, Diff: 0.2, Sum: 473.7]
      [Termination (ms): Min: 0.0, Avg: 0.0, Max: 0.1, Diff: 0.1, Sum: 0.3]
      [GC Worker Other (ms): Min: 0.0, Avg: 0.0, Max: 0.0, Diff: 0.0, Sum: 0.1]
      [GC Worker Total (ms): Min: 154.4, Avg: 155.8, Max: 156.1, Diff: 1.7, Sum: 1246.2]
      [GC Worker End (ms): Min: 10259.6, Avg: 10259.6, Max: 10259.6, Diff: 0.0]
   [Code Root Fixup: 0.0 ms]
   [Clear CT: 0.0 ms]
   [Other: 0.6 ms]
      [Choose CSet: 0.0 ms]
      [Ref Proc: 0.1 ms]
      [Ref Enq: 0.0 ms]
      [Free CSet: 0.0 ms]
   [Eden: 28.0M(28.0M)->0.0B(33.0M) Survivors: 7168.0K->5120.0K Heap: 499.1M(702.0M)->504.1M(767.0M)]
 [Times: user=1.22 sys=0.00, real=0.16 secs] 
2015-01-23T15:41:33.236+0300: 10.418: [GC pause (young), 0.0759679 secs]
   [Parallel Time: 75.3 ms, GC Workers: 8]
      [GC Worker Start (ms): Min: 10417.5, Avg: 10417.7, Max: 10418.7, Diff: 1.1]
      [Ext Root Scanning (ms): Min: 0.0, Avg: 0.2, Max: 0.4, Diff: 0.3, Sum: 1.9]
      [SATB Filtering (ms): Min: 0.0, Avg: 0.0, Max: 0.0, Diff: 0.0, Sum: 0.0]
      [Update RS (ms): Min: 2.3, Avg: 3.4, Max: 4.6, Diff: 2.3, Sum: 27.0]
         [Processed Buffers: Min: 1, Avg: 2.0, Max: 3, Diff: 2, Sum: 16]
      [Scan RS (ms): Min: 14.9, Avg: 15.9, Max: 17.1, Diff: 2.2, Sum: 126.9]
      [Object Copy (ms): Min: 55.5, Avg: 55.6, Max: 55.7, Diff: 0.2, Sum: 444.4]
      [Termination (ms): Min: 0.0, Avg: 0.0, Max: 0.0, Diff: 0.0, Sum: 0.2]
      [GC Worker Other (ms): Min: 0.0, Avg: 0.0, Max: 0.1, Diff: 0.0, Sum: 0.2]
      [GC Worker Total (ms): Min: 74.1, Avg: 75.1, Max: 75.3, Diff: 1.1, Sum: 600.5]
      [GC Worker End (ms): Min: 10492.8, Avg: 10492.8, Max: 10492.8, Diff: 0.0]
   [Code Root Fixup: 0.0 ms]
   [Clear CT: 0.1 ms]
   [Other: 0.6 ms]
      [Choose CSet: 0.0 ms]
      [Ref Proc: 0.1 ms]
      [Ref Enq: 0.0 ms]
      [Free CSet: 0.0 ms]
   [Eden: 33.0M(33.0M)->0.0B(50.0M) Survivors: 5120.0K->5120.0K Heap: 589.9M(767.0M)->593.4M(819.0M)]
 [Times: user=0.44 sys=0.06, real=0.08 secs] 
2015-01-23T15:41:33.478+0300: 10.660: [GC pause (young), 0.1610647 secs]
   [Parallel Time: 159.8 ms, GC Workers: 8]
      [GC Worker Start (ms): Min: 10660.3, Avg: 10660.4, Max: 10661.0, Diff: 0.7]
      [Ext Root Scanning (ms): Min: 0.0, Avg: 0.2, Max: 0.4, Diff: 0.4, Sum: 1.8]
      [SATB Filtering (ms): Min: 0.0, Avg: 0.0, Max: 0.0, Diff: 0.0, Sum: 0.0]
      [Update RS (ms): Min: 2.3, Avg: 3.7, Max: 4.6, Diff: 2.3, Sum: 29.8]
         [Processed Buffers: Min: 1, Avg: 1.9, Max: 2, Diff: 1, Sum: 15]
      [Scan RS (ms): Min: 41.8, Avg: 42.9, Max: 44.2, Diff: 2.4, Sum: 342.8]
      [Object Copy (ms): Min: 106.5, Avg: 108.1, Max: 112.9, Diff: 6.4, Sum: 865.1]
      [Termination (ms): Min: 0.0, Avg: 4.6, Max: 5.3, Diff: 5.3, Sum: 36.9]
      [GC Worker Other (ms): Min: 0.0, Avg: 0.0, Max: 0.0, Diff: 0.0, Sum: 0.1]
      [GC Worker Total (ms): Min: 159.0, Avg: 159.6, Max: 159.7, Diff: 0.7, Sum: 1276.5]
      [GC Worker End (ms): Min: 10820.0, Avg: 10820.0, Max: 10820.0, Diff: 0.0]
   [Code Root Fixup: 0.0 ms]
   [Clear CT: 0.0 ms]
   [Other: 1.2 ms]
      [Choose CSet: 0.0 ms]
      [Ref Proc: 0.1 ms]
      [Ref Enq: 0.0 ms]
      [Free CSet: 0.1 ms]
   [Eden: 49.0M(36.0M)->0.0B(37.0M) Survivors: 5120.0K->6144.0K Heap: 688.1M(819.0M)->691.6M(860.0M)]
 [Times: user=1.26 sys=0.05, real=0.16 secs] 
2015-01-23T15:41:33.767+0300: 10.949: [GC concurrent-mark-end, 2.0584687 secs]
2015-01-23T15:41:33.773+0300: 10.955: [GC remark 2015-01-23T15:41:33.773+0300: 10.955: [GC ref-proc, 0.0000392 secs], 0.0012987 secs]
 [Times: user=0.00 sys=0.00, real=0.00 secs] 
2015-01-23T15:41:33.778+0300: 10.960: [GC cleanup 735M->711M(860M), 0.0005897 secs]
 [Times: user=0.00 sys=0.00, real=0.00 secs] 
2015-01-23T15:41:33.779+0300: 10.961: [GC concurrent-cleanup-start]
2015-01-23T15:41:33.779+0300: 10.961: [GC concurrent-cleanup-end, 0.0000252 secs]
2015-01-23T15:41:33.818+0300: 11.000: [GC pause (young), 0.0939896 secs]
   [Parallel Time: 93.1 ms, GC Workers: 8]
      [GC Worker Start (ms): Min: 11000.3, Avg: 11000.4, Max: 11000.4, Diff: 0.0]
      [Ext Root Scanning (ms): Min: 0.2, Avg: 0.3, Max: 0.3, Diff: 0.1, Sum: 2.1]
      [Update RS (ms): Min: 3.3, Avg: 4.2, Max: 4.7, Diff: 1.5, Sum: 33.9]
         [Processed Buffers: Min: 2, Avg: 2.3, Max: 3, Diff: 1, Sum: 18]
      [Scan RS (ms): Min: 21.4, Avg: 21.9, Max: 22.8, Diff: 1.4, Sum: 175.0]
      [Object Copy (ms): Min: 66.5, Avg: 66.6, Max: 66.7, Diff: 0.2, Sum: 532.9]
      [Termination (ms): Min: 0.0, Avg: 0.0, Max: 0.0, Diff: 0.0, Sum: 0.0]
      [GC Worker Other (ms): Min: 0.0, Avg: 0.0, Max: 0.0, Diff: 0.0, Sum: 0.2]
      [GC Worker Total (ms): Min: 93.0, Avg: 93.0, Max: 93.1, Diff: 0.0, Sum: 744.2]
      [GC Worker End (ms): Min: 11093.4, Avg: 11093.4, Max: 11093.4, Diff: 0.0]
   [Code Root Fixup: 0.0 ms]
   [Clear CT: 0.1 ms]
   [Other: 0.9 ms]
      [Choose CSet: 0.0 ms]
      [Ref Proc: 0.1 ms]
      [Ref Enq: 0.0 ms]
      [Free CSet: 0.1 ms]
   [Eden: 37.0M(37.0M)->0.0B(38.0M) Survivors: 6144.0K->6144.0K Heap: 728.6M(860.0M)->732.1M(893.0M)]
 [Times: user=0.73 sys=0.01, real=0.09 secs] 
2015-01-23T15:41:33.991+0300: 11.173: [GC pause (young) (initial-mark), 0.0361586 secs]
   [Parallel Time: 35.3 ms, GC Workers: 8]
      [GC Worker Start (ms): Min: 11172.9, Avg: 11172.9, Max: 11173.0, Diff: 0.1]
      [Ext Root Scanning (ms): Min: 0.2, Avg: 0.3, Max: 0.3, Diff: 0.1, Sum: 2.2]
      [Update RS (ms): Min: 3.9, Avg: 4.4, Max: 4.7, Diff: 0.8, Sum: 35.3]
         [Processed Buffers: Min: 2, Avg: 2.1, Max: 3, Diff: 1, Sum: 17]
      [Scan RS (ms): Min: 4.0, Avg: 4.2, Max: 4.7, Diff: 0.8, Sum: 33.8]
      [Object Copy (ms): Min: 26.2, Avg: 26.2, Max: 26.3, Diff: 0.1, Sum: 210.0]
      [Termination (ms): Min: 0.0, Avg: 0.0, Max: 0.0, Diff: 0.0, Sum: 0.2]
      [GC Worker Other (ms): Min: 0.0, Avg: 0.0, Max: 0.0, Diff: 0.0, Sum: 0.1]
      [GC Worker Total (ms): Min: 35.1, Avg: 35.2, Max: 35.2, Diff: 0.1, Sum: 281.6]
      [GC Worker End (ms): Min: 11208.1, Avg: 11208.1, Max: 11208.1, Diff: 0.0]
   [Code Root Fixup: 0.0 ms]
   [Clear CT: 0.1 ms]
   [Other: 0.8 ms]
      [Choose CSet: 0.0 ms]
      [Ref Proc: 0.5 ms]
      [Ref Enq: 0.0 ms]
      [Free CSet: 0.0 ms]
   [Eden: 15.0M(38.0M)->0.0B(40.0M) Survivors: 6144.0K->6144.0K Heap: 746.5M(893.0M)->750.6M(920.0M)]
 [Times: user=0.25 sys=0.00, real=0.04 secs] 
2015-01-23T15:41:34.027+0300: 11.209: [GC concurrent-root-region-scan-start]
2015-01-23T15:41:34.049+0300: 11.231: [GC concurrent-root-region-scan-end, 0.0218894 secs]
2015-01-23T15:41:34.049+0300: 11.231: [GC concurrent-mark-start]
2015-01-23T15:41:34.408+0300: 11.590: [GC pause (young), 0.1296462 secs]
   [Parallel Time: 129.0 ms, GC Workers: 8]
      [GC Worker Start (ms): Min: 11590.5, Avg: 11600.7, Max: 11612.6, Diff: 22.0]
      [Ext Root Scanning (ms): Min: 0.0, Avg: 0.2, Max: 0.4, Diff: 0.4, Sum: 1.6]
      [SATB Filtering (ms): Min: 0.0, Avg: 0.0, Max: 0.0, Diff: 0.0, Sum: 0.0]
      [Update RS (ms): Min: 0.0, Avg: 2.8, Max: 5.8, Diff: 5.8, Sum: 22.4]
         [Processed Buffers: Min: 0, Avg: 2.3, Max: 5, Diff: 5, Sum: 18]
      [Scan RS (ms): Min: 0.0, Avg: 8.8, Max: 26.2, Diff: 26.2, Sum: 70.1]
      [Object Copy (ms): Min: 38.3, Avg: 63.1, Max: 108.7, Diff: 70.4, Sum: 504.7]
      [Termination (ms): Min: 0.0, Avg: 43.1, Max: 68.6, Diff: 68.6, Sum: 344.9]
      [GC Worker Other (ms): Min: 0.0, Avg: 0.0, Max: 0.0, Diff: 0.0, Sum: 0.1]
      [GC Worker Total (ms): Min: 106.0, Avg: 118.0, Max: 128.1, Diff: 22.0, Sum: 943.8]
      [GC Worker End (ms): Min: 11718.6, Avg: 11718.7, Max: 11719.5, Diff: 0.9]
   [Code Root Fixup: 0.0 ms]
   [Clear CT: 0.0 ms]
   [Other: 0.6 ms]
      [Choose CSet: 0.0 ms]
      [Ref Proc: 0.1 ms]
      [Ref Enq: 0.0 ms]
      [Free CSet: 0.1 ms]
   [Eden: 40.0M(40.0M)->0.0B(41.0M) Survivors: 6144.0K->6144.0K Heap: 825.8M(920.0M)->830.3M(941.0M)]
 [Times: user=0.80 sys=0.02, real=0.13 secs] 
2015-01-23T15:41:34.670+0300: 11.852: [GC pause (young), 0.1372001 secs]
   [Parallel Time: 136.5 ms, GC Workers: 8]
      [GC Worker Start (ms): Min: 11852.3, Avg: 11852.3, Max: 11852.3, Diff: 0.0]
      [Ext Root Scanning (ms): Min: 0.2, Avg: 0.3, Max: 0.3, Diff: 0.1, Sum: 2.1]
      [SATB Filtering (ms): Min: 0.0, Avg: 0.0, Max: 0.0, Diff: 0.0, Sum: 0.0]
      [Update RS (ms): Min: 45.8, Avg: 46.4, Max: 48.1, Diff: 2.3, Sum: 371.5]
         [Processed Buffers: Min: 18, Avg: 19.0, Max: 20, Diff: 2, Sum: 152]
      [Scan RS (ms): Min: 2.8, Avg: 4.5, Max: 5.2, Diff: 2.4, Sum: 36.3]
      [Object Copy (ms): Min: 84.9, Avg: 85.0, Max: 85.2, Diff: 0.3, Sum: 679.9]
      [Termination (ms): Min: 0.0, Avg: 0.2, Max: 0.2, Diff: 0.2, Sum: 1.3]
      [GC Worker Other (ms): Min: 0.0, Avg: 0.0, Max: 0.0, Diff: 0.0, Sum: 0.2]
      [GC Worker Total (ms): Min: 136.4, Avg: 136.4, Max: 136.4, Diff: 0.0, Sum: 1091.4]
      [GC Worker End (ms): Min: 11988.7, Avg: 11988.7, Max: 11988.7, Diff: 0.0]
   [Code Root Fixup: 0.0 ms]
   [Clear CT: 0.0 ms]
   [Other: 0.7 ms]
      [Choose CSet: 0.0 ms]
      [Ref Proc: 0.1 ms]
      [Ref Enq: 0.0 ms]
      [Free CSet: 0.0 ms]
   [Eden: 35.0M(41.0M)->0.0B(43.0M) Survivors: 6144.0K->6144.0K Heap: 930.8M(948.0M)->932.8M(998.0M)]
 [Times: user=0.97 sys=0.02, real=0.14 secs] 
2015-01-23T15:41:34.869+0300: 12.051: [GC pause (young) (to-space exhausted), 0.4097363 secs]
   [Parallel Time: 397.1 ms, GC Workers: 8]
      [GC Worker Start (ms): Min: 12050.8, Avg: 12050.8, Max: 12050.8, Diff: 0.0]
      [Ext Root Scanning (ms): Min: 0.2, Avg: 0.3, Max: 0.3, Diff: 0.1, Sum: 2.0]
      [SATB Filtering (ms): Min: 0.0, Avg: 0.0, Max: 0.0, Diff: 0.0, Sum: 0.0]
      [Update RS (ms): Min: 59.4, Avg: 60.2, Max: 61.5, Diff: 2.0, Sum: 481.4]
         [Processed Buffers: Min: 31, Avg: 34.9, Max: 41, Diff: 10, Sum: 279]
      [Scan RS (ms): Min: 0.0, Avg: 1.4, Max: 2.2, Diff: 2.1, Sum: 11.4]
      [Object Copy (ms): Min: 326.3, Avg: 327.7, Max: 335.2, Diff: 8.9, Sum: 2621.4]
      [Termination (ms): Min: 0.0, Avg: 7.5, Max: 8.8, Diff: 8.8, Sum: 60.1]
      [GC Worker Other (ms): Min: 0.0, Avg: 0.0, Max: 0.0, Diff: 0.0, Sum: 0.1]
      [GC Worker Total (ms): Min: 397.1, Avg: 397.1, Max: 397.1, Diff: 0.0, Sum: 3176.5]
      [GC Worker End (ms): Min: 12447.9, Avg: 12447.9, Max: 12447.9, Diff: 0.0]
   [Code Root Fixup: 0.0 ms]
   [Clear CT: 0.0 ms]
   [Other: 12.6 ms]
      [Choose CSet: 0.0 ms]
      [Ref Proc: 0.1 ms]
      [Ref Enq: 0.0 ms]
      [Free CSet: 0.0 ms]
   [Eden: 28.0M(43.0M)->0.0B(44.0M) Survivors: 6144.0K->7168.0K Heap: 977.3M(1009.0M)->985.7M(1024.0M)]
 [Times: user=1.59 sys=0.19, real=0.41 secs] 
2015-01-23T15:41:35.279+0300: 12.461: [Full GC 985M->52M(1009M), 0.3562279 secs]
   [Eden: 0.0B(44.0M)->0.0B(84.0M) Survivors: 7168.0K->0.0B Heap: 985.7M(1024.0M)->52.4M(1009.0M)]
 [Times: user=0.36 sys=0.00, real=0.36 secs] 
2015-01-23T15:41:35.635+0300: 12.817: [GC concurrent-mark-abort]
2015-01-23T15:41:35.819+0300: 13.001: [GC pause (young), 0.1590182 secs]
   [Parallel Time: 157.8 ms, GC Workers: 8]
      [GC Worker Start (ms): Min: 13000.6, Avg: 13000.7, Max: 13000.7, Diff: 0.0]
      [Ext Root Scanning (ms): Min: 0.3, Avg: 0.3, Max: 0.4, Diff: 0.1, Sum: 2.6]
      [Update RS (ms): Min: 2.4, Avg: 4.0, Max: 4.7, Diff: 2.3, Sum: 32.3]
         [Processed Buffers: Min: 1, Avg: 1.9, Max: 2, Diff: 1, Sum: 15]
      [Scan RS (ms): Min: 36.4, Avg: 37.0, Max: 38.6, Diff: 2.2, Sum: 295.9]
      [Object Copy (ms): Min: 116.3, Avg: 116.4, Max: 116.4, Diff: 0.1, Sum: 931.1]
      [Termination (ms): Min: 0.0, Avg: 0.0, Max: 0.0, Diff: 0.0, Sum: 0.0]
      [GC Worker Other (ms): Min: 0.0, Avg: 0.0, Max: 0.0, Diff: 0.0, Sum: 0.1]
      [GC Worker Total (ms): Min: 157.7, Avg: 157.8, Max: 157.8, Diff: 0.0, Sum: 1262.1]
      [GC Worker End (ms): Min: 13158.4, Avg: 13158.4, Max: 13158.4, Diff: 0.0]
   [Code Root Fixup: 0.0 ms]
   [Clear CT: 0.1 ms]
   [Other: 1.2 ms]
      [Choose CSet: 0.0 ms]
      [Ref Proc: 0.1 ms]
      [Ref Enq: 0.0 ms]
      [Free CSet: 0.1 ms]
   [Eden: 84.0M(84.0M)->0.0B(65.0M) Survivors: 0.0B->11.0M Heap: 210.8M(1009.0M)->215.3M(1012.0M)]
 [Times: user=1.20 sys=0.00, real=0.16 secs] 
2015-01-23T15:41:36.266+0300: 13.448: [GC pause (young), 0.2118563 secs]
   [Parallel Time: 210.7 ms, GC Workers: 8]
      [GC Worker Start (ms): Min: 13448.5, Avg: 13466.5, Max: 13487.6, Diff: 39.1]
      [Ext Root Scanning (ms): Min: 0.0, Avg: 0.2, Max: 0.5, Diff: 0.5, Sum: 1.2]
      [Update RS (ms): Min: 0.0, Avg: 9.9, Max: 20.5, Diff: 20.5, Sum: 79.3]
         [Processed Buffers: Min: 0, Avg: 6.5, Max: 14, Diff: 14, Sum: 52]
      [Scan RS (ms): Min: 26.1, Avg: 37.9, Max: 45.5, Diff: 19.4, Sum: 303.1]
      [Object Copy (ms): Min: 120.5, Avg: 130.1, Max: 145.6, Diff: 25.1, Sum: 1040.9]
      [Termination (ms): Min: 0.0, Avg: 14.6, Max: 19.0, Diff: 19.0, Sum: 117.0]
      [GC Worker Other (ms): Min: 0.0, Avg: 0.0, Max: 0.0, Diff: 0.0, Sum: 0.2]
      [GC Worker Total (ms): Min: 171.6, Avg: 192.7, Max: 210.7, Diff: 39.1, Sum: 1541.7]
      [GC Worker End (ms): Min: 13659.2, Avg: 13659.2, Max: 13659.2, Diff: 0.0]
   [Code Root Fixup: 0.0 ms]
   [Clear CT: 0.1 ms]
   [Other: 1.0 ms]
      [Choose CSet: 0.0 ms]
      [Ref Proc: 0.1 ms]
      [Ref Enq: 0.0 ms]
      [Free CSet: 0.1 ms]
   [Eden: 65.0M(65.0M)->0.0B(51.0M) Survivors: 11.0M->10.0M Heap: 363.1M(1012.0M)->368.6M(1015.0M)]
 [Times: user=1.36 sys=0.02, real=0.21 secs] 
2015-01-23T15:41:36.569+0300: 13.751: [GC pause (young), 0.2550244 secs]
   [Parallel Time: 251.9 ms, GC Workers: 8]
      [GC Worker Start (ms): Min: 13751.2, Avg: 13751.2, Max: 13751.2, Diff: 0.0]
      [Ext Root Scanning (ms): Min: 0.2, Avg: 0.3, Max: 0.3, Diff: 0.1, Sum: 2.2]
      [Update RS (ms): Min: 138.1, Avg: 138.8, Max: 139.4, Diff: 1.3, Sum: 1110.5]
         [Processed Buffers: Min: 77, Avg: 84.6, Max: 88, Diff: 11, Sum: 677]
      [Scan RS (ms): Min: 6.9, Avg: 7.5, Max: 8.2, Diff: 1.3, Sum: 59.8]
      [Object Copy (ms): Min: 105.1, Avg: 105.2, Max: 105.3, Diff: 0.2, Sum: 841.5]
      [Termination (ms): Min: 0.0, Avg: 0.1, Max: 0.1, Diff: 0.1, Sum: 0.7]
      [GC Worker Other (ms): Min: 0.0, Avg: 0.0, Max: 0.1, Diff: 0.0, Sum: 0.3]
      [GC Worker Total (ms): Min: 251.8, Avg: 251.9, Max: 251.9, Diff: 0.1, Sum: 2015.0]
      [GC Worker End (ms): Min: 14003.1, Avg: 14003.1, Max: 14003.1, Diff: 0.0]
   [Code Root Fixup: 0.0 ms]
   [Clear CT: 0.1 ms]
   [Other: 3.0 ms]
      [Choose CSet: 0.0 ms]
      [Ref Proc: 2.0 ms]
      [Ref Enq: 0.0 ms]
      [Free CSet: 0.1 ms]
   [Eden: 51.0M(51.0M)->0.0B(42.0M) Survivors: 10.0M->8192.0K Heap: 458.8M(1015.0M)->464.3M(1017.0M)]
 [Times: user=2.04 sys=0.03, real=0.25 secs] 
2015-01-23T15:41:36.918+0300: 14.100: [GC pause (young) (initial-mark), 0.0261471 secs]
   [Parallel Time: 25.7 ms, GC Workers: 8]
      [GC Worker Start (ms): Min: 14100.4, Avg: 14101.0, Max: 14104.6, Diff: 4.2]
      [Ext Root Scanning (ms): Min: 0.0, Avg: 0.3, Max: 0.4, Diff: 0.3, Sum: 2.1]
      [Update RS (ms): Min: 0.0, Avg: 3.6, Max: 5.6, Diff: 5.6, Sum: 28.8]
         [Processed Buffers: Min: 0, Avg: 1.8, Max: 2, Diff: 2, Sum: 14]
      [Scan RS (ms): Min: 0.4, Avg: 1.9, Max: 3.5, Diff: 3.0, Sum: 15.2]
      [Object Copy (ms): Min: 19.2, Avg: 19.3, Max: 19.4, Diff: 0.2, Sum: 154.4]
      [Termination (ms): Min: 0.0, Avg: 0.0, Max: 0.0, Diff: 0.0, Sum: 0.0]
      [GC Worker Other (ms): Min: 0.0, Avg: 0.0, Max: 0.0, Diff: 0.0, Sum: 0.1]
      [GC Worker Total (ms): Min: 21.4, Avg: 25.1, Max: 25.6, Diff: 4.2, Sum: 200.6]
      [GC Worker End (ms): Min: 14126.0, Avg: 14126.0, Max: 14126.1, Diff: 0.0]
   [Code Root Fixup: 0.0 ms]
   [Clear CT: 0.1 ms]
   [Other: 0.4 ms]
      [Choose CSet: 0.0 ms]
      [Ref Proc: 0.1 ms]
      [Ref Enq: 0.0 ms]
      [Free CSet: 0.1 ms]
   [Eden: 7168.0K(42.0M)->0.0B(43.0M) Survivors: 8192.0K->7168.0K Heap: 470.7M(1017.0M)->475.3M(1019.0M)]
 [Times: user=0.14 sys=0.00, real=0.03 secs] 
2015-01-23T15:41:36.945+0300: 14.127: [GC concurrent-root-region-scan-start]
2015-01-23T15:41:36.948+0300: 14.130: [GC concurrent-root-region-scan-end, 0.0036681 secs]
2015-01-23T15:41:36.948+0300: 14.130: [GC concurrent-mark-start]
2015-01-23T15:41:37.355+0300: 14.537: [GC pause (young), 0.0944929 secs]
   [Parallel Time: 93.6 ms, GC Workers: 8]
      [GC Worker Start (ms): Min: 14537.0, Avg: 14538.8, Max: 14551.1, Diff: 14.1]
      [Ext Root Scanning (ms): Min: 0.0, Avg: 0.2, Max: 0.3, Diff: 0.3, Sum: 1.9]
      [SATB Filtering (ms): Min: 0.0, Avg: 0.0, Max: 0.0, Diff: 0.0, Sum: 0.0]
      [Update RS (ms): Min: 0.0, Avg: 4.9, Max: 6.9, Diff: 6.9, Sum: 38.9]
         [Processed Buffers: Min: 0, Avg: 2.4, Max: 3, Diff: 3, Sum: 19]
      [Scan RS (ms): Min: 3.9, Avg: 11.1, Max: 13.0, Diff: 9.1, Sum: 88.9]
      [Object Copy (ms): Min: 63.1, Avg: 64.8, Max: 75.0, Diff: 11.9, Sum: 518.3]
      [Termination (ms): Min: 0.0, Avg: 10.5, Max: 12.4, Diff: 12.4, Sum: 83.8]
      [GC Worker Other (ms): Min: 0.0, Avg: 0.0, Max: 0.0, Diff: 0.0, Sum: 0.1]
      [GC Worker Total (ms): Min: 79.4, Avg: 91.5, Max: 93.5, Diff: 14.1, Sum: 731.7]
      [GC Worker End (ms): Min: 14630.1, Avg: 14630.3, Max: 14630.6, Diff: 0.4]
   [Code Root Fixup: 0.0 ms]
   [Clear CT: 0.1 ms]
   [Other: 0.9 ms]
      [Choose CSet: 0.0 ms]
      [Ref Proc: 0.1 ms]
      [Ref Enq: 0.0 ms]
      [Free CSet: 0.1 ms]
   [Eden: 43.0M(43.0M)->0.0B(58.0M) Survivors: 7168.0K->7168.0K Heap: 553.5M(1019.0M)->556.5M(1020.0M)]
 [Times: user=0.69 sys=0.02, real=0.10 secs] 
2015-01-23T15:41:37.722+0300: 14.904: [GC pause (young), 0.1521579 secs]
   [Parallel Time: 151.1 ms, GC Workers: 8]
      [GC Worker Start (ms): Min: 14904.2, Avg: 14905.9, Max: 14915.2, Diff: 10.9]
      [Ext Root Scanning (ms): Min: 0.0, Avg: 0.2, Max: 0.4, Diff: 0.4, Sum: 1.9]
      [SATB Filtering (ms): Min: 0.0, Avg: 0.0, Max: 0.0, Diff: 0.0, Sum: 0.0]
      [Update RS (ms): Min: 0.0, Avg: 5.5, Max: 7.1, Diff: 7.1, Sum: 43.7]
         [Processed Buffers: Min: 0, Avg: 2.6, Max: 4, Diff: 4, Sum: 21]
      [Scan RS (ms): Min: 32.3, Avg: 35.8, Max: 37.2, Diff: 4.9, Sum: 286.4]
      [Object Copy (ms): Min: 100.1, Avg: 101.2, Max: 107.9, Diff: 7.8, Sum: 809.4]
      [Termination (ms): Min: 0.0, Avg: 6.7, Max: 7.6, Diff: 7.6, Sum: 53.5]
      [GC Worker Other (ms): Min: 0.0, Avg: 0.0, Max: 0.0, Diff: 0.0, Sum: 0.1]
      [GC Worker Total (ms): Min: 140.1, Avg: 149.4, Max: 151.0, Diff: 10.9, Sum: 1194.8]
      [GC Worker End (ms): Min: 15055.3, Avg: 15055.3, Max: 15055.3, Diff: 0.0]
   [Code Root Fixup: 0.0 ms]
   [Clear CT: 0.1 ms]
   [Other: 1.0 ms]
      [Choose CSet: 0.0 ms]
      [Ref Proc: 0.1 ms]
      [Ref Enq: 0.0 ms]
      [Free CSet: 0.1 ms]
   [Eden: 58.0M(58.0M)->0.0B(53.0M) Survivors: 7168.0K->9216.0K Heap: 697.4M(1020.0M)->700.9M(1021.0M)]
 [Times: user=1.17 sys=0.06, real=0.15 secs] 
2015-01-23T15:41:37.917+0300: 15.099: [GC concurrent-mark-end, 0.9683184 secs]
2015-01-23T15:41:37.982+0300: 15.164: [GC remark 2015-01-23T15:41:37.982+0300: 15.164: [GC ref-proc, 0.0000453 secs], 0.0013832 secs]
 [Times: user=0.00 sys=0.00, real=0.00 secs] 
2015-01-23T15:41:37.984+0300: 15.166: [GC cleanup 717M->392M(1021M), 0.0008486 secs]
 [Times: user=0.00 sys=0.00, real=0.00 secs] 
2015-01-23T15:41:37.985+0300: 15.167: [GC concurrent-cleanup-start]
2015-01-23T15:41:37.985+0300: 15.167: [GC concurrent-cleanup-end, 0.0002538 secs]
2015-01-23T15:41:38.084+0300: 15.267: [GC pause (young), 0.1383836 secs]
   [Parallel Time: 136.5 ms, GC Workers: 8]
      [GC Worker Start (ms): Min: 15266.6, Avg: 15266.6, Max: 15266.8, Diff: 0.2]
      [Ext Root Scanning (ms): Min: 0.1, Avg: 0.2, Max: 0.3, Diff: 0.2, Sum: 2.0]
      [Update RS (ms): Min: 4.6, Avg: 4.8, Max: 6.0, Diff: 1.3, Sum: 38.7]
         [Processed Buffers: Min: 2, Avg: 2.4, Max: 3, Diff: 1, Sum: 19]
      [Scan RS (ms): Min: 32.4, Avg: 33.5, Max: 33.8, Diff: 1.5, Sum: 267.9]
      [Object Copy (ms): Min: 97.5, Avg: 97.7, Max: 97.8, Diff: 0.3, Sum: 781.8]
      [Termination (ms): Min: 0.0, Avg: 0.1, Max: 0.2, Diff: 0.2, Sum: 1.0]
      [GC Worker Other (ms): Min: 0.0, Avg: 0.0, Max: 0.0, Diff: 0.0, Sum: 0.1]
      [GC Worker Total (ms): Min: 136.3, Avg: 136.4, Max: 136.5, Diff: 0.2, Sum: 1091.5]
      [GC Worker End (ms): Min: 15403.0, Avg: 15403.0, Max: 15403.0, Diff: 0.0]
   [Code Root Fixup: 0.0 ms]
   [Clear CT: 0.1 ms]
   [Other: 1.8 ms]
      [Choose CSet: 0.0 ms]
      [Ref Proc: 0.6 ms]
      [Ref Enq: 0.0 ms]
      [Free CSet: 0.1 ms]
   [Eden: 53.0M(53.0M)->0.0B(55.0M) Survivors: 9216.0K->8192.0K Heap: 467.7M(1021.0M)->471.7M(1022.0M)]
 [Times: user=0.95 sys=0.05, real=0.14 secs] 
2015-01-23T15:41:38.224+0300: 15.406: [GC pause (young) (initial-mark), 0.1232850 secs]
   [Parallel Time: 122.8 ms, GC Workers: 8]
      [GC Worker Start (ms): Min: 15405.8, Avg: 15406.0, Max: 15406.6, Diff: 0.8]
      [Ext Root Scanning (ms): Min: 0.0, Avg: 0.2, Max: 0.3, Diff: 0.3, Sum: 1.9]
      [Update RS (ms): Min: 98.5, Avg: 98.9, Max: 100.1, Diff: 1.6, Sum: 791.6]
         [Processed Buffers: Min: 77, Avg: 89.6, Max: 95, Diff: 18, Sum: 717]
      [Scan RS (ms): Min: 0.0, Avg: 0.0, Max: 0.0, Diff: 0.0, Sum: 0.0]
      [Object Copy (ms): Min: 22.1, Avg: 23.2, Max: 23.6, Diff: 1.5, Sum: 185.4]
      [Termination (ms): Min: 0.0, Avg: 0.2, Max: 0.3, Diff: 0.3, Sum: 1.5]
      [GC Worker Other (ms): Min: 0.0, Avg: 0.0, Max: 0.0, Diff: 0.0, Sum: 0.1]
      [GC Worker Total (ms): Min: 122.0, Avg: 122.6, Max: 122.8, Diff: 0.8, Sum: 980.6]
      [GC Worker End (ms): Min: 15528.6, Avg: 15528.6, Max: 15528.6, Diff: 0.0]
   [Code Root Fixup: 0.0 ms]
   [Clear CT: 0.1 ms]
   [Other: 0.4 ms]
      [Choose CSet: 0.0 ms]
      [Ref Proc: 0.1 ms]
      [Ref Enq: 0.0 ms]
      [Free CSet: 0.0 ms]
   [Eden: 1024.0K(55.0M)->0.0B(47.0M) Survivors: 8192.0K->4096.0K Heap: 472.0M(1022.0M)->478.2M(1023.0M)]
 [Times: user=0.86 sys=0.00, real=0.12 secs] 
2015-01-23T15:41:38.347+0300: 15.529: [GC concurrent-root-region-scan-start]
2015-01-23T15:41:38.348+0300: 15.531: [GC concurrent-root-region-scan-end, 0.0012656 secs]
2015-01-23T15:41:38.348+0300: 15.531: [GC concurrent-mark-start]
2015-01-23T15:41:38.757+0300: 15.939: [GC pause (young), 0.1100426 secs]
   [Parallel Time: 108.6 ms, GC Workers: 8]
      [GC Worker Start (ms): Min: 15939.2, Avg: 15950.3, Max: 15979.6, Diff: 40.4]
      [Ext Root Scanning (ms): Min: 0.0, Avg: 0.2, Max: 0.3, Diff: 0.3, Sum: 1.3]
      [SATB Filtering (ms): Min: 0.0, Avg: 0.0, Max: 0.0, Diff: 0.0, Sum: 0.0]
      [Update RS (ms): Min: 0.0, Avg: 3.1, Max: 6.6, Diff: 6.6, Sum: 24.5]
         [Processed Buffers: Min: 0, Avg: 2.3, Max: 5, Diff: 5, Sum: 18]
      [Scan RS (ms): Min: 0.0, Avg: 8.1, Max: 11.8, Diff: 11.8, Sum: 64.6]
      [Object Copy (ms): Min: 37.5, Avg: 60.7, Max: 90.7, Diff: 53.2, Sum: 485.5]
      [Termination (ms): Min: 0.0, Avg: 25.5, Max: 30.7, Diff: 30.7, Sum: 203.8]
      [GC Worker Other (ms): Min: 0.0, Avg: 0.0, Max: 0.0, Diff: 0.0, Sum: 0.1]
      [GC Worker Total (ms): Min: 68.1, Avg: 97.5, Max: 108.6, Diff: 40.5, Sum: 779.7]
      [GC Worker End (ms): Min: 16047.7, Avg: 16047.8, Max: 16047.8, Diff: 0.1]
   [Code Root Fixup: 0.0 ms]
   [Clear CT: 0.1 ms]
   [Other: 1.3 ms]
      [Choose CSet: 0.0 ms]
      [Ref Proc: 0.5 ms]
      [Ref Enq: 0.0 ms]
      [Free CSet: 0.1 ms]
   [Eden: 47.0M(47.0M)->0.0B(47.0M) Survivors: 4096.0K->7168.0K Heap: 560.4M(1023.0M)->558.9M(1024.0M)]
 [Times: user=0.61 sys=0.01, real=0.11 secs] 
2015-01-23T15:41:39.105+0300: 16.287: [GC pause (young), 0.1624189 secs]
   [Parallel Time: 160.0 ms, GC Workers: 8]
      [GC Worker Start (ms): Min: 16286.8, Avg: 16286.9, Max: 16287.4, Diff: 0.6]
      [Ext Root Scanning (ms): Min: 0.0, Avg: 0.2, Max: 0.4, Diff: 0.3, Sum: 1.9]
      [SATB Filtering (ms): Min: 0.0, Avg: 0.0, Max: 0.0, Diff: 0.0, Sum: 0.0]
      [Update RS (ms): Min: 16.9, Avg: 17.7, Max: 18.6, Diff: 1.7, Sum: 141.7]
         [Processed Buffers: Min: 7, Avg: 7.3, Max: 8, Diff: 1, Sum: 58]
      [Scan RS (ms): Min: 26.6, Avg: 27.6, Max: 28.5, Diff: 1.8, Sum: 220.4]
      [Object Copy (ms): Min: 93.6, Avg: 96.3, Max: 114.3, Diff: 20.7, Sum: 770.6]
      [Termination (ms): Min: 0.0, Avg: 18.0, Max: 20.6, Diff: 20.6, Sum: 144.0]
      [GC Worker Other (ms): Min: 0.0, Avg: 0.0, Max: 0.0, Diff: 0.0, Sum: 0.1]
      [GC Worker Total (ms): Min: 159.4, Avg: 159.8, Max: 160.0, Diff: 0.6, Sum: 1278.7]
      [GC Worker End (ms): Min: 16446.8, Avg: 16446.8, Max: 16446.8, Diff: 0.0]
   [Code Root Fixup: 0.0 ms]
   [Clear CT: 0.1 ms]
   [Other: 2.4 ms]
      [Choose CSet: 0.0 ms]
      [Ref Proc: 1.6 ms]
      [Ref Enq: 0.0 ms]
      [Free CSet: 0.1 ms]
   [Eden: 47.0M(47.0M)->0.0B(44.0M) Survivors: 7168.0K->7168.0K Heap: 688.8M(1024.0M)->698.3M(1024.0M)]
 [Times: user=1.19 sys=0.02, real=0.16 secs] 
2015-01-23T15:41:39.364+0300: 16.546: [GC concurrent-mark-end, 1.0141054 secs]
2015-01-23T15:41:39.366+0300: 16.548: [GC remark 2015-01-23T15:41:39.367+0300: 16.549: [GC ref-proc, 0.0000522 secs], 0.0021543 secs]
 [Times: user=0.00 sys=0.00, real=0.00 secs] 
2015-01-23T15:41:39.368+0300: 16.550: [GC cleanup 698M->366M(1024M), 0.0009852 secs]
 [Times: user=0.00 sys=0.00, real=0.00 secs] 
2015-01-23T15:41:39.369+0300: 16.551: [GC concurrent-cleanup-start]
2015-01-23T15:41:39.369+0300: 16.551: [GC concurrent-cleanup-end, 0.0002654 secs]
2015-01-23T15:41:39.455+0300: 16.638: [GC pause (young), 0.1147981 secs]
   [Parallel Time: 113.6 ms, GC Workers: 8]
      [GC Worker Start (ms): Min: 16637.6, Avg: 16637.6, Max: 16637.6, Diff: 0.0]
      [Ext Root Scanning (ms): Min: 0.2, Avg: 0.3, Max: 0.3, Diff: 0.1, Sum: 2.1]
      [Update RS (ms): Min: 4.6, Avg: 5.2, Max: 6.3, Diff: 1.7, Sum: 41.6]
         [Processed Buffers: Min: 2, Avg: 2.5, Max: 3, Diff: 1, Sum: 20]
      [Scan RS (ms): Min: 27.3, Avg: 28.4, Max: 29.1, Diff: 1.8, Sum: 227.2]
      [Object Copy (ms): Min: 79.5, Avg: 79.6, Max: 79.7, Diff: 0.2, Sum: 637.0]
      [Termination (ms): Min: 0.0, Avg: 0.0, Max: 0.0, Diff: 0.0, Sum: 0.1]
      [GC Worker Other (ms): Min: 0.0, Avg: 0.0, Max: 0.0, Diff: 0.0, Sum: 0.1]
      [GC Worker Total (ms): Min: 113.5, Avg: 113.5, Max: 113.5, Diff: 0.0, Sum: 908.1]
      [GC Worker End (ms): Min: 16751.1, Avg: 16751.1, Max: 16751.1, Diff: 0.0]
   [Code Root Fixup: 0.0 ms]
   [Clear CT: 0.1 ms]
   [Other: 1.2 ms]
      [Choose CSet: 0.0 ms]
      [Ref Proc: 0.3 ms]
      [Ref Enq: 0.0 ms]
      [Free CSet: 0.1 ms]
   [Eden: 44.0M(44.0M)->0.0B(51.0M) Survivors: 7168.0K->7168.0K Heap: 449.2M(1024.0M)->453.7M(1024.0M)]
 [Times: user=0.94 sys=0.00, real=0.12 secs] 
2015-01-23T15:41:39.603+0300: 16.785: [GC pause (young) (initial-mark), 0.1007589 secs]
   [Parallel Time: 100.3 ms, GC Workers: 8]
      [GC Worker Start (ms): Min: 16784.8, Avg: 16784.9, Max: 16785.0, Diff: 0.2]
      [Ext Root Scanning (ms): Min: 0.1, Avg: 0.2, Max: 0.3, Diff: 0.2, Sum: 1.9]
      [Update RS (ms): Min: 60.8, Avg: 61.6, Max: 62.8, Diff: 2.0, Sum: 493.2]
         [Processed Buffers: Min: 56, Avg: 59.1, Max: 62, Diff: 6, Sum: 473]
      [Scan RS (ms): Min: 3.3, Avg: 4.5, Max: 5.3, Diff: 2.0, Sum: 35.9]
      [Object Copy (ms): Min: 33.7, Avg: 33.8, Max: 33.9, Diff: 0.1, Sum: 270.4]
      [Termination (ms): Min: 0.0, Avg: 0.0, Max: 0.0, Diff: 0.0, Sum: 0.2]
      [GC Worker Other (ms): Min: 0.0, Avg: 0.0, Max: 0.1, Diff: 0.0, Sum: 0.2]
      [GC Worker Total (ms): Min: 100.1, Avg: 100.2, Max: 100.3, Diff: 0.2, Sum: 801.8]
      [GC Worker End (ms): Min: 16885.1, Avg: 16885.1, Max: 16885.1, Diff: 0.0]
   [Code Root Fixup: 0.0 ms]
   [Clear CT: 0.1 ms]
   [Other: 0.4 ms]
      [Choose CSet: 0.0 ms]
      [Ref Proc: 0.1 ms]
      [Ref Enq: 0.0 ms]
      [Free CSet: 0.0 ms]
   [Eden: 17.0M(51.0M)->0.0B(43.0M) Survivors: 7168.0K->8192.0K Heap: 470.0M(1024.0M)->475.2M(1024.0M)]
 [Times: user=0.75 sys=0.00, real=0.10 secs] 
2015-01-23T15:41:39.704+0300: 16.886: [GC concurrent-root-region-scan-start]
2015-01-23T15:41:39.708+0300: 16.890: [GC concurrent-root-region-scan-end, 0.0046076 secs]
2015-01-23T15:41:39.708+0300: 16.890: [GC concurrent-mark-start]
2015-01-23T15:41:40.077+0300: 17.259: [GC pause (young), 0.1388180 secs]
   [Parallel Time: 138.2 ms, GC Workers: 8]
      [GC Worker Start (ms): Min: 17259.4, Avg: 17276.8, Max: 17324.7, Diff: 65.2]
      [Ext Root Scanning (ms): Min: 0.0, Avg: 0.2, Max: 0.3, Diff: 0.3, Sum: 1.2]
      [SATB Filtering (ms): Min: 0.0, Avg: 0.0, Max: 0.0, Diff: 0.0, Sum: 0.0]
      [Update RS (ms): Min: 0.0, Avg: 8.9, Max: 16.8, Diff: 16.8, Sum: 71.0]
         [Processed Buffers: Min: 0, Avg: 5.9, Max: 12, Diff: 12, Sum: 47]
      [Scan RS (ms): Min: 0.0, Avg: 7.1, Max: 11.8, Diff: 11.8, Sum: 57.0]
      [Object Copy (ms): Min: 16.9, Avg: 66.2, Max: 110.2, Diff: 93.4, Sum: 529.2]
      [Termination (ms): Min: 0.0, Avg: 38.2, Max: 56.1, Diff: 56.1, Sum: 305.7]
      [GC Worker Other (ms): Min: 0.0, Avg: 0.0, Max: 0.0, Diff: 0.0, Sum: 0.1]
      [GC Worker Total (ms): Min: 72.7, Avg: 120.5, Max: 138.2, Diff: 65.5, Sum: 964.2]
      [GC Worker End (ms): Min: 17397.3, Avg: 17397.4, Max: 17397.6, Diff: 0.3]
   [Code Root Fixup: 0.0 ms]
   [Clear CT: 0.1 ms]
   [Other: 0.5 ms]
      [Choose CSet: 0.0 ms]
      [Ref Proc: 0.1 ms]
      [Ref Enq: 0.0 ms]
      [Free CSet: 0.1 ms]
   [Eden: 43.0M(43.0M)->0.0B(60.0M) Survivors: 8192.0K->7168.0K Heap: 553.4M(1024.0M)->557.4M(1024.0M)]
 [Times: user=0.73 sys=0.00, real=0.14 secs] 
2015-01-23T15:41:40.392+0300: 17.574: [GC pause (young), 0.2365983 secs]
   [Parallel Time: 235.7 ms, GC Workers: 8]
      [GC Worker Start (ms): Min: 17574.3, Avg: 17574.8, Max: 17576.0, Diff: 1.7]
      [Ext Root Scanning (ms): Min: 0.0, Avg: 0.2, Max: 0.4, Diff: 0.4, Sum: 1.7]
      [SATB Filtering (ms): Min: 0.0, Avg: 0.0, Max: 0.0, Diff: 0.0, Sum: 0.0]
      [Update RS (ms): Min: 57.5, Avg: 58.1, Max: 58.8, Diff: 1.3, Sum: 465.0]
         [Processed Buffers: Min: 22, Avg: 22.8, Max: 24, Diff: 2, Sum: 182]
      [Scan RS (ms): Min: 29.9, Avg: 30.9, Max: 31.8, Diff: 1.9, Sum: 247.4]
      [Object Copy (ms): Min: 142.7, Avg: 143.2, Max: 145.9, Diff: 3.2, Sum: 1145.8]
      [Termination (ms): Min: 0.0, Avg: 2.7, Max: 3.1, Diff: 3.1, Sum: 21.3]
      [GC Worker Other (ms): Min: 0.0, Avg: 0.1, Max: 0.3, Diff: 0.3, Sum: 0.5]
      [GC Worker Total (ms): Min: 234.0, Avg: 235.2, Max: 235.7, Diff: 1.7, Sum: 1881.7]
      [GC Worker End (ms): Min: 17810.0, Avg: 17810.1, Max: 17810.1, Diff: 0.0]
   [Code Root Fixup: 0.0 ms]
   [Clear CT: 0.0 ms]
   [Other: 0.8 ms]
      [Choose CSet: 0.0 ms]
      [Ref Proc: 0.1 ms]
      [Ref Enq: 0.0 ms]
      [Free CSet: 0.1 ms]
   [Eden: 60.0M(60.0M)->0.0B(42.0M) Survivors: 7168.0K->9216.0K Heap: 715.9M(1024.0M)->717.4M(1024.0M)]
 [Times: user=1.75 sys=0.06, real=0.24 secs] 
2015-01-23T15:41:40.847+0300: 18.029: [GC pause (young), 0.1038923 secs]
   [Parallel Time: 103.1 ms, GC Workers: 8]
      [GC Worker Start (ms): Min: 18029.3, Avg: 18029.3, Max: 18029.3, Diff: 0.0]
      [Ext Root Scanning (ms): Min: 0.2, Avg: 0.3, Max: 0.3, Diff: 0.1, Sum: 2.1]
      [SATB Filtering (ms): Min: 0.0, Avg: 0.0, Max: 0.0, Diff: 0.0, Sum: 0.0]
      [Update RS (ms): Min: 4.6, Avg: 4.7, Max: 5.2, Diff: 0.6, Sum: 37.7]
         [Processed Buffers: Min: 2, Avg: 2.4, Max: 3, Diff: 1, Sum: 19]
      [Scan RS (ms): Min: 25.2, Avg: 25.9, Max: 26.1, Diff: 0.9, Sum: 207.1]
      [Object Copy (ms): Min: 72.1, Avg: 72.2, Max: 72.4, Diff: 0.3, Sum: 577.5]
      [Termination (ms): Min: 0.0, Avg: 0.0, Max: 0.0, Diff: 0.0, Sum: 0.0]
      [GC Worker Other (ms): Min: 0.0, Avg: 0.0, Max: 0.0, Diff: 0.0, Sum: 0.1]
      [GC Worker Total (ms): Min: 103.0, Avg: 103.1, Max: 103.1, Diff: 0.0, Sum: 824.4]
      [GC Worker End (ms): Min: 18132.3, Avg: 18132.3, Max: 18132.3, Diff: 0.0]
   [Code Root Fixup: 0.0 ms]
   [Clear CT: 0.1 ms]
   [Other: 0.7 ms]
      [Choose CSet: 0.0 ms]
      [Ref Proc: 0.1 ms]
      [Ref Enq: 0.0 ms]
      [Free CSet: 0.1 ms]
   [Eden: 42.0M(42.0M)->0.0B(47.0M) Survivors: 9216.0K->7168.0K Heap: 782.9M(1024.0M)->787.4M(1024.0M)]
 [Times: user=0.73 sys=0.00, real=0.10 secs] 
2015-01-23T15:41:40.966+0300: 18.148: [GC pause (young), 0.1013136 secs]
   [Parallel Time: 101.0 ms, GC Workers: 8]
      [GC Worker Start (ms): Min: 18148.0, Avg: 18148.1, Max: 18148.7, Diff: 0.7]
      [Ext Root Scanning (ms): Min: 0.0, Avg: 0.3, Max: 0.4, Diff: 0.4, Sum: 2.2]
      [SATB Filtering (ms): Min: 0.0, Avg: 0.0, Max: 0.0, Diff: 0.0, Sum: 0.0]
      [Update RS (ms): Min: 68.6, Avg: 69.5, Max: 70.6, Diff: 2.1, Sum: 556.3]
         [Processed Buffers: Min: 59, Avg: 64.6, Max: 70, Diff: 11, Sum: 517]
      [Scan RS (ms): Min: 0.0, Avg: 0.0, Max: 0.0, Diff: 0.0, Sum: 0.0]
      [Object Copy (ms): Min: 30.0, Avg: 31.0, Max: 32.0, Diff: 2.0, Sum: 248.0]
      [Termination (ms): Min: 0.0, Avg: 0.0, Max: 0.0, Diff: 0.0, Sum: 0.2]
      [GC Worker Other (ms): Min: 0.0, Avg: 0.0, Max: 0.0, Diff: 0.0, Sum: 0.1]
      [GC Worker Total (ms): Min: 100.3, Avg: 100.8, Max: 100.9, Diff: 0.7, Sum: 806.7]
      [GC Worker End (ms): Min: 18248.9, Avg: 18248.9, Max: 18248.9, Diff: 0.0]
   [Code Root Fixup: 0.0 ms]
   [Clear CT: 0.0 ms]
   [Other: 0.3 ms]
      [Choose CSet: 0.0 ms]
      [Ref Proc: 0.1 ms]
      [Ref Enq: 0.0 ms]
      [Free CSet: 0.0 ms]
   [Eden: 10.0M(47.0M)->0.0B(44.0M) Survivors: 7168.0K->7168.0K Heap: 796.7M(1024.0M)->802.4M(1024.0M)]
 [Times: user=0.86 sys=0.00, real=0.10 secs] 
2015-01-23T15:41:41.068+0300: 18.250: [Full GC 802M->117M(992M), 0.4977599 secs]
   [Eden: 0.0B(44.0M)->0.0B(49.0M) Survivors: 7168.0K->0.0B Heap: 802.4M(1024.0M)->117.6M(992.0M)]
 [Times: user=0.55 sys=0.00, real=0.50 secs] 
2015-01-23T15:41:41.566+0300: 18.748: [GC concurrent-mark-abort]
2015-01-23T15:41:41.718+0300: 18.900: [GC pause (young), 0.1164994 secs]
   [Parallel Time: 115.5 ms, GC Workers: 8]
      [GC Worker Start (ms): Min: 18899.9, Avg: 18900.0, Max: 18900.3, Diff: 0.4]
      [Ext Root Scanning (ms): Min: 0.0, Avg: 0.3, Max: 0.4, Diff: 0.4, Sum: 2.2]
      [Update RS (ms): Min: 16.4, Avg: 17.3, Max: 18.6, Diff: 2.2, Sum: 138.6]
         [Processed Buffers: Min: 7, Avg: 7.0, Max: 7, Diff: 0, Sum: 56]
      [Scan RS (ms): Min: 18.4, Avg: 19.8, Max: 20.8, Diff: 2.4, Sum: 158.4]
      [Object Copy (ms): Min: 77.8, Avg: 78.0, Max: 78.1, Diff: 0.3, Sum: 623.6]
      [Termination (ms): Min: 0.0, Avg: 0.0, Max: 0.0, Diff: 0.0, Sum: 0.2]
      [GC Worker Other (ms): Min: 0.0, Avg: 0.0, Max: 0.0, Diff: 0.0, Sum: 0.2]
      [GC Worker Total (ms): Min: 115.1, Avg: 115.4, Max: 115.5, Diff: 0.5, Sum: 923.1]
      [GC Worker End (ms): Min: 19015.4, Avg: 19015.4, Max: 19015.4, Diff: 0.0]
   [Code Root Fixup: 0.0 ms]
   [Clear CT: 0.1 ms]
   [Other: 0.9 ms]
      [Choose CSet: 0.0 ms]
      [Ref Proc: 0.1 ms]
      [Ref Enq: 0.0 ms]
      [Free CSet: 0.1 ms]
   [Eden: 49.0M(49.0M)->0.0B(43.0M) Survivors: 0.0B->7168.0K Heap: 254.7M(992.0M)->257.2M(999.0M)]
 [Times: user=0.80 sys=0.03, real=0.12 secs] 
2015-01-23T15:41:41.938+0300: 19.120: [GC pause (young), 0.1575576 secs]
   [Parallel Time: 156.3 ms, GC Workers: 8]
      [GC Worker Start (ms): Min: 19120.3, Avg: 19120.3, Max: 19120.3, Diff: 0.0]
      [Ext Root Scanning (ms): Min: 0.2, Avg: 0.3, Max: 0.3, Diff: 0.1, Sum: 2.1]
      [Update RS (ms): Min: 37.0, Avg: 37.9, Max: 39.6, Diff: 2.7, Sum: 303.3]
         [Processed Buffers: Min: 14, Avg: 15.1, Max: 16, Diff: 2, Sum: 121]
      [Scan RS (ms): Min: 16.9, Avg: 18.7, Max: 19.6, Diff: 2.7, Sum: 149.4]
      [Object Copy (ms): Min: 99.1, Avg: 99.3, Max: 99.4, Diff: 0.2, Sum: 794.2]
      [Termination (ms): Min: 0.0, Avg: 0.1, Max: 0.1, Diff: 0.1, Sum: 0.7]
      [GC Worker Other (ms): Min: 0.0, Avg: 0.0, Max: 0.0, Diff: 0.0, Sum: 0.2]
      [GC Worker Total (ms): Min: 156.2, Avg: 156.2, Max: 156.3, Diff: 0.0, Sum: 1249.9]
      [GC Worker End (ms): Min: 19276.5, Avg: 19276.5, Max: 19276.6, Diff: 0.0]
   [Code Root Fixup: 0.0 ms]
   [Clear CT: 0.1 ms]
   [Other: 1.2 ms]
      [Choose CSet: 0.0 ms]
      [Ref Proc: 0.2 ms]
      [Ref Enq: 0.0 ms]
      [Free CSet: 0.1 ms]
   [Eden: 43.0M(43.0M)->0.0B(43.0M) Survivors: 7168.0K->7168.0K Heap: 330.2M(999.0M)->335.2M(1004.0M)]
 [Times: user=1.14 sys=0.03, real=0.16 secs] 
2015-01-23T15:41:42.260+0300: 19.442: [GC pause (young), 0.1137317 secs]
   [Parallel Time: 112.9 ms, GC Workers: 8]
      [GC Worker Start (ms): Min: 19442.0, Avg: 19442.0, Max: 19442.0, Diff: 0.0]
      [Ext Root Scanning (ms): Min: 0.2, Avg: 0.3, Max: 0.3, Diff: 0.1, Sum: 2.0]
      [Update RS (ms): Min: 4.5, Avg: 4.8, Max: 5.8, Diff: 1.3, Sum: 38.5]
         [Processed Buffers: Min: 2, Avg: 2.4, Max: 3, Diff: 1, Sum: 19]
      [Scan RS (ms): Min: 26.8, Avg: 27.7, Max: 28.2, Diff: 1.4, Sum: 221.7]
      [Object Copy (ms): Min: 79.7, Avg: 79.9, Max: 80.1, Diff: 0.4, Sum: 639.5]
      [Termination (ms): Min: 0.0, Avg: 0.1, Max: 0.2, Diff: 0.2, Sum: 1.0]
      [GC Worker Other (ms): Min: 0.0, Avg: 0.0, Max: 0.0, Diff: 0.0, Sum: 0.3]
      [GC Worker Total (ms): Min: 112.9, Avg: 112.9, Max: 112.9, Diff: 0.0, Sum: 903.1]
      [GC Worker End (ms): Min: 19554.9, Avg: 19554.9, Max: 19554.9, Diff: 0.0]
   [Code Root Fixup: 0.0 ms]
   [Clear CT: 0.1 ms]
   [Other: 0.7 ms]
      [Choose CSet: 0.0 ms]
      [Ref Proc: 0.2 ms]
      [Ref Enq: 0.0 ms]
      [Free CSet: 0.1 ms]
   [Eden: 43.0M(43.0M)->0.0B(51.0M) Survivors: 7168.0K->7168.0K Heap: 417.4M(1004.0M)->422.4M(1008.0M)]
 [Times: user=0.97 sys=0.03, real=0.11 secs] 
2015-01-23T15:41:42.406+0300: 19.588: [GC pause (young) (initial-mark), 0.1060863 secs]
   [Parallel Time: 105.6 ms, GC Workers: 8]
      [GC Worker Start (ms): Min: 19587.9, Avg: 19587.9, Max: 19588.0, Diff: 0.1]
      [Ext Root Scanning (ms): Min: 0.1, Avg: 0.2, Max: 0.3, Diff: 0.2, Sum: 1.8]
      [Update RS (ms): Min: 61.6, Avg: 62.2, Max: 62.9, Diff: 1.3, Sum: 497.5]
         [Processed Buffers: Min: 47, Avg: 56.8, Max: 70, Diff: 23, Sum: 454]
      [Scan RS (ms): Min: 3.5, Avg: 4.2, Max: 4.8, Diff: 1.3, Sum: 33.5]
      [Object Copy (ms): Min: 38.7, Avg: 38.8, Max: 38.9, Diff: 0.2, Sum: 310.4]
      [Termination (ms): Min: 0.0, Avg: 0.1, Max: 0.1, Diff: 0.1, Sum: 0.5]
      [GC Worker Other (ms): Min: 0.0, Avg: 0.1, Max: 0.1, Diff: 0.0, Sum: 0.5]
      [GC Worker Total (ms): Min: 105.4, Avg: 105.5, Max: 105.6, Diff: 0.2, Sum: 844.3]
      [GC Worker End (ms): Min: 19693.4, Avg: 19693.4, Max: 19693.4, Diff: 0.0]
   [Code Root Fixup: 0.0 ms]
   [Clear CT: 0.0 ms]
   [Other: 0.4 ms]
      [Choose CSet: 0.0 ms]
      [Ref Proc: 0.1 ms]
      [Ref Enq: 0.0 ms]
      [Free CSet: 0.0 ms]
   [Eden: 20.0M(51.0M)->0.0B(43.0M) Survivors: 7168.0K->8192.0K Heap: 441.7M(1008.0M)->447.4M(1012.0M)]
 [Times: user=0.75 sys=0.00, real=0.11 secs] 
2015-01-23T15:41:42.512+0300: 19.694: [GC concurrent-root-region-scan-start]
2015-01-23T15:41:42.544+0300: 19.726: [GC concurrent-root-region-scan-end, 0.0316858 secs]
2015-01-23T15:41:42.544+0300: 19.726: [GC concurrent-mark-start]
2015-01-23T15:41:42.892+0300: 20.075: [GC pause (young), 0.1226525 secs]
   [Parallel Time: 122.0 ms, GC Workers: 8]
      [GC Worker Start (ms): Min: 20074.7, Avg: 20089.2, Max: 20119.7, Diff: 45.0]
      [Ext Root Scanning (ms): Min: 0.0, Avg: 0.2, Max: 0.3, Diff: 0.3, Sum: 1.3]
      [SATB Filtering (ms): Min: 0.0, Avg: 0.0, Max: 0.0, Diff: 0.0, Sum: 0.0]
      [Update RS (ms): Min: 0.0, Avg: 11.3, Max: 19.7, Diff: 19.7, Sum: 90.5]
         [Processed Buffers: Min: 0, Avg: 7.0, Max: 13, Diff: 13, Sum: 56]
      [Scan RS (ms): Min: 0.0, Avg: 7.1, Max: 10.6, Diff: 10.6, Sum: 56.8]
      [Object Copy (ms): Min: 51.0, Avg: 69.8, Max: 92.1, Diff: 41.1, Sum: 558.1]
      [Termination (ms): Min: 0.0, Avg: 18.5, Max: 25.2, Diff: 25.2, Sum: 148.1]
      [GC Worker Other (ms): Min: 0.0, Avg: 0.0, Max: 0.0, Diff: 0.0, Sum: 0.1]
      [GC Worker Total (ms): Min: 76.2, Avg: 106.9, Max: 122.0, Diff: 45.7, Sum: 854.9]
      [GC Worker End (ms): Min: 20195.9, Avg: 20196.0, Max: 20196.7, Diff: 0.8]
   [Code Root Fixup: 0.0 ms]
   [Clear CT: 0.1 ms]
   [Other: 0.6 ms]
      [Choose CSet: 0.0 ms]
      [Ref Proc: 0.1 ms]
      [Ref Enq: 0.0 ms]
      [Free CSet: 0.0 ms]
   [Eden: 43.0M(43.0M)->0.0B(58.0M) Survivors: 8192.0K->7168.0K Heap: 525.6M(1012.0M)->529.1M(1015.0M)]
 [Times: user=0.67 sys=0.05, real=0.12 secs] 
2015-01-23T15:41:43.191+0300: 20.373: [GC pause (young), 0.1972050 secs]
   [Parallel Time: 196.3 ms, GC Workers: 8]
      [GC Worker Start (ms): Min: 20372.9, Avg: 20373.0, Max: 20373.0, Diff: 0.0]
      [Ext Root Scanning (ms): Min: 0.2, Avg: 0.3, Max: 0.3, Diff: 0.1, Sum: 2.1]
      [SATB Filtering (ms): Min: 0.0, Avg: 0.0, Max: 0.0, Diff: 0.0, Sum: 0.0]
      [Update RS (ms): Min: 55.0, Avg: 55.9, Max: 56.9, Diff: 1.9, Sum: 447.4]
         [Processed Buffers: Min: 21, Avg: 22.1, Max: 23, Diff: 2, Sum: 177]
      [Scan RS (ms): Min: 15.3, Avg: 16.3, Max: 17.3, Diff: 2.0, Sum: 130.4]
      [Object Copy (ms): Min: 123.5, Avg: 123.6, Max: 123.7, Diff: 0.2, Sum: 988.6]
      [Termination (ms): Min: 0.0, Avg: 0.2, Max: 0.2, Diff: 0.2, Sum: 1.2]
      [GC Worker Other (ms): Min: 0.0, Avg: 0.0, Max: 0.0, Diff: 0.0, Sum: 0.1]
      [GC Worker Total (ms): Min: 196.2, Avg: 196.2, Max: 196.3, Diff: 0.1, Sum: 1569.8]
      [GC Worker End (ms): Min: 20569.2, Avg: 20569.2, Max: 20569.2, Diff: 0.0]
   [Code Root Fixup: 0.0 ms]
   [Clear CT: 0.1 ms]
   [Other: 0.9 ms]
      [Choose CSet: 0.0 ms]
      [Ref Proc: 0.1 ms]
      [Ref Enq: 0.0 ms]
      [Free CSet: 0.1 ms]
   [Eden: 58.0M(58.0M)->0.0B(47.0M) Survivors: 7168.0K->9216.0K Heap: 670.0M(1015.0M)->672.0M(1017.0M)]
 [Times: user=1.56 sys=0.02, real=0.20 secs] 
2015-01-23T15:41:43.598+0300: 20.780: [GC concurrent-mark-end, 1.0547302 secs]
2015-01-23T15:41:43.598+0300: 20.781: [GC remark 2015-01-23T15:41:43.598+0300: 20.781: [GC ref-proc, 0.0000369 secs], 0.0009447 secs]
 [Times: user=0.00 sys=0.00, real=0.00 secs] 
2015-01-23T15:41:43.599+0300: 20.782: [GC cleanup 756M->458M(1017M), 0.0006517 secs]
 [Times: user=0.00 sys=0.00, real=0.00 secs] 
2015-01-23T15:41:43.600+0300: 20.782: [GC concurrent-cleanup-start]
2015-01-23T15:41:43.600+0300: 20.782: [GC concurrent-cleanup-end, 0.0001609 secs]
2015-01-23T15:41:43.602+0300: 20.784: [GC pause (young), 0.1052596 secs]
   [Parallel Time: 104.1 ms, GC Workers: 8]
      [GC Worker Start (ms): Min: 20783.9, Avg: 20783.9, Max: 20783.9, Diff: 0.0]
      [Ext Root Scanning (ms): Min: 0.2, Avg: 0.3, Max: 0.3, Diff: 0.1, Sum: 2.1]
      [Update RS (ms): Min: 2.4, Avg: 4.0, Max: 4.7, Diff: 2.3, Sum: 32.4]
         [Processed Buffers: Min: 2, Avg: 2.1, Max: 3, Diff: 1, Sum: 17]
      [Scan RS (ms): Min: 22.5, Avg: 23.2, Max: 24.9, Diff: 2.4, Sum: 185.4]
      [Object Copy (ms): Min: 76.4, Avg: 76.5, Max: 76.6, Diff: 0.2, Sum: 612.0]
      [Termination (ms): Min: 0.0, Avg: 0.0, Max: 0.0, Diff: 0.0, Sum: 0.1]
      [GC Worker Other (ms): Min: 0.0, Avg: 0.0, Max: 0.0, Diff: 0.0, Sum: 0.1]
      [GC Worker Total (ms): Min: 104.0, Avg: 104.0, Max: 104.0, Diff: 0.0, Sum: 832.2]
      [GC Worker End (ms): Min: 20887.9, Avg: 20887.9, Max: 20887.9, Diff: 0.0]
   [Code Root Fixup: 0.0 ms]
   [Clear CT: 0.1 ms]
   [Other: 1.1 ms]
      [Choose CSet: 0.0 ms]
      [Ref Proc: 0.2 ms]
      [Ref Enq: 0.0 ms]
      [Free CSet: 0.1 ms]
   [Eden: 47.0M(47.0M)->0.0B(58.0M) Survivors: 9216.0K->7168.0K Heap: 459.7M(1017.0M)->462.7M(1019.0M)]
 [Times: user=0.87 sys=0.00, real=0.11 secs] 
2015-01-23T15:41:43.783+0300: 20.966: [GC pause (young) (initial-mark), 0.0261905 secs]
   [Parallel Time: 25.7 ms, GC Workers: 8]
      [GC Worker Start (ms): Min: 20965.7, Avg: 20965.7, Max: 20965.8, Diff: 0.0]
      [Ext Root Scanning (ms): Min: 0.2, Avg: 0.3, Max: 0.3, Diff: 0.1, Sum: 2.1]
      [Update RS (ms): Min: 2.3, Avg: 3.8, Max: 4.7, Diff: 2.4, Sum: 30.3]
         [Processed Buffers: Min: 2, Avg: 2.0, Max: 2, Diff: 0, Sum: 16]
      [Scan RS (ms): Min: 2.3, Avg: 3.2, Max: 4.7, Diff: 2.4, Sum: 25.9]
      [Object Copy (ms): Min: 18.3, Avg: 18.4, Max: 18.4, Diff: 0.1, Sum: 146.9]
      [Termination (ms): Min: 0.0, Avg: 0.0, Max: 0.0, Diff: 0.0, Sum: 0.2]
      [GC Worker Other (ms): Min: 0.0, Avg: 0.0, Max: 0.0, Diff: 0.0, Sum: 0.1]
      [GC Worker Total (ms): Min: 25.7, Avg: 25.7, Max: 25.7, Diff: 0.0, Sum: 205.6]
      [GC Worker End (ms): Min: 20991.4, Avg: 20991.4, Max: 20991.4, Diff: 0.0]
   [Code Root Fixup: 0.0 ms]
   [Clear CT: 0.1 ms]
   [Other: 0.4 ms]
      [Choose CSet: 0.0 ms]
      [Ref Proc: 0.1 ms]
      [Ref Enq: 0.0 ms]
      [Free CSet: 0.0 ms]
   [Eden: 7168.0K(58.0M)->0.0B(75.0M) Survivors: 7168.0K->8192.0K Heap: 469.0M(1019.0M)->472.7M(1020.0M)]
 [Times: user=0.25 sys=0.00, real=0.03 secs] 
2015-01-23T15:41:43.810+0300: 20.992: [GC concurrent-root-region-scan-start]
2015-01-23T15:41:43.814+0300: 20.996: [GC concurrent-root-region-scan-end, 0.0040408 secs]
2015-01-23T15:41:43.814+0300: 20.996: [GC concurrent-mark-start]
2015-01-23T15:41:44.259+0300: 21.441: [GC pause (young), 0.1410464 secs]
   [Parallel Time: 140.3 ms, GC Workers: 8]
      [GC Worker Start (ms): Min: 21441.0, Avg: 21443.6, Max: 21451.5, Diff: 10.5]
      [Ext Root Scanning (ms): Min: 0.0, Avg: 0.2, Max: 0.3, Diff: 0.3, Sum: 1.6]
      [SATB Filtering (ms): Min: 0.0, Avg: 0.0, Max: 0.0, Diff: 0.0, Sum: 0.0]
      [Update RS (ms): Min: 0.0, Avg: 3.6, Max: 5.8, Diff: 5.8, Sum: 29.2]
         [Processed Buffers: Min: 0, Avg: 2.1, Max: 4, Diff: 4, Sum: 17]
      [Scan RS (ms): Min: 26.0, Avg: 30.4, Max: 32.4, Diff: 6.4, Sum: 242.8]
      [Object Copy (ms): Min: 92.9, Avg: 94.3, Max: 102.8, Diff: 9.9, Sum: 754.3]
      [Termination (ms): Min: 0.0, Avg: 9.0, Max: 10.3, Diff: 10.3, Sum: 71.8]
      [GC Worker Other (ms): Min: 0.0, Avg: 0.1, Max: 0.3, Diff: 0.3, Sum: 0.7]
      [GC Worker Total (ms): Min: 129.7, Avg: 137.6, Max: 140.2, Diff: 10.5, Sum: 1100.4]
      [GC Worker End (ms): Min: 21581.1, Avg: 21581.2, Max: 21581.2, Diff: 0.0]
   [Code Root Fixup: 0.0 ms]
   [Clear CT: 0.1 ms]
   [Other: 0.7 ms]
      [Choose CSet: 0.0 ms]
      [Ref Proc: 0.1 ms]
      [Ref Enq: 0.0 ms]
      [Free CSet: 0.1 ms]
   [Eden: 62.0M(62.0M)->0.0B(80.0M) Survivors: 8192.0K->9216.0K Heap: 623.3M(1020.0M)->623.3M(1021.0M)]
 [Times: user=1.05 sys=0.03, real=0.14 secs] 
2015-01-23T15:41:44.564+0300: 21.746: [GC pause (young), 0.3482359 secs]
   [Parallel Time: 347.1 ms, GC Workers: 8]
      [GC Worker Start (ms): Min: 21746.4, Avg: 21746.5, Max: 21746.6, Diff: 0.1]
      [Ext Root Scanning (ms): Min: 0.2, Avg: 0.3, Max: 0.3, Diff: 0.2, Sum: 2.1]
      [SATB Filtering (ms): Min: 0.0, Avg: 0.0, Max: 0.0, Diff: 0.0, Sum: 0.0]
      [Update RS (ms): Min: 119.3, Avg: 120.5, Max: 121.5, Diff: 2.2, Sum: 963.7]
         [Processed Buffers: Min: 44, Avg: 45.8, Max: 47, Diff: 3, Sum: 366]
      [Scan RS (ms): Min: 21.4, Avg: 22.4, Max: 23.5, Diff: 2.0, Sum: 179.4]
      [Object Copy (ms): Min: 200.6, Avg: 201.3, Max: 203.7, Diff: 3.1, Sum: 1610.2]
      [Termination (ms): Min: 0.0, Avg: 2.6, Max: 3.0, Diff: 3.0, Sum: 20.5]
      [GC Worker Other (ms): Min: 0.0, Avg: 0.0, Max: 0.1, Diff: 0.0, Sum: 0.3]
      [GC Worker Total (ms): Min: 347.0, Avg: 347.0, Max: 347.1, Diff: 0.1, Sum: 2776.3]
      [GC Worker End (ms): Min: 22093.5, Avg: 22093.5, Max: 22093.5, Diff: 0.1]
   [Code Root Fixup: 0.0 ms]
   [Clear CT: 0.1 ms]
   [Other: 1.1 ms]
      [Choose CSet: 0.0 ms]
      [Ref Proc: 0.1 ms]
      [Ref Enq: 0.0 ms]
      [Free CSet: 0.1 ms]
   [Eden: 80.0M(80.0M)->0.0B(39.0M) Survivors: 9216.0K->12.0M Heap: 771.9M(1021.0M)->776.9M(1022.0M)]
 [Times: user=2.51 sys=0.08, real=0.35 secs] 
2015-01-23T15:41:44.992+0300: 22.174: [GC pause (young), 0.3148315 secs]
   [Parallel Time: 314.0 ms, GC Workers: 8]
      [GC Worker Start (ms): Min: 22174.1, Avg: 22174.4, Max: 22175.9, Diff: 1.8]
      [Ext Root Scanning (ms): Min: 0.0, Avg: 0.2, Max: 0.3, Diff: 0.3, Sum: 1.8]
      [SATB Filtering (ms): Min: 0.0, Avg: 0.0, Max: 0.0, Diff: 0.0, Sum: 0.0]
      [Update RS (ms): Min: 189.5, Avg: 190.1, Max: 191.0, Diff: 1.5, Sum: 1520.6]
         [Processed Buffers: Min: 106, Avg: 113.9, Max: 118, Diff: 12, Sum: 911]
      [Scan RS (ms): Min: 11.6, Avg: 12.9, Max: 13.5, Diff: 2.0, Sum: 103.2]
      [Object Copy (ms): Min: 110.1, Avg: 110.4, Max: 110.6, Diff: 0.5, Sum: 883.4]
      [Termination (ms): Min: 0.0, Avg: 0.0, Max: 0.0, Diff: 0.0, Sum: 0.2]
      [GC Worker Other (ms): Min: 0.0, Avg: 0.0, Max: 0.0, Diff: 0.0, Sum: 0.1]
      [GC Worker Total (ms): Min: 312.1, Avg: 313.7, Max: 314.0, Diff: 1.8, Sum: 2509.4]
      [GC Worker End (ms): Min: 22488.0, Avg: 22488.0, Max: 22488.0, Diff: 0.0]
   [Code Root Fixup: 0.0 ms]
   [Clear CT: 0.1 ms]
   [Other: 0.8 ms]
      [Choose CSet: 0.0 ms]
      [Ref Proc: 0.1 ms]
      [Ref Enq: 0.0 ms]
      [Free CSet: 0.1 ms]
   [Eden: 39.0M(39.0M)->0.0B(44.0M) Survivors: 12.0M->7168.0K Heap: 851.1M(1022.0M)->856.1M(1023.0M)]
 [Times: user=2.53 sys=0.03, real=0.31 secs] 
2015-01-23T15:41:45.339+0300: 22.521: [GC pause (young), 0.1255629 secs]
   [Parallel Time: 125.1 ms, GC Workers: 8]
      [GC Worker Start (ms): Min: 22520.8, Avg: 22520.9, Max: 22520.9, Diff: 0.1]
      [Ext Root Scanning (ms): Min: 0.2, Avg: 0.2, Max: 0.3, Diff: 0.1, Sum: 2.0]
      [SATB Filtering (ms): Min: 0.0, Avg: 0.0, Max: 0.0, Diff: 0.0, Sum: 0.0]
      [Update RS (ms): Min: 84.6, Avg: 85.4, Max: 86.0, Diff: 1.4, Sum: 683.2]
         [Processed Buffers: Min: 59, Avg: 65.1, Max: 73, Diff: 14, Sum: 521]
      [Scan RS (ms): Min: 0.0, Avg: 0.0, Max: 0.0, Diff: 0.0, Sum: 0.0]
      [Object Copy (ms): Min: 38.7, Avg: 39.3, Max: 40.1, Diff: 1.4, Sum: 314.8]
      [Termination (ms): Min: 0.0, Avg: 0.0, Max: 0.0, Diff: 0.0, Sum: 0.2]
      [GC Worker Other (ms): Min: 0.0, Avg: 0.0, Max: 0.0, Diff: 0.0, Sum: 0.1]
      [GC Worker Total (ms): Min: 125.0, Avg: 125.0, Max: 125.1, Diff: 0.1, Sum: 1000.4]
      [GC Worker End (ms): Min: 22645.9, Avg: 22645.9, Max: 22645.9, Diff: 0.0]
   [Code Root Fixup: 0.0 ms]
   [Clear CT: 0.0 ms]
   [Other: 0.4 ms]
      [Choose CSet: 0.0 ms]
      [Ref Proc: 0.1 ms]
      [Ref Enq: 0.0 ms]
      [Free CSet: 0.0 ms]
   [Eden: 21.0M(44.0M)->0.0B(44.0M) Survivors: 7168.0K->7168.0K Heap: 876.5M(1023.0M)->881.1M(1024.0M)]
 [Times: user=1.00 sys=0.00, real=0.13 secs] 
2015-01-23T15:41:45.489+0300: 22.672: [Full GC 881M->176M(962M), 0.6766783 secs]
   [Eden: 0.0B(44.0M)->0.0B(48.0M) Survivors: 7168.0K->0.0B Heap: 881.1M(1024.0M)->176.3M(962.0M)]
 [Times: user=0.81 sys=0.00, real=0.68 secs] 
2015-01-23T15:41:46.166+0300: 23.348: [GC concurrent-mark-abort]
2015-01-23T15:41:46.329+0300: 23.511: [GC pause (young), 0.1126961 secs]
   [Parallel Time: 111.9 ms, GC Workers: 8]
      [GC Worker Start (ms): Min: 23511.1, Avg: 23511.1, Max: 23511.2, Diff: 0.0]
      [Ext Root Scanning (ms): Min: 0.3, Avg: 0.3, Max: 0.3, Diff: 0.1, Sum: 2.4]
      [Update RS (ms): Min: 2.3, Avg: 3.3, Max: 4.7, Diff: 2.4, Sum: 26.1]
         [Processed Buffers: Min: 1, Avg: 1.8, Max: 2, Diff: 1, Sum: 14]
      [Scan RS (ms): Min: 28.0, Avg: 29.6, Max: 30.4, Diff: 2.4, Sum: 236.7]
      [Object Copy (ms): Min: 78.0, Avg: 78.6, Max: 78.8, Diff: 0.8, Sum: 629.1]
      [Termination (ms): Min: 0.0, Avg: 0.1, Max: 0.1, Diff: 0.1, Sum: 0.6]
      [GC Worker Other (ms): Min: 0.0, Avg: 0.0, Max: 0.0, Diff: 0.0, Sum: 0.1]
      [GC Worker Total (ms): Min: 111.9, Avg: 111.9, Max: 111.9, Diff: 0.0, Sum: 895.0]
      [GC Worker End (ms): Min: 23623.0, Avg: 23623.0, Max: 23623.0, Diff: 0.0]
   [Code Root Fixup: 0.0 ms]
   [Clear CT: 0.1 ms]
   [Other: 0.7 ms]
      [Choose CSet: 0.0 ms]
      [Ref Proc: 0.1 ms]
      [Ref Enq: 0.0 ms]
      [Free CSet: 0.1 ms]
   [Eden: 48.0M(48.0M)->0.0B(42.0M) Survivors: 0.0B->6144.0K Heap: 307.2M(962.0M)->310.2M(975.0M)]
 [Times: user=0.83 sys=0.02, real=0.11 secs] 
2015-01-23T15:41:46.519+0300: 23.701: [GC pause (young), 0.2181568 secs]
   [Parallel Time: 217.1 ms, GC Workers: 8]
      [GC Worker Start (ms): Min: 23700.9, Avg: 23700.9, Max: 23700.9, Diff: 0.0]
      [Ext Root Scanning (ms): Min: 0.2, Avg: 0.3, Max: 0.3, Diff: 0.0, Sum: 2.0]
      [Update RS (ms): Min: 104.6, Avg: 105.2, Max: 106.3, Diff: 1.6, Sum: 841.7]
         [Processed Buffers: Min: 41, Avg: 46.8, Max: 49, Diff: 8, Sum: 374]
      [Scan RS (ms): Min: 9.9, Avg: 10.7, Max: 11.2, Diff: 1.4, Sum: 85.9]
      [Object Copy (ms): Min: 100.5, Avg: 100.6, Max: 100.8, Diff: 0.2, Sum: 805.1]
      [Termination (ms): Min: 0.0, Avg: 0.1, Max: 0.2, Diff: 0.2, Sum: 1.0]
      [GC Worker Other (ms): Min: 0.0, Avg: 0.0, Max: 0.0, Diff: 0.0, Sum: 0.1]
      [GC Worker Total (ms): Min: 217.0, Avg: 217.0, Max: 217.0, Diff: 0.0, Sum: 1735.8]
      [GC Worker End (ms): Min: 23917.9, Avg: 23917.9, Max: 23917.9, Diff: 0.0]
   [Code Root Fixup: 0.0 ms]
   [Clear CT: 0.1 ms]
   [Other: 1.0 ms]
      [Choose CSet: 0.0 ms]
      [Ref Proc: 0.1 ms]
      [Ref Enq: 0.0 ms]
      [Free CSet: 0.1 ms]
   [Eden: 42.0M(42.0M)->0.0B(43.0M) Survivors: 6144.0K->6144.0K Heap: 391.3M(975.0M)->398.8M(985.0M)]
 [Times: user=1.72 sys=0.03, real=0.22 secs] 
2015-01-23T15:41:46.904+0300: 24.087: [GC pause (young), 0.0853421 secs]
   [Parallel Time: 84.7 ms, GC Workers: 8]
      [GC Worker Start (ms): Min: 24086.8, Avg: 24086.8, Max: 24086.9, Diff: 0.2]
      [Ext Root Scanning (ms): Min: 0.1, Avg: 0.3, Max: 0.3, Diff: 0.2, Sum: 2.1]
      [Update RS (ms): Min: 2.3, Avg: 3.6, Max: 4.7, Diff: 2.4, Sum: 28.8]
         [Processed Buffers: Min: 1, Avg: 1.9, Max: 2, Diff: 1, Sum: 15]
      [Scan RS (ms): Min: 16.3, Avg: 17.3, Max: 18.6, Diff: 2.3, Sum: 138.6]
      [Object Copy (ms): Min: 63.2, Avg: 63.4, Max: 63.5, Diff: 0.3, Sum: 507.1]
      [Termination (ms): Min: 0.0, Avg: 0.0, Max: 0.0, Diff: 0.0, Sum: 0.2]
      [GC Worker Other (ms): Min: 0.0, Avg: 0.0, Max: 0.0, Diff: 0.0, Sum: 0.1]
      [GC Worker Total (ms): Min: 84.5, Avg: 84.6, Max: 84.6, Diff: 0.2, Sum: 676.9]
      [GC Worker End (ms): Min: 24171.4, Avg: 24171.4, Max: 24171.4, Diff: 0.0]
   [Code Root Fixup: 0.0 ms]
   [Clear CT: 0.1 ms]
   [Other: 0.6 ms]
      [Choose CSet: 0.0 ms]
      [Ref Proc: 0.1 ms]
      [Ref Enq: 0.0 ms]
      [Free CSet: 0.1 ms]
   [Eden: 43.0M(43.0M)->0.0B(42.0M) Survivors: 6144.0K->7168.0K Heap: 477.0M(985.0M)->481.5M(993.0M)]
 [Times: user=0.61 sys=0.02, real=0.09 secs] 
2015-01-23T15:41:47.022+0300: 24.204: [GC pause (young) (initial-mark), 0.0807826 secs]
   [Parallel Time: 80.3 ms, GC Workers: 8]
      [GC Worker Start (ms): Min: 24204.5, Avg: 24204.6, Max: 24204.7, Diff: 0.1]
      [Ext Root Scanning (ms): Min: 0.2, Avg: 0.2, Max: 0.3, Diff: 0.1, Sum: 2.0]
      [Update RS (ms): Min: 38.0, Avg: 38.7, Max: 39.6, Diff: 1.6, Sum: 309.4]
         [Processed Buffers: Min: 30, Avg: 38.5, Max: 43, Diff: 13, Sum: 308]
      [Scan RS (ms): Min: 2.9, Avg: 3.8, Max: 4.5, Diff: 1.6, Sum: 30.1]
      [Object Copy (ms): Min: 37.4, Avg: 37.5, Max: 37.6, Diff: 0.2, Sum: 300.2]
      [Termination (ms): Min: 0.0, Avg: 0.0, Max: 0.0, Diff: 0.0, Sum: 0.3]
      [GC Worker Other (ms): Min: 0.0, Avg: 0.0, Max: 0.0, Diff: 0.0, Sum: 0.1]
      [GC Worker Total (ms): Min: 80.1, Avg: 80.3, Max: 80.3, Diff: 0.1, Sum: 642.0]
      [GC Worker End (ms): Min: 24284.8, Avg: 24284.8, Max: 24284.8, Diff: 0.0]
   [Code Root Fixup: 0.0 ms]
   [Clear CT: 0.0 ms]
   [Other: 0.4 ms]
      [Choose CSet: 0.0 ms]
      [Ref Proc: 0.1 ms]
      [Ref Enq: 0.0 ms]
      [Free CSet: 0.0 ms]
   [Eden: 22.0M(42.0M)->0.0B(47.0M) Survivors: 7168.0K->7168.0K Heap: 502.9M(993.0M)->507.0M(1000.0M)]
 [Times: user=0.62 sys=0.00, real=0.08 secs] 
2015-01-23T15:41:47.103+0300: 24.285: [GC concurrent-root-region-scan-start]
2015-01-23T15:41:47.167+0300: 24.349: [GC concurrent-root-region-scan-end, 0.0634089 secs]
2015-01-23T15:41:47.167+0300: 24.349: [GC concurrent-mark-start]
2015-01-23T15:41:47.731+0300: 24.913: [GC pause (young), 0.1342673 secs]
   [Parallel Time: 133.5 ms, GC Workers: 8]
      [GC Worker Start (ms): Min: 24913.2, Avg: 24920.2, Max: 24932.1, Diff: 18.9]
      [Ext Root Scanning (ms): Min: 0.0, Avg: 0.2, Max: 0.3, Diff: 0.3, Sum: 1.4]
      [SATB Filtering (ms): Min: 0.0, Avg: 0.0, Max: 0.0, Diff: 0.0, Sum: 0.0]
      [Update RS (ms): Min: 0.0, Avg: 4.1, Max: 6.9, Diff: 6.9, Sum: 32.9]
         [Processed Buffers: Min: 0, Avg: 2.8, Max: 5, Diff: 5, Sum: 22]
      [Scan RS (ms): Min: 20.4, Avg: 27.9, Max: 33.3, Diff: 12.9, Sum: 223.2]
      [Object Copy (ms): Min: 88.2, Avg: 89.4, Max: 94.2, Diff: 6.0, Sum: 715.0]
      [Termination (ms): Min: 0.0, Avg: 4.8, Max: 5.7, Diff: 5.7, Sum: 38.2]
      [GC Worker Other (ms): Min: 0.0, Avg: 0.0, Max: 0.0, Diff: 0.0, Sum: 0.1]
      [GC Worker Total (ms): Min: 114.5, Avg: 126.3, Max: 133.4, Diff: 18.9, Sum: 1010.7]
      [GC Worker End (ms): Min: 25046.6, Avg: 25046.6, Max: 25046.6, Diff: 0.0]
   [Code Root Fixup: 0.0 ms]
   [Clear CT: 0.1 ms]
   [Other: 0.8 ms]
      [Choose CSet: 0.0 ms]
      [Ref Proc: 0.1 ms]
      [Ref Enq: 0.0 ms]
      [Free CSet: 0.1 ms]
   [Eden: 47.0M(47.0M)->0.0B(47.0M) Survivors: 7168.0K->7168.0K Heap: 636.9M(1000.0M)->638.9M(1005.0M)]
 [Times: user=1.00 sys=0.06, real=0.13 secs] 
2015-01-23T15:41:48.066+0300: 25.248: [GC pause (young), 0.1191099 secs]
   [Parallel Time: 118.2 ms, GC Workers: 8]
      [GC Worker Start (ms): Min: 25248.5, Avg: 25248.5, Max: 25248.5, Diff: 0.0]
      [Ext Root Scanning (ms): Min: 0.2, Avg: 0.3, Max: 0.3, Diff: 0.1, Sum: 2.0]
      [SATB Filtering (ms): Min: 0.0, Avg: 0.0, Max: 0.0, Diff: 0.0, Sum: 0.0]
      [Update RS (ms): Min: 2.3, Avg: 4.1, Max: 4.7, Diff: 2.4, Sum: 32.6]
         [Processed Buffers: Min: 1, Avg: 1.9, Max: 2, Diff: 1, Sum: 15]
      [Scan RS (ms): Min: 29.3, Avg: 30.1, Max: 31.9, Diff: 2.6, Sum: 240.5]
      [Object Copy (ms): Min: 83.5, Avg: 83.7, Max: 83.8, Diff: 0.3, Sum: 669.3]
      [Termination (ms): Min: 0.0, Avg: 0.0, Max: 0.0, Diff: 0.0, Sum: 0.1]
      [GC Worker Other (ms): Min: 0.0, Avg: 0.0, Max: 0.0, Diff: 0.0, Sum: 0.1]
      [GC Worker Total (ms): Min: 118.1, Avg: 118.1, Max: 118.1, Diff: 0.0, Sum: 944.7]
      [GC Worker End (ms): Min: 25366.6, Avg: 25366.6, Max: 25366.6, Diff: 0.0]
   [Code Root Fixup: 0.0 ms]
   [Clear CT: 0.1 ms]
   [Other: 0.9 ms]
      [Choose CSet: 0.0 ms]
      [Ref Proc: 0.1 ms]
      [Ref Enq: 0.0 ms]
      [Free CSet: 0.1 ms]
   [Eden: 47.0M(47.0M)->0.0B(50.0M) Survivors: 7168.0K->7168.0K Heap: 725.0M(1005.0M)->728.5M(1009.0M)]
 [Times: user=1.00 sys=0.00, real=0.12 secs] 
2015-01-23T15:41:48.398+0300: 25.581: [GC pause (young), 0.1007062 secs]
   [Parallel Time: 99.9 ms, GC Workers: 8]
      [GC Worker Start (ms): Min: 25580.8, Avg: 25580.8, Max: 25580.8, Diff: 0.0]
      [Ext Root Scanning (ms): Min: 0.2, Avg: 0.3, Max: 0.3, Diff: 0.1, Sum: 2.1]
      [SATB Filtering (ms): Min: 0.0, Avg: 0.0, Max: 0.0, Diff: 0.0, Sum: 0.0]
      [Update RS (ms): Min: 4.6, Avg: 5.1, Max: 6.2, Diff: 1.6, Sum: 40.5]
         [Processed Buffers: Min: 2, Avg: 2.4, Max: 3, Diff: 1, Sum: 19]
      [Scan RS (ms): Min: 20.3, Avg: 21.5, Max: 22.0, Diff: 1.8, Sum: 171.9]
      [Object Copy (ms): Min: 72.9, Avg: 73.0, Max: 73.1, Diff: 0.2, Sum: 583.7]
      [Termination (ms): Min: 0.0, Avg: 0.0, Max: 0.0, Diff: 0.0, Sum: 0.1]
      [GC Worker Other (ms): Min: 0.0, Avg: 0.0, Max: 0.0, Diff: 0.0, Sum: 0.1]
      [GC Worker Total (ms): Min: 99.8, Avg: 99.8, Max: 99.8, Diff: 0.0, Sum: 798.4]
      [GC Worker End (ms): Min: 25680.6, Avg: 25680.6, Max: 25680.6, Diff: 0.0]
   [Code Root Fixup: 0.0 ms]
   [Clear CT: 0.1 ms]
   [Other: 0.8 ms]
      [Choose CSet: 0.0 ms]
      [Ref Proc: 0.1 ms]
      [Ref Enq: 0.0 ms]
      [Free CSet: 0.1 ms]
   [Eden: 50.0M(50.0M)->0.0B(42.0M) Survivors: 7168.0K->8192.0K Heap: 813.8M(1009.0M)->818.3M(1012.0M)]
 [Times: user=0.73 sys=0.02, real=0.10 secs] 
2015-01-23T15:41:48.538+0300: 25.720: [GC concurrent-mark-end, 1.3712509 secs]
2015-01-23T15:41:48.571+0300: 25.754: [GC remark 2015-01-23T15:41:48.571+0300: 25.754: [GC ref-proc, 0.0000541 secs], 0.0014685 secs]
 [Times: user=0.00 sys=0.00, real=0.00 secs] 
2015-01-23T15:41:48.573+0300: 25.755: [GC cleanup 818M->518M(1012M), 0.0008084 secs]
 [Times: user=0.00 sys=0.00, real=0.00 secs] 
2015-01-23T15:41:48.574+0300: 25.756: [GC concurrent-cleanup-start]
2015-01-23T15:41:48.574+0300: 25.756: [GC concurrent-cleanup-end, 0.0001605 secs]
2015-01-23T15:41:48.711+0300: 25.893: [GC pause (young), 0.1288545 secs]
   [Parallel Time: 128.1 ms, GC Workers: 8]
      [GC Worker Start (ms): Min: 25893.4, Avg: 25893.4, Max: 25893.4, Diff: 0.0]
      [Ext Root Scanning (ms): Min: 0.2, Avg: 0.3, Max: 0.3, Diff: 0.1, Sum: 2.0]
      [Update RS (ms): Min: 15.3, Avg: 16.3, Max: 17.7, Diff: 2.4, Sum: 130.3]
         [Processed Buffers: Min: 6, Avg: 6.6, Max: 7, Diff: 1, Sum: 53]
      [Scan RS (ms): Min: 24.1, Avg: 25.6, Max: 26.8, Diff: 2.7, Sum: 205.1]
      [Object Copy (ms): Min: 85.3, Avg: 85.8, Max: 85.9, Diff: 0.6, Sum: 686.2]
      [Termination (ms): Min: 0.0, Avg: 0.0, Max: 0.0, Diff: 0.0, Sum: 0.2]
      [GC Worker Other (ms): Min: 0.0, Avg: 0.0, Max: 0.0, Diff: 0.0, Sum: 0.1]
      [GC Worker Total (ms): Min: 128.0, Avg: 128.0, Max: 128.0, Diff: 0.0, Sum: 1024.0]
      [GC Worker End (ms): Min: 26021.4, Avg: 26021.4, Max: 26021.4, Diff: 0.0]
   [Code Root Fixup: 0.0 ms]
   [Clear CT: 0.0 ms]
   [Other: 0.7 ms]
      [Choose CSet: 0.0 ms]
      [Ref Proc: 0.2 ms]
      [Ref Enq: 0.0 ms]
      [Free CSet: 0.1 ms]
   [Eden: 42.0M(42.0M)->0.0B(60.0M) Survivors: 8192.0K->7168.0K Heap: 632.4M(1012.0M)->635.9M(1015.0M)]
 [Times: user=0.90 sys=0.06, real=0.13 secs] 
2015-01-23T15:41:48.854+0300: 26.037: [GC pause (young) (initial-mark), 0.1165372 secs]
   [Parallel Time: 116.1 ms, GC Workers: 8]
      [GC Worker Start (ms): Min: 26036.9, Avg: 26036.9, Max: 26036.9, Diff: 0.0]
      [Ext Root Scanning (ms): Min: 0.2, Avg: 0.2, Max: 0.3, Diff: 0.1, Sum: 2.0]
      [Update RS (ms): Min: 75.7, Avg: 76.7, Max: 77.8, Diff: 2.1, Sum: 613.6]
         [Processed Buffers: Min: 63, Avg: 65.1, Max: 69, Diff: 6, Sum: 521]
      [Scan RS (ms): Min: 1.6, Avg: 2.6, Max: 3.5, Diff: 1.9, Sum: 20.8]
      [Object Copy (ms): Min: 36.2, Avg: 36.3, Max: 36.5, Diff: 0.3, Sum: 290.7]
      [Termination (ms): Min: 0.0, Avg: 0.1, Max: 0.2, Diff: 0.2, Sum: 0.8]
      [GC Worker Other (ms): Min: 0.0, Avg: 0.0, Max: 0.0, Diff: 0.0, Sum: 0.1]
      [GC Worker Total (ms): Min: 116.0, Avg: 116.0, Max: 116.0, Diff: 0.0, Sum: 928.0]
      [GC Worker End (ms): Min: 26152.9, Avg: 26152.9, Max: 26152.9, Diff: 0.0]
   [Code Root Fixup: 0.0 ms]
   [Clear CT: 0.0 ms]
   [Other: 0.4 ms]
      [Choose CSet: 0.0 ms]
      [Ref Proc: 0.1 ms]
      [Ref Enq: 0.0 ms]
      [Free CSet: 0.0 ms]
   [Eden: 10.0M(60.0M)->0.0B(41.0M) Survivors: 7168.0K->9216.0K Heap: 645.1M(1015.0M)->650.9M(1017.0M)]
 [Times: user=0.86 sys=0.00, real=0.12 secs] 
2015-01-23T15:41:48.971+0300: 26.154: [GC concurrent-root-region-scan-start]
2015-01-23T15:41:48.982+0300: 26.164: [GC concurrent-root-region-scan-end, 0.0106916 secs]
2015-01-23T15:41:48.982+0300: 26.164: [GC concurrent-mark-start]
2015-01-23T15:41:49.137+0300: 26.318: [GC pause (young), 0.1511320 secs]
   [Parallel Time: 150.4 ms, GC Workers: 8]
      [GC Worker Start (ms): Min: 26318.5, Avg: 26342.1, Max: 26412.1, Diff: 93.6]
      [Ext Root Scanning (ms): Min: 0.0, Avg: 0.2, Max: 0.3, Diff: 0.3, Sum: 1.2]
      [SATB Filtering (ms): Min: 0.0, Avg: 0.0, Max: 0.0, Diff: 0.0, Sum: 0.0]
      [Update RS (ms): Min: 0.0, Avg: 4.4, Max: 8.9, Diff: 8.9, Sum: 35.1]
         [Processed Buffers: Min: 0, Avg: 3.5, Max: 8, Diff: 8, Sum: 28]
      [Scan RS (ms): Min: 0.0, Avg: 27.4, Max: 77.5, Diff: 77.5, Sum: 219.1]
      [Object Copy (ms): Min: 21.1, Avg: 73.2, Max: 109.6, Diff: 88.5, Sum: 585.9]
      [Termination (ms): Min: 0.0, Avg: 21.6, Max: 35.7, Diff: 35.7, Sum: 172.9]
      [GC Worker Other (ms): Min: 0.0, Avg: 0.0, Max: 0.0, Diff: 0.0, Sum: 0.1]
      [GC Worker Total (ms): Min: 56.8, Avg: 126.8, Max: 150.4, Diff: 93.6, Sum: 1014.3]
      [GC Worker End (ms): Min: 26468.9, Avg: 26468.9, Max: 26468.9, Diff: 0.0]
   [Code Root Fixup: 0.0 ms]
   [Clear CT: 0.0 ms]
   [Other: 0.7 ms]
      [Choose CSet: 0.0 ms]
      [Ref Proc: 0.1 ms]
      [Ref Enq: 0.0 ms]
      [Free CSet: 0.1 ms]
   [Eden: 41.0M(41.0M)->0.0B(43.0M) Survivors: 9216.0K->7168.0K Heap: 741.4M(1017.0M)->743.4M(1019.0M)]
 [Times: user=0.80 sys=0.00, real=0.15 secs] 
2015-01-23T15:41:49.353+0300: 26.534: [GC concurrent-mark-end, 0.3696247 secs]
2015-01-23T15:41:49.390+0300: 26.571: [GC remark 2015-01-23T15:41:49.390+0300: 26.571: [GC ref-proc, 0.0000387 secs], 0.0008374 secs]
 [Times: user=0.00 sys=0.00, real=0.00 secs] 
2015-01-23T15:41:49.390+0300: 26.572: [GC cleanup 767M->172M(1019M), 0.0008607 secs]
 [Times: user=0.00 sys=0.00, real=0.00 secs] 
2015-01-23T15:41:49.391+0300: 26.573: [GC concurrent-cleanup-start]
2015-01-23T15:41:49.392+0300: 26.573: [GC concurrent-cleanup-end, 0.0003671 secs]
2015-01-23T15:41:49.453+0300: 26.635: [GC pause (young), 0.0971608 secs]
   [Parallel Time: 95.3 ms, GC Workers: 8]
      [GC Worker Start (ms): Min: 26634.7, Avg: 26634.8, Max: 26634.8, Diff: 0.0]
      [Ext Root Scanning (ms): Min: 0.2, Avg: 0.3, Max: 0.3, Diff: 0.1, Sum: 2.1]
      [Update RS (ms): Min: 3.4, Avg: 4.6, Max: 5.1, Diff: 1.7, Sum: 36.5]
         [Processed Buffers: Min: 2, Avg: 2.3, Max: 3, Diff: 1, Sum: 18]
      [Scan RS (ms): Min: 21.2, Avg: 21.6, Max: 22.8, Diff: 1.6, Sum: 173.0]
      [Object Copy (ms): Min: 68.6, Avg: 68.7, Max: 68.8, Diff: 0.1, Sum: 549.8]
      [Termination (ms): Min: 0.0, Avg: 0.0, Max: 0.0, Diff: 0.0, Sum: 0.0]
      [GC Worker Other (ms): Min: 0.0, Avg: 0.0, Max: 0.0, Diff: 0.0, Sum: 0.1]
      [GC Worker Total (ms): Min: 95.2, Avg: 95.2, Max: 95.2, Diff: 0.0, Sum: 761.5]
      [GC Worker End (ms): Min: 26729.9, Avg: 26730.0, Max: 26730.0, Diff: 0.0]
   [Code Root Fixup: 0.0 ms]
   [Clear CT: 0.1 ms]
   [Other: 1.8 ms]
      [Choose CSet: 0.0 ms]
      [Ref Proc: 0.9 ms]
      [Ref Enq: 0.0 ms]
      [Free CSet: 0.1 ms]
   [Eden: 43.0M(43.0M)->0.0B(54.0M) Survivors: 7168.0K->7168.0K Heap: 226.7M(1019.0M)->230.7M(1020.0M)]
 [Times: user=0.72 sys=0.03, real=0.10 secs] 
2015-01-23T15:41:49.798+0300: 26.979: [GC pause (young), 0.1811095 secs]
   [Parallel Time: 180.3 ms, GC Workers: 8]
      [GC Worker Start (ms): Min: 26979.0, Avg: 26984.3, Max: 27010.9, Diff: 31.8]
      [Ext Root Scanning (ms): Min: 0.0, Avg: 0.2, Max: 0.4, Diff: 0.3, Sum: 1.9]
      [Update RS (ms): Min: 0.0, Avg: 5.5, Max: 8.2, Diff: 8.2, Sum: 43.9]
         [Processed Buffers: Min: 0, Avg: 2.6, Max: 5, Diff: 5, Sum: 21]
      [Scan RS (ms): Min: 11.2, Avg: 33.3, Max: 45.6, Diff: 34.4, Sum: 266.2]
      [Object Copy (ms): Min: 100.3, Avg: 106.7, Max: 127.2, Diff: 27.0, Sum: 854.0]
      [Termination (ms): Min: 0.0, Avg: 29.2, Max: 36.9, Diff: 36.9, Sum: 233.7]
      [GC Worker Other (ms): Min: 0.0, Avg: 0.0, Max: 0.0, Diff: 0.0, Sum: 0.1]
      [GC Worker Total (ms): Min: 148.4, Avg: 175.0, Max: 180.3, Diff: 31.8, Sum: 1399.7]
      [GC Worker End (ms): Min: 27159.3, Avg: 27159.3, Max: 27159.3, Diff: 0.0]
   [Code Root Fixup: 0.0 ms]
   [Clear CT: 0.1 ms]
   [Other: 0.8 ms]
      [Choose CSet: 0.0 ms]
      [Ref Proc: 0.1 ms]
      [Ref Enq: 0.0 ms]
      [Free CSet: 0.1 ms]
   [Eden: 54.0M(54.0M)->0.0B(50.0M) Survivors: 7168.0K->8192.0K Heap: 345.6M(1020.0M)->347.6M(1021.0M)]
 [Times: user=1.12 sys=0.00, real=0.18 secs] 
2015-01-23T15:41:50.169+0300: 27.350: [GC pause (young), 0.1753548 secs]
   [Parallel Time: 171.0 ms, GC Workers: 8]
      [GC Worker Start (ms): Min: 27350.4, Avg: 27362.3, Max: 27382.9, Diff: 32.5]
      [Ext Root Scanning (ms): Min: 0.0, Avg: 0.2, Max: 0.4, Diff: 0.4, Sum: 1.8]
      [Update RS (ms): Min: 0.0, Avg: 6.0, Max: 10.4, Diff: 10.4, Sum: 47.9]
         [Processed Buffers: Min: 0, Avg: 2.9, Max: 6, Diff: 6, Sum: 23]
      [Scan RS (ms): Min: 15.3, Avg: 34.4, Max: 59.2, Diff: 43.9, Sum: 275.3]
      [Object Copy (ms): Min: 100.9, Avg: 108.0, Max: 114.2, Diff: 13.3, Sum: 863.7]
      [Termination (ms): Min: 0.0, Avg: 10.4, Max: 14.6, Diff: 14.6, Sum: 83.1]
      [GC Worker Other (ms): Min: 0.0, Avg: 0.0, Max: 0.0, Diff: 0.0, Sum: 0.1]
      [GC Worker Total (ms): Min: 138.4, Avg: 159.0, Max: 171.0, Diff: 32.6, Sum: 1271.9]
      [GC Worker End (ms): Min: 27521.3, Avg: 27521.3, Max: 27521.4, Diff: 0.1]
   [Code Root Fixup: 0.0 ms]
   [Clear CT: 0.1 ms]
   [Other: 4.3 ms]
      [Choose CSet: 0.0 ms]
      [Ref Proc: 3.6 ms]
      [Ref Enq: 0.0 ms]
      [Free CSet: 0.1 ms]
   [Eden: 50.0M(50.0M)->0.0B(46.0M) Survivors: 8192.0K->8192.0K Heap: 435.3M(1021.0M)->440.3M(1022.0M)]
 [Times: user=0.90 sys=0.06, real=0.18 secs] 
2015-01-23T15:41:50.439+0300: 27.620: [GC pause (young) (initial-mark), 0.0297750 secs]
   [Parallel Time: 29.1 ms, GC Workers: 8]
      [GC Worker Start (ms): Min: 27620.4, Avg: 27620.4, Max: 27620.4, Diff: 0.0]
      [Ext Root Scanning (ms): Min: 0.2, Avg: 0.3, Max: 0.3, Diff: 0.1, Sum: 2.0]
      [Update RS (ms): Min: 1.8, Avg: 2.5, Max: 4.0, Diff: 2.2, Sum: 19.6]
         [Processed Buffers: Min: 3, Avg: 3.8, Max: 5, Diff: 2, Sum: 30]
      [Scan RS (ms): Min: 4.9, Avg: 6.4, Max: 7.1, Diff: 2.1, Sum: 51.5]
      [Object Copy (ms): Min: 19.8, Avg: 19.9, Max: 20.0, Diff: 0.2, Sum: 158.9]
      [Termination (ms): Min: 0.0, Avg: 0.1, Max: 0.1, Diff: 0.1, Sum: 0.5]
      [GC Worker Other (ms): Min: 0.0, Avg: 0.0, Max: 0.0, Diff: 0.0, Sum: 0.1]
      [GC Worker Total (ms): Min: 29.1, Avg: 29.1, Max: 29.1, Diff: 0.0, Sum: 232.6]
      [GC Worker End (ms): Min: 27649.5, Avg: 27649.5, Max: 27649.5, Diff: 0.0]
   [Code Root Fixup: 0.0 ms]
   [Clear CT: 0.0 ms]
   [Other: 0.6 ms]
      [Choose CSet: 0.0 ms]
      [Ref Proc: 0.2 ms]
      [Ref Enq: 0.0 ms]
      [Free CSet: 0.0 ms]
   [Eden: 1024.0K(46.0M)->0.0B(68.0M) Survivors: 8192.0K->4096.0K Heap: 441.2M(1022.0M)->446.3M(1023.0M)]
 [Times: user=0.13 sys=0.00, real=0.03 secs] 
2015-01-23T15:41:50.469+0300: 27.650: [GC concurrent-root-region-scan-start]
2015-01-23T15:41:50.470+0300: 27.651: [GC concurrent-root-region-scan-end, 0.0006946 secs]
2015-01-23T15:41:50.470+0300: 27.651: [GC concurrent-mark-start]
2015-01-23T15:41:50.834+0300: 28.016: [GC pause (young), 0.1594562 secs]
   [Parallel Time: 158.7 ms, GC Workers: 8]
      [GC Worker Start (ms): Min: 28015.6, Avg: 28030.4, Max: 28068.9, Diff: 53.3]
      [Ext Root Scanning (ms): Min: 0.0, Avg: 0.2, Max: 0.3, Diff: 0.3, Sum: 1.2]
      [SATB Filtering (ms): Min: 0.0, Avg: 0.0, Max: 0.0, Diff: 0.0, Sum: 0.0]
      [Update RS (ms): Min: 0.0, Avg: 4.1, Max: 9.0, Diff: 9.0, Sum: 33.1]
         [Processed Buffers: Min: 0, Avg: 2.9, Max: 6, Diff: 6, Sum: 23]
      [Scan RS (ms): Min: 0.0, Avg: 17.0, Max: 25.7, Diff: 25.7, Sum: 135.8]
      [Object Copy (ms): Min: 53.2, Avg: 88.3, Max: 125.1, Diff: 71.8, Sum: 706.1]
      [Termination (ms): Min: 0.0, Avg: 34.3, Max: 52.1, Diff: 52.1, Sum: 274.4]
      [GC Worker Other (ms): Min: 0.0, Avg: 0.0, Max: 0.0, Diff: 0.0, Sum: 0.1]
      [GC Worker Total (ms): Min: 105.4, Avg: 143.8, Max: 158.7, Diff: 53.3, Sum: 1150.7]
      [GC Worker End (ms): Min: 28174.2, Avg: 28174.3, Max: 28174.3, Diff: 0.0]
   [Code Root Fixup: 0.0 ms]
   [Clear CT: 0.0 ms]
   [Other: 0.7 ms]
      [Choose CSet: 0.0 ms]
      [Ref Proc: 0.1 ms]
      [Ref Enq: 0.0 ms]
      [Free CSet: 0.1 ms]
   [Eden: 68.0M(68.0M)->0.0B(72.0M) Survivors: 4096.0K->9216.0K Heap: 572.9M(1023.0M)->571.9M(1024.0M)]
 [Times: user=1.06 sys=0.02, real=0.16 secs] 
2015-01-23T15:41:51.186+0300: 28.368: [GC pause (young), 0.2950152 secs]
   [Parallel Time: 294.0 ms, GC Workers: 8]
      [GC Worker Start (ms): Min: 28367.8, Avg: 28368.2, Max: 28370.7, Diff: 2.9]
      [Ext Root Scanning (ms): Min: 0.0, Avg: 0.2, Max: 0.3, Diff: 0.3, Sum: 1.9]
      [SATB Filtering (ms): Min: 0.0, Avg: 0.0, Max: 0.0, Diff: 0.0, Sum: 0.0]
      [Update RS (ms): Min: 100.0, Avg: 102.1, Max: 102.9, Diff: 2.9, Sum: 816.5]
         [Processed Buffers: Min: 37, Avg: 39.0, Max: 40, Diff: 3, Sum: 312]
      [Scan RS (ms): Min: 17.8, Avg: 18.3, Max: 19.2, Diff: 1.4, Sum: 146.3]
      [Object Copy (ms): Min: 172.7, Avg: 172.9, Max: 173.0, Diff: 0.3, Sum: 1383.0]
      [Termination (ms): Min: 0.0, Avg: 0.0, Max: 0.1, Diff: 0.1, Sum: 0.4]
      [GC Worker Other (ms): Min: 0.0, Avg: 0.0, Max: 0.0, Diff: 0.0, Sum: 0.2]
      [GC Worker Total (ms): Min: 291.0, Avg: 293.5, Max: 293.9, Diff: 2.9, Sum: 2348.4]
      [GC Worker End (ms): Min: 28661.8, Avg: 28661.8, Max: 28661.8, Diff: 0.0]
   [Code Root Fixup: 0.0 ms]
   [Clear CT: 0.1 ms]
   [Other: 1.0 ms]
      [Choose CSet: 0.0 ms]
      [Ref Proc: 0.1 ms]
      [Ref Enq: 0.0 ms]
      [Free CSet: 0.1 ms]
   [Eden: 72.0M(72.0M)->0.0B(43.0M) Survivors: 9216.0K->11.0M Heap: 742.5M(1024.0M)->744.5M(1024.0M)]
 [Times: user=2.18 sys=0.12, real=0.30 secs] 
2015-01-23T15:41:51.539+0300: 28.721: [GC concurrent-mark-end, 1.0695732 secs]
2015-01-23T15:41:51.564+0300: 28.745: [GC pause (young), 0.2366925 secs]
   [Parallel Time: 235.7 ms, GC Workers: 8]
      [GC Worker Start (ms): Min: 28745.2, Avg: 28745.2, Max: 28745.2, Diff: 0.0]
      [Ext Root Scanning (ms): Min: 0.2, Avg: 0.3, Max: 0.3, Diff: 0.1, Sum: 2.0]
      [SATB Filtering (ms): Min: 0.0, Avg: 0.0, Max: 0.0, Diff: 0.0, Sum: 0.0]
      [Update RS (ms): Min: 151.5, Avg: 152.1, Max: 152.7, Diff: 1.2, Sum: 1216.7]
         [Processed Buffers: Min: 84, Avg: 90.3, Max: 96, Diff: 12, Sum: 722]
      [Scan RS (ms): Min: 4.0, Avg: 4.7, Max: 5.3, Diff: 1.3, Sum: 37.7]
      [Object Copy (ms): Min: 78.4, Avg: 78.5, Max: 78.6, Diff: 0.2, Sum: 628.4]
      [Termination (ms): Min: 0.0, Avg: 0.0, Max: 0.0, Diff: 0.0, Sum: 0.2]
      [GC Worker Other (ms): Min: 0.0, Avg: 0.0, Max: 0.0, Diff: 0.0, Sum: 0.1]
      [GC Worker Total (ms): Min: 235.6, Avg: 235.6, Max: 235.7, Diff: 0.0, Sum: 1885.1]
      [GC Worker End (ms): Min: 28980.8, Avg: 28980.8, Max: 28980.8, Diff: 0.0]
   [Code Root Fixup: 0.0 ms]
   [Clear CT: 0.2 ms]
   [Other: 0.9 ms]
      [Choose CSet: 0.0 ms]
      [Ref Proc: 0.1 ms]
      [Ref Enq: 0.0 ms]
      [Free CSet: 0.1 ms]
   [Eden: 43.0M(43.0M)->0.0B(44.0M) Survivors: 11.0M->7168.0K Heap: 811.0M(1024.0M)->816.5M(1024.0M)]
 [Times: user=1.86 sys=0.00, real=0.24 secs] 
2015-01-23T15:41:51.801+0300: 28.982: [GC remark 2015-01-23T15:41:51.801+0300: 28.982: [GC ref-proc, 0.0000564 secs], 0.0010426 secs]
 [Times: user=0.00 sys=0.00, real=0.00 secs] 
2015-01-23T15:41:51.802+0300: 28.984: [GC cleanup 816M->480M(1024M), 0.0009493 secs]
 [Times: user=0.00 sys=0.00, real=0.00 secs] 
2015-01-23T15:41:51.803+0300: 28.985: [GC concurrent-cleanup-start]
2015-01-23T15:41:51.803+0300: 28.985: [GC concurrent-cleanup-end, 0.0003284 secs]
2015-01-23T15:41:51.944+0300: 29.125: [GC pause (young), 0.1162727 secs]
   [Parallel Time: 115.5 ms, GC Workers: 8]
      [GC Worker Start (ms): Min: 29125.5, Avg: 29127.0, Max: 29137.1, Diff: 11.6]
      [Ext Root Scanning (ms): Min: 0.0, Avg: 0.2, Max: 0.3, Diff: 0.3, Sum: 1.9]
      [Update RS (ms): Min: 0.0, Avg: 4.3, Max: 6.3, Diff: 6.3, Sum: 34.3]
         [Processed Buffers: Min: 0, Avg: 2.3, Max: 4, Diff: 4, Sum: 18]
      [Scan RS (ms): Min: 7.2, Avg: 15.1, Max: 31.6, Diff: 24.5, Sum: 120.4]
      [Object Copy (ms): Min: 63.9, Avg: 65.9, Max: 78.9, Diff: 15.0, Sum: 527.0]
      [Termination (ms): Min: 0.0, Avg: 28.5, Max: 32.6, Diff: 32.6, Sum: 227.9]
      [GC Worker Other (ms): Min: 0.0, Avg: 0.0, Max: 0.0, Diff: 0.0, Sum: 0.1]
      [GC Worker Total (ms): Min: 103.8, Avg: 113.9, Max: 115.4, Diff: 11.6, Sum: 911.6]
      [GC Worker End (ms): Min: 29240.9, Avg: 29240.9, Max: 29240.9, Diff: 0.0]
   [Code Root Fixup: 0.0 ms]
   [Clear CT: 0.1 ms]
   [Other: 0.7 ms]
      [Choose CSet: 0.0 ms]
      [Ref Proc: 0.1 ms]
      [Ref Enq: 0.0 ms]
      [Free CSet: 0.1 ms]
   [Eden: 44.0M(44.0M)->0.0B(44.0M) Survivors: 7168.0K->7168.0K Heap: 559.1M(1024.0M)->562.1M(1024.0M)]
 [Times: user=0.78 sys=0.00, real=0.12 secs] 
2015-01-23T15:41:52.093+0300: 29.274: [GC pause (young) (initial-mark), 0.0414281 secs]
   [Parallel Time: 40.9 ms, GC Workers: 8]
      [GC Worker Start (ms): Min: 29274.1, Avg: 29274.2, Max: 29274.4, Diff: 0.3]
      [Ext Root Scanning (ms): Min: 0.0, Avg: 0.2, Max: 0.3, Diff: 0.3, Sum: 1.8]
      [Update RS (ms): Min: 21.0, Avg: 21.7, Max: 22.7, Diff: 1.7, Sum: 173.8]
         [Processed Buffers: Min: 27, Avg: 28.1, Max: 29, Diff: 2, Sum: 225]
      [Scan RS (ms): Min: 1.0, Avg: 2.0, Max: 2.7, Diff: 1.7, Sum: 16.0]
      [Object Copy (ms): Min: 16.7, Avg: 16.8, Max: 16.9, Diff: 0.2, Sum: 134.2]
      [Termination (ms): Min: 0.0, Avg: 0.0, Max: 0.0, Diff: 0.0, Sum: 0.0]
      [GC Worker Other (ms): Min: 0.0, Avg: 0.0, Max: 0.0, Diff: 0.0, Sum: 0.1]
      [GC Worker Total (ms): Min: 40.5, Avg: 40.7, Max: 40.8, Diff: 0.3, Sum: 325.9]
      [GC Worker End (ms): Min: 29314.9, Avg: 29314.9, Max: 29314.9, Diff: 0.0]
   [Code Root Fixup: 0.0 ms]
   [Clear CT: 0.1 ms]
   [Other: 0.5 ms]
      [Choose CSet: 0.0 ms]
      [Ref Proc: 0.3 ms]
      [Ref Enq: 0.0 ms]
      [Free CSet: 0.0 ms]
   [Eden: 6144.0K(44.0M)->0.0B(56.0M) Survivors: 7168.0K->7168.0K Heap: 567.4M(1024.0M)->570.6M(1024.0M)]
 [Times: user=0.25 sys=0.00, real=0.04 secs] 
2015-01-23T15:41:52.134+0300: 29.316: [GC concurrent-root-region-scan-start]
2015-01-23T15:41:52.138+0300: 29.320: [GC concurrent-root-region-scan-end, 0.0040842 secs]
2015-01-23T15:41:52.138+0300: 29.320: [GC concurrent-mark-start]
2015-01-23T15:41:52.739+0300: 29.920: [GC pause (young), 0.1924202 secs]
   [Parallel Time: 191.6 ms, GC Workers: 8]
      [GC Worker Start (ms): Min: 29920.4, Avg: 29928.6, Max: 29942.3, Diff: 21.9]
      [Ext Root Scanning (ms): Min: 0.0, Avg: 0.2, Max: 0.3, Diff: 0.3, Sum: 1.5]
      [SATB Filtering (ms): Min: 0.0, Avg: 0.0, Max: 0.0, Diff: 0.0, Sum: 0.0]
      [Update RS (ms): Min: 1.5, Avg: 14.8, Max: 23.0, Diff: 21.4, Sum: 118.7]
         [Processed Buffers: Min: 1, Avg: 8.1, Max: 14, Diff: 13, Sum: 65]
      [Scan RS (ms): Min: 38.9, Avg: 39.9, Max: 41.5, Diff: 2.7, Sum: 319.5]
      [Object Copy (ms): Min: 114.0, Avg: 117.1, Max: 128.4, Diff: 14.4, Sum: 936.6]
      [Termination (ms): Min: 0.0, Avg: 11.1, Max: 12.9, Diff: 12.9, Sum: 89.0]
      [GC Worker Other (ms): Min: 0.0, Avg: 0.0, Max: 0.0, Diff: 0.0, Sum: 0.1]
      [GC Worker Total (ms): Min: 169.6, Avg: 183.2, Max: 191.3, Diff: 21.7, Sum: 1465.4]
      [GC Worker End (ms): Min: 30111.7, Avg: 30111.8, Max: 30111.9, Diff: 0.2]
   [Code Root Fixup: 0.0 ms]
   [Clear CT: 0.0 ms]
   [Other: 0.8 ms]
      [Choose CSet: 0.0 ms]
      [Ref Proc: 0.1 ms]
      [Ref Enq: 0.0 ms]
      [Free CSet: 0.1 ms]
   [Eden: 56.0M(56.0M)->0.0B(43.0M) Survivors: 7168.0K->8192.0K Heap: 725.1M(1024.0M)->724.6M(1024.0M)]
 [Times: user=1.36 sys=0.02, real=0.19 secs] 
2015-01-23T15:41:53.013+0300: 30.194: [GC pause (young), 0.2257415 secs]
   [Parallel Time: 224.9 ms, GC Workers: 8]
      [GC Worker Start (ms): Min: 30194.0, Avg: 30194.1, Max: 30194.9, Diff: 0.9]
      [Ext Root Scanning (ms): Min: 0.0, Avg: 0.2, Max: 0.3, Diff: 0.3, Sum: 1.9]
      [SATB Filtering (ms): Min: 0.0, Avg: 0.0, Max: 0.0, Diff: 0.0, Sum: 0.0]
      [Update RS (ms): Min: 119.0, Avg: 119.5, Max: 119.9, Diff: 0.9, Sum: 955.9]
         [Processed Buffers: Min: 70, Avg: 75.0, Max: 80, Diff: 10, Sum: 600]
      [Scan RS (ms): Min: 9.9, Avg: 10.2, Max: 10.5, Diff: 0.6, Sum: 81.2]
      [Object Copy (ms): Min: 94.6, Avg: 94.7, Max: 94.9, Diff: 0.2, Sum: 757.9]
      [Termination (ms): Min: 0.0, Avg: 0.1, Max: 0.1, Diff: 0.1, Sum: 0.7]
      [GC Worker Other (ms): Min: 0.0, Avg: 0.0, Max: 0.0, Diff: 0.0, Sum: 0.1]
      [GC Worker Total (ms): Min: 224.0, Avg: 224.7, Max: 224.9, Diff: 0.9, Sum: 1797.8]
      [GC Worker End (ms): Min: 30418.8, Avg: 30418.8, Max: 30418.8, Diff: 0.0]
   [Code Root Fixup: 0.0 ms]
   [Clear CT: 0.1 ms]
   [Other: 0.8 ms]
      [Choose CSet: 0.0 ms]
      [Ref Proc: 0.1 ms]
      [Ref Enq: 0.0 ms]
      [Free CSet: 0.1 ms]
   [Eden: 43.0M(43.0M)->0.0B(44.0M) Survivors: 8192.0K->7168.0K Heap: 791.1M(1024.0M)->796.6M(1024.0M)]
 [Times: user=1.70 sys=0.03, real=0.22 secs] 
2015-01-23T15:41:53.332+0300: 30.513: [GC pause (young), 0.0260720 secs]
   [Parallel Time: 25.7 ms, GC Workers: 8]
      [GC Worker Start (ms): Min: 30513.2, Avg: 30513.2, Max: 30513.2, Diff: 0.0]
      [Ext Root Scanning (ms): Min: 0.2, Avg: 0.3, Max: 0.3, Diff: 0.0, Sum: 2.0]
      [SATB Filtering (ms): Min: 0.0, Avg: 0.0, Max: 0.0, Diff: 0.0, Sum: 0.0]
      [Update RS (ms): Min: 2.3, Avg: 3.8, Max: 4.9, Diff: 2.5, Sum: 30.2]
         [Processed Buffers: Min: 1, Avg: 1.9, Max: 2, Diff: 1, Sum: 15]
      [Scan RS (ms): Min: 0.9, Avg: 2.0, Max: 3.5, Diff: 2.5, Sum: 16.0]
      [Object Copy (ms): Min: 19.5, Avg: 19.6, Max: 19.7, Diff: 0.2, Sum: 156.9]
      [Termination (ms): Min: 0.0, Avg: 0.0, Max: 0.0, Diff: 0.0, Sum: 0.1]
      [GC Worker Other (ms): Min: 0.0, Avg: 0.0, Max: 0.0, Diff: 0.0, Sum: 0.1]
      [GC Worker Total (ms): Min: 25.6, Avg: 25.7, Max: 25.7, Diff: 0.0, Sum: 205.3]
      [GC Worker End (ms): Min: 30538.9, Avg: 30538.9, Max: 30538.9, Diff: 0.0]
   [Code Root Fixup: 0.0 ms]
   [Clear CT: 0.0 ms]
   [Other: 0.3 ms]
      [Choose CSet: 0.0 ms]
      [Ref Proc: 0.1 ms]
      [Ref Enq: 0.0 ms]
      [Free CSet: 0.0 ms]
   [Eden: 9216.0K(44.0M)->0.0B(44.0M) Survivors: 7168.0K->7168.0K Heap: 804.9M(1024.0M)->808.1M(1024.0M)]
 [Times: user=0.25 sys=0.00, real=0.03 secs] 
2015-01-23T15:41:53.358+0300: 30.540: [Full GC 808M->117M(393M), 0.5455449 secs]
   [Eden: 0.0B(44.0M)->0.0B(51.0M) Survivors: 7168.0K->0.0B Heap: 808.1M(1024.0M)->117.6M(393.0M)]
 [Times: user=0.61 sys=0.03, real=0.55 secs] 
2015-01-23T15:41:53.904+0300: 31.085: [GC concurrent-mark-abort]
2015-01-23T15:41:54.001+0300: 31.183: [GC pause (young) (initial-mark), 0.0686948 secs]
   [Parallel Time: 67.9 ms, GC Workers: 8]
      [GC Worker Start (ms): Min: 31182.8, Avg: 31182.8, Max: 31182.8, Diff: 0.0]
      [Ext Root Scanning (ms): Min: 0.3, Avg: 0.3, Max: 0.4, Diff: 0.1, Sum: 2.7]
      [Update RS (ms): Min: 3.1, Avg: 4.4, Max: 4.7, Diff: 1.6, Sum: 35.0]
         [Processed Buffers: Min: 2, Avg: 2.0, Max: 2, Diff: 0, Sum: 16]
      [Scan RS (ms): Min: 9.2, Avg: 9.6, Max: 10.8, Diff: 1.7, Sum: 76.8]
      [Object Copy (ms): Min: 53.4, Avg: 53.5, Max: 53.6, Diff: 0.2, Sum: 428.0]
      [Termination (ms): Min: 0.0, Avg: 0.1, Max: 0.1, Diff: 0.1, Sum: 0.4]
      [GC Worker Other (ms): Min: 0.0, Avg: 0.0, Max: 0.0, Diff: 0.0, Sum: 0.1]
      [GC Worker Total (ms): Min: 67.9, Avg: 67.9, Max: 67.9, Diff: 0.0, Sum: 543.0]
      [GC Worker End (ms): Min: 31250.7, Avg: 31250.7, Max: 31250.7, Diff: 0.0]
   [Code Root Fixup: 0.0 ms]
   [Clear CT: 0.1 ms]
   [Other: 0.7 ms]
      [Choose CSet: 0.0 ms]
      [Ref Proc: 0.1 ms]
      [Ref Enq: 0.0 ms]
      [Free CSet: 0.0 ms]
   [Eden: 48.0M(51.0M)->0.0B(62.0M) Survivors: 0.0B->7168.0K Heap: 199.8M(393.0M)->201.8M(520.0M)]
 [Times: user=0.47 sys=0.03, real=0.07 secs] 
2015-01-23T15:41:54.070+0300: 31.252: [GC concurrent-root-region-scan-start]
2015-01-23T15:41:54.075+0300: 31.256: [GC concurrent-root-region-scan-end, 0.0047195 secs]
2015-01-23T15:41:54.075+0300: 31.256: [GC concurrent-mark-start]
2015-01-23T15:41:54.616+0300: 31.797: [GC pause (young), 0.2623614 secs]
   [Parallel Time: 261.4 ms, GC Workers: 8]
      [GC Worker Start (ms): Min: 31797.2, Avg: 31817.7, Max: 31847.1, Diff: 49.8]
      [Ext Root Scanning (ms): Min: 0.0, Avg: 0.2, Max: 0.3, Diff: 0.3, Sum: 1.2]
      [SATB Filtering (ms): Min: 0.0, Avg: 0.0, Max: 0.0, Diff: 0.0, Sum: 0.0]
      [Update RS (ms): Min: 27.3, Avg: 57.8, Max: 84.9, Diff: 57.6, Sum: 462.4]
         [Processed Buffers: Min: 11, Avg: 26.3, Max: 49, Diff: 38, Sum: 210]
      [Scan RS (ms): Min: 22.1, Avg: 24.1, Max: 30.8, Diff: 8.7, Sum: 193.1]
      [Object Copy (ms): Min: 116.7, Avg: 138.3, Max: 161.3, Diff: 44.7, Sum: 1106.3]
      [Termination (ms): Min: 0.0, Avg: 20.4, Max: 28.7, Diff: 28.7, Sum: 163.5]
      [GC Worker Other (ms): Min: 0.0, Avg: 0.0, Max: 0.0, Diff: 0.0, Sum: 0.1]
      [GC Worker Total (ms): Min: 211.5, Avg: 240.8, Max: 261.4, Diff: 49.9, Sum: 1926.6]
      [GC Worker End (ms): Min: 32058.6, Avg: 32058.6, Max: 32058.6, Diff: 0.0]
   [Code Root Fixup: 0.0 ms]
   [Clear CT: 0.0 ms]
   [Other: 0.9 ms]
      [Choose CSet: 0.0 ms]
      [Ref Proc: 0.1 ms]
      [Ref Enq: 0.0 ms]
      [Free CSet: 0.1 ms]
   [Eden: 58.0M(58.0M)->0.0B(40.0M) Survivors: 7168.0K->9216.0K Heap: 358.4M(520.0M)->359.9M(621.0M)]
 [Times: user=1.70 sys=0.06, real=0.26 secs] 
2015-01-23T15:41:54.965+0300: 32.146: [GC pause (young), 0.2396240 secs]
   [Parallel Time: 238.9 ms, GC Workers: 8]
      [GC Worker Start (ms): Min: 32146.1, Avg: 32146.5, Max: 32148.5, Diff: 2.4]
      [Ext Root Scanning (ms): Min: 0.0, Avg: 0.2, Max: 0.3, Diff: 0.3, Sum: 1.9]
      [SATB Filtering (ms): Min: 0.0, Avg: 0.0, Max: 0.0, Diff: 0.0, Sum: 0.0]
      [Update RS (ms): Min: 122.9, Avg: 124.7, Max: 125.6, Diff: 2.7, Sum: 997.9]
         [Processed Buffers: Min: 62, Avg: 67.9, Max: 72, Diff: 10, Sum: 543]
      [Scan RS (ms): Min: 8.3, Avg: 9.0, Max: 9.3, Diff: 1.1, Sum: 71.6]
      [Object Copy (ms): Min: 93.0, Avg: 94.6, Max: 103.9, Diff: 10.9, Sum: 756.6]
      [Termination (ms): Min: 0.0, Avg: 9.6, Max: 11.4, Diff: 11.4, Sum: 77.1]
      [GC Worker Other (ms): Min: 0.0, Avg: 0.0, Max: 0.0, Diff: 0.0, Sum: 0.1]
      [GC Worker Total (ms): Min: 236.0, Avg: 238.2, Max: 238.8, Diff: 2.8, Sum: 1905.2]
      [GC Worker End (ms): Min: 32384.6, Avg: 32384.6, Max: 32385.0, Diff: 0.4]
   [Code Root Fixup: 0.0 ms]
   [Clear CT: 0.0 ms]
   [Other: 0.7 ms]
      [Choose CSet: 0.0 ms]
      [Ref Proc: 0.1 ms]
      [Ref Enq: 0.0 ms]
      [Free CSet: 0.0 ms]
   [Eden: 40.0M(40.0M)->0.0B(28.0M) Survivors: 9216.0K->7168.0K Heap: 423.4M(621.0M)->429.4M(702.0M)]
 [Times: user=1.83 sys=0.02, real=0.24 secs] 
