Java HotSpot(TM) 64-Bit Server VM (25.5-b02) for windows-amd64 JRE (1.8.0_05-b13), built on Mar 18 2014 01:08:39 by "java_re" with MS VC++ 10.0 (VS2010)
Memory: 4k page, physical 16656748k(11589984k free), swap 16654888k(10952556k free)
CommandLine flags: -XX:InitialHeapSize=266507968 -XX:MaxHeapSize=1073741824 -XX:+PrintGC -XX:+PrintGCDateStamps -XX:+PrintGCDetails -XX:+PrintGCTimeStamps -XX:+UseCompressedClassPointers -XX:+UseCompressedOops -XX:+UseG1GC -XX:-UseLargePagesIndividualAllocation 
2015-01-27T13:23:06.838+0300: 0.224: [GC pause (G1 Evacuation Pause) (young), 0.1426060 secs]
   [Parallel Time: 142.2 ms, GC Workers: 8]
      [GC Worker Start (ms): Min: 224.1, Avg: 224.2, Max: 224.3, Diff: 0.1]
      [Ext Root Scanning (ms): Min: 0.0, Avg: 2.3, Max: 8.8, Diff: 8.8, Sum: 18.7]
      [Update RS (ms): Min: 0.0, Avg: 8.1, Max: 23.0, Diff: 23.0, Sum: 65.1]
         [Processed Buffers: Min: 0, Avg: 1.4, Max: 2, Diff: 2, Sum: 11]
      [Scan RS (ms): Min: 26.9, Avg: 42.7, Max: 54.1, Diff: 27.2, Sum: 341.9]
      [Code Root Scanning (ms): Min: 0.0, Avg: 0.0, Max: 0.0, Diff: 0.0, Sum: 0.0]
      [Object Copy (ms): Min: 52.3, Avg: 65.2, Max: 84.4, Diff: 32.1, Sum: 521.4]
      [Termination (ms): Min: 0.0, Avg: 16.3, Max: 22.9, Diff: 22.9, Sum: 130.1]
      [GC Worker Other (ms): Min: 0.0, Avg: 0.8, Max: 6.1, Diff: 6.1, Sum: 6.5]
      [GC Worker Total (ms): Min: 134.5, Avg: 135.5, Max: 142.1, Diff: 7.6, Sum: 1083.7]
      [GC Worker End (ms): Min: 358.7, Avg: 359.7, Max: 366.3, Diff: 7.5]
   [Code Root Fixup: 0.0 ms]
   [Code Root Migration: 0.0 ms]
   [Clear CT: 0.0 ms]
   [Other: 0.3 ms]
      [Choose CSet: 0.0 ms]
      [Ref Proc: 0.1 ms]
      [Ref Enq: 0.0 ms]
      [Free CSet: 0.0 ms]
   [Eden: 24.0M(12.0M)->0.0B(10.0M) Survivors: 0.0B->2048.0K Heap: 43.6M(256.0M)->42.4M(256.0M)]
 [Times: user=0.61 sys=0.08, real=0.15 secs] 
2015-01-27T13:23:07.008+0300: 0.396: [GC pause (G1 Evacuation Pause) (young), 0.0641072 secs]
   [Parallel Time: 63.2 ms, GC Workers: 8]
      [GC Worker Start (ms): Min: 395.9, Avg: 395.9, Max: 396.2, Diff: 0.3]
      [Ext Root Scanning (ms): Min: 0.0, Avg: 0.1, Max: 0.3, Diff: 0.3, Sum: 1.0]
      [Update RS (ms): Min: 28.5, Avg: 29.8, Max: 30.9, Diff: 2.4, Sum: 238.1]
         [Processed Buffers: Min: 10, Avg: 12.4, Max: 14, Diff: 4, Sum: 99]
      [Scan RS (ms): Min: 2.9, Avg: 4.1, Max: 5.1, Diff: 2.2, Sum: 32.5]
      [Code Root Scanning (ms): Min: 0.0, Avg: 0.0, Max: 0.0, Diff: 0.0, Sum: 0.0]
      [Object Copy (ms): Min: 28.9, Avg: 29.0, Max: 29.3, Diff: 0.4, Sum: 232.3]
      [Termination (ms): Min: 0.0, Avg: 0.1, Max: 0.1, Diff: 0.1, Sum: 0.8]
      [GC Worker Other (ms): Min: 0.0, Avg: 0.0, Max: 0.0, Diff: 0.0, Sum: 0.1]
      [GC Worker Total (ms): Min: 62.9, Avg: 63.1, Max: 63.1, Diff: 0.3, Sum: 504.8]
      [GC Worker End (ms): Min: 459.0, Avg: 459.0, Max: 459.0, Diff: 0.0]
   [Code Root Fixup: 0.0 ms]
   [Code Root Migration: 0.0 ms]
   [Clear CT: 0.0 ms]
   [Other: 0.8 ms]
      [Choose CSet: 0.0 ms]
      [Ref Proc: 0.1 ms]
      [Ref Enq: 0.0 ms]
      [Free CSet: 0.0 ms]
   [Eden: 10.0M(10.0M)->0.0B(18.0M) Survivors: 2048.0K->2048.0K Heap: 62.8M(256.0M)->68.1M(410.0M)]
 [Times: user=0.61 sys=0.00, real=0.07 secs] 
2015-01-27T13:23:07.128+0300: 0.512: [GC pause (G1 Evacuation Pause) (young), 0.0463339 secs]
   [Parallel Time: 45.4 ms, GC Workers: 8]
      [GC Worker Start (ms): Min: 511.6, Avg: 511.6, Max: 511.6, Diff: 0.0]
      [Ext Root Scanning (ms): Min: 0.1, Avg: 0.1, Max: 0.1, Diff: 0.0, Sum: 0.9]
      [Update RS (ms): Min: 2.5, Avg: 3.3, Max: 5.0, Diff: 2.5, Sum: 26.0]
         [Processed Buffers: Min: 1, Avg: 1.5, Max: 2, Diff: 1, Sum: 12]
      [Scan RS (ms): Min: 8.4, Avg: 10.0, Max: 10.8, Diff: 2.4, Sum: 80.0]
      [Code Root Scanning (ms): Min: 0.0, Avg: 0.0, Max: 0.0, Diff: 0.0, Sum: 0.0]
      [Object Copy (ms): Min: 31.8, Avg: 32.0, Max: 32.1, Diff: 0.3, Sum: 255.8]
      [Termination (ms): Min: 0.0, Avg: 0.0, Max: 0.0, Diff: 0.0, Sum: 0.0]
      [GC Worker Other (ms): Min: 0.0, Avg: 0.0, Max: 0.0, Diff: 0.0, Sum: 0.1]
      [GC Worker Total (ms): Min: 45.4, Avg: 45.4, Max: 45.4, Diff: 0.0, Sum: 362.9]
      [GC Worker End (ms): Min: 557.0, Avg: 557.0, Max: 557.0, Diff: 0.0]
   [Code Root Fixup: 0.0 ms]
   [Code Root Migration: 0.0 ms]
   [Clear CT: 0.1 ms]
   [Other: 0.9 ms]
      [Choose CSet: 0.0 ms]
      [Ref Proc: 0.1 ms]
      [Ref Enq: 0.0 ms]
      [Free CSet: 0.1 ms]
   [Eden: 18.0M(18.0M)->0.0B(23.0M) Survivors: 2048.0K->3072.0K Heap: 101.7M(410.0M)->105.7M(533.0M)]
 [Times: user=0.37 sys=0.00, real=0.05 secs] 
2015-01-27T13:23:07.248+0300: 0.629: [GC pause (G1 Evacuation Pause) (young), 0.0647999 secs]
   [Parallel Time: 63.6 ms, GC Workers: 8]
      [GC Worker Start (ms): Min: 629.2, Avg: 629.2, Max: 629.3, Diff: 0.1]
      [Ext Root Scanning (ms): Min: 0.0, Avg: 0.1, Max: 0.1, Diff: 0.1, Sum: 0.8]
      [Update RS (ms): Min: 2.9, Avg: 4.7, Max: 7.1, Diff: 4.2, Sum: 37.4]
         [Processed Buffers: Min: 0, Avg: 1.8, Max: 3, Diff: 3, Sum: 14]
      [Scan RS (ms): Min: 13.0, Avg: 15.5, Max: 17.2, Diff: 4.2, Sum: 123.9]
      [Code Root Scanning (ms): Min: 0.0, Avg: 0.0, Max: 0.0, Diff: 0.0, Sum: 0.0]
      [Object Copy (ms): Min: 43.1, Avg: 43.2, Max: 43.4, Diff: 0.3, Sum: 345.8]
      [Termination (ms): Min: 0.0, Avg: 0.1, Max: 0.1, Diff: 0.1, Sum: 0.5]
      [GC Worker Other (ms): Min: 0.0, Avg: 0.0, Max: 0.0, Diff: 0.0, Sum: 0.2]
      [GC Worker Total (ms): Min: 63.4, Avg: 63.6, Max: 63.6, Diff: 0.1, Sum: 508.5]
      [GC Worker End (ms): Min: 692.8, Avg: 692.8, Max: 692.8, Diff: 0.0]
   [Code Root Fixup: 0.0 ms]
   [Code Root Migration: 0.0 ms]
   [Clear CT: 0.0 ms]
   [Other: 1.1 ms]
      [Choose CSet: 0.0 ms]
      [Ref Proc: 0.1 ms]
      [Ref Enq: 0.0 ms]
      [Free CSet: 0.0 ms]
   [Eden: 23.0M(23.0M)->0.0B(27.0M) Survivors: 3072.0K->4096.0K Heap: 152.2M(533.0M)->156.2M(632.0M)]
 [Times: user=0.39 sys=0.08, real=0.06 secs] 
2015-01-27T13:23:07.400+0300: 0.788: [GC pause (G1 Evacuation Pause) (young), 0.0841644 secs]
   [Parallel Time: 83.5 ms, GC Workers: 8]
      [GC Worker Start (ms): Min: 788.2, Avg: 788.3, Max: 788.4, Diff: 0.2]
      [Ext Root Scanning (ms): Min: 0.0, Avg: 0.1, Max: 0.2, Diff: 0.2, Sum: 0.7]
      [Update RS (ms): Min: 4.9, Avg: 5.4, Max: 7.6, Diff: 2.6, Sum: 43.2]
         [Processed Buffers: Min: 2, Avg: 2.8, Max: 3, Diff: 1, Sum: 22]
      [Scan RS (ms): Min: 22.2, Avg: 24.8, Max: 27.8, Diff: 5.6, Sum: 198.2]
      [Code Root Scanning (ms): Min: 0.0, Avg: 0.0, Max: 0.0, Diff: 0.0, Sum: 0.0]
      [Object Copy (ms): Min: 50.4, Avg: 53.0, Max: 53.5, Diff: 3.1, Sum: 424.0]
      [Termination (ms): Min: 0.0, Avg: 0.1, Max: 0.1, Diff: 0.1, Sum: 0.6]
      [GC Worker Other (ms): Min: 0.0, Avg: 0.0, Max: 0.0, Diff: 0.0, Sum: 0.1]
      [GC Worker Total (ms): Min: 83.2, Avg: 83.3, Max: 83.4, Diff: 0.2, Sum: 666.8]
      [GC Worker End (ms): Min: 871.6, Avg: 871.6, Max: 871.6, Diff: 0.0]
   [Code Root Fixup: 0.0 ms]
   [Code Root Migration: 0.0 ms]
   [Clear CT: 0.0 ms]
   [Other: 0.6 ms]
      [Choose CSet: 0.0 ms]
      [Ref Proc: 0.1 ms]
      [Ref Enq: 0.0 ms]
      [Free CSet: 0.0 ms]
   [Eden: 27.0M(27.0M)->0.0B(31.0M) Survivors: 4096.0K->4096.0K Heap: 218.4M(632.0M)->223.9M(711.0M)]
 [Times: user=0.55 sys=0.06, real=0.09 secs] 
2015-01-27T13:23:07.550+0300: 0.930: [GC pause (G1 Evacuation Pause) (young), 0.1089642 secs]
   [Parallel Time: 108.4 ms, GC Workers: 8]
      [GC Worker Start (ms): Min: 930.0, Avg: 932.3, Max: 939.3, Diff: 9.4]
      [Ext Root Scanning (ms): Min: 0.0, Avg: 0.1, Max: 0.1, Diff: 0.1, Sum: 0.7]
      [Update RS (ms): Min: 0.0, Avg: 3.8, Max: 5.8, Diff: 5.8, Sum: 30.4]
         [Processed Buffers: Min: 0, Avg: 2.0, Max: 4, Diff: 4, Sum: 16]
      [Scan RS (ms): Min: 1.8, Avg: 13.4, Max: 16.9, Diff: 15.2, Sum: 107.6]
      [Code Root Scanning (ms): Min: 0.0, Avg: 0.0, Max: 0.0, Diff: 0.0, Sum: 0.0]
      [Object Copy (ms): Min: 62.1, Avg: 66.2, Max: 82.8, Diff: 20.6, Sum: 529.7]
      [Termination (ms): Min: 0.0, Avg: 16.9, Max: 20.0, Diff: 20.0, Sum: 135.2]
      [GC Worker Other (ms): Min: 0.0, Avg: 1.2, Max: 9.4, Diff: 9.4, Sum: 9.5]
      [GC Worker Total (ms): Min: 94.0, Avg: 101.6, Max: 108.3, Diff: 14.2, Sum: 813.2]
      [GC Worker End (ms): Min: 1033.4, Avg: 1034.0, Max: 1038.3, Diff: 4.9]
   [Code Root Fixup: 0.0 ms]
   [Code Root Migration: 0.0 ms]
   [Clear CT: 0.1 ms]
   [Other: 0.5 ms]
      [Choose CSet: 0.0 ms]
      [Ref Proc: 0.1 ms]
      [Ref Enq: 0.0 ms]
      [Free CSet: 0.0 ms]
   [Eden: 31.0M(31.0M)->0.0B(33.0M) Survivors: 4096.0K->5120.0K Heap: 254.9M(711.0M)->259.9M(774.0M)]
 [Times: user=0.42 sys=0.06, real=0.11 secs] 
2015-01-27T13:23:07.834+0300: 1.219: [GC pause (G1 Evacuation Pause) (young), 0.1034314 secs]
   [Parallel Time: 102.5 ms, GC Workers: 8]
      [GC Worker Start (ms): Min: 1219.0, Avg: 1219.0, Max: 1219.1, Diff: 0.0]
      [Ext Root Scanning (ms): Min: 0.1, Avg: 0.1, Max: 0.1, Diff: 0.0, Sum: 0.8]
      [Update RS (ms): Min: 4.9, Avg: 6.6, Max: 8.7, Diff: 3.8, Sum: 52.6]
         [Processed Buffers: Min: 2, Avg: 2.9, Max: 3, Diff: 1, Sum: 23]
      [Scan RS (ms): Min: 23.6, Avg: 25.6, Max: 27.4, Diff: 3.8, Sum: 204.5]
      [Code Root Scanning (ms): Min: 0.0, Avg: 0.0, Max: 0.0, Diff: 0.0, Sum: 0.0]
      [Object Copy (ms): Min: 69.9, Avg: 70.1, Max: 70.5, Diff: 0.5, Sum: 560.9]
      [Termination (ms): Min: 0.0, Avg: 0.0, Max: 0.1, Diff: 0.1, Sum: 0.4]
      [GC Worker Other (ms): Min: 0.0, Avg: 0.0, Max: 0.0, Diff: 0.0, Sum: 0.2]
      [GC Worker Total (ms): Min: 102.4, Avg: 102.4, Max: 102.4, Diff: 0.0, Sum: 819.5]
      [GC Worker End (ms): Min: 1321.5, Avg: 1321.5, Max: 1321.5, Diff: 0.0]
   [Code Root Fixup: 0.0 ms]
   [Code Root Migration: 0.0 ms]
   [Clear CT: 0.1 ms]
   [Other: 0.8 ms]
      [Choose CSet: 0.0 ms]
      [Ref Proc: 0.3 ms]
      [Ref Enq: 0.0 ms]
      [Free CSet: 0.1 ms]
   [Eden: 33.0M(33.0M)->0.0B(36.0M) Survivors: 5120.0K->5120.0K Heap: 353.8M(774.0M)->357.8M(824.0M)]
 [Times: user=0.86 sys=0.00, real=0.11 secs] 
2015-01-27T13:23:07.978+0300: 1.357: [GC pause (G1 Humongous Allocation) (young) (initial-mark), 0.0332047 secs]
   [Parallel Time: 32.6 ms, GC Workers: 8]
      [GC Worker Start (ms): Min: 1356.8, Avg: 1356.9, Max: 1356.9, Diff: 0.0]
      [Ext Root Scanning (ms): Min: 0.1, Avg: 0.1, Max: 0.1, Diff: 0.0, Sum: 0.9]
      [Code Root Marking (ms): Min: 0.0, Avg: 0.0, Max: 0.0, Diff: 0.0, Sum: 0.2]
      [Update RS (ms): Min: 4.8, Avg: 5.1, Max: 6.1, Diff: 1.2, Sum: 41.2]
         [Processed Buffers: Min: 2, Avg: 2.4, Max: 3, Diff: 1, Sum: 19]
      [Scan RS (ms): Min: 3.9, Avg: 4.7, Max: 5.2, Diff: 1.3, Sum: 37.6]
      [Code Root Scanning (ms): Min: 0.0, Avg: 0.0, Max: 0.0, Diff: 0.0, Sum: 0.0]
      [Object Copy (ms): Min: 22.4, Avg: 22.5, Max: 22.7, Diff: 0.3, Sum: 180.1]
      [Termination (ms): Min: 0.0, Avg: 0.1, Max: 0.1, Diff: 0.1, Sum: 0.5]
      [GC Worker Other (ms): Min: 0.0, Avg: 0.0, Max: 0.0, Diff: 0.0, Sum: 0.1]
      [GC Worker Total (ms): Min: 32.5, Avg: 32.6, Max: 32.6, Diff: 0.0, Sum: 260.5]
      [GC Worker End (ms): Min: 1389.4, Avg: 1389.4, Max: 1389.4, Diff: 0.0]
   [Code Root Fixup: 0.0 ms]
   [Code Root Migration: 0.0 ms]
   [Clear CT: 0.0 ms]
   [Other: 0.5 ms]
      [Choose CSet: 0.0 ms]
      [Ref Proc: 0.1 ms]
      [Ref Enq: 0.0 ms]
      [Free CSet: 0.0 ms]
   [Eden: 9216.0K(36.0M)->0.0B(41.0M) Survivors: 5120.0K->6144.0K Heap: 371.3M(824.0M)->374.4M(864.0M)]
 [Times: user=0.25 sys=0.00, real=0.03 secs] 
2015-01-27T13:23:08.008+0300: 1.390: [GC concurrent-root-region-scan-start]
2015-01-27T13:23:08.008+0300: 1.395: [GC concurrent-root-region-scan-end, 0.0052430 secs]
2015-01-27T13:23:08.008+0300: 1.395: [GC concurrent-mark-start]
2015-01-27T13:23:08.118+0300: 1.506: [GC pause (G1 Evacuation Pause) (young), 0.1195244 secs]
   [Parallel Time: 118.8 ms, GC Workers: 8]
      [GC Worker Start (ms): Min: 1506.2, Avg: 1506.2, Max: 1506.5, Diff: 0.3]
      [Ext Root Scanning (ms): Min: 0.0, Avg: 0.1, Max: 0.2, Diff: 0.2, Sum: 0.9]
      [SATB Filtering (ms): Min: 0.0, Avg: 0.0, Max: 0.0, Diff: 0.0, Sum: 0.0]
      [Update RS (ms): Min: 4.9, Avg: 6.0, Max: 9.0, Diff: 4.1, Sum: 47.8]
         [Processed Buffers: Min: 2, Avg: 2.5, Max: 3, Diff: 1, Sum: 20]
      [Scan RS (ms): Min: 32.9, Avg: 35.9, Max: 37.1, Diff: 4.3, Sum: 287.3]
      [Code Root Scanning (ms): Min: 0.0, Avg: 0.0, Max: 0.0, Diff: 0.0, Sum: 0.0]
      [Object Copy (ms): Min: 76.4, Avg: 76.5, Max: 76.6, Diff: 0.2, Sum: 611.9]
      [Termination (ms): Min: 0.0, Avg: 0.2, Max: 0.3, Diff: 0.3, Sum: 1.5]
      [GC Worker Other (ms): Min: 0.0, Avg: 0.0, Max: 0.1, Diff: 0.1, Sum: 0.2]
      [GC Worker Total (ms): Min: 118.5, Avg: 118.7, Max: 118.8, Diff: 0.3, Sum: 949.7]
      [GC Worker End (ms): Min: 1624.9, Avg: 1625.0, Max: 1625.0, Diff: 0.1]
   [Code Root Fixup: 0.0 ms]
   [Code Root Migration: 0.0 ms]
   [Clear CT: 0.0 ms]
   [Other: 0.6 ms]
      [Choose CSet: 0.0 ms]
      [Ref Proc: 0.1 ms]
      [Ref Enq: 0.0 ms]
      [Free CSet: 0.1 ms]
   [Eden: 37.0M(37.0M)->0.0B(43.0M) Survivors: 6144.0K->6144.0K Heap: 444.4M(864.0M)->448.9M(896.0M)]
 [Times: user=0.76 sys=0.14, real=0.13 secs] 
2015-01-27T13:23:08.283+0300: 1.668: [GC concurrent-mark-end, 0.2724531 secs]
2015-01-27T13:23:08.295+0300: 1.674: [GC remark 1.674: [GC ref-proc, 0.0000690 secs], 0.0007268 secs]
 [Times: user=0.01 sys=0.00, real=0.00 secs] 
2015-01-27T13:23:08.296+0300: 1.675: [GC cleanup 479M->154M(896M), 0.0005808 secs]
 [Times: user=0.00 sys=0.00, real=0.00 secs] 
2015-01-27T13:23:08.297+0300: 1.675: [GC concurrent-cleanup-start]
2015-01-27T13:23:08.297+0300: 1.676: [GC concurrent-cleanup-end, 0.0003998 secs]
2015-01-27T13:23:08.433+0300: 1.811: [GC pause (G1 Evacuation Pause) (young), 0.1695502 secs]
   [Parallel Time: 169.0 ms, GC Workers: 8]
      [GC Worker Start (ms): Min: 1811.4, Avg: 1825.5, Max: 1851.2, Diff: 39.9]
      [Ext Root Scanning (ms): Min: 0.0, Avg: 0.1, Max: 0.1, Diff: 0.1, Sum: 0.6]
      [Update RS (ms): Min: 0.0, Avg: 16.7, Max: 27.7, Diff: 27.7, Sum: 133.4]
         [Processed Buffers: Min: 0, Avg: 6.6, Max: 12, Diff: 12, Sum: 53]
      [Scan RS (ms): Min: 28.5, Avg: 37.6, Max: 42.5, Diff: 14.0, Sum: 300.8]
      [Code Root Scanning (ms): Min: 0.0, Avg: 0.0, Max: 0.0, Diff: 0.0, Sum: 0.0]
      [Object Copy (ms): Min: 82.4, Avg: 86.0, Max: 100.2, Diff: 17.8, Sum: 687.8]
      [Termination (ms): Min: 0.0, Avg: 14.4, Max: 17.9, Diff: 17.9, Sum: 115.1]
      [GC Worker Other (ms): Min: 0.0, Avg: 0.1, Max: 0.3, Diff: 0.3, Sum: 0.6]
      [GC Worker Total (ms): Min: 129.1, Avg: 154.8, Max: 169.0, Diff: 39.9, Sum: 1238.4]
      [GC Worker End (ms): Min: 1980.3, Avg: 1980.3, Max: 1980.3, Diff: 0.0]
   [Code Root Fixup: 0.0 ms]
   [Code Root Migration: 0.0 ms]
   [Clear CT: 0.0 ms]
   [Other: 0.5 ms]
      [Choose CSet: 0.0 ms]
      [Ref Proc: 0.1 ms]
      [Ref Enq: 0.0 ms]
      [Free CSet: 0.1 ms]
   [Eden: 43.0M(43.0M)->0.0B(39.0M) Survivors: 6144.0K->7168.0K Heap: 225.4M(896.0M)->228.9M(922.0M)]
 [Times: user=1.12 sys=0.06, real=0.17 secs] 
2015-01-27T13:23:08.667+0300: 2.045: [GC pause (G1 Evacuation Pause) (young), 0.0791099 secs]
   [Parallel Time: 78.5 ms, GC Workers: 8]
      [GC Worker Start (ms): Min: 2045.3, Avg: 2045.3, Max: 2045.3, Diff: 0.0]
      [Ext Root Scanning (ms): Min: 0.1, Avg: 0.1, Max: 0.1, Diff: 0.0, Sum: 0.8]
      [Update RS (ms): Min: 6.5, Avg: 7.3, Max: 7.6, Diff: 1.1, Sum: 58.7]
         [Processed Buffers: Min: 3, Avg: 3.1, Max: 4, Diff: 1, Sum: 25]
      [Scan RS (ms): Min: 18.2, Avg: 18.6, Max: 19.1, Diff: 1.0, Sum: 148.5]
      [Code Root Scanning (ms): Min: 0.0, Avg: 0.0, Max: 0.0, Diff: 0.0, Sum: 0.0]
      [Object Copy (ms): Min: 52.2, Avg: 52.4, Max: 52.7, Diff: 0.5, Sum: 419.0]
      [Termination (ms): Min: 0.0, Avg: 0.0, Max: 0.1, Diff: 0.1, Sum: 0.3]
      [GC Worker Other (ms): Min: 0.0, Avg: 0.0, Max: 0.0, Diff: 0.0, Sum: 0.1]
      [GC Worker Total (ms): Min: 78.4, Avg: 78.4, Max: 78.4, Diff: 0.0, Sum: 627.5]
      [GC Worker End (ms): Min: 2123.7, Avg: 2123.7, Max: 2123.7, Diff: 0.0]
   [Code Root Fixup: 0.0 ms]
   [Code Root Migration: 0.0 ms]
   [Clear CT: 0.0 ms]
   [Other: 0.6 ms]
      [Choose CSet: 0.0 ms]
      [Ref Proc: 0.2 ms]
      [Ref Enq: 0.0 ms]
      [Free CSet: 0.1 ms]
   [Eden: 39.0M(39.0M)->0.0B(47.0M) Survivors: 7168.0K->6144.0K Heap: 267.9M(922.0M)->272.4M(943.0M)]
 [Times: user=0.59 sys=0.03, real=0.07 secs] 
2015-01-27T13:23:08.911+0300: 2.297: [GC pause (G1 Evacuation Pause) (young), 0.1630863 secs]
   [Parallel Time: 162.6 ms, GC Workers: 8]
      [GC Worker Start (ms): Min: 2296.7, Avg: 2318.0, Max: 2339.4, Diff: 42.6]
      [Ext Root Scanning (ms): Min: 0.0, Avg: 0.1, Max: 0.1, Diff: 0.1, Sum: 0.5]
      [Update RS (ms): Min: 0.0, Avg: 5.6, Max: 12.5, Diff: 12.5, Sum: 44.5]
         [Processed Buffers: Min: 0, Avg: 2.9, Max: 6, Diff: 6, Sum: 23]
      [Scan RS (ms): Min: 19.7, Avg: 35.6, Max: 52.3, Diff: 32.6, Sum: 284.9]
      [Code Root Scanning (ms): Min: 0.0, Avg: 0.0, Max: 0.0, Diff: 0.0, Sum: 0.0]
      [Object Copy (ms): Min: 68.4, Avg: 75.4, Max: 92.5, Diff: 24.1, Sum: 603.2]
      [Termination (ms): Min: 0.0, Avg: 19.1, Max: 31.5, Diff: 31.5, Sum: 152.8]
      [GC Worker Other (ms): Min: 0.0, Avg: 0.0, Max: 0.0, Diff: 0.0, Sum: 0.1]
      [GC Worker Total (ms): Min: 112.6, Avg: 135.8, Max: 162.5, Diff: 49.9, Sum: 1086.1]
      [GC Worker End (ms): Min: 2452.0, Avg: 2453.8, Max: 2459.3, Diff: 7.3]
   [Code Root Fixup: 0.0 ms]
   [Code Root Migration: 0.0 ms]
   [Clear CT: 0.0 ms]
   [Other: 0.4 ms]
      [Choose CSet: 0.0 ms]
      [Ref Proc: 0.1 ms]
      [Ref Enq: 0.0 ms]
      [Free CSet: 0.1 ms]
   [Eden: 41.0M(41.0M)->0.0B(49.0M) Survivors: 6144.0K->6144.0K Heap: 385.8M(943.0M)->388.8M(960.0M)]
 [Times: user=0.87 sys=0.06, real=0.17 secs] 
2015-01-27T13:23:09.172+0300: 2.551: [GC pause (G1 Humongous Allocation) (young) (initial-mark), 0.0917474 secs]
   [Parallel Time: 91.1 ms, GC Workers: 8]
      [GC Worker Start (ms): Min: 2551.2, Avg: 2551.3, Max: 2551.3, Diff: 0.0]
      [Ext Root Scanning (ms): Min: 0.1, Avg: 0.1, Max: 0.1, Diff: 0.0, Sum: 0.9]
      [Code Root Marking (ms): Min: 0.0, Avg: 0.0, Max: 0.0, Diff: 0.0, Sum: 0.2]
      [Update RS (ms): Min: 8.2, Avg: 8.8, Max: 11.5, Diff: 3.3, Sum: 70.5]
         [Processed Buffers: Min: 3, Avg: 3.4, Max: 4, Diff: 1, Sum: 27]
      [Scan RS (ms): Min: 23.2, Avg: 25.8, Max: 26.5, Diff: 3.3, Sum: 206.1]
      [Code Root Scanning (ms): Min: 0.0, Avg: 0.0, Max: 0.0, Diff: 0.0, Sum: 0.0]
      [Object Copy (ms): Min: 56.1, Avg: 56.2, Max: 56.4, Diff: 0.3, Sum: 449.8]
      [Termination (ms): Min: 0.0, Avg: 0.0, Max: 0.1, Diff: 0.1, Sum: 0.4]
      [GC Worker Other (ms): Min: 0.0, Avg: 0.0, Max: 0.0, Diff: 0.0, Sum: 0.1]
      [GC Worker Total (ms): Min: 91.0, Avg: 91.0, Max: 91.0, Diff: 0.0, Sum: 728.0]
      [GC Worker End (ms): Min: 2642.3, Avg: 2642.3, Max: 2642.3, Diff: 0.0]
   [Code Root Fixup: 0.0 ms]
   [Code Root Migration: 0.0 ms]
   [Clear CT: 0.1 ms]
   [Other: 0.5 ms]
      [Choose CSet: 0.0 ms]
      [Ref Proc: 0.1 ms]
      [Ref Enq: 0.0 ms]
      [Free CSet: 0.1 ms]
   [Eden: 39.0M(49.0M)->0.0B(55.0M) Survivors: 6144.0K->7168.0K Heap: 453.0M(960.0M)->457.4M(973.0M)]
 [Times: user=0.73 sys=0.01, real=0.09 secs] 
2015-01-27T13:23:09.264+0300: 2.643: [GC concurrent-root-region-scan-start]
2015-01-27T13:23:09.287+0300: 2.665: [GC concurrent-root-region-scan-end, 0.0222027 secs]
2015-01-27T13:23:09.287+0300: 2.665: [GC concurrent-mark-start]
2015-01-27T13:23:09.597+0300: 2.977: [GC pause (G1 Evacuation Pause) (young), 0.1605873 secs]
   [Parallel Time: 160.0 ms, GC Workers: 8]
      [GC Worker Start (ms): Min: 2977.1, Avg: 2984.2, Max: 2997.0, Diff: 19.9]
      [Ext Root Scanning (ms): Min: 0.0, Avg: 0.1, Max: 0.1, Diff: 0.1, Sum: 0.5]
      [SATB Filtering (ms): Min: 0.0, Avg: 0.0, Max: 0.0, Diff: 0.0, Sum: 0.0]
      [Update RS (ms): Min: 0.0, Avg: 7.3, Max: 14.7, Diff: 14.7, Sum: 58.8]
         [Processed Buffers: Min: 0, Avg: 3.4, Max: 7, Diff: 7, Sum: 27]
      [Scan RS (ms): Min: 49.9, Avg: 61.8, Max: 81.1, Diff: 31.2, Sum: 494.5]
      [Code Root Scanning (ms): Min: 0.0, Avg: 0.0, Max: 0.0, Diff: 0.0, Sum: 0.0]
      [Object Copy (ms): Min: 58.2, Avg: 80.7, Max: 90.2, Diff: 31.9, Sum: 645.5]
      [Termination (ms): Min: 0.0, Avg: 3.0, Max: 3.4, Diff: 3.4, Sum: 23.6]
      [GC Worker Other (ms): Min: 0.0, Avg: 0.0, Max: 0.0, Diff: 0.0, Sum: 0.2]
      [GC Worker Total (ms): Min: 140.1, Avg: 152.9, Max: 160.0, Diff: 19.9, Sum: 1223.0]
      [GC Worker End (ms): Min: 3137.0, Avg: 3137.1, Max: 3137.1, Diff: 0.0]
   [Code Root Fixup: 0.0 ms]
   [Code Root Migration: 0.0 ms]
   [Clear CT: 0.1 ms]
   [Other: 0.5 ms]
      [Choose CSet: 0.0 ms]
      [Ref Proc: 0.1 ms]
      [Ref Enq: 0.0 ms]
      [Free CSet: 0.1 ms]
   [Eden: 55.0M(55.0M)->0.0B(44.0M) Survivors: 7168.0K->8192.0K Heap: 571.1M(973.0M)->575.1M(984.0M)]
 [Times: user=0.86 sys=0.11, real=0.16 secs] 
2015-01-27T13:23:09.849+0300: 3.230: [GC concurrent-mark-end, 0.5651291 secs]
2015-01-27T13:23:09.849+0300: 3.235: [GC remark 3.236: [GC ref-proc, 0.0000742 secs], 0.0008915 secs]
 [Times: user=0.00 sys=0.00, real=0.00 secs] 
2015-01-27T13:23:09.849+0300: 3.236: [GC cleanup 651M->298M(984M), 0.0004735 secs]
 [Times: user=0.00 sys=0.00, real=0.00 secs] 
2015-01-27T13:23:09.849+0300: 3.237: [GC concurrent-cleanup-start]
2015-01-27T13:23:09.859+0300: 3.237: [GC concurrent-cleanup-end, 0.0004749 secs]
2015-01-27T13:23:09.931+0300: 3.318: [GC pause (G1 Evacuation Pause) (young), 0.1262294 secs]
   [Parallel Time: 125.7 ms, GC Workers: 8]
      [GC Worker Start (ms): Min: 3318.0, Avg: 3318.1, Max: 3318.1, Diff: 0.0]
      [Ext Root Scanning (ms): Min: 0.1, Avg: 0.1, Max: 0.1, Diff: 0.0, Sum: 0.8]
      [Update RS (ms): Min: 9.2, Avg: 11.8, Max: 12.4, Diff: 3.2, Sum: 94.4]
         [Processed Buffers: Min: 4, Avg: 4.1, Max: 5, Diff: 1, Sum: 33]
      [Scan RS (ms): Min: 36.5, Avg: 36.9, Max: 39.4, Diff: 2.9, Sum: 295.3]
      [Code Root Scanning (ms): Min: 0.0, Avg: 0.0, Max: 0.0, Diff: 0.0, Sum: 0.0]
      [Object Copy (ms): Min: 76.5, Avg: 76.7, Max: 76.9, Diff: 0.3, Sum: 613.7]
      [Termination (ms): Min: 0.0, Avg: 0.1, Max: 0.1, Diff: 0.1, Sum: 0.9]
      [GC Worker Other (ms): Min: 0.0, Avg: 0.0, Max: 0.0, Diff: 0.0, Sum: 0.2]
      [GC Worker Total (ms): Min: 125.7, Avg: 125.7, Max: 125.7, Diff: 0.0, Sum: 1005.3]
      [GC Worker End (ms): Min: 3443.7, Avg: 3443.7, Max: 3443.7, Diff: 0.0]
   [Code Root Fixup: 0.0 ms]
   [Code Root Migration: 0.0 ms]
   [Clear CT: 0.0 ms]
   [Other: 0.5 ms]
      [Choose CSet: 0.0 ms]
      [Ref Proc: 0.1 ms]
      [Ref Enq: 0.0 ms]
      [Free CSet: 0.1 ms]
   [Eden: 44.0M(44.0M)->0.0B(48.0M) Survivors: 8192.0K->7168.0K Heap: 323.6M(984.0M)->326.6M(992.0M)]
 [Times: user=1.09 sys=0.03, real=0.13 secs] 
2015-01-27T13:23:10.173+0300: 3.560: [GC pause (G1 Evacuation Pause) (young), 0.1576936 secs]
   [Parallel Time: 156.9 ms, GC Workers: 8]
      [GC Worker Start (ms): Min: 3560.4, Avg: 3560.4, Max: 3560.4, Diff: 0.0]
      [Ext Root Scanning (ms): Min: 0.1, Avg: 0.1, Max: 0.1, Diff: 0.0, Sum: 0.9]
      [Update RS (ms): Min: 8.2, Avg: 10.1, Max: 11.9, Diff: 3.7, Sum: 80.9]
         [Processed Buffers: Min: 3, Avg: 3.9, Max: 4, Diff: 1, Sum: 31]
      [Scan RS (ms): Min: 49.1, Avg: 51.1, Max: 53.1, Diff: 4.0, Sum: 409.0]
      [Code Root Scanning (ms): Min: 0.0, Avg: 0.0, Max: 0.0, Diff: 0.0, Sum: 0.0]
      [Object Copy (ms): Min: 89.3, Avg: 91.0, Max: 95.5, Diff: 6.2, Sum: 728.3]
      [Termination (ms): Min: 0.0, Avg: 4.5, Max: 6.0, Diff: 6.0, Sum: 35.7]
      [GC Worker Other (ms): Min: 0.0, Avg: 0.0, Max: 0.0, Diff: 0.0, Sum: 0.1]
      [GC Worker Total (ms): Min: 156.8, Avg: 156.8, Max: 156.9, Diff: 0.0, Sum: 1254.8]
      [GC Worker End (ms): Min: 3717.2, Avg: 3717.2, Max: 3717.3, Diff: 0.0]
   [Code Root Fixup: 0.0 ms]
   [Code Root Migration: 0.0 ms]
   [Clear CT: 0.1 ms]
   [Other: 0.7 ms]
      [Choose CSet: 0.0 ms]
      [Ref Proc: 0.1 ms]
      [Ref Enq: 0.0 ms]
      [Free CSet: 0.1 ms]
   [Eden: 48.0M(48.0M)->0.0B(42.0M) Survivors: 7168.0K->7168.0K Heap: 415.4M(992.0M)->419.9M(999.0M)]
 [Times: user=1.12 sys=0.06, real=0.17 secs] 
2015-01-27T13:23:10.455+0300: 3.837: [GC pause (G1 Humongous Allocation) (young) (initial-mark), 0.1768570 secs]
   [Parallel Time: 176.4 ms, GC Workers: 8]
      [GC Worker Start (ms): Min: 3836.9, Avg: 3847.6, Max: 3883.2, Diff: 46.3]
      [Ext Root Scanning (ms): Min: 0.0, Avg: 0.1, Max: 0.1, Diff: 0.1, Sum: 0.6]
      [Code Root Marking (ms): Min: 0.0, Avg: 0.0, Max: 0.0, Diff: 0.0, Sum: 0.3]
      [Update RS (ms): Min: 0.0, Avg: 11.1, Max: 25.2, Diff: 25.2, Sum: 89.0]
         [Processed Buffers: Min: 0, Avg: 4.1, Max: 8, Diff: 8, Sum: 33]
      [Scan RS (ms): Min: 7.6, Avg: 42.8, Max: 80.7, Diff: 73.2, Sum: 342.2]
      [Code Root Scanning (ms): Min: 0.0, Avg: 0.0, Max: 0.0, Diff: 0.0, Sum: 0.0]
      [Object Copy (ms): Min: 42.3, Avg: 62.6, Max: 80.4, Diff: 38.1, Sum: 501.1]
      [Termination (ms): Min: 0.0, Avg: 47.3, Max: 59.0, Diff: 59.0, Sum: 378.5]
      [GC Worker Other (ms): Min: 0.0, Avg: 0.0, Max: 0.0, Diff: 0.0, Sum: 0.1]
      [GC Worker Total (ms): Min: 130.0, Avg: 164.0, Max: 176.3, Diff: 46.3, Sum: 1311.7]
      [GC Worker End (ms): Min: 4008.8, Avg: 4011.6, Max: 4013.2, Diff: 4.5]
   [Code Root Fixup: 0.0 ms]
   [Code Root Migration: 0.0 ms]
   [Clear CT: 0.0 ms]
   [Other: 0.4 ms]
      [Choose CSet: 0.0 ms]
      [Ref Proc: 0.1 ms]
      [Ref Enq: 0.0 ms]
      [Free CSet: 0.1 ms]
   [Eden: 39.0M(42.0M)->0.0B(43.0M) Survivors: 7168.0K->7168.0K Heap: 481.7M(999.0M)->485.8M(1004.0M)]
 [Times: user=0.89 sys=0.06, real=0.18 secs] 
2015-01-27T13:23:10.635+0300: 4.014: [GC concurrent-root-region-scan-start]
2015-01-27T13:23:10.665+0300: 4.047: [GC concurrent-root-region-scan-end, 0.0331958 secs]
2015-01-27T13:23:10.665+0300: 4.047: [GC concurrent-mark-start]
2015-01-27T13:23:11.019+0300: 4.399: [GC pause (G1 Evacuation Pause) (young), 0.1490134 secs]
   [Parallel Time: 147.8 ms, GC Workers: 8]
      [GC Worker Start (ms): Min: 4399.4, Avg: 4417.9, Max: 4477.3, Diff: 77.9]
      [Ext Root Scanning (ms): Min: 0.0, Avg: 0.1, Max: 0.1, Diff: 0.1, Sum: 0.4]
      [SATB Filtering (ms): Min: 0.0, Avg: 0.0, Max: 0.0, Diff: 0.0, Sum: 0.0]
      [Update RS (ms): Min: 0.0, Avg: 26.2, Max: 40.2, Diff: 40.2, Sum: 209.2]
         [Processed Buffers: Min: 0, Avg: 8.5, Max: 14, Diff: 14, Sum: 68]
      [Scan RS (ms): Min: 0.0, Avg: 13.1, Max: 19.4, Diff: 19.4, Sum: 104.5]
      [Code Root Scanning (ms): Min: 0.0, Avg: 0.0, Max: 0.0, Diff: 0.0, Sum: 0.0]
      [Object Copy (ms): Min: 50.5, Avg: 72.8, Max: 91.9, Diff: 41.5, Sum: 582.2]
      [Termination (ms): Min: 0.0, Avg: 16.8, Max: 19.5, Diff: 19.5, Sum: 134.6]
      [GC Worker Other (ms): Min: 0.0, Avg: 0.0, Max: 0.0, Diff: 0.0, Sum: 0.1]
      [GC Worker Total (ms): Min: 70.0, Avg: 128.9, Max: 147.8, Diff: 77.9, Sum: 1031.1]
      [GC Worker End (ms): Min: 4545.3, Avg: 4546.8, Max: 4547.2, Diff: 1.9]
   [Code Root Fixup: 0.0 ms]
   [Code Root Migration: 0.0 ms]
   [Clear CT: 0.1 ms]
   [Other: 1.1 ms]
      [Choose CSet: 0.0 ms]
      [Ref Proc: 0.8 ms]
      [Ref Enq: 0.0 ms]
      [Free CSet: 0.1 ms]
   [Eden: 43.0M(43.0M)->0.0B(50.0M) Survivors: 7168.0K->7168.0K Heap: 564.1M(1004.0M)->569.1M(1008.0M)]
 [Times: user=0.78 sys=0.05, real=0.15 secs] 
2015-01-27T13:23:11.169+0300: 4.549: [GC concurrent-mark-reset-for-overflow]
2015-01-27T13:23:11.388+0300: 4.768: [GC concurrent-mark-end, 0.7207397 secs]
2015-01-27T13:23:11.398+0300: 4.775: [GC remark 4.775: [GC ref-proc, 0.0001157 secs], 0.0017564 secs]
 [Times: user=0.00 sys=0.00, real=0.00 secs] 
2015-01-27T13:23:11.398+0300: 4.779: [GC cleanup 697M->357M(1008M), 0.0006041 secs]
 [Times: user=0.00 sys=0.00, real=0.00 secs] 
2015-01-27T13:23:11.398+0300: 4.779: [GC concurrent-cleanup-start]
2015-01-27T13:23:11.398+0300: 4.780: [GC concurrent-cleanup-end, 0.0004646 secs]
2015-01-27T13:23:11.408+0300: 4.789: [GC pause (G1 Evacuation Pause) (young), 0.1776034 secs]
   [Parallel Time: 177.0 ms, GC Workers: 8]
      [GC Worker Start (ms): Min: 4788.7, Avg: 4788.8, Max: 4789.1, Diff: 0.4]
      [Ext Root Scanning (ms): Min: 0.0, Avg: 0.1, Max: 0.2, Diff: 0.2, Sum: 1.0]
      [Update RS (ms): Min: 21.1, Avg: 22.9, Max: 24.5, Diff: 3.4, Sum: 183.6]
         [Processed Buffers: Min: 7, Avg: 7.4, Max: 8, Diff: 1, Sum: 59]
      [Scan RS (ms): Min: 48.8, Avg: 50.3, Max: 52.2, Diff: 3.3, Sum: 402.4]
      [Code Root Scanning (ms): Min: 0.0, Avg: 0.0, Max: 0.0, Diff: 0.0, Sum: 0.0]
      [Object Copy (ms): Min: 102.7, Avg: 102.9, Max: 103.4, Diff: 0.6, Sum: 823.4]
      [Termination (ms): Min: 0.0, Avg: 0.5, Max: 0.6, Diff: 0.6, Sum: 4.0]
      [GC Worker Other (ms): Min: 0.0, Avg: 0.0, Max: 0.0, Diff: 0.0, Sum: 0.2]
      [GC Worker Total (ms): Min: 176.5, Avg: 176.8, Max: 176.9, Diff: 0.4, Sum: 1414.6]
      [GC Worker End (ms): Min: 4965.6, Avg: 4965.6, Max: 4965.6, Diff: 0.0]
   [Code Root Fixup: 0.0 ms]
   [Code Root Migration: 0.0 ms]
   [Clear CT: 0.1 ms]
   [Other: 0.6 ms]
      [Choose CSet: 0.0 ms]
      [Ref Proc: 0.1 ms]
      [Ref Enq: 0.0 ms]
      [Free CSet: 0.1 ms]
   [Eden: 50.0M(50.0M)->0.0B(42.0M) Survivors: 7168.0K->8192.0K Heap: 362.1M(1008.0M)->365.6M(1012.0M)]
 [Times: user=1.22 sys=0.08, real=0.17 secs] 
2015-01-27T13:23:11.702+0300: 5.086: [GC pause (G1 Evacuation Pause) (young), 0.1607716 secs]
   [Parallel Time: 160.0 ms, GC Workers: 8]
      [GC Worker Start (ms): Min: 5085.6, Avg: 5085.7, Max: 5086.1, Diff: 0.5]
      [Ext Root Scanning (ms): Min: 0.0, Avg: 0.1, Max: 0.1, Diff: 0.1, Sum: 0.8]
      [Update RS (ms): Min: 12.8, Avg: 14.6, Max: 16.3, Diff: 3.5, Sum: 116.9]
         [Processed Buffers: Min: 4, Avg: 4.9, Max: 6, Diff: 2, Sum: 39]
      [Scan RS (ms): Min: 54.7, Avg: 56.3, Max: 58.2, Diff: 3.4, Sum: 450.2]
      [Code Root Scanning (ms): Min: 0.0, Avg: 0.0, Max: 0.0, Diff: 0.0, Sum: 0.0]
      [Object Copy (ms): Min: 88.7, Avg: 88.8, Max: 89.0, Diff: 0.3, Sum: 710.8]
      [Termination (ms): Min: 0.0, Avg: 0.1, Max: 0.1, Diff: 0.1, Sum: 0.5]
      [GC Worker Other (ms): Min: 0.0, Avg: 0.0, Max: 0.0, Diff: 0.0, Sum: 0.1]
      [GC Worker Total (ms): Min: 159.5, Avg: 159.9, Max: 160.0, Diff: 0.5, Sum: 1279.4]
      [GC Worker End (ms): Min: 5245.6, Avg: 5245.6, Max: 5245.7, Diff: 0.0]
   [Code Root Fixup: 0.0 ms]
   [Code Root Migration: 0.0 ms]
   [Clear CT: 0.1 ms]
   [Other: 0.7 ms]
      [Choose CSet: 0.0 ms]
      [Ref Proc: 0.2 ms]
      [Ref Enq: 0.0 ms]
      [Free CSet: 0.1 ms]
   [Eden: 42.0M(42.0M)->0.0B(43.0M) Survivors: 8192.0K->7168.0K Heap: 446.7M(1012.0M)->450.7M(1015.0M)]
 [Times: user=1.14 sys=0.05, real=0.16 secs] 
2015-01-27T13:23:11.904+0300: 5.288: [GC pause (G1 Humongous Allocation) (young) (initial-mark), 0.0846170 secs]
   [Parallel Time: 84.0 ms, GC Workers: 8]
      [GC Worker Start (ms): Min: 5287.8, Avg: 5287.9, Max: 5287.9, Diff: 0.1]
      [Ext Root Scanning (ms): Min: 0.1, Avg: 0.1, Max: 0.1, Diff: 0.1, Sum: 0.8]
      [Code Root Marking (ms): Min: 0.0, Avg: 0.0, Max: 0.0, Diff: 0.0, Sum: 0.2]
      [Update RS (ms): Min: 31.8, Avg: 32.6, Max: 34.3, Diff: 2.6, Sum: 260.5]
         [Processed Buffers: Min: 13, Avg: 14.4, Max: 17, Diff: 4, Sum: 115]
      [Scan RS (ms): Min: 6.4, Avg: 8.0, Max: 8.8, Diff: 2.4, Sum: 63.9]
      [Code Root Scanning (ms): Min: 0.0, Avg: 0.0, Max: 0.0, Diff: 0.0, Sum: 0.0]
      [Object Copy (ms): Min: 42.9, Avg: 43.0, Max: 43.2, Diff: 0.3, Sum: 344.4]
      [Termination (ms): Min: 0.0, Avg: 0.2, Max: 0.2, Diff: 0.2, Sum: 1.4]
      [GC Worker Other (ms): Min: 0.0, Avg: 0.0, Max: 0.0, Diff: 0.0, Sum: 0.1]
      [GC Worker Total (ms): Min: 83.9, Avg: 83.9, Max: 84.0, Diff: 0.1, Sum: 671.4]
      [GC Worker End (ms): Min: 5371.8, Avg: 5371.8, Max: 5371.8, Diff: 0.0]
   [Code Root Fixup: 0.0 ms]
   [Code Root Migration: 0.0 ms]
   [Clear CT: 0.1 ms]
   [Other: 0.6 ms]
      [Choose CSet: 0.0 ms]
      [Ref Proc: 0.2 ms]
      [Ref Enq: 0.0 ms]
      [Free CSet: 0.1 ms]
   [Eden: 20.0M(43.0M)->0.0B(43.0M) Survivors: 7168.0K->7168.0K Heap: 470.0M(1015.0M)->475.7M(1017.0M)]
 [Times: user=0.61 sys=0.02, real=0.09 secs] 
2015-01-27T13:23:11.995+0300: 5.373: [GC concurrent-root-region-scan-start]
2015-01-27T13:23:12.006+0300: 5.384: [GC concurrent-root-region-scan-end, 0.0110589 secs]
2015-01-27T13:23:12.006+0300: 5.384: [GC concurrent-mark-start]
2015-01-27T13:23:12.376+0300: 5.759: [GC pause (G1 Evacuation Pause) (young), 0.1397160 secs]
   [Parallel Time: 139.3 ms, GC Workers: 8]
      [GC Worker Start (ms): Min: 5759.0, Avg: 5767.1, Max: 5776.0, Diff: 17.0]
      [Ext Root Scanning (ms): Min: 0.0, Avg: 0.0, Max: 0.2, Diff: 0.2, Sum: 0.3]
      [SATB Filtering (ms): Min: 0.0, Avg: 0.0, Max: 0.0, Diff: 0.0, Sum: 0.0]
      [Update RS (ms): Min: 0.0, Avg: 4.6, Max: 10.6, Diff: 10.6, Sum: 37.1]
         [Processed Buffers: Min: 0, Avg: 3.3, Max: 7, Diff: 7, Sum: 26]
      [Scan RS (ms): Min: 15.8, Avg: 20.7, Max: 23.3, Diff: 7.5, Sum: 165.5]
      [Code Root Scanning (ms): Min: 0.0, Avg: 0.0, Max: 0.0, Diff: 0.0, Sum: 0.0]
      [Object Copy (ms): Min: 62.4, Avg: 67.5, Max: 98.6, Diff: 36.2, Sum: 539.6]
      [Termination (ms): Min: 0.0, Avg: 31.5, Max: 43.7, Diff: 43.7, Sum: 252.0]
      [GC Worker Other (ms): Min: 0.0, Avg: 0.0, Max: 0.0, Diff: 0.0, Sum: 0.1]
      [GC Worker Total (ms): Min: 114.7, Avg: 124.3, Max: 131.4, Diff: 16.6, Sum: 994.6]
      [GC Worker End (ms): Min: 5890.4, Avg: 5891.4, Max: 5898.3, Diff: 7.9]
   [Code Root Fixup: 0.0 ms]
   [Code Root Migration: 0.0 ms]
   [Clear CT: 0.1 ms]
   [Other: 0.4 ms]
      [Choose CSet: 0.0 ms]
      [Ref Proc: 0.1 ms]
      [Ref Enq: 0.0 ms]
      [Free CSet: 0.1 ms]
   [Eden: 43.0M(43.0M)->0.0B(53.0M) Survivors: 7168.0K->7168.0K Heap: 553.9M(1017.0M)->558.4M(1019.0M)]
 [Times: user=0.84 sys=0.00, real=0.14 secs] 
2015-01-27T13:23:12.521+0300: 5.899: [GC concurrent-mark-reset-for-overflow]
2015-01-27T13:23:12.731+0300: 6.110: [GC pause (G1 Evacuation Pause) (young), 0.1738812 secs]
   [Parallel Time: 173.3 ms, GC Workers: 8]
      [GC Worker Start (ms): Min: 6110.2, Avg: 6110.2, Max: 6110.3, Diff: 0.2]
      [Ext Root Scanning (ms): Min: 0.0, Avg: 0.1, Max: 0.1, Diff: 0.1, Sum: 0.8]
      [SATB Filtering (ms): Min: 0.0, Avg: 0.0, Max: 0.0, Diff: 0.0, Sum: 0.0]
      [Update RS (ms): Min: 7.9, Avg: 9.1, Max: 11.2, Diff: 3.3, Sum: 73.2]
         [Processed Buffers: Min: 3, Avg: 3.5, Max: 4, Diff: 1, Sum: 28]
      [Scan RS (ms): Min: 55.7, Avg: 57.7, Max: 58.9, Diff: 3.2, Sum: 461.7]
      [Code Root Scanning (ms): Min: 0.0, Avg: 0.0, Max: 0.0, Diff: 0.0, Sum: 0.0]
      [Object Copy (ms): Min: 99.4, Avg: 100.4, Max: 106.2, Diff: 6.8, Sum: 802.8]
      [Termination (ms): Min: 0.0, Avg: 5.9, Max: 6.8, Diff: 6.8, Sum: 47.2]
      [GC Worker Other (ms): Min: 0.0, Avg: 0.0, Max: 0.0, Diff: 0.0, Sum: 0.1]
      [GC Worker Total (ms): Min: 173.1, Avg: 173.2, Max: 173.3, Diff: 0.2, Sum: 1385.8]
      [GC Worker End (ms): Min: 6283.4, Avg: 6283.4, Max: 6283.4, Diff: 0.0]
   [Code Root Fixup: 0.0 ms]
   [Code Root Migration: 0.0 ms]
   [Clear CT: 0.1 ms]
   [Other: 0.5 ms]
      [Choose CSet: 0.0 ms]
      [Ref Proc: 0.1 ms]
      [Ref Enq: 0.0 ms]
      [Free CSet: 0.1 ms]
   [Eden: 53.0M(53.0M)->0.0B(43.0M) Survivors: 7168.0K->8192.0K Heap: 694.3M(1019.0M)->695.8M(1020.0M)]
 [Times: user=1.19 sys=0.06, real=0.17 secs] 
2015-01-27T13:23:12.906+0300: 6.284: [GC concurrent-mark-end, 0.9005861 secs]
2015-01-27T13:23:12.940+0300: 6.318: [GC remark 6.318: [GC ref-proc, 0.0001054 secs], 0.0014821 secs]
 [Times: user=0.00 sys=0.00, real=0.00 secs] 
2015-01-27T13:23:12.942+0300: 6.320: [GC cleanup 724M->401M(1020M), 0.0007189 secs]
 [Times: user=0.00 sys=0.00, real=0.00 secs] 
2015-01-27T13:23:12.943+0300: 6.321: [GC concurrent-cleanup-start]
2015-01-27T13:23:12.944+0300: 6.321: [GC concurrent-cleanup-end, 0.0004824 secs]
2015-01-27T13:23:13.008+0300: 6.386: [GC pause (G1 Evacuation Pause) (young), 0.1716187 secs]
   [Parallel Time: 170.9 ms, GC Workers: 8]
      [GC Worker Start (ms): Min: 6386.1, Avg: 6386.2, Max: 6386.6, Diff: 0.5]
      [Ext Root Scanning (ms): Min: 0.0, Avg: 0.1, Max: 0.1, Diff: 0.1, Sum: 0.7]
      [Update RS (ms): Min: 30.8, Avg: 32.3, Max: 34.9, Diff: 4.1, Sum: 258.3]
         [Processed Buffers: Min: 9, Avg: 10.1, Max: 11, Diff: 2, Sum: 81]
      [Scan RS (ms): Min: 42.0, Avg: 44.6, Max: 46.2, Diff: 4.2, Sum: 357.1]
      [Code Root Scanning (ms): Min: 0.0, Avg: 0.0, Max: 0.0, Diff: 0.0, Sum: 0.0]
      [Object Copy (ms): Min: 93.2, Avg: 93.7, Max: 93.8, Diff: 0.6, Sum: 749.3]
      [Termination (ms): Min: 0.0, Avg: 0.0, Max: 0.0, Diff: 0.0, Sum: 0.2]
      [GC Worker Other (ms): Min: 0.0, Avg: 0.0, Max: 0.0, Diff: 0.0, Sum: 0.2]
      [GC Worker Total (ms): Min: 170.4, Avg: 170.7, Max: 170.9, Diff: 0.5, Sum: 1365.8]
      [GC Worker End (ms): Min: 6556.9, Avg: 6556.9, Max: 6556.9, Diff: 0.0]
   [Code Root Fixup: 0.0 ms]
   [Code Root Migration: 0.0 ms]
   [Clear CT: 0.1 ms]
   [Other: 0.6 ms]
      [Choose CSet: 0.0 ms]
      [Ref Proc: 0.1 ms]
      [Ref Enq: 0.0 ms]
      [Free CSet: 0.1 ms]
   [Eden: 43.0M(43.0M)->0.0B(44.0M) Survivors: 8192.0K->7168.0K Heap: 454.7M(1020.0M)->458.7M(1021.0M)]
 [Times: user=1.25 sys=0.06, real=0.17 secs] 
2015-01-27T13:23:13.245+0300: 6.622: [GC pause (G1 Humongous Allocation) (young) (initial-mark), 0.0482387 secs]
   [Parallel Time: 47.9 ms, GC Workers: 8]
      [GC Worker Start (ms): Min: 6622.4, Avg: 6622.4, Max: 6622.4, Diff: 0.0]
      [Ext Root Scanning (ms): Min: 0.1, Avg: 0.1, Max: 0.1, Diff: 0.0, Sum: 0.9]
      [Code Root Marking (ms): Min: 0.0, Avg: 0.0, Max: 0.0, Diff: 0.0, Sum: 0.3]
      [Update RS (ms): Min: 7.9, Avg: 8.7, Max: 11.5, Diff: 3.5, Sum: 69.6]
         [Processed Buffers: Min: 3, Avg: 3.4, Max: 4, Diff: 1, Sum: 27]
      [Scan RS (ms): Min: 5.5, Avg: 8.2, Max: 9.1, Diff: 3.6, Sum: 65.4]
      [Code Root Scanning (ms): Min: 0.0, Avg: 0.0, Max: 0.0, Diff: 0.0, Sum: 0.0]
      [Object Copy (ms): Min: 30.6, Avg: 30.8, Max: 30.9, Diff: 0.3, Sum: 246.1]
      [Termination (ms): Min: 0.0, Avg: 0.0, Max: 0.0, Diff: 0.0, Sum: 0.0]
      [GC Worker Other (ms): Min: 0.0, Avg: 0.0, Max: 0.0, Diff: 0.0, Sum: 0.1]
      [GC Worker Total (ms): Min: 47.8, Avg: 47.8, Max: 47.8, Diff: 0.0, Sum: 382.4]
      [GC Worker End (ms): Min: 6670.2, Avg: 6670.2, Max: 6670.2, Diff: 0.0]
   [Code Root Fixup: 0.0 ms]
   [Code Root Migration: 0.0 ms]
   [Clear CT: 0.0 ms]
   [Other: 0.3 ms]
      [Choose CSet: 0.0 ms]
      [Ref Proc: 0.1 ms]
      [Ref Enq: 0.0 ms]
      [Free CSet: 0.0 ms]
   [Eden: 16.0M(44.0M)->0.0B(56.0M) Survivors: 7168.0K->7168.0K Heap: 474.0M(1021.0M)->478.2M(1022.0M)]
 [Times: user=0.25 sys=0.00, real=0.04 secs] 
2015-01-27T13:23:13.287+0300: 6.671: [GC concurrent-root-region-scan-start]
2015-01-27T13:23:13.297+0300: 6.677: [GC concurrent-root-region-scan-end, 0.0061182 secs]
2015-01-27T13:23:13.297+0300: 6.677: [GC concurrent-mark-start]
2015-01-27T13:23:13.701+0300: 7.086: [GC pause (G1 Evacuation Pause) (young), 0.1961987 secs]
   [Parallel Time: 195.7 ms, GC Workers: 8]
      [GC Worker Start (ms): Min: 7085.9, Avg: 7097.9, Max: 7129.0, Diff: 43.1]
      [Ext Root Scanning (ms): Min: 0.0, Avg: 0.1, Max: 0.1, Diff: 0.1, Sum: 0.5]
      [SATB Filtering (ms): Min: 0.0, Avg: 0.0, Max: 0.0, Diff: 0.0, Sum: 0.0]
      [Update RS (ms): Min: 0.0, Avg: 6.3, Max: 13.9, Diff: 13.9, Sum: 50.8]
         [Processed Buffers: Min: 0, Avg: 3.6, Max: 8, Diff: 8, Sum: 29]
      [Scan RS (ms): Min: 31.2, Avg: 62.7, Max: 81.0, Diff: 49.8, Sum: 501.6]
      [Code Root Scanning (ms): Min: 0.0, Avg: 0.0, Max: 0.0, Diff: 0.0, Sum: 0.0]
      [Object Copy (ms): Min: 66.3, Avg: 85.4, Max: 121.7, Diff: 55.5, Sum: 683.5]
      [Termination (ms): Min: 0.0, Avg: 29.1, Max: 36.7, Diff: 36.7, Sum: 233.1]
      [GC Worker Other (ms): Min: 0.0, Avg: 0.0, Max: 0.0, Diff: 0.0, Sum: 0.2]
      [GC Worker Total (ms): Min: 152.6, Avg: 183.7, Max: 195.7, Diff: 43.1, Sum: 1469.6]
      [GC Worker End (ms): Min: 7281.6, Avg: 7281.6, Max: 7281.6, Diff: 0.0]
   [Code Root Fixup: 0.0 ms]
   [Code Root Migration: 0.0 ms]
   [Clear CT: 0.0 ms]
   [Other: 0.4 ms]
      [Choose CSet: 0.0 ms]
      [Ref Proc: 0.1 ms]
      [Ref Enq: 0.0 ms]
      [Free CSet: 0.1 ms]
   [Eden: 56.0M(56.0M)->0.0B(43.0M) Survivors: 7168.0K->8192.0K Heap: 622.2M(1022.0M)->625.7M(1023.0M)]
 [Times: user=1.08 sys=0.11, real=0.20 secs] 
2015-01-27T13:23:13.905+0300: 7.282: [GC concurrent-mark-reset-for-overflow]
2015-01-27T13:23:14.055+0300: 7.434: [GC concurrent-mark-end, 0.7575477 secs]
2015-01-27T13:23:14.055+0300: 7.434: [GC remark 7.435: [GC ref-proc, 0.0000686 secs], 0.0010240 secs]
 [Times: user=0.00 sys=0.00, real=0.00 secs] 
2015-01-27T13:23:14.055+0300: 7.436: [GC cleanup 697M->374M(1023M), 0.0004926 secs]
 [Times: user=0.00 sys=0.00, real=0.00 secs] 
2015-01-27T13:23:14.055+0300: 7.436: [GC concurrent-cleanup-start]
2015-01-27T13:23:14.055+0300: 7.436: [GC concurrent-cleanup-end, 0.0002878 secs]
2015-01-27T13:23:14.055+0300: 7.437: [GC pause (G1 Evacuation Pause) (young), 0.1407404 secs]
   [Parallel Time: 140.2 ms, GC Workers: 8]
      [GC Worker Start (ms): Min: 7437.4, Avg: 7437.4, Max: 7437.4, Diff: 0.0]
      [Ext Root Scanning (ms): Min: 0.1, Avg: 0.1, Max: 0.1, Diff: 0.0, Sum: 0.9]
      [Update RS (ms): Min: 8.0, Avg: 9.4, Max: 11.9, Diff: 4.0, Sum: 75.6]
         [Processed Buffers: Min: 3, Avg: 3.5, Max: 4, Diff: 1, Sum: 28]
      [Scan RS (ms): Min: 47.7, Avg: 50.3, Max: 52.0, Diff: 4.2, Sum: 402.1]
      [Code Root Scanning (ms): Min: 0.0, Avg: 0.0, Max: 0.0, Diff: 0.0, Sum: 0.0]
      [Object Copy (ms): Min: 79.9, Avg: 80.2, Max: 80.3, Diff: 0.4, Sum: 641.5]
      [Termination (ms): Min: 0.0, Avg: 0.1, Max: 0.1, Diff: 0.1, Sum: 0.5]
      [GC Worker Other (ms): Min: 0.0, Avg: 0.0, Max: 0.0, Diff: 0.0, Sum: 0.1]
      [GC Worker Total (ms): Min: 140.1, Avg: 140.1, Max: 140.1, Diff: 0.0, Sum: 1120.7]
      [GC Worker End (ms): Min: 7577.5, Avg: 7577.5, Max: 7577.5, Diff: 0.0]
   [Code Root Fixup: 0.0 ms]
   [Code Root Migration: 0.0 ms]
   [Clear CT: 0.1 ms]
   [Other: 0.5 ms]
      [Choose CSet: 0.0 ms]
      [Ref Proc: 0.1 ms]
      [Ref Enq: 0.0 ms]
      [Free CSet: 0.1 ms]
   [Eden: 43.0M(43.0M)->0.0B(44.0M) Survivors: 8192.0K->7168.0K Heap: 375.6M(1023.0M)->379.1M(1024.0M)]
 [Times: user=1.03 sys=0.08, real=0.14 secs] 
2015-01-27T13:23:14.292+0300: 7.669: [GC pause (G1 Evacuation Pause) (young), 0.1553415 secs]
   [Parallel Time: 154.7 ms, GC Workers: 8]
      [GC Worker Start (ms): Min: 7669.3, Avg: 7669.5, Max: 7669.7, Diff: 0.4]
      [Ext Root Scanning (ms): Min: 0.0, Avg: 0.1, Max: 0.1, Diff: 0.1, Sum: 0.6]
      [Update RS (ms): Min: 31.5, Avg: 32.9, Max: 35.2, Diff: 3.7, Sum: 263.2]
         [Processed Buffers: Min: 9, Avg: 10.0, Max: 11, Diff: 2, Sum: 80]
      [Scan RS (ms): Min: 33.3, Avg: 35.5, Max: 37.2, Diff: 4.0, Sum: 284.1]
      [Code Root Scanning (ms): Min: 0.0, Avg: 0.0, Max: 0.0, Diff: 0.0, Sum: 0.0]
      [Object Copy (ms): Min: 85.7, Avg: 85.9, Max: 86.2, Diff: 0.5, Sum: 687.3]
      [Termination (ms): Min: 0.0, Avg: 0.1, Max: 0.1, Diff: 0.1, Sum: 0.8]
      [GC Worker Other (ms): Min: 0.0, Avg: 0.0, Max: 0.0, Diff: 0.0, Sum: 0.1]
      [GC Worker Total (ms): Min: 154.3, Avg: 154.5, Max: 154.7, Diff: 0.4, Sum: 1236.2]
      [GC Worker End (ms): Min: 7824.0, Avg: 7824.0, Max: 7824.0, Diff: 0.0]
   [Code Root Fixup: 0.0 ms]
   [Code Root Migration: 0.0 ms]
   [Clear CT: 0.1 ms]
   [Other: 0.5 ms]
      [Choose CSet: 0.0 ms]
      [Ref Proc: 0.1 ms]
      [Ref Enq: 0.0 ms]
      [Free CSet: 0.1 ms]
   [Eden: 44.0M(44.0M)->0.0B(44.0M) Survivors: 7168.0K->7168.0K Heap: 462.2M(1024.0M)->465.7M(1024.0M)]
 [Times: user=1.06 sys=0.06, real=0.15 secs] 
2015-01-27T13:23:14.479+0300: 7.857: [GC pause (G1 Humongous Allocation) (young) (initial-mark), 0.0611136 secs]
   [Parallel Time: 60.6 ms, GC Workers: 8]
      [GC Worker Start (ms): Min: 7857.1, Avg: 7857.2, Max: 7857.5, Diff: 0.3]
      [Ext Root Scanning (ms): Min: 0.0, Avg: 0.1, Max: 0.1, Diff: 0.1, Sum: 0.8]
      [Code Root Marking (ms): Min: 0.0, Avg: 0.0, Max: 0.0, Diff: 0.0, Sum: 0.2]
      [Update RS (ms): Min: 28.0, Avg: 28.6, Max: 29.6, Diff: 1.6, Sum: 228.9]
         [Processed Buffers: Min: 12, Avg: 13.5, Max: 18, Diff: 6, Sum: 108]
      [Scan RS (ms): Min: 3.7, Avg: 4.8, Max: 5.5, Diff: 1.8, Sum: 38.8]
      [Code Root Scanning (ms): Min: 0.0, Avg: 0.0, Max: 0.0, Diff: 0.0, Sum: 0.0]
      [Object Copy (ms): Min: 26.8, Avg: 26.9, Max: 27.1, Diff: 0.3, Sum: 215.3]
      [Termination (ms): Min: 0.0, Avg: 0.0, Max: 0.0, Diff: 0.0, Sum: 0.2]
      [GC Worker Other (ms): Min: 0.0, Avg: 0.0, Max: 0.0, Diff: 0.0, Sum: 0.1]
      [GC Worker Total (ms): Min: 60.3, Avg: 60.5, Max: 60.6, Diff: 0.3, Sum: 484.3]
      [GC Worker End (ms): Min: 7917.7, Avg: 7917.7, Max: 7917.7, Diff: 0.0]
   [Code Root Fixup: 0.0 ms]
   [Code Root Migration: 0.0 ms]
   [Clear CT: 0.1 ms]
   [Other: 0.4 ms]
      [Choose CSet: 0.0 ms]
      [Ref Proc: 0.1 ms]
      [Ref Enq: 0.0 ms]
      [Free CSet: 0.1 ms]
   [Eden: 12.0M(44.0M)->0.0B(58.0M) Survivors: 7168.0K->7168.0K Heap: 477.0M(1024.0M)->481.7M(1024.0M)]
 [Times: user=0.48 sys=0.00, real=0.06 secs] 
2015-01-27T13:23:14.541+0300: 7.918: [GC concurrent-root-region-scan-start]
2015-01-27T13:23:14.544+0300: 7.922: [GC concurrent-root-region-scan-end, 0.0034283 secs]
2015-01-27T13:23:14.544+0300: 7.922: [GC concurrent-mark-start]
2015-01-27T13:23:14.933+0300: 8.317: [GC pause (G1 Evacuation Pause) (young), 0.1506485 secs]
   [Parallel Time: 150.1 ms, GC Workers: 8]
      [GC Worker Start (ms): Min: 8316.7, Avg: 8316.8, Max: 8316.9, Diff: 0.2]
      [Ext Root Scanning (ms): Min: 0.0, Avg: 0.1, Max: 0.2, Diff: 0.2, Sum: 0.7]
      [SATB Filtering (ms): Min: 0.0, Avg: 0.0, Max: 0.0, Diff: 0.0, Sum: 0.0]
      [Update RS (ms): Min: 18.2, Avg: 19.1, Max: 20.3, Diff: 2.1, Sum: 153.2]
         [Processed Buffers: Min: 2, Avg: 6.9, Max: 11, Diff: 9, Sum: 55]
      [Scan RS (ms): Min: 35.8, Avg: 37.0, Max: 37.9, Diff: 2.0, Sum: 295.9]
      [Code Root Scanning (ms): Min: 0.0, Avg: 0.0, Max: 0.0, Diff: 0.0, Sum: 0.0]
      [Object Copy (ms): Min: 93.4, Avg: 93.5, Max: 93.7, Diff: 0.3, Sum: 748.1]
      [Termination (ms): Min: 0.0, Avg: 0.2, Max: 0.3, Diff: 0.3, Sum: 1.4]
      [GC Worker Other (ms): Min: 0.0, Avg: 0.0, Max: 0.0, Diff: 0.0, Sum: 0.2]
      [GC Worker Total (ms): Min: 149.8, Avg: 149.9, Max: 150.0, Diff: 0.2, Sum: 1199.5]
      [GC Worker End (ms): Min: 8466.8, Avg: 8466.8, Max: 8466.8, Diff: 0.0]
   [Code Root Fixup: 0.0 ms]
   [Code Root Migration: 0.0 ms]
   [Clear CT: 0.1 ms]
   [Other: 0.5 ms]
      [Choose CSet: 0.0 ms]
      [Ref Proc: 0.1 ms]
      [Ref Enq: 0.0 ms]
      [Free CSet: 0.1 ms]
   [Eden: 58.0M(58.0M)->0.0B(54.0M) Survivors: 7168.0K->9216.0K Heap: 627.7M(1024.0M)->631.2M(1024.0M)]
 [Times: user=1.14 sys=0.06, real=0.16 secs] 
2015-01-27T13:23:15.090+0300: 8.468: [GC concurrent-mark-reset-for-overflow]
2015-01-27T13:23:15.219+0300: 8.606: [GC pause (G1 Evacuation Pause) (young), 0.1854379 secs]
   [Parallel Time: 184.9 ms, GC Workers: 8]
      [GC Worker Start (ms): Min: 8606.0, Avg: 8606.2, Max: 8607.5, Diff: 1.5]
      [Ext Root Scanning (ms): Min: 0.0, Avg: 0.1, Max: 0.1, Diff: 0.1, Sum: 0.8]
      [SATB Filtering (ms): Min: 0.0, Avg: 0.0, Max: 0.0, Diff: 0.0, Sum: 0.0]
      [Update RS (ms): Min: 19.9, Avg: 20.6, Max: 22.6, Diff: 2.8, Sum: 164.5]
         [Processed Buffers: Min: 7, Avg: 7.5, Max: 8, Diff: 1, Sum: 60]
      [Scan RS (ms): Min: 48.6, Avg: 50.5, Max: 51.5, Diff: 2.8, Sum: 404.1]
      [Code Root Scanning (ms): Min: 0.0, Avg: 0.0, Max: 0.0, Diff: 0.0, Sum: 0.0]
      [Object Copy (ms): Min: 110.8, Avg: 111.2, Max: 113.3, Diff: 2.6, Sum: 889.4]
      [Termination (ms): Min: 0.0, Avg: 2.3, Max: 2.6, Diff: 2.6, Sum: 18.2]
      [GC Worker Other (ms): Min: 0.0, Avg: 0.0, Max: 0.0, Diff: 0.0, Sum: 0.1]
      [GC Worker Total (ms): Min: 183.3, Avg: 184.6, Max: 184.8, Diff: 1.5, Sum: 1477.0]
      [GC Worker End (ms): Min: 8790.8, Avg: 8790.8, Max: 8790.8, Diff: 0.0]
   [Code Root Fixup: 0.0 ms]
   [Code Root Migration: 0.0 ms]
   [Clear CT: 0.0 ms]
   [Other: 0.5 ms]
      [Choose CSet: 0.0 ms]
      [Ref Proc: 0.1 ms]
      [Ref Enq: 0.0 ms]
      [Free CSet: 0.1 ms]
   [Eden: 54.0M(54.0M)->0.0B(43.0M) Survivors: 9216.0K->8192.0K Heap: 730.9M(1024.0M)->734.9M(1024.0M)]
 [Times: user=1.54 sys=0.05, real=0.19 secs] 
2015-01-27T13:23:15.517+0300: 8.895: [GC pause (G1 Humongous Allocation) (young), 0.1756245 secs]
   [Parallel Time: 175.0 ms, GC Workers: 8]
      [GC Worker Start (ms): Min: 8895.1, Avg: 8895.1, Max: 8895.1, Diff: 0.0]
      [Ext Root Scanning (ms): Min: 0.1, Avg: 0.1, Max: 0.1, Diff: 0.0, Sum: 0.8]
      [SATB Filtering (ms): Min: 0.0, Avg: 0.0, Max: 0.0, Diff: 0.0, Sum: 0.0]
      [Update RS (ms): Min: 65.0, Avg: 66.2, Max: 68.1, Diff: 3.2, Sum: 529.3]
         [Processed Buffers: Min: 23, Avg: 23.5, Max: 24, Diff: 1, Sum: 188]
      [Scan RS (ms): Min: 24.1, Avg: 26.1, Max: 27.3, Diff: 3.2, Sum: 208.9]
      [Code Root Scanning (ms): Min: 0.0, Avg: 0.0, Max: 0.0, Diff: 0.0, Sum: 0.0]
      [Object Copy (ms): Min: 82.4, Avg: 82.4, Max: 82.5, Diff: 0.1, Sum: 659.3]
      [Termination (ms): Min: 0.0, Avg: 0.1, Max: 0.1, Diff: 0.1, Sum: 0.4]
      [GC Worker Other (ms): Min: 0.0, Avg: 0.0, Max: 0.0, Diff: 0.0, Sum: 0.1]
      [GC Worker Total (ms): Min: 174.9, Avg: 174.9, Max: 174.9, Diff: 0.0, Sum: 1399.0]
      [GC Worker End (ms): Min: 9070.0, Avg: 9070.0, Max: 9070.0, Diff: 0.0]
   [Code Root Fixup: 0.0 ms]
   [Code Root Migration: 0.0 ms]
   [Clear CT: 0.1 ms]
   [Other: 0.6 ms]
      [Choose CSet: 0.0 ms]
      [Ref Proc: 0.1 ms]
      [Ref Enq: 0.0 ms]
      [Free CSet: 0.1 ms]
   [Eden: 43.0M(43.0M)->0.0B(44.0M) Survivors: 8192.0K->7168.0K Heap: 800.7M(1024.0M)->803.9M(1024.0M)]
 [Times: user=1.40 sys=0.05, real=0.18 secs] 
2015-01-27T13:23:15.693+0300: 9.071: [GC concurrent-mark-end, 1.1491552 secs]
2015-01-27T13:23:15.693+0300: 9.071: [Full GC (Allocation Failure)  803M->117M(393M), 0.5588579 secs]
   [Eden: 0.0B(44.0M)->0.0B(41.0M) Survivors: 7168.0K->0.0B Heap: 803.9M(1024.0M)->117.7M(393.0M)], [Metaspace: 2644K->2644K(1056768K)]
 [Times: user=0.55 sys=0.05, real=0.55 secs] 
2015-01-27T13:23:16.247+0300: 9.633: [GC remark, 0.0000140 secs]
 [Times: user=0.00 sys=0.00, real=0.00 secs] 
2015-01-27T13:23:16.247+0300: 9.633: [GC concurrent-mark-abort]
2015-01-27T13:23:16.329+0300: 9.716: [GC pause (G1 Evacuation Pause) (young), 0.0622067 secs]
   [Parallel Time: 61.7 ms, GC Workers: 8]
      [GC Worker Start (ms): Min: 9715.9, Avg: 9715.9, Max: 9715.9, Diff: 0.0]
      [Ext Root Scanning (ms): Min: 0.1, Avg: 0.1, Max: 0.1, Diff: 0.0, Sum: 0.9]
      [Update RS (ms): Min: 4.9, Avg: 6.3, Max: 8.2, Diff: 3.2, Sum: 50.0]
         [Processed Buffers: Min: 2, Avg: 2.5, Max: 3, Diff: 1, Sum: 20]
      [Scan RS (ms): Min: 10.2, Avg: 12.2, Max: 13.6, Diff: 3.4, Sum: 97.4]
      [Code Root Scanning (ms): Min: 0.0, Avg: 0.0, Max: 0.0, Diff: 0.0, Sum: 0.0]
      [Object Copy (ms): Min: 42.9, Avg: 43.1, Max: 43.2, Diff: 0.3, Sum: 344.7]
      [Termination (ms): Min: 0.0, Avg: 0.0, Max: 0.0, Diff: 0.0, Sum: 0.1]
      [GC Worker Other (ms): Min: 0.0, Avg: 0.0, Max: 0.0, Diff: 0.0, Sum: 0.1]
      [GC Worker Total (ms): Min: 61.6, Avg: 61.6, Max: 61.7, Diff: 0.0, Sum: 493.2]
      [GC Worker End (ms): Min: 9777.5, Avg: 9777.5, Max: 9777.5, Diff: 0.0]
   [Code Root Fixup: 0.0 ms]
   [Code Root Migration: 0.0 ms]
   [Clear CT: 0.1 ms]
   [Other: 0.5 ms]
      [Choose CSet: 0.0 ms]
      [Ref Proc: 0.1 ms]
      [Ref Enq: 0.0 ms]
      [Free CSet: 0.0 ms]
   [Eden: 41.0M(41.0M)->0.0B(55.0M) Survivors: 0.0B->6144.0K Heap: 193.9M(393.0M)->196.4M(520.0M)]
 [Times: user=0.62 sys=0.00, real=0.07 secs] 
2015-01-27T13:23:16.409+0300: 9.789: [GC pause (G1 Humongous Allocation) (young) (initial-mark), 0.0302377 secs]
   [Parallel Time: 29.8 ms, GC Workers: 8]
      [GC Worker Start (ms): Min: 9789.5, Avg: 9789.5, Max: 9789.5, Diff: 0.0]
      [Ext Root Scanning (ms): Min: 0.1, Avg: 0.1, Max: 0.1, Diff: 0.0, Sum: 0.9]
      [Code Root Marking (ms): Min: 0.0, Avg: 0.0, Max: 0.0, Diff: 0.0, Sum: 0.1]
      [Update RS (ms): Min: 9.7, Avg: 10.6, Max: 13.0, Diff: 3.3, Sum: 85.0]
         [Processed Buffers: Min: 5, Avg: 5.5, Max: 6, Diff: 1, Sum: 44]
      [Scan RS (ms): Min: 0.0, Avg: 1.5, Max: 2.3, Diff: 2.3, Sum: 11.6]
      [Code Root Scanning (ms): Min: 0.0, Avg: 0.0, Max: 0.0, Diff: 0.0, Sum: 0.0]
      [Object Copy (ms): Min: 16.6, Avg: 17.5, Max: 17.8, Diff: 1.2, Sum: 140.3]
      [Termination (ms): Min: 0.0, Avg: 0.0, Max: 0.0, Diff: 0.0, Sum: 0.0]
      [GC Worker Other (ms): Min: 0.0, Avg: 0.0, Max: 0.0, Diff: 0.0, Sum: 0.1]
      [GC Worker Total (ms): Min: 29.7, Avg: 29.7, Max: 29.8, Diff: 0.0, Sum: 238.0]
      [GC Worker End (ms): Min: 9819.3, Avg: 9819.3, Max: 9819.3, Diff: 0.0]
   [Code Root Fixup: 0.0 ms]
   [Code Root Migration: 0.0 ms]
   [Clear CT: 0.0 ms]
   [Other: 0.4 ms]
      [Choose CSet: 0.0 ms]
      [Ref Proc: 0.1 ms]
      [Ref Enq: 0.0 ms]
      [Free CSet: 0.0 ms]
   [Eden: 7168.0K(55.0M)->0.0B(76.0M) Survivors: 6144.0K->8192.0K Heap: 202.4M(520.0M)->207.6M(621.0M)]
 [Times: user=0.13 sys=0.00, real=0.03 secs] 
2015-01-27T13:23:16.439+0300: 9.820: [GC concurrent-root-region-scan-start]
2015-01-27T13:23:16.439+0300: 9.822: [GC concurrent-root-region-scan-end, 0.0022052 secs]
2015-01-27T13:23:16.439+0300: 9.822: [GC concurrent-mark-start]
2015-01-27T13:23:17.041+0300: 10.424: [GC pause (G1 Evacuation Pause) (young), 0.3209138 secs]
   [Parallel Time: 320.1 ms, GC Workers: 8]
      [GC Worker Start (ms): Min: 10423.7, Avg: 10451.0, Max: 10498.2, Diff: 74.5]
      [Ext Root Scanning (ms): Min: 0.0, Avg: 0.1, Max: 0.1, Diff: 0.1, Sum: 0.5]
      [SATB Filtering (ms): Min: 0.0, Avg: 0.0, Max: 0.0, Diff: 0.0, Sum: 0.0]
      [Update RS (ms): Min: 0.0, Avg: 45.2, Max: 115.1, Diff: 115.1, Sum: 361.9]
         [Processed Buffers: Min: 0, Avg: 13.6, Max: 27, Diff: 27, Sum: 109]
      [Scan RS (ms): Min: 19.0, Avg: 63.1, Max: 75.0, Diff: 56.0, Sum: 504.7]
      [Code Root Scanning (ms): Min: 0.0, Avg: 0.0, Max: 0.0, Diff: 0.0, Sum: 0.0]
      [Object Copy (ms): Min: 131.0, Avg: 155.1, Max: 186.0, Diff: 55.0, Sum: 1240.4]
      [Termination (ms): Min: 0.0, Avg: 29.3, Max: 42.3, Diff: 42.3, Sum: 234.5]
      [GC Worker Other (ms): Min: 0.0, Avg: 0.0, Max: 0.0, Diff: 0.0, Sum: 0.2]
      [GC Worker Total (ms): Min: 245.5, Avg: 292.8, Max: 320.1, Diff: 74.5, Sum: 2342.2]
      [GC Worker End (ms): Min: 10743.7, Avg: 10743.8, Max: 10743.8, Diff: 0.0]
   [Code Root Fixup: 0.0 ms]
   [Code Root Migration: 0.0 ms]
   [Clear CT: 0.1 ms]
   [Other: 0.7 ms]
      [Choose CSet: 0.0 ms]
      [Ref Proc: 0.1 ms]
      [Ref Enq: 0.0 ms]
      [Free CSet: 0.1 ms]
   [Eden: 76.0M(76.0M)->0.0B(26.0M) Survivors: 8192.0K->11.0M Heap: 405.6M(621.0M)->405.9M(702.0M)]
 [Times: user=1.86 sys=0.08, real=0.32 secs] 
2015-01-27T13:23:17.358+0300: 10.745: [GC concurrent-mark-reset-for-overflow]
2015-01-27T13:23:17.416+0300: 10.793: [GC pause (G1 Evacuation Pause) (young), 0.1909561 secs]
   [Parallel Time: 190.3 ms, GC Workers: 8]
      [GC Worker Start (ms): Min: 10793.5, Avg: 10793.5, Max: 10793.6, Diff: 0.1]
      [Ext Root Scanning (ms): Min: 0.0, Avg: 0.1, Max: 0.1, Diff: 0.1, Sum: 0.8]
      [SATB Filtering (ms): Min: 0.0, Avg: 0.0, Max: 0.0, Diff: 0.0, Sum: 0.0]
      [Update RS (ms): Min: 109.7, Avg: 110.3, Max: 112.3, Diff: 2.7, Sum: 882.6]
         [Processed Buffers: Min: 46, Avg: 47.1, Max: 49, Diff: 3, Sum: 377]
      [Scan RS (ms): Min: 16.0, Avg: 18.0, Max: 18.7, Diff: 2.7, Sum: 144.4]
      [Code Root Scanning (ms): Min: 0.0, Avg: 0.0, Max: 0.0, Diff: 0.0, Sum: 0.0]
      [Object Copy (ms): Min: 61.6, Avg: 61.7, Max: 61.8, Diff: 0.2, Sum: 493.8]
      [Termination (ms): Min: 0.0, Avg: 0.0, Max: 0.0, Diff: 0.0, Sum: 0.1]
      [GC Worker Other (ms): Min: 0.0, Avg: 0.0, Max: 0.0, Diff: 0.0, Sum: 0.1]
      [GC Worker Total (ms): Min: 190.1, Avg: 190.2, Max: 190.2, Diff: 0.1, Sum: 1521.7]
      [GC Worker End (ms): Min: 10983.7, Avg: 10983.7, Max: 10983.7, Diff: 0.0]
   [Code Root Fixup: 0.0 ms]
   [Code Root Migration: 0.0 ms]
   [Clear CT: 0.1 ms]
   [Other: 0.6 ms]
      [Choose CSet: 0.0 ms]
      [Ref Proc: 0.1 ms]
      [Ref Enq: 0.0 ms]
      [Free CSet: 0.1 ms]
   [Eden: 26.0M(26.0M)->0.0B(33.0M) Survivors: 11.0M->5120.0K Heap: 431.9M(702.0M)->436.9M(767.0M)]
 [Times: user=1.47 sys=0.00, real=0.19 secs] 
2015-01-27T13:23:17.695+0300: 11.073: [GC pause (G1 Evacuation Pause) (young), 0.0682549 secs]
   [Parallel Time: 67.8 ms, GC Workers: 8]
      [GC Worker Start (ms): Min: 11072.8, Avg: 11072.9, Max: 11073.0, Diff: 0.2]
      [Ext Root Scanning (ms): Min: 0.0, Avg: 0.1, Max: 0.2, Diff: 0.2, Sum: 0.6]
      [SATB Filtering (ms): Min: 0.0, Avg: 0.0, Max: 0.0, Diff: 0.0, Sum: 0.0]
      [Update RS (ms): Min: 6.1, Avg: 7.2, Max: 7.9, Diff: 1.8, Sum: 57.6]
         [Processed Buffers: Min: 3, Avg: 3.5, Max: 5, Diff: 2, Sum: 28]
      [Scan RS (ms): Min: 11.6, Avg: 12.4, Max: 13.3, Diff: 1.7, Sum: 99.0]
      [Code Root Scanning (ms): Min: 0.0, Avg: 0.0, Max: 0.0, Diff: 0.0, Sum: 0.0]
      [Object Copy (ms): Min: 47.8, Avg: 47.9, Max: 48.0, Diff: 0.3, Sum: 383.2]
      [Termination (ms): Min: 0.0, Avg: 0.0, Max: 0.0, Diff: 0.0, Sum: 0.2]
      [GC Worker Other (ms): Min: 0.0, Avg: 0.0, Max: 0.0, Diff: 0.0, Sum: 0.1]
      [GC Worker Total (ms): Min: 67.5, Avg: 67.6, Max: 67.7, Diff: 0.2, Sum: 540.6]
      [GC Worker End (ms): Min: 11140.5, Avg: 11140.5, Max: 11140.5, Diff: 0.0]
   [Code Root Fixup: 0.0 ms]
   [Code Root Migration: 0.0 ms]
   [Clear CT: 0.0 ms]
   [Other: 0.4 ms]
      [Choose CSet: 0.0 ms]
      [Ref Proc: 0.1 ms]
      [Ref Enq: 0.0 ms]
      [Free CSet: 0.1 ms]
   [Eden: 33.0M(33.0M)->0.0B(38.0M) Survivors: 5120.0K->5120.0K Heap: 505.1M(767.0M)->508.6M(819.0M)]
 [Times: user=0.48 sys=0.02, real=0.07 secs] 
2015-01-27T13:23:17.944+0300: 11.328: [GC pause (G1 Evacuation Pause) (young), 0.1080321 secs]
   [Parallel Time: 107.5 ms, GC Workers: 8]
      [GC Worker Start (ms): Min: 11328.3, Avg: 11328.3, Max: 11328.3, Diff: 0.0]
      [Ext Root Scanning (ms): Min: 0.1, Avg: 0.1, Max: 0.1, Diff: 0.0, Sum: 0.8]
      [SATB Filtering (ms): Min: 0.0, Avg: 0.0, Max: 0.0, Diff: 0.0, Sum: 0.0]
      [Update RS (ms): Min: 8.1, Avg: 10.2, Max: 12.1, Diff: 4.0, Sum: 81.6]
         [Processed Buffers: Min: 3, Avg: 3.9, Max: 4, Diff: 1, Sum: 31]
      [Scan RS (ms): Min: 25.3, Avg: 27.2, Max: 29.4, Diff: 4.1, Sum: 217.5]
      [Code Root Scanning (ms): Min: 0.0, Avg: 0.0, Max: 0.0, Diff: 0.0, Sum: 0.0]
      [Object Copy (ms): Min: 69.8, Avg: 69.9, Max: 70.2, Diff: 0.4, Sum: 559.6]
      [Termination (ms): Min: 0.0, Avg: 0.0, Max: 0.0, Diff: 0.0, Sum: 0.3]
      [GC Worker Other (ms): Min: 0.0, Avg: 0.0, Max: 0.0, Diff: 0.0, Sum: 0.1]
      [GC Worker Total (ms): Min: 107.5, Avg: 107.5, Max: 107.5, Diff: 0.0, Sum: 860.0]
      [GC Worker End (ms): Min: 11435.8, Avg: 11435.8, Max: 11435.8, Diff: 0.0]
   [Code Root Fixup: 0.0 ms]
   [Code Root Migration: 0.0 ms]
   [Clear CT: 0.0 ms]
   [Other: 0.4 ms]
      [Choose CSet: 0.0 ms]
      [Ref Proc: 0.1 ms]
      [Ref Enq: 0.0 ms]
      [Free CSet: 0.1 ms]
   [Eden: 38.0M(38.0M)->0.0B(42.0M) Survivors: 5120.0K->6144.0K Heap: 604.4M(819.0M)->605.9M(860.0M)]
 [Times: user=0.84 sys=0.03, real=0.11 secs] 
2015-01-27T13:23:18.117+0300: 11.495: [GC concurrent-mark-end, 1.6726923 secs]
2015-01-27T13:23:18.120+0300: 11.497: [GC remark 11.498: [GC ref-proc, 0.0000672 secs], 0.0012773 secs]
 [Times: user=0.00 sys=0.00, real=0.00 secs] 
2015-01-27T13:23:18.123+0300: 11.500: [GC cleanup 653M->629M(860M), 0.0005556 secs]
 [Times: user=0.00 sys=0.00, real=0.00 secs] 
2015-01-27T13:23:18.123+0300: 11.501: [GC concurrent-cleanup-start]
2015-01-27T13:23:18.123+0300: 11.501: [GC concurrent-cleanup-end, 0.0000425 secs]
2015-01-27T13:23:18.168+0300: 11.545: [GC pause (G1 Evacuation Pause) (young), 0.1508117 secs]
   [Parallel Time: 150.3 ms, GC Workers: 8]
      [GC Worker Start (ms): Min: 11545.5, Avg: 11545.6, Max: 11545.9, Diff: 0.4]
      [Ext Root Scanning (ms): Min: 0.0, Avg: 0.1, Max: 0.1, Diff: 0.1, Sum: 0.7]
      [Update RS (ms): Min: 15.5, Avg: 16.4, Max: 17.4, Diff: 1.9, Sum: 131.0]
         [Processed Buffers: Min: 5, Avg: 5.9, Max: 6, Diff: 1, Sum: 47]
      [Scan RS (ms): Min: 43.3, Avg: 44.4, Max: 45.3, Diff: 2.0, Sum: 355.4]
      [Code Root Scanning (ms): Min: 0.0, Avg: 0.0, Max: 0.0, Diff: 0.0, Sum: 0.0]
      [Object Copy (ms): Min: 88.9, Avg: 89.1, Max: 89.2, Diff: 0.3, Sum: 712.6]
      [Termination (ms): Min: 0.0, Avg: 0.1, Max: 0.2, Diff: 0.2, Sum: 1.2]
      [GC Worker Other (ms): Min: 0.0, Avg: 0.0, Max: 0.0, Diff: 0.0, Sum: 0.1]
      [GC Worker Total (ms): Min: 149.8, Avg: 150.1, Max: 150.2, Diff: 0.4, Sum: 1201.0]
      [GC Worker End (ms): Min: 11695.7, Avg: 11695.7, Max: 11695.7, Diff: 0.0]
   [Code Root Fixup: 0.0 ms]
   [Code Root Migration: 0.0 ms]
   [Clear CT: 0.0 ms]
   [Other: 0.5 ms]
      [Choose CSet: 0.0 ms]
      [Ref Proc: 0.1 ms]
      [Ref Enq: 0.0 ms]
      [Free CSet: 0.1 ms]
   [Eden: 42.0M(42.0M)->0.0B(38.0M) Survivors: 6144.0K->6144.0K Heap: 665.2M(860.0M)->670.2M(893.0M)]
 [Times: user=1.12 sys=0.00, real=0.14 secs] 
2015-01-27T13:23:18.340+0300: 11.725: [GC pause (G1 Humongous Allocation) (young) (initial-mark), 0.0905527 secs]
   [Parallel Time: 90.1 ms, GC Workers: 8]
      [GC Worker Start (ms): Min: 11724.7, Avg: 11724.7, Max: 11724.8, Diff: 0.1]
      [Ext Root Scanning (ms): Min: 0.1, Avg: 0.1, Max: 0.1, Diff: 0.1, Sum: 0.9]
      [Code Root Marking (ms): Min: 0.0, Avg: 0.0, Max: 0.0, Diff: 0.0, Sum: 0.2]
      [Update RS (ms): Min: 42.4, Avg: 43.0, Max: 44.1, Diff: 1.7, Sum: 344.3]
         [Processed Buffers: Min: 18, Avg: 19.5, Max: 22, Diff: 4, Sum: 156]
      [Scan RS (ms): Min: 10.4, Avg: 11.5, Max: 12.0, Diff: 1.5, Sum: 91.7]
      [Code Root Scanning (ms): Min: 0.0, Avg: 0.0, Max: 0.0, Diff: 0.0, Sum: 0.0]
      [Object Copy (ms): Min: 35.4, Avg: 35.4, Max: 35.5, Diff: 0.1, Sum: 283.3]
      [Termination (ms): Min: 0.0, Avg: 0.0, Max: 0.1, Diff: 0.1, Sum: 0.4]
      [GC Worker Other (ms): Min: 0.0, Avg: 0.0, Max: 0.0, Diff: 0.0, Sum: 0.1]
      [GC Worker Total (ms): Min: 90.1, Avg: 90.1, Max: 90.1, Diff: 0.1, Sum: 720.9]
      [GC Worker End (ms): Min: 11814.8, Avg: 11814.8, Max: 11814.8, Diff: 0.0]
   [Code Root Fixup: 0.0 ms]
   [Code Root Migration: 0.0 ms]
   [Clear CT: 0.0 ms]
   [Other: 0.3 ms]
      [Choose CSet: 0.0 ms]
      [Ref Proc: 0.1 ms]
      [Ref Enq: 0.0 ms]
      [Free CSet: 0.0 ms]
   [Eden: 16.0M(38.0M)->0.0B(46.0M) Survivors: 6144.0K->6144.0K Heap: 685.2M(893.0M)->689.7M(920.0M)]
 [Times: user=0.87 sys=0.00, real=0.10 secs] 
2015-01-27T13:23:18.438+0300: 11.815: [GC concurrent-root-region-scan-start]
2015-01-27T13:23:18.456+0300: 11.834: [GC concurrent-root-region-scan-end, 0.0188388 secs]
2015-01-27T13:23:18.456+0300: 11.834: [GC concurrent-mark-start]
2015-01-27T13:23:18.745+0300: 12.129: [GC pause (G1 Evacuation Pause) (young), 0.1267066 secs]
   [Parallel Time: 126.2 ms, GC Workers: 8]
      [GC Worker Start (ms): Min: 12129.3, Avg: 12130.3, Max: 12137.3, Diff: 8.0]
      [Ext Root Scanning (ms): Min: 0.0, Avg: 0.1, Max: 0.2, Diff: 0.2, Sum: 0.7]
      [SATB Filtering (ms): Min: 0.0, Avg: 0.0, Max: 0.0, Diff: 0.0, Sum: 0.0]
      [Update RS (ms): Min: 0.0, Avg: 5.6, Max: 8.6, Diff: 8.6, Sum: 44.9]
         [Processed Buffers: Min: 0, Avg: 2.5, Max: 4, Diff: 4, Sum: 20]
      [Scan RS (ms): Min: 34.9, Avg: 38.0, Max: 45.3, Diff: 10.4, Sum: 304.4]
      [Code Root Scanning (ms): Min: 0.0, Avg: 0.0, Max: 0.0, Diff: 0.0, Sum: 0.0]
      [Object Copy (ms): Min: 73.0, Avg: 81.3, Max: 82.7, Diff: 9.7, Sum: 650.3]
      [Termination (ms): Min: 0.0, Avg: 0.1, Max: 0.1, Diff: 0.1, Sum: 0.8]
      [GC Worker Other (ms): Min: 0.0, Avg: 0.0, Max: 0.0, Diff: 0.0, Sum: 0.1]
      [GC Worker Total (ms): Min: 118.2, Avg: 125.2, Max: 126.2, Diff: 8.0, Sum: 1001.2]
      [GC Worker End (ms): Min: 12255.5, Avg: 12255.5, Max: 12255.5, Diff: 0.0]
   [Code Root Fixup: 0.0 ms]
   [Code Root Migration: 0.0 ms]
   [Clear CT: 0.0 ms]
   [Other: 0.4 ms]
      [Choose CSet: 0.0 ms]
      [Ref Proc: 0.1 ms]
      [Ref Enq: 0.0 ms]
      [Free CSet: 0.1 ms]
   [Eden: 46.0M(46.0M)->0.0B(40.0M) Survivors: 6144.0K->7168.0K Heap: 794.3M(920.0M)->798.3M(941.0M)]
 [Times: user=0.87 sys=0.08, real=0.13 secs] 
2015-01-27T13:23:19.035+0300: 12.413: [GC concurrent-mark-end, 0.5786212 secs]
2015-01-27T13:23:19.035+0300: 12.413: [GC remark 12.413: [GC ref-proc, 0.0000723 secs], 0.0009470 secs]
 [Times: user=0.00 sys=0.00, real=0.00 secs] 
2015-01-27T13:23:19.037+0300: 12.414: [GC cleanup 890M->305M(941M), 0.0005701 secs]
 [Times: user=0.00 sys=0.00, real=0.00 secs] 
2015-01-27T13:23:19.037+0300: 12.415: [GC concurrent-cleanup-start]
2015-01-27T13:23:19.038+0300: 12.415: [GC concurrent-cleanup-end, 0.0005640 secs]
2015-01-27T13:23:19.038+0300: 12.416: [GC pause (G1 Evacuation Pause) (young), 0.1118719 secs]
   [Parallel Time: 111.4 ms, GC Workers: 8]
      [GC Worker Start (ms): Min: 12415.7, Avg: 12415.7, Max: 12415.7, Diff: 0.0]
      [Ext Root Scanning (ms): Min: 0.1, Avg: 0.1, Max: 0.1, Diff: 0.0, Sum: 0.9]
      [Update RS (ms): Min: 10.9, Avg: 12.2, Max: 13.7, Diff: 2.8, Sum: 97.7]
         [Processed Buffers: Min: 4, Avg: 4.8, Max: 5, Diff: 1, Sum: 38]
      [Scan RS (ms): Min: 31.6, Avg: 32.9, Max: 34.4, Diff: 2.8, Sum: 263.6]
      [Code Root Scanning (ms): Min: 0.0, Avg: 0.0, Max: 0.0, Diff: 0.0, Sum: 0.0]
      [Object Copy (ms): Min: 65.9, Avg: 66.0, Max: 66.2, Diff: 0.4, Sum: 528.2]
      [Termination (ms): Min: 0.0, Avg: 0.0, Max: 0.0, Diff: 0.0, Sum: 0.0]
      [GC Worker Other (ms): Min: 0.0, Avg: 0.0, Max: 0.0, Diff: 0.0, Sum: 0.1]
      [GC Worker Total (ms): Min: 111.3, Avg: 111.3, Max: 111.3, Diff: 0.0, Sum: 890.5]
      [GC Worker End (ms): Min: 12527.0, Avg: 12527.0, Max: 12527.0, Diff: 0.0]
   [Code Root Fixup: 0.0 ms]
   [Code Root Migration: 0.0 ms]
   [Clear CT: 0.1 ms]
   [Other: 0.4 ms]
      [Choose CSet: 0.0 ms]
      [Ref Proc: 0.1 ms]
      [Ref Enq: 0.0 ms]
      [Free CSet: 0.1 ms]
   [Eden: 40.0M(40.0M)->0.0B(55.0M) Survivors: 7168.0K->6144.0K Heap: 305.6M(941.0M)->309.6M(958.0M)]
 [Times: user=0.84 sys=0.01, real=0.11 secs] 
2015-01-27T13:23:19.285+0300: 12.668: [GC pause (G1 Evacuation Pause) (young), 0.1938480 secs]
   [Parallel Time: 193.3 ms, GC Workers: 8]
      [GC Worker Start (ms): Min: 12667.9, Avg: 12667.9, Max: 12668.0, Diff: 0.2]
      [Ext Root Scanning (ms): Min: 0.0, Avg: 0.1, Max: 0.1, Diff: 0.1, Sum: 0.8]
      [Update RS (ms): Min: 10.4, Avg: 12.1, Max: 14.5, Diff: 4.1, Sum: 97.0]
         [Processed Buffers: Min: 4, Avg: 4.8, Max: 7, Diff: 3, Sum: 38]
      [Scan RS (ms): Min: 70.5, Avg: 72.8, Max: 74.8, Diff: 4.3, Sum: 582.3]
      [Code Root Scanning (ms): Min: 0.0, Avg: 0.0, Max: 0.0, Diff: 0.0, Sum: 0.0]
      [Object Copy (ms): Min: 105.7, Avg: 106.3, Max: 108.2, Diff: 2.6, Sum: 850.2]
      [Termination (ms): Min: 0.0, Avg: 1.9, Max: 2.2, Diff: 2.2, Sum: 15.4]
      [GC Worker Other (ms): Min: 0.0, Avg: 0.0, Max: 0.0, Diff: 0.0, Sum: 0.1]
      [GC Worker Total (ms): Min: 193.1, Avg: 193.2, Max: 193.2, Diff: 0.2, Sum: 1545.7]
      [GC Worker End (ms): Min: 12861.1, Avg: 12861.1, Max: 12861.1, Diff: 0.0]
   [Code Root Fixup: 0.0 ms]
   [Code Root Migration: 0.0 ms]
   [Clear CT: 0.0 ms]
   [Other: 0.5 ms]
      [Choose CSet: 0.0 ms]
      [Ref Proc: 0.1 ms]
      [Ref Enq: 0.0 ms]
      [Free CSet: 0.1 ms]
   [Eden: 55.0M(55.0M)->0.0B(40.0M) Survivors: 6144.0K->8192.0K Heap: 410.4M(958.0M)->413.9M(972.0M)]
 [Times: user=1.33 sys=0.17, real=0.19 secs] 
2015-01-27T13:23:19.563+0300: 12.941: [GC pause (G1 Evacuation Pause) (young), 0.1622084 secs]
   [Parallel Time: 161.7 ms, GC Workers: 8]
      [GC Worker Start (ms): Min: 12941.0, Avg: 12941.1, Max: 12941.1, Diff: 0.1]
      [Ext Root Scanning (ms): Min: 0.1, Avg: 0.1, Max: 0.1, Diff: 0.1, Sum: 0.8]
      [Update RS (ms): Min: 54.8, Avg: 55.6, Max: 57.0, Diff: 2.2, Sum: 445.0]
         [Processed Buffers: Min: 18, Avg: 19.0, Max: 20, Diff: 2, Sum: 152]
      [Scan RS (ms): Min: 25.6, Avg: 27.2, Max: 28.0, Diff: 2.4, Sum: 217.2]
      [Code Root Scanning (ms): Min: 0.0, Avg: 0.0, Max: 0.0, Diff: 0.0, Sum: 0.0]
      [Object Copy (ms): Min: 78.2, Avg: 78.6, Max: 79.0, Diff: 0.8, Sum: 628.9]
      [Termination (ms): Min: 0.0, Avg: 0.1, Max: 0.2, Diff: 0.2, Sum: 1.0]
      [GC Worker Other (ms): Min: 0.0, Avg: 0.0, Max: 0.0, Diff: 0.0, Sum: 0.1]
      [GC Worker Total (ms): Min: 161.6, Avg: 161.6, Max: 161.7, Diff: 0.1, Sum: 1293.1]
      [GC Worker End (ms): Min: 13102.7, Avg: 13102.7, Max: 13102.7, Diff: 0.0]
   [Code Root Fixup: 0.0 ms]
   [Code Root Migration: 0.0 ms]
   [Clear CT: 0.1 ms]
   [Other: 0.4 ms]
      [Choose CSet: 0.0 ms]
      [Ref Proc: 0.1 ms]
      [Ref Enq: 0.0 ms]
      [Free CSet: 0.1 ms]
   [Eden: 40.0M(40.0M)->0.0B(43.0M) Survivors: 8192.0K->6144.0K Heap: 477.3M(972.0M)->481.3M(983.0M)]
 [Times: user=1.22 sys=0.02, real=0.16 secs] 
2015-01-27T13:23:19.765+0300: 13.143: [GC pause (G1 Humongous Allocation) (young) (initial-mark), 0.0257108 secs]
   [Parallel Time: 25.3 ms, GC Workers: 8]
      [GC Worker Start (ms): Min: 13142.7, Avg: 13142.7, Max: 13142.7, Diff: 0.0]
      [Ext Root Scanning (ms): Min: 0.1, Avg: 0.1, Max: 0.1, Diff: 0.0, Sum: 0.9]
      [Code Root Marking (ms): Min: 0.0, Avg: 0.0, Max: 0.0, Diff: 0.0, Sum: 0.2]
      [Update RS (ms): Min: 4.8, Avg: 5.4, Max: 6.9, Diff: 2.0, Sum: 43.5]
         [Processed Buffers: Min: 2, Avg: 3.0, Max: 5, Diff: 3, Sum: 24]
      [Scan RS (ms): Min: 1.1, Avg: 2.5, Max: 3.2, Diff: 2.1, Sum: 20.0]
      [Code Root Scanning (ms): Min: 0.0, Avg: 0.0, Max: 0.0, Diff: 0.0, Sum: 0.0]
      [Object Copy (ms): Min: 17.0, Avg: 17.1, Max: 17.2, Diff: 0.2, Sum: 137.0]
      [Termination (ms): Min: 0.0, Avg: 0.0, Max: 0.0, Diff: 0.0, Sum: 0.2]
      [GC Worker Other (ms): Min: 0.0, Avg: 0.0, Max: 0.0, Diff: 0.0, Sum: 0.1]
      [GC Worker Total (ms): Min: 25.2, Avg: 25.3, Max: 25.3, Diff: 0.0, Sum: 202.0]
      [GC Worker End (ms): Min: 13167.9, Avg: 13167.9, Max: 13167.9, Diff: 0.0]
   [Code Root Fixup: 0.0 ms]
   [Code Root Migration: 0.0 ms]
   [Clear CT: 0.1 ms]
   [Other: 0.3 ms]
      [Choose CSet: 0.0 ms]
      [Ref Proc: 0.1 ms]
      [Ref Enq: 0.0 ms]
      [Free CSet: 0.0 ms]
   [Eden: 5120.0K(43.0M)->0.0B(61.0M) Survivors: 6144.0K->7168.0K Heap: 485.7M(983.0M)->491.8M(992.0M)]
 [Times: user=0.12 sys=0.00, real=0.03 secs] 
2015-01-27T13:23:19.791+0300: 13.168: [GC concurrent-root-region-scan-start]
2015-01-27T13:23:19.793+0300: 13.171: [GC concurrent-root-region-scan-end, 0.0020685 secs]
2015-01-27T13:23:19.793+0300: 13.171: [GC concurrent-mark-start]
2015-01-27T13:23:20.205+0300: 13.584: [GC pause (G1 Evacuation Pause) (young), 0.1673567 secs]
   [Parallel Time: 166.9 ms, GC Workers: 8]
      [GC Worker Start (ms): Min: 13584.2, Avg: 13588.9, Max: 13594.9, Diff: 10.7]
      [Ext Root Scanning (ms): Min: 0.0, Avg: 0.1, Max: 0.1, Diff: 0.1, Sum: 0.5]
      [SATB Filtering (ms): Min: 0.0, Avg: 0.0, Max: 0.0, Diff: 0.0, Sum: 0.0]
      [Update RS (ms): Min: 0.0, Avg: 3.7, Max: 9.2, Diff: 9.2, Sum: 29.8]
         [Processed Buffers: Min: 0, Avg: 2.3, Max: 5, Diff: 5, Sum: 18]
      [Scan RS (ms): Min: 51.1, Avg: 59.5, Max: 75.4, Diff: 24.4, Sum: 476.0]
      [Code Root Scanning (ms): Min: 0.0, Avg: 0.0, Max: 0.0, Diff: 0.0, Sum: 0.0]
      [Object Copy (ms): Min: 78.4, Avg: 89.2, Max: 99.0, Diff: 20.6, Sum: 713.6]
      [Termination (ms): Min: 0.0, Avg: 8.2, Max: 9.9, Diff: 9.9, Sum: 65.7]
      [GC Worker Other (ms): Min: 0.0, Avg: 1.4, Max: 5.9, Diff: 5.9, Sum: 11.2]
      [GC Worker Total (ms): Min: 156.1, Avg: 162.1, Max: 166.8, Diff: 10.7, Sum: 1296.7]
      [GC Worker End (ms): Min: 13751.0, Avg: 13751.0, Max: 13751.0, Diff: 0.0]
   [Code Root Fixup: 0.0 ms]
   [Code Root Migration: 0.0 ms]
   [Clear CT: 0.1 ms]
   [Other: 0.4 ms]
      [Choose CSet: 0.0 ms]
      [Ref Proc: 0.1 ms]
      [Ref Enq: 0.0 ms]
      [Free CSet: 0.1 ms]
   [Eden: 61.0M(61.0M)->0.0B(49.0M) Survivors: 7168.0K->9216.0K Heap: 640.9M(992.0M)->639.4M(999.0M)]
 [Times: user=1.06 sys=0.09, real=0.17 secs] 
2015-01-27T13:23:20.485+0300: 13.863: [GC pause (G1 Evacuation Pause) (young), 0.1943844 secs]
   [Parallel Time: 193.7 ms, GC Workers: 8]
      [GC Worker Start (ms): Min: 13862.6, Avg: 13862.6, Max: 13862.6, Diff: 0.0]
      [Ext Root Scanning (ms): Min: 0.1, Avg: 0.1, Max: 0.1, Diff: 0.0, Sum: 0.8]
      [SATB Filtering (ms): Min: 0.0, Avg: 0.0, Max: 0.0, Diff: 0.0, Sum: 0.0]
      [Update RS (ms): Min: 18.9, Avg: 20.8, Max: 22.8, Diff: 3.9, Sum: 166.7]
         [Processed Buffers: Min: 6, Avg: 7.1, Max: 8, Diff: 2, Sum: 57]
      [Scan RS (ms): Min: 64.5, Avg: 66.4, Max: 68.3, Diff: 3.8, Sum: 530.9]
      [Code Root Scanning (ms): Min: 0.0, Avg: 0.0, Max: 0.0, Diff: 0.0, Sum: 0.0]
      [Object Copy (ms): Min: 106.2, Avg: 106.3, Max: 106.4, Diff: 0.2, Sum: 850.3]
      [Termination (ms): Min: 0.0, Avg: 0.1, Max: 0.1, Diff: 0.1, Sum: 0.5]
      [GC Worker Other (ms): Min: 0.0, Avg: 0.0, Max: 0.0, Diff: 0.0, Sum: 0.1]
      [GC Worker Total (ms): Min: 193.7, Avg: 193.7, Max: 193.7, Diff: 0.0, Sum: 1549.4]
      [GC Worker End (ms): Min: 14056.3, Avg: 14056.3, Max: 14056.3, Diff: 0.0]
   [Code Root Fixup: 0.0 ms]
   [Code Root Migration: 0.0 ms]
   [Clear CT: 0.1 ms]
   [Other: 0.6 ms]
      [Choose CSet: 0.0 ms]
      [Ref Proc: 0.1 ms]
      [Ref Enq: 0.0 ms]
      [Free CSet: 0.1 ms]
   [Eden: 49.0M(49.0M)->0.0B(42.0M) Survivors: 9216.0K->8192.0K Heap: 734.1M(999.0M)->743.6M(1004.0M)]
 [Times: user=1.43 sys=0.05, real=0.19 secs] 
2015-01-27T13:23:20.782+0300: 14.160: [GC concurrent-mark-end, 0.9847239 secs]
2015-01-27T13:23:20.782+0300: 14.160: [GC remark 14.160: [GC ref-proc, 0.0000676 secs], 0.0010772 secs]
 [Times: user=0.00 sys=0.00, real=0.00 secs] 
2015-01-27T13:23:20.783+0300: 14.161: [GC cleanup 787M->442M(1004M), 0.0005430 secs]
 [Times: user=0.00 sys=0.00, real=0.00 secs] 
2015-01-27T13:23:20.784+0300: 14.161: [GC concurrent-cleanup-start]
2015-01-27T13:23:20.784+0300: 14.162: [GC concurrent-cleanup-end, 0.0004357 secs]
2015-01-27T13:23:20.807+0300: 14.190: [GC pause (G1 Evacuation Pause) (young), 0.1231845 secs]
   [Parallel Time: 122.6 ms, GC Workers: 8]
      [GC Worker Start (ms): Min: 14189.9, Avg: 14189.9, Max: 14190.0, Diff: 0.1]
      [Ext Root Scanning (ms): Min: 0.0, Avg: 0.1, Max: 0.1, Diff: 0.1, Sum: 0.8]
      [Update RS (ms): Min: 5.3, Avg: 6.8, Max: 7.7, Diff: 2.4, Sum: 54.0]
         [Processed Buffers: Min: 2, Avg: 3.0, Max: 4, Diff: 2, Sum: 24]
      [Scan RS (ms): Min: 40.2, Avg: 41.2, Max: 42.6, Diff: 2.4, Sum: 329.7]
      [Code Root Scanning (ms): Min: 0.0, Avg: 0.0, Max: 0.0, Diff: 0.0, Sum: 0.0]
      [Object Copy (ms): Min: 74.2, Avg: 74.4, Max: 74.6, Diff: 0.5, Sum: 595.5]
      [Termination (ms): Min: 0.0, Avg: 0.0, Max: 0.0, Diff: 0.0, Sum: 0.3]
      [GC Worker Other (ms): Min: 0.0, Avg: 0.0, Max: 0.0, Diff: 0.0, Sum: 0.1]
      [GC Worker Total (ms): Min: 122.4, Avg: 122.5, Max: 122.6, Diff: 0.1, Sum: 980.4]
      [GC Worker End (ms): Min: 14312.5, Avg: 14312.5, Max: 14312.5, Diff: 0.0]
   [Code Root Fixup: 0.0 ms]
   [Code Root Migration: 0.0 ms]
   [Clear CT: 0.1 ms]
   [Other: 0.5 ms]
      [Choose CSet: 0.0 ms]
      [Ref Proc: 0.2 ms]
      [Ref Enq: 0.0 ms]
      [Free CSet: 0.1 ms]
   [Eden: 42.0M(42.0M)->0.0B(43.0M) Survivors: 8192.0K->7168.0K Heap: 464.2M(1004.0M)->468.2M(1008.0M)]
 [Times: user=0.98 sys=0.08, real=0.13 secs] 
2015-01-27T13:23:20.940+0300: 14.318: [GC pause (G1 Humongous Allocation) (young) (initial-mark), 0.0863827 secs]
   [Parallel Time: 86.1 ms, GC Workers: 8]
      [GC Worker Start (ms): Min: 14317.7, Avg: 14317.7, Max: 14317.8, Diff: 0.1]
      [Ext Root Scanning (ms): Min: 0.1, Avg: 0.1, Max: 0.1, Diff: 0.1, Sum: 0.8]
      [Code Root Marking (ms): Min: 0.0, Avg: 0.0, Max: 0.0, Diff: 0.0, Sum: 0.2]
      [Update RS (ms): Min: 62.3, Avg: 62.8, Max: 63.9, Diff: 1.6, Sum: 502.8]
         [Processed Buffers: Min: 26, Avg: 27.5, Max: 30, Diff: 4, Sum: 220]
      [Scan RS (ms): Min: 0.0, Avg: 0.0, Max: 0.0, Diff: 0.0, Sum: 0.0]
      [Code Root Scanning (ms): Min: 0.0, Avg: 0.0, Max: 0.0, Diff: 0.0, Sum: 0.0]
      [Object Copy (ms): Min: 21.9, Avg: 22.9, Max: 23.5, Diff: 1.5, Sum: 183.4]
      [Termination (ms): Min: 0.0, Avg: 0.1, Max: 0.1, Diff: 0.1, Sum: 0.8]
      [GC Worker Other (ms): Min: 0.0, Avg: 0.0, Max: 0.0, Diff: 0.0, Sum: 0.1]
      [GC Worker Total (ms): Min: 86.0, Avg: 86.0, Max: 86.0, Diff: 0.1, Sum: 688.2]
      [GC Worker End (ms): Min: 14403.7, Avg: 14403.8, Max: 14403.8, Diff: 0.0]
   [Code Root Fixup: 0.0 ms]
   [Code Root Migration: 0.0 ms]
   [Clear CT: 0.0 ms]
   [Other: 0.2 ms]
      [Choose CSet: 0.0 ms]
      [Ref Proc: 0.1 ms]
      [Ref Enq: 0.0 ms]
      [Free CSet: 0.0 ms]
   [Eden: 3072.0K(43.0M)->0.0B(45.0M) Survivors: 7168.0K->5120.0K Heap: 470.5M(1008.0M)->474.7M(1012.0M)]
 [Times: user=0.62 sys=0.00, real=0.09 secs] 
2015-01-27T13:23:21.026+0300: 14.404: [GC concurrent-root-region-scan-start]
2015-01-27T13:23:21.028+0300: 14.405: [GC concurrent-root-region-scan-end, 0.0010925 secs]
2015-01-27T13:23:21.028+0300: 14.405: [GC concurrent-mark-start]
2015-01-27T13:23:21.375+0300: 14.752: [GC pause (G1 Evacuation Pause) (young), 0.1198831 secs]
   [Parallel Time: 119.5 ms, GC Workers: 8]
      [GC Worker Start (ms): Min: 14752.3, Avg: 14758.2, Max: 14768.9, Diff: 16.5]
      [Ext Root Scanning (ms): Min: 0.0, Avg: 0.1, Max: 0.1, Diff: 0.1, Sum: 0.5]
      [SATB Filtering (ms): Min: 0.0, Avg: 0.0, Max: 0.0, Diff: 0.0, Sum: 0.0]
      [Update RS (ms): Min: 0.0, Avg: 4.2, Max: 9.2, Diff: 9.2, Sum: 33.7]
         [Processed Buffers: Min: 0, Avg: 2.8, Max: 6, Diff: 6, Sum: 22]
      [Scan RS (ms): Min: 9.6, Avg: 17.8, Max: 32.0, Diff: 22.5, Sum: 142.3]
      [Code Root Scanning (ms): Min: 0.0, Avg: 0.0, Max: 0.0, Diff: 0.0, Sum: 0.0]
      [Object Copy (ms): Min: 47.7, Avg: 59.5, Max: 93.5, Diff: 45.9, Sum: 476.1]
      [Termination (ms): Min: 0.0, Avg: 32.1, Max: 37.5, Diff: 37.5, Sum: 256.8]
      [GC Worker Other (ms): Min: 0.0, Avg: 0.0, Max: 0.0, Diff: 0.0, Sum: 0.1]
      [GC Worker Total (ms): Min: 103.0, Avg: 113.7, Max: 119.5, Diff: 16.5, Sum: 909.5]
      [GC Worker End (ms): Min: 14871.9, Avg: 14871.9, Max: 14871.9, Diff: 0.0]
   [Code Root Fixup: 0.0 ms]
   [Code Root Migration: 0.0 ms]
   [Clear CT: 0.0 ms]
   [Other: 0.3 ms]
      [Choose CSet: 0.0 ms]
      [Ref Proc: 0.1 ms]
      [Ref Enq: 0.0 ms]
      [Free CSet: 0.1 ms]
   [Eden: 45.0M(45.0M)->0.0B(53.0M) Survivors: 5120.0K->7168.0K Heap: 554.9M(1012.0M)->553.9M(1015.0M)]
 [Times: user=0.76 sys=0.01, real=0.12 secs] 
2015-01-27T13:23:21.495+0300: 14.872: [GC concurrent-mark-reset-for-overflow]
2015-01-27T13:23:21.668+0300: 15.053: [GC pause (G1 Evacuation Pause) (young), 0.1551577 secs]
   [Parallel Time: 154.5 ms, GC Workers: 8]
      [GC Worker Start (ms): Min: 15053.3, Avg: 15053.3, Max: 15053.3, Diff: 0.0]
      [Ext Root Scanning (ms): Min: 0.1, Avg: 0.1, Max: 0.1, Diff: 0.0, Sum: 0.8]
      [SATB Filtering (ms): Min: 0.0, Avg: 0.0, Max: 0.0, Diff: 0.0, Sum: 0.0]
      [Update RS (ms): Min: 4.9, Avg: 5.9, Max: 7.7, Diff: 2.8, Sum: 47.5]
         [Processed Buffers: Min: 2, Avg: 2.6, Max: 3, Diff: 1, Sum: 21]
      [Scan RS (ms): Min: 56.4, Avg: 58.2, Max: 59.5, Diff: 3.1, Sum: 465.6]
      [Code Root Scanning (ms): Min: 0.0, Avg: 0.0, Max: 0.0, Diff: 0.0, Sum: 0.0]
      [Object Copy (ms): Min: 89.8, Avg: 90.1, Max: 90.4, Diff: 0.5, Sum: 720.7]
      [Termination (ms): Min: 0.0, Avg: 0.1, Max: 0.1, Diff: 0.1, Sum: 0.7]
      [GC Worker Other (ms): Min: 0.0, Avg: 0.0, Max: 0.0, Diff: 0.0, Sum: 0.1]
      [GC Worker Total (ms): Min: 154.4, Avg: 154.4, Max: 154.4, Diff: 0.0, Sum: 1235.3]
      [GC Worker End (ms): Min: 15207.7, Avg: 15207.7, Max: 15207.7, Diff: 0.0]
   [Code Root Fixup: 0.0 ms]
   [Code Root Migration: 0.0 ms]
   [Clear CT: 0.1 ms]
   [Other: 0.6 ms]
      [Choose CSet: 0.0 ms]
      [Ref Proc: 0.1 ms]
      [Ref Enq: 0.0 ms]
      [Free CSet: 0.1 ms]
   [Eden: 53.0M(53.0M)->0.0B(42.0M) Survivors: 7168.0K->8192.0K Heap: 689.8M(1015.0M)->696.3M(1017.0M)]
 [Times: user=1.18 sys=0.06, real=0.16 secs] 
2015-01-27T13:23:21.946+0300: 15.324: [GC concurrent-mark-end, 0.8789530 secs]
2015-01-27T13:23:21.946+0300: 15.324: [GC pause (G1 Evacuation Pause) (young), 0.1631526 secs]
   [Parallel Time: 162.2 ms, GC Workers: 8]
      [GC Worker Start (ms): Min: 15323.7, Avg: 15323.7, Max: 15323.7, Diff: 0.0]
      [Ext Root Scanning (ms): Min: 0.1, Avg: 0.1, Max: 0.1, Diff: 0.0, Sum: 0.9]
      [SATB Filtering (ms): Min: 0.0, Avg: 0.0, Max: 0.0, Diff: 0.0, Sum: 0.0]
      [Update RS (ms): Min: 39.7, Avg: 41.1, Max: 42.3, Diff: 2.6, Sum: 328.9]
         [Processed Buffers: Min: 12, Avg: 12.1, Max: 13, Diff: 1, Sum: 97]
      [Scan RS (ms): Min: 35.4, Avg: 36.6, Max: 37.9, Diff: 2.4, Sum: 293.2]
      [Code Root Scanning (ms): Min: 0.0, Avg: 0.0, Max: 0.0, Diff: 0.0, Sum: 0.0]
      [Object Copy (ms): Min: 84.0, Avg: 84.2, Max: 84.4, Diff: 0.4, Sum: 673.4]
      [Termination (ms): Min: 0.0, Avg: 0.0, Max: 0.1, Diff: 0.1, Sum: 0.4]
      [GC Worker Other (ms): Min: 0.0, Avg: 0.0, Max: 0.0, Diff: 0.0, Sum: 0.1]
      [GC Worker Total (ms): Min: 162.1, Avg: 162.1, Max: 162.1, Diff: 0.0, Sum: 1296.8]
      [GC Worker End (ms): Min: 15485.8, Avg: 15485.8, Max: 15485.8, Diff: 0.0]
   [Code Root Fixup: 0.0 ms]
   [Code Root Migration: 0.0 ms]
   [Clear CT: 0.1 ms]
   [Other: 0.9 ms]
      [Choose CSet: 0.0 ms]
      [Ref Proc: 0.4 ms]
      [Ref Enq: 0.0 ms]
      [Free CSet: 0.1 ms]
   [Eden: 42.0M(42.0M)->0.0B(43.0M) Survivors: 8192.0K->7168.0K Heap: 777.4M(1017.0M)->781.4M(1019.0M)]
 [Times: user=1.36 sys=0.02, real=0.16 secs] 
2015-01-27T13:23:22.109+0300: 15.487: [GC remark 15.487: [GC ref-proc, 0.0001054 secs], 0.0015255 secs]
 [Times: user=0.00 sys=0.00, real=0.00 secs] 
2015-01-27T13:23:22.142+0300: 15.524: [GC pause (G1 Humongous Allocation) (young), 0.0666006 secs]
   [Parallel Time: 66.2 ms, GC Workers: 8]
      [GC Worker Start (ms): Min: 15524.3, Avg: 15524.4, Max: 15524.5, Diff: 0.1]
      [Ext Root Scanning (ms): Min: 0.0, Avg: 0.1, Max: 0.1, Diff: 0.1, Sum: 0.8]
      [SATB Filtering (ms): Min: 0.0, Avg: 0.0, Max: 0.0, Diff: 0.0, Sum: 0.0]
      [Update RS (ms): Min: 29.5, Avg: 30.3, Max: 31.4, Diff: 1.9, Sum: 242.8]
         [Processed Buffers: Min: 9, Avg: 12.6, Max: 16, Diff: 7, Sum: 101]
      [Scan RS (ms): Min: 2.1, Avg: 3.4, Max: 4.1, Diff: 1.9, Sum: 27.3]
      [Code Root Scanning (ms): Min: 0.0, Avg: 0.0, Max: 0.0, Diff: 0.0, Sum: 0.0]
      [Object Copy (ms): Min: 31.1, Avg: 32.3, Max: 32.6, Diff: 1.5, Sum: 258.2]
      [Termination (ms): Min: 0.0, Avg: 0.0, Max: 0.0, Diff: 0.0, Sum: 0.0]
      [GC Worker Other (ms): Min: 0.0, Avg: 0.0, Max: 0.0, Diff: 0.0, Sum: 0.1]
      [GC Worker Total (ms): Min: 66.0, Avg: 66.2, Max: 66.2, Diff: 0.2, Sum: 529.2]
      [GC Worker End (ms): Min: 15590.5, Avg: 15590.5, Max: 15590.5, Diff: 0.0]
   [Code Root Fixup: 0.0 ms]
   [Code Root Migration: 0.0 ms]
   [Clear CT: 0.1 ms]
   [Other: 0.3 ms]
      [Choose CSet: 0.0 ms]
      [Ref Proc: 0.1 ms]
      [Ref Enq: 0.0 ms]
      [Free CSet: 0.0 ms]
   [Eden: 15.0M(43.0M)->0.0B(52.0M) Survivors: 7168.0K->7168.0K Heap: 795.7M(1019.0M)->801.4M(1020.0M)]
 [Times: user=0.47 sys=0.00, real=0.06 secs] 
2015-01-27T13:23:22.204+0300: 15.591: [GC cleanup 801M->477M(1020M), 0.0006531 secs]
 [Times: user=0.13 sys=0.00, real=0.01 secs] 
2015-01-27T13:23:22.214+0300: 15.592: [GC concurrent-cleanup-start]
2015-01-27T13:23:22.214+0300: 15.592: [GC concurrent-cleanup-end, 0.0003667 secs]
2015-01-27T13:23:22.376+0300: 15.757: [GC pause (G1 Evacuation Pause) (young), 0.1375150 secs]
   [Parallel Time: 137.0 ms, GC Workers: 8]
      [GC Worker Start (ms): Min: 15757.4, Avg: 15758.9, Max: 15763.4, Diff: 6.0]
      [Ext Root Scanning (ms): Min: 0.0, Avg: 0.1, Max: 0.1, Diff: 0.1, Sum: 0.7]
      [Update RS (ms): Min: 0.0, Avg: 3.9, Max: 6.0, Diff: 6.0, Sum: 31.6]
         [Processed Buffers: Min: 0, Avg: 2.1, Max: 4, Diff: 4, Sum: 17]
      [Scan RS (ms): Min: 46.1, Avg: 46.7, Max: 47.3, Diff: 1.2, Sum: 373.6]
      [Code Root Scanning (ms): Min: 0.0, Avg: 0.0, Max: 0.0, Diff: 0.0, Sum: 0.0]
      [Object Copy (ms): Min: 84.6, Avg: 84.7, Max: 84.8, Diff: 0.3, Sum: 677.3]
      [Termination (ms): Min: 0.0, Avg: 0.0, Max: 0.0, Diff: 0.0, Sum: 0.3]
      [GC Worker Other (ms): Min: 0.0, Avg: 0.0, Max: 0.0, Diff: 0.0, Sum: 0.1]
      [GC Worker Total (ms): Min: 131.0, Avg: 135.4, Max: 136.9, Diff: 6.0, Sum: 1083.5]
      [GC Worker End (ms): Min: 15894.3, Avg: 15894.3, Max: 15894.3, Diff: 0.0]
   [Code Root Fixup: 0.0 ms]
   [Code Root Migration: 0.0 ms]
   [Clear CT: 0.1 ms]
   [Other: 0.5 ms]
      [Choose CSet: 0.0 ms]
      [Ref Proc: 0.1 ms]
      [Ref Enq: 0.0 ms]
      [Free CSet: 0.1 ms]
   [Eden: 52.0M(52.0M)->0.0B(53.0M) Survivors: 7168.0K->8192.0K Heap: 617.2M(1020.0M)->622.2M(1021.0M)]
 [Times: user=1.00 sys=0.09, real=0.14 secs] 
2015-01-27T13:23:22.560+0300: 15.937: [GC pause (G1 Humongous Allocation) (young) (initial-mark), 0.0378739 secs]
   [Parallel Time: 37.5 ms, GC Workers: 8]
      [GC Worker Start (ms): Min: 15937.5, Avg: 15937.5, Max: 15937.7, Diff: 0.2]
      [Ext Root Scanning (ms): Min: 0.0, Avg: 0.1, Max: 0.1, Diff: 0.1, Sum: 0.8]
      [Code Root Marking (ms): Min: 0.0, Avg: 0.0, Max: 0.0, Diff: 0.0, Sum: 0.3]
      [Update RS (ms): Min: 9.6, Avg: 10.3, Max: 11.5, Diff: 1.9, Sum: 82.1]
         [Processed Buffers: Min: 4, Avg: 5.5, Max: 7, Diff: 3, Sum: 44]
      [Scan RS (ms): Min: 3.3, Avg: 4.4, Max: 5.1, Diff: 1.8, Sum: 35.3]
      [Code Root Scanning (ms): Min: 0.0, Avg: 0.0, Max: 0.0, Diff: 0.0, Sum: 0.0]
      [Object Copy (ms): Min: 22.5, Avg: 22.6, Max: 22.8, Diff: 0.3, Sum: 180.6]
      [Termination (ms): Min: 0.0, Avg: 0.0, Max: 0.0, Diff: 0.0, Sum: 0.2]
      [GC Worker Other (ms): Min: 0.0, Avg: 0.0, Max: 0.0, Diff: 0.0, Sum: 0.1]
      [GC Worker Total (ms): Min: 37.3, Avg: 37.4, Max: 37.5, Diff: 0.2, Sum: 299.4]
      [GC Worker End (ms): Min: 15974.9, Avg: 15974.9, Max: 15974.9, Diff: 0.0]
   [Code Root Fixup: 0.0 ms]
   [Code Root Migration: 0.0 ms]
   [Clear CT: 0.1 ms]
   [Other: 0.3 ms]
      [Choose CSet: 0.0 ms]
      [Ref Proc: 0.1 ms]
      [Ref Enq: 0.0 ms]
      [Free CSet: 0.0 ms]
   [Eden: 10.0M(53.0M)->0.0B(74.0M) Survivors: 8192.0K->8192.0K Heap: 632.2M(1021.0M)->634.2M(1022.0M)]
 [Times: user=0.25 sys=0.00, real=0.04 secs] 
2015-01-27T13:23:22.598+0300: 15.975: [GC concurrent-root-region-scan-start]
2015-01-27T13:23:22.606+0300: 15.983: [GC concurrent-root-region-scan-end, 0.0079660 secs]
2015-01-27T13:23:22.606+0300: 15.983: [GC concurrent-mark-start]
2015-01-27T13:23:22.608+0300: 15.986: [GC concurrent-mark-end, 0.0027720 secs]
2015-01-27T13:23:22.609+0300: 15.986: [GC remark 15.986: [GC ref-proc, 0.0000732 secs], 0.0006718 secs]
 [Times: user=0.00 sys=0.00, real=0.00 secs] 
2015-01-27T13:23:22.609+0300: 15.987: [GC cleanup 643M->26M(1022M), 0.0005453 secs]
 [Times: user=0.00 sys=0.00, real=0.00 secs] 
2015-01-27T13:23:22.610+0300: 15.988: [GC concurrent-cleanup-start]
2015-01-27T13:23:22.610+0300: 15.988: [GC concurrent-cleanup-end, 0.0006340 secs]
2015-01-27T13:23:22.738+0300: 16.123: [GC pause (G1 Evacuation Pause) (young), 0.2436517 secs]
   [Parallel Time: 243.0 ms, GC Workers: 8]
      [GC Worker Start (ms): Min: 16123.0, Avg: 16123.1, Max: 16123.1, Diff: 0.0]
      [Ext Root Scanning (ms): Min: 0.1, Avg: 0.1, Max: 0.1, Diff: 0.0, Sum: 0.8]
      [Update RS (ms): Min: 5.0, Avg: 7.0, Max: 7.9, Diff: 2.9, Sum: 55.8]
         [Processed Buffers: Min: 3, Avg: 3.0, Max: 3, Diff: 0, Sum: 24]
      [Scan RS (ms): Min: 104.8, Avg: 105.6, Max: 107.6, Diff: 2.8, Sum: 845.0]
      [Code Root Scanning (ms): Min: 0.0, Avg: 0.0, Max: 0.0, Diff: 0.0, Sum: 0.0]
      [Object Copy (ms): Min: 130.1, Avg: 130.2, Max: 130.2, Diff: 0.1, Sum: 1041.2]
      [Termination (ms): Min: 0.0, Avg: 0.0, Max: 0.0, Diff: 0.0, Sum: 0.2]
      [GC Worker Other (ms): Min: 0.0, Avg: 0.0, Max: 0.1, Diff: 0.0, Sum: 0.3]
      [GC Worker Total (ms): Min: 242.9, Avg: 242.9, Max: 242.9, Diff: 0.0, Sum: 1943.4]
      [GC Worker End (ms): Min: 16366.0, Avg: 16366.0, Max: 16366.0, Diff: 0.0]
   [Code Root Fixup: 0.0 ms]
   [Code Root Migration: 0.0 ms]
   [Clear CT: 0.1 ms]
   [Other: 0.6 ms]
      [Choose CSet: 0.0 ms]
      [Ref Proc: 0.1 ms]
      [Ref Enq: 0.0 ms]
      [Free CSet: 0.1 ms]
   [Eden: 74.0M(74.0M)->0.0B(40.0M) Survivors: 8192.0K->11.0M Heap: 159.7M(1022.0M)->157.7M(1023.0M)]
 [Times: user=1.90 sys=0.08, real=0.24 secs] 
2015-01-27T13:23:23.072+0300: 16.450: [GC pause (G1 Evacuation Pause) (young), 0.2541424 secs]
   [Parallel Time: 253.6 ms, GC Workers: 8]
      [GC Worker Start (ms): Min: 16449.7, Avg: 16449.8, Max: 16449.8, Diff: 0.0]
      [Ext Root Scanning (ms): Min: 0.1, Avg: 0.1, Max: 0.1, Diff: 0.0, Sum: 0.8]
      [Update RS (ms): Min: 122.4, Avg: 124.2, Max: 129.3, Diff: 6.9, Sum: 993.5]
         [Processed Buffers: Min: 38, Avg: 42.6, Max: 44, Diff: 6, Sum: 341]
      [Scan RS (ms): Min: 24.5, Avg: 29.8, Max: 31.5, Diff: 7.0, Sum: 238.2]
      [Code Root Scanning (ms): Min: 0.0, Avg: 0.0, Max: 0.0, Diff: 0.0, Sum: 0.0]
      [Object Copy (ms): Min: 99.1, Avg: 99.4, Max: 99.5, Diff: 0.3, Sum: 794.9]
      [Termination (ms): Min: 0.0, Avg: 0.1, Max: 0.2, Diff: 0.2, Sum: 1.0]
      [GC Worker Other (ms): Min: 0.0, Avg: 0.0, Max: 0.0, Diff: 0.0, Sum: 0.2]
      [GC Worker Total (ms): Min: 253.6, Avg: 253.6, Max: 253.6, Diff: 0.0, Sum: 2028.6]
      [GC Worker End (ms): Min: 16703.3, Avg: 16703.3, Max: 16703.3, Diff: 0.0]
   [Code Root Fixup: 0.0 ms]
   [Code Root Migration: 0.0 ms]
   [Clear CT: 0.0 ms]
   [Other: 0.4 ms]
      [Choose CSet: 0.0 ms]
      [Ref Proc: 0.1 ms]
      [Ref Enq: 0.0 ms]
      [Free CSet: 0.1 ms]
   [Eden: 40.0M(40.0M)->0.0B(44.0M) Survivors: 11.0M->7168.0K Heap: 232.9M(1023.0M)->237.9M(1024.0M)]
 [Times: user=1.92 sys=0.05, real=0.25 secs] 
2015-01-27T13:23:23.472+0300: 16.856: [GC pause (G1 Evacuation Pause) (young), 0.1457404 secs]
   [Parallel Time: 145.4 ms, GC Workers: 8]
      [GC Worker Start (ms): Min: 16855.8, Avg: 16862.2, Max: 16876.5, Diff: 20.7]
      [Ext Root Scanning (ms): Min: 0.0, Avg: 0.1, Max: 0.1, Diff: 0.1, Sum: 0.4]
      [Update RS (ms): Min: 0.0, Avg: 11.3, Max: 25.8, Diff: 25.8, Sum: 90.2]
         [Processed Buffers: Min: 0, Avg: 3.8, Max: 8, Diff: 8, Sum: 30]
      [Scan RS (ms): Min: 34.3, Avg: 48.4, Max: 60.4, Diff: 26.1, Sum: 387.3]
      [Code Root Scanning (ms): Min: 0.0, Avg: 0.0, Max: 0.0, Diff: 0.0, Sum: 0.0]
      [Object Copy (ms): Min: 52.3, Avg: 71.4, Max: 81.7, Diff: 29.5, Sum: 570.9]
      [Termination (ms): Min: 0.0, Avg: 7.8, Max: 9.3, Diff: 9.3, Sum: 62.5]
      [GC Worker Other (ms): Min: 0.0, Avg: 0.0, Max: 0.0, Diff: 0.0, Sum: 0.1]
      [GC Worker Total (ms): Min: 124.6, Avg: 138.9, Max: 145.3, Diff: 20.7, Sum: 1111.4]
      [GC Worker End (ms): Min: 17001.1, Avg: 17001.1, Max: 17001.1, Diff: 0.0]
   [Code Root Fixup: 0.0 ms]
   [Code Root Migration: 0.0 ms]
   [Clear CT: 0.0 ms]
   [Other: 0.3 ms]
      [Choose CSet: 0.0 ms]
      [Ref Proc: 0.1 ms]
      [Ref Enq: 0.0 ms]
      [Free CSet: 0.1 ms]
   [Eden: 44.0M(44.0M)->0.0B(44.0M) Survivors: 7168.0K->7168.0K Heap: 339.7M(1024.0M)->341.7M(1024.0M)]
 [Times: user=0.84 sys=0.05, real=0.15 secs] 
2015-01-27T13:23:23.725+0300: 17.109: [GC pause (G1 Evacuation Pause) (young), 0.1447808 secs]
   [Parallel Time: 144.2 ms, GC Workers: 8]
      [GC Worker Start (ms): Min: 17108.7, Avg: 17108.7, Max: 17108.7, Diff: 0.0]
      [Ext Root Scanning (ms): Min: 0.1, Avg: 0.1, Max: 0.1, Diff: 0.0, Sum: 0.8]
      [Update RS (ms): Min: 7.7, Avg: 8.1, Max: 8.6, Diff: 0.9, Sum: 65.0]
         [Processed Buffers: Min: 3, Avg: 3.8, Max: 4, Diff: 1, Sum: 30]
      [Scan RS (ms): Min: 52.4, Avg: 52.8, Max: 53.3, Diff: 1.0, Sum: 422.8]
      [Code Root Scanning (ms): Min: 0.0, Avg: 0.0, Max: 0.0, Diff: 0.0, Sum: 0.0]
      [Object Copy (ms): Min: 82.9, Avg: 83.0, Max: 83.1, Diff: 0.2, Sum: 664.2]
      [Termination (ms): Min: 0.0, Avg: 0.0, Max: 0.0, Diff: 0.0, Sum: 0.2]
      [GC Worker Other (ms): Min: 0.0, Avg: 0.0, Max: 0.0, Diff: 0.0, Sum: 0.1]
      [GC Worker Total (ms): Min: 144.1, Avg: 144.1, Max: 144.2, Diff: 0.0, Sum: 1153.1]
      [GC Worker End (ms): Min: 17252.8, Avg: 17252.8, Max: 17252.8, Diff: 0.0]
   [Code Root Fixup: 0.0 ms]
   [Code Root Migration: 0.0 ms]
   [Clear CT: 0.1 ms]
   [Other: 0.5 ms]
      [Choose CSet: 0.0 ms]
      [Ref Proc: 0.1 ms]
      [Ref Enq: 0.0 ms]
      [Free CSet: 0.1 ms]
   [Eden: 44.0M(44.0M)->0.0B(44.0M) Survivors: 7168.0K->7168.0K Heap: 426.4M(1024.0M)->430.9M(1024.0M)]
 [Times: user=1.12 sys=0.09, real=0.14 secs] 
2015-01-27T13:23:23.969+0300: 17.346: [GC pause (G1 Evacuation Pause) (young), 0.1120202 secs]
   [Parallel Time: 111.5 ms, GC Workers: 8]
      [GC Worker Start (ms): Min: 17346.4, Avg: 17346.4, Max: 17346.4, Diff: 0.0]
      [Ext Root Scanning (ms): Min: 0.1, Avg: 0.1, Max: 0.1, Diff: 0.0, Sum: 0.9]
      [Update RS (ms): Min: 5.0, Avg: 6.2, Max: 8.0, Diff: 3.0, Sum: 49.2]
         [Processed Buffers: Min: 2, Avg: 2.8, Max: 3, Diff: 1, Sum: 22]
      [Scan RS (ms): Min: 35.3, Avg: 37.1, Max: 38.5, Diff: 3.2, Sum: 296.7]
      [Code Root Scanning (ms): Min: 0.0, Avg: 0.0, Max: 0.0, Diff: 0.0, Sum: 0.0]
      [Object Copy (ms): Min: 67.9, Avg: 68.1, Max: 68.3, Diff: 0.4, Sum: 544.6]
      [Termination (ms): Min: 0.0, Avg: 0.0, Max: 0.0, Diff: 0.0, Sum: 0.2]
      [GC Worker Other (ms): Min: 0.0, Avg: 0.0, Max: 0.0, Diff: 0.0, Sum: 0.1]
      [GC Worker Total (ms): Min: 111.4, Avg: 111.5, Max: 111.5, Diff: 0.0, Sum: 891.7]
      [GC Worker End (ms): Min: 17457.8, Avg: 17457.8, Max: 17457.9, Diff: 0.0]
   [Code Root Fixup: 0.0 ms]
   [Code Root Migration: 0.0 ms]
   [Clear CT: 0.1 ms]
   [Other: 0.4 ms]
      [Choose CSet: 0.0 ms]
      [Ref Proc: 0.1 ms]
      [Ref Enq: 0.0 ms]
      [Free CSet: 0.1 ms]
   [Eden: 44.0M(44.0M)->0.0B(44.0M) Survivors: 7168.0K->7168.0K Heap: 498.4M(1024.0M)->502.9M(1024.0M)]
 [Times: user=0.84 sys=0.03, real=0.11 secs] 
2015-01-27T13:23:24.082+0300: 17.459: [GC pause (G1 Humongous Allocation) (young) (initial-mark), 0.0773353 secs]
   [Parallel Time: 77.1 ms, GC Workers: 8]
      [GC Worker Start (ms): Min: 17459.4, Avg: 17459.9, Max: 17463.4, Diff: 4.0]
      [Ext Root Scanning (ms): Min: 0.0, Avg: 0.1, Max: 0.1, Diff: 0.1, Sum: 1.0]
      [Code Root Marking (ms): Min: 0.0, Avg: 0.0, Max: 0.0, Diff: 0.0, Sum: 0.3]
      [Update RS (ms): Min: 54.1, Avg: 57.4, Max: 59.2, Diff: 5.0, Sum: 459.1]
         [Processed Buffers: Min: 23, Avg: 25.3, Max: 27, Diff: 4, Sum: 202]
      [Scan RS (ms): Min: 0.0, Avg: 0.0, Max: 0.0, Diff: 0.0, Sum: 0.0]
      [Code Root Scanning (ms): Min: 0.0, Avg: 0.0, Max: 0.0, Diff: 0.0, Sum: 0.0]
      [Object Copy (ms): Min: 17.6, Avg: 18.9, Max: 19.6, Diff: 1.9, Sum: 151.4]
      [Termination (ms): Min: 0.0, Avg: 0.0, Max: 0.0, Diff: 0.0, Sum: 0.2]
      [GC Worker Other (ms): Min: 0.0, Avg: 0.0, Max: 0.0, Diff: 0.0, Sum: 0.1]
      [GC Worker Total (ms): Min: 73.0, Avg: 76.5, Max: 77.0, Diff: 4.0, Sum: 612.1]
      [GC Worker End (ms): Min: 17536.4, Avg: 17536.4, Max: 17536.4, Diff: 0.0]
   [Code Root Fixup: 0.0 ms]
   [Code Root Migration: 0.0 ms]
   [Clear CT: 0.0 ms]
   [Other: 0.2 ms]
      [Choose CSet: 0.0 ms]
      [Ref Proc: 0.1 ms]
      [Ref Enq: 0.0 ms]
      [Free CSet: 0.0 ms]
   [Eden: 1024.0K(44.0M)->0.0B(50.0M) Survivors: 7168.0K->1024.0K Heap: 503.3M(1024.0M)->505.4M(1024.0M)]
 [Times: user=0.61 sys=0.00, real=0.08 secs] 
