Java HotSpot(TM) 64-Bit Server VM (25.5-b02) for windows-amd64 JRE (1.8.0_05-b13), built on Mar 18 2014 01:08:39 by "java_re" with MS VC++ 10.0 (VS2010)
Memory: 4k page, physical 16656748k(10906304k free), swap 16654888k(10139464k free)
CommandLine flags: -XX:InitialHeapSize=266507968 -XX:MaxHeapSize=1073741824 -XX:+PrintGC -XX:+PrintGCTimeStamps -XX:+UseCompressedClassPointers -XX:+UseCompressedOops -XX:+UseG1GC -XX:-UseLargePagesIndividualAllocation 
0.207: [GC pause (G1 Evacuation Pause) (young) 43M->41M(256M), 0.1056194 secs]
0.345: [GC pause (G1 Evacuation Pause) (young) 61M->66M(410M), 0.0554991 secs]
0.443: [GC pause (G1 Evacuation Pause) (young) 99M->104M(533M), 0.0404753 secs]
0.547: [GC pause (G1 Evacuation Pause) (young) 151M->155M(632M), 0.0521986 secs]
0.687: [GC pause (G1 Evacuation Pause) (young) 217M->224M(711M), 0.0819895 secs]
0.818: [GC pause (G1 Evacuation Pause) (young) 255M->259M(774M), 0.0638397 secs]
1.042: [GC pause (G1 Evacuation Pause) (young) 353M->356M(824M), 0.0934777 secs]
1.171: [GC pause (G1 Humongous Allocation) (young) (initial-mark) 371M->375M(864M), 0.0373297 secs]
1.209: [GC concurrent-root-region-scan-start]
1.213: [GC concurrent-root-region-scan-end, 0.0043623 secs]
1.213: [GC concurrent-mark-start]
1.308: [GC concurrent-mark-end, 0.0945315 secs]
1.308: [GC remark, 0.0007114 secs]
1.308: [GC cleanup 438M->112M(864M), 0.0005071 secs]
1.309: [GC concurrent-cleanup-start]
1.309: [GC concurrent-cleanup-end, 0.0002468 secs]
1.351: [GC pause (G1 Evacuation Pause) (young) 152M->155M(896M), 0.1488102 secs]
1.640: [GC pause (G1 Evacuation Pause) (young) 227M->229M(922M), 0.1123692 secs]
1.871: [GC pause (G1 Evacuation Pause) (young) 322M->327M(943M), 0.1145763 secs]
2.112: [GC pause (G1 Evacuation Pause) (young) 405M->406M(960M), 0.1737388 secs]
2.343: [GC pause (G1 Humongous Allocation) (young) (initial-mark) 449M->454M(973M), 0.0993719 secs]
2.443: [GC concurrent-root-region-scan-start]
2.475: [GC concurrent-root-region-scan-end, 0.0322033 secs]
2.475: [GC concurrent-mark-start]
2.748: [GC pause (G1 Evacuation Pause) (young) 557M->561M(984M), 0.1424606 secs]
2.982: [GC concurrent-mark-end, 0.5074792 secs]
2.984: [GC remark, 0.0008733 secs]
2.993: [GC cleanup 648M->299M(984M), 0.0005663 secs]
2.993: [GC concurrent-cleanup-start]
2.994: [GC concurrent-cleanup-end, 0.0004814 secs]
3.088: [GC pause (G1 Evacuation Pause) (young) 339M->341M(992M), 0.1419838 secs]
3.397: [GC pause (G1 Evacuation Pause) (young) 453M->457M(999M), 0.2082009 secs]
3.687: [GC pause (G1 Humongous Allocation) (young) (initial-mark) 481M->485M(1004M), 0.0619172 secs]
3.749: [GC concurrent-root-region-scan-start]
3.769: [GC concurrent-root-region-scan-end, 0.0198157 secs]
3.769: [GC concurrent-mark-start]
4.194: [GC pause (G1 Evacuation Pause) (young) 641M->643M(1008M), 0.1397586 secs]
4.505: [GC concurrent-mark-end, 0.7169760 secs]
4.505: [GC remark, 0.0010086 secs]
4.506: [GC cleanup 776M->450M(1008M), 0.0005010 secs]
4.507: [GC concurrent-cleanup-start]
4.507: [GC concurrent-cleanup-end, 0.0004539 secs]
4.510: [GC pause (G1 Evacuation Pause) (young) 452M->457M(1012M), 0.1920668 secs]
4.804: [GC pause (G1 Humongous Allocation) (young) (initial-mark) 479M->483M(1015M), 0.1020739 secs]
4.906: [GC concurrent-root-region-scan-start]
4.910: [GC concurrent-root-region-scan-end, 0.0042876 secs]
4.910: [GC concurrent-mark-start]
5.307: [GC pause (G1 Evacuation Pause) (young) 628M->631M(1017M), 0.1553039 secs]
5.582: [GC concurrent-mark-end, 0.6718343 secs]
5.584: [GC remark, 0.0010002 secs]
5.585: [GC cleanup 692M->367M(1017M), 0.0005211 secs]
5.586: [GC concurrent-cleanup-start]
5.586: [GC concurrent-cleanup-end, 0.0004091 secs]
5.628: [GC pause (G1 Evacuation Pause) (young) 406M->410M(1019M), 0.1611646 secs]
5.918: [GC pause (G1 Humongous Allocation) (young) (initial-mark) 476M->480M(1020M), 0.1574363 secs]
6.075: [GC concurrent-root-region-scan-start]
6.079: [GC concurrent-root-region-scan-end, 0.0035496 secs]
6.079: [GC concurrent-mark-start]
6.495: [GC pause (G1 Evacuation Pause) (young) 624M->627M(1021M), 0.1646196 secs]
6.794: [GC concurrent-mark-end, 0.7149971 secs]
6.795: [GC remark, 0.0010916 secs]
6.799: [GC cleanup 719M->384M(1021M), 0.0005859 secs]
6.800: [GC concurrent-cleanup-start]
6.800: [GC concurrent-cleanup-end, 0.0004171 secs]
6.824: [GC pause (G1 Evacuation Pause) (young) 399M->401M(1022M), 0.1647553 secs]
7.110: [GC pause (G1 Evacuation Pause) (young) 514M->517M(1023M), 0.1895020 secs]
7.353: [GC pause (G1 Humongous Allocation) (young) (initial-mark) 548M->552M(1024M), 0.0976081 secs]
7.451: [GC concurrent-root-region-scan-start]
7.454: [GC concurrent-root-region-scan-end, 0.0032273 secs]
7.454: [GC concurrent-mark-start]
8.033: [GC pause (G1 Evacuation Pause) (young) 707M->709M(1024M), 0.2209803 secs]
8.254: [GC concurrent-mark-reset-for-overflow]
8.352: [GC pause (G1 Evacuation Pause) (young) 779M->783M(1024M), 0.1547777 secs]
8.555: [GC pause (G1 Humongous Allocation) (young) 787M->792M(1024M), 0.0274388 secs]
8.583: [Full GC (Allocation Failure)  792M->117M(512M), 0.5768242 secs]
9.160: [GC concurrent-mark-abort]
9.363: [GC pause (G1 Evacuation Pause) (young) 294M->294M(615M), 0.1512743 secs]
9.520: [GC pause (G1 Humongous Allocation) (young) (initial-mark) 297M->303M(697M), 0.1219806 secs]
9.642: [GC concurrent-root-region-scan-start]
9.643: [GC concurrent-root-region-scan-end, 0.0012418 secs]
9.643: [GC concurrent-mark-start]
9.749: [GC concurrent-mark-end, 0.1063089 secs]
9.754: [GC remark, 0.0007198 secs]
9.755: [GC cleanup 404M->154M(697M), 0.0004241 secs]
9.755: [GC concurrent-cleanup-start]
9.756: [GC concurrent-cleanup-end, 0.0003088 secs]
9.786: [GC pause (G1 Evacuation Pause) (young) 163M->161M(763M), 0.1245888 secs]
10.015: [GC pause (G1 Evacuation Pause) (young) 249M->253M(816M), 0.1351342 secs]
10.363: [GC pause (G1 Evacuation Pause) (young) 396M->398M(858M), 0.1791246 secs]
10.573: [GC pause (G1 Humongous Allocation) (young) (initial-mark) 409M->414M(892M), 0.1062851 secs]
10.680: [GC concurrent-root-region-scan-start]
10.689: [GC concurrent-root-region-scan-end, 0.0092806 secs]
10.689: [GC concurrent-mark-start]
10.889: [GC pause (G1 Evacuation Pause) (young) 543M->547M(919M), 0.2412504 secs]
11.196: [GC concurrent-mark-end, 0.5070897 secs]
11.196: [GC remark, 0.0008397 secs]
11.197: [GC cleanup 557M->221M(919M), 0.0005122 secs]
11.198: [GC concurrent-cleanup-start]
11.198: [GC concurrent-cleanup-end, 0.0002659 secs]
11.313: [GC pause (G1 Evacuation Pause) (young) 316M->319M(940M), 0.1308400 secs]
11.585: [GC pause (G1 Evacuation Pause) (young) 424M->428M(957M), 0.1611730 secs]
11.816: [GC pause (G1 Humongous Allocation) (young) (initial-mark) 437M->441M(971M), 0.0501595 secs]
11.867: [GC concurrent-root-region-scan-start]
11.881: [GC concurrent-root-region-scan-end, 0.0141537 secs]
11.881: [GC concurrent-mark-start]
12.134: [GC pause (G1 Evacuation Pause) (young) 569M->571M(982M), 0.1821247 secs]
12.373: [GC concurrent-mark-end, 0.4918966 secs]
12.382: [GC remark, 0.0008887 secs]
12.390: [GC cleanup 634M->290M(982M), 0.0005640 secs]
12.391: [GC concurrent-cleanup-start]
12.391: [GC concurrent-cleanup-end, 0.0004306 secs]
12.543: [GC pause (G1 Evacuation Pause) (young) 396M->400M(991M), 0.2026574 secs]
12.845: [GC pause (G1 Humongous Allocation) (young) (initial-mark) 470M->474M(998M), 0.1578025 secs]
13.002: [GC concurrent-root-region-scan-start]
13.037: [GC concurrent-root-region-scan-end, 0.0348054 secs]
13.037: [GC concurrent-mark-start]
13.411: [GC pause (G1 Evacuation Pause) (young) 617M->621M(1004M), 0.1500212 secs]
13.697: [GC concurrent-mark-end, 0.6600471 secs]
13.698: [GC remark, 0.0011481 secs]
13.699: [GC cleanup 689M->362M(1004M), 0.0005360 secs]
13.699: [GC concurrent-cleanup-start]
13.700: [GC concurrent-cleanup-end, 0.0004366 secs]
13.738: [GC pause (G1 Evacuation Pause) (young) 399M->402M(1008M), 0.1632000 secs]
13.978: [GC pause (G1 Humongous Allocation) (young) (initial-mark) 466M->469M(1012M), 0.1524391 secs]
14.131: [GC concurrent-root-region-scan-start]
14.161: [GC concurrent-root-region-scan-end, 0.0300774 secs]
14.161: [GC concurrent-mark-start]
14.576: [GC pause (G1 Evacuation Pause) (young) 609M->612M(1015M), 0.1516937 secs]
14.848: [GC concurrent-mark-end, 0.6869644 secs]
14.848: [GC remark, 0.0010814 secs]
14.849: [GC cleanup 664M->331M(1015M), 0.0005066 secs]
14.849: [GC concurrent-cleanup-start]
14.850: [GC concurrent-cleanup-end, 0.0003989 secs]
14.887: [GC pause (G1 Evacuation Pause) (young) 379M->383M(1017M), 0.1723565 secs]
15.154: [GC pause (G1 Evacuation Pause) (young) 455M->458M(1019M), 0.1418752 secs]
15.336: [GC pause (G1 Humongous Allocation) (young) (initial-mark) 460M->465M(1020M), 0.0221669 secs]
15.358: [GC concurrent-root-region-scan-start]
15.359: [GC concurrent-root-region-scan-end, 0.0006242 secs]
15.359: [GC concurrent-mark-start]
15.771: [GC pause (G1 Evacuation Pause) (young) 641M->639M(1021M), 0.1645146 secs]
16.079: [GC concurrent-mark-end, 0.7204230 secs]
16.081: [GC remark, 0.0010608 secs]
16.082: [GC cleanup 761M->440M(1021M), 0.0005453 secs]
16.082: [GC concurrent-cleanup-start]
16.083: [GC concurrent-cleanup-end, 0.0003844 secs]
16.085: [GC pause (G1 Evacuation Pause) (young) 441M->450M(1022M), 0.1812705 secs]
16.289: [GC pause (G1 Humongous Allocation) (young) (initial-mark) 462M->467M(1023M), 0.1263424 secs]
16.416: [GC concurrent-root-region-scan-start]
16.420: [GC concurrent-root-region-scan-end, 0.0038099 secs]
16.420: [GC concurrent-mark-start]
16.835: [GC pause (G1 Evacuation Pause) (young) 607M->610M(1024M), 0.1522395 secs]
17.140: [GC concurrent-mark-end, 0.7087721 secs]
17.140: [GC remark, 0.0009871 secs]
17.141: [GC cleanup 712M->402M(1024M), 0.0004973 secs]
17.142: [GC concurrent-cleanup-start]
17.142: [GC concurrent-cleanup-end, 0.0002552 secs]
17.150: [GC pause (G1 Evacuation Pause) (young) 407M->411M(1024M), 0.1610956 secs]
17.391: [GC pause (G1 Humongous Allocation) (young) (initial-mark) 475M->478M(1024M), 0.1528996 secs]
17.544: [GC concurrent-root-region-scan-start]
17.547: [GC concurrent-root-region-scan-end, 0.0033103 secs]
17.547: [GC concurrent-mark-start]
17.948: [GC pause (G1 Evacuation Pause) (young) 618M->623M(1024M), 0.1839706 secs]
18.253: [GC concurrent-mark-end, 0.7058947 secs]
18.253: [GC remark, 0.0009713 secs]
18.254: [GC cleanup 677M->339M(1024M), 0.0004917 secs]
18.255: [GC concurrent-cleanup-start]
18.255: [GC concurrent-cleanup-end, 0.0002832 secs]
18.298: [GC pause (G1 Evacuation Pause) (young) 386M->390M(1024M), 0.1570239 secs]
18.644: [GC pause (G1 Evacuation Pause) (young) 501M->506M(1024M), 0.1954863 secs]
18.917: [GC pause (G1 Humongous Allocation) (young) (initial-mark) 547M->551M(1024M), 0.0812865 secs]
18.998: [GC concurrent-root-region-scan-start]
19.020: [GC concurrent-root-region-scan-end, 0.0220936 secs]
19.020: [GC concurrent-mark-start]
19.595: [GC pause (G1 Evacuation Pause) (young) 713M->715M(1024M), 0.2239207 secs]
19.819: [GC concurrent-mark-reset-for-overflow]
19.977: [GC pause (G1 Humongous Allocation) (young) 783M->787M(1024M), 0.1017903 secs]
20.079: [Full GC (Allocation Failure)  787M->117M(888M), 0.5284145 secs]
20.607: [GC concurrent-mark-abort]
20.796: [GC pause (G1 Evacuation Pause) (young) 292M->293M(916M), 0.1559449 secs]
21.117: [GC pause (G1 Evacuation Pause) (young) 415M->425M(938M), 0.2269091 secs]
21.371: [GC pause (G1 Humongous Allocation) (young) (initial-mark) 439M->442M(956M), 0.1245375 secs]
21.495: [GC concurrent-root-region-scan-start]
21.509: [GC concurrent-root-region-scan-end, 0.0138123 secs]
21.509: [GC concurrent-mark-start]
21.925: [GC pause (G1 Evacuation Pause) (young) 582M->586M(970M), 0.1798654 secs]
22.228: [GC concurrent-mark-end, 0.7185883 secs]
22.228: [GC remark, 0.0010576 secs]
22.229: [GC cleanup 642M->354M(970M), 0.0005216 secs]
22.229: [GC concurrent-cleanup-start]
22.230: [GC concurrent-cleanup-end, 0.0002612 secs]
22.275: [GC pause (G1 Evacuation Pause) (young) 403M->407M(981M), 0.1763498 secs]
22.536: [GC pause (G1 Humongous Allocation) (young) (initial-mark) 475M->478M(990M), 0.1554602 secs]
22.692: [GC concurrent-root-region-scan-start]
22.726: [GC concurrent-root-region-scan-end, 0.0346379 secs]
22.726: [GC concurrent-mark-start]
23.128: [GC pause (G1 Evacuation Pause) (young) 616M->619M(997M), 0.1835979 secs]
23.443: [GC pause (G1 Evacuation Pause) (young) 700M->704M(1003M), 0.1377317 secs]
23.628: [GC concurrent-mark-end, 0.8989146 secs]
23.630: [GC remark, 0.0158583 secs]
23.649: [GC cleanup 721M->374M(1003M), 0.0010590 secs]
23.650: [GC concurrent-cleanup-start]
23.666: [GC concurrent-cleanup-end, 0.0161583 secs]
23.811: [GC pause (G1 Evacuation Pause) (young) 486M->490M(1008M), 0.1684659 secs]
24.118: [GC pause (G1 Humongous Allocation) (young) (initial-mark) 537M->541M(1012M), 0.0898380 secs]
24.208: [GC concurrent-root-region-scan-start]
24.215: [GC concurrent-root-region-scan-end, 0.0065329 secs]
24.215: [GC concurrent-mark-start]
24.776: [GC pause (G1 Evacuation Pause) (young) 701M->704M(1015M), 0.1939016 secs]
24.970: [GC concurrent-mark-reset-for-overflow]
25.146: [GC pause (G1 Humongous Allocation) (young) 773M->777M(1017M), 0.1147535 secs]
25.261: [Full GC (Allocation Failure)  777M->117M(509M), 0.5627348 secs]
25.823: [GC concurrent-mark-abort]
26.004: [GC pause (G1 Evacuation Pause) (young) 283M->285M(612M), 0.1380629 secs]
