Java HotSpot(TM) 64-Bit Server VM (25.5-b02) for windows-amd64 JRE (1.8.0_05-b13), built on Mar 18 2014 01:08:39 by "java_re" with MS VC++ 10.0 (VS2010)
Memory: 4k page, physical 16656748k(9271688k free), swap 16654888k(7968856k free)
CommandLine flags: -XX:InitialHeapSize=266507968 -XX:MaxHeapSize=4264127488 -XX:MaxNewSize=697933824 -XX:MaxTenuringThreshold=6 -XX:OldPLABSize=16 -XX:+PrintGC -XX:+PrintGCTimeStamps -XX:+UseCompressedClassPointers -XX:+UseCompressedOops -XX:+UseConcMarkSweepGC -XX:-UseLargePagesIndividualAllocation -XX:+UseParNewGC 
0.090: [GC (Allocation Failure)  1024K->842K(262016K), 0.0041663 secs]
0.097: [GC (Allocation Failure)  1604K->1634K(262016K), 0.0021459 secs]
0.102: [GC (Allocation Failure)  2286K->2491K(262016K), 0.0022676 secs]
0.106: [GC (Allocation Failure)  3471K->3739K(262016K), 0.0028008 secs]
0.110: [GC (Allocation Failure)  4763K->4940K(262016K), 0.0027113 secs]
0.114: [GC (Allocation Failure)  5378K->5617K(262016K), 0.0049150 secs]
0.120: [GC (Allocation Failure)  6641K->6710K(262016K), 0.0023773 secs]
0.123: [GC (Allocation Failure)  7734K->8192K(262016K), 0.0081511 secs]
0.133: [GC (Allocation Failure)  10622K->11133K(262016K), 0.0086022 secs]
0.144: [GC (Allocation Failure)  14267K->14777K(262016K), 0.0058373 secs]
0.151: [GC (Allocation Failure)  15801K->16312K(262016K), 0.0067814 secs]
0.159: [GC (Allocation Failure)  17336K->17846K(262016K), 0.0068062 secs]
0.168: [GC (Allocation Failure)  22036K->22546K(262016K), 0.0067357 secs]
0.176: [GC (Allocation Failure)  23570K->24081K(262016K), 0.0082817 secs]
0.186: [GC (Allocation Failure)  25105K->25615K(262016K), 0.0072298 secs]
0.194: [GC (Allocation Failure)  26639K->27151K(262016K), 0.0084067 secs]
0.206: [GC (Allocation Failure)  32923K->33456K(262016K), 0.0070418 secs]
0.214: [GC (Allocation Failure)  34480K->34968K(262016K), 0.0084175 secs]
0.224: [GC (Allocation Failure)  35992K->36504K(262016K), 0.0081618 secs]
0.233: [GC (Allocation Failure)  37528K->38038K(262016K), 0.0082980 secs]
0.242: [GC (Allocation Failure)  39062K->39596K(262016K), 0.0079869 secs]
0.251: [GC (Allocation Failure)  40620K->41125K(262016K), 0.0078805 secs]
0.260: [GC (Allocation Failure)  42149K->42658K(262016K), 0.0077979 secs]
0.273: [GC (Allocation Failure)  50804K->51329K(262016K), 0.0081273 secs]
0.282: [GC (Allocation Failure)  52353K->52833K(262016K), 0.0080475 secs]
0.291: [GC (Allocation Failure)  53857K->54368K(262016K), 0.0079752 secs]
0.300: [GC (Allocation Failure)  55392K->55903K(262016K), 0.0078768 secs]
0.309: [GC (Allocation Failure)  56927K->57438K(262016K), 0.0081348 secs]
0.318: [GC (Allocation Failure)  58462K->58973K(262016K), 0.0082598 secs]
0.328: [GC (Allocation Failure)  59997K->60508K(262016K), 0.0080657 secs]
0.337: [GC (Allocation Failure)  61532K->62043K(262016K), 0.0083652 secs]
0.346: [GC (Allocation Failure)  63067K->63577K(262016K), 0.0081418 secs]
0.361: [GC (Allocation Failure)  75284K->75795K(262016K), 0.0084277 secs]
0.370: [GC (Allocation Failure)  76819K->77330K(262016K), 0.0081926 secs]
0.379: [GC (Allocation Failure)  78354K->78865K(262016K), 0.0081068 secs]
0.389: [GC (Allocation Failure)  79889K->80400K(262016K), 0.0078371 secs]
0.398: [GC (Allocation Failure)  81424K->81935K(262016K), 0.0079519 secs]
0.407: [GC (Allocation Failure)  82959K->83469K(262016K), 0.0078950 secs]
0.416: [GC (Allocation Failure)  84493K->85004K(262016K), 0.0078409 secs]
0.425: [GC (Allocation Failure)  86028K->86539K(262016K), 0.0077835 secs]
0.434: [GC (Allocation Failure)  87563K->88074K(262016K), 0.0079426 secs]
0.443: [GC (Allocation Failure)  89098K->89609K(262016K), 0.0080610 secs]
0.452: [GC (Allocation Failure)  90633K->91143K(262016K), 0.0078968 secs]
0.461: [GC (Allocation Failure)  92167K->92678K(262016K), 0.0081413 secs]
0.470: [GC (Allocation Failure)  93702K->94213K(262016K), 0.0080508 secs]
0.479: [GC (Allocation Failure)  95237K->95748K(262016K), 0.0079510 secs]
0.495: [GC (Allocation Failure)  112796K->113307K(262016K), 0.0092557 secs]
0.505: [GC (Allocation Failure)  114331K->114842K(262016K), 0.0082351 secs]
0.515: [GC (Allocation Failure)  115866K->116377K(262016K), 0.0078110 secs]
0.523: [GC (Allocation Failure)  117401K->117912K(262016K), 0.0084510 secs]
0.533: [GC (Allocation Failure)  118936K->119447K(262016K), 0.0078409 secs]
0.542: [GC (Allocation Failure)  120471K->120982K(262016K), 0.0079519 secs]
0.551: [GC (Allocation Failure)  122006K->122517K(262016K), 0.0080923 secs]
0.560: [GC (Allocation Failure)  123541K->124051K(262016K), 0.0077485 secs]
0.569: [GC (Allocation Failure)  125075K->125586K(262016K), 0.0081399 secs]
0.578: [GC (Allocation Failure)  126610K->127121K(262016K), 0.0081805 secs]
0.588: [GC (Allocation Failure)  128145K->128655K(262016K), 0.0077252 secs]
0.597: [GC (Allocation Failure)  129679K->130190K(262016K), 0.0079505 secs]
0.606: [GC (Allocation Failure)  131214K->131725K(262016K), 0.0080139 secs]
0.615: [GC (Allocation Failure)  132749K->133260K(262016K), 0.0078446 secs]
0.624: [GC (Allocation Failure)  134284K->134795K(262016K), 0.0078903 secs]
0.632: [GC (CMS Initial Mark)  134816K(262016K), 0.0001227 secs]
0.633: [GC (Allocation Failure)  135819K->136330K(262016K), 0.0087725 secs]
0.643: [GC (Allocation Failure)  137354K->137865K(262016K), 0.0086978 secs]
0.653: [GC (Allocation Failure)  138889K->139400K(262016K), 0.0086339 secs]
0.663: [GC (Allocation Failure)  140424K->140934K(262016K), 0.0084002 secs]
0.673: [GC (Allocation Failure)  141958K->142469K(262016K), 0.0085504 secs]
0.683: [GC (Allocation Failure)  143493K->144004K(262016K), 0.0083755 secs]
0.704: [GC (Allocation Failure)  169064K->169575K(262016K), 0.0093318 secs]
0.714: [GC (Allocation Failure)  170599K->171110K(262016K), 0.0091303 secs]
0.725: [GC (Allocation Failure)  172134K->172645K(262016K), 0.0084216 secs]
0.734: [GC (Allocation Failure)  173669K->174180K(262016K), 0.0086171 secs]
0.744: [GC (Allocation Failure)  175204K->175715K(262016K), 0.0083195 secs]
0.753: [GC (Allocation Failure)  176739K->177250K(262016K), 0.0088457 secs]
0.763: [GC (Allocation Failure)  178274K->178785K(262016K), 0.0086208 secs]
0.773: [GC (Allocation Failure)  179809K->180320K(262016K), 0.0086773 secs]
0.783: [GC (Allocation Failure)  181344K->181853K(262016K), 0.0084161 secs]
0.792: [GC (Allocation Failure)  182877K->183389K(262016K), 0.0085910 secs]
0.802: [GC (Allocation Failure)  184413K->184924K(262016K), 0.0087258 secs]
0.812: [GC (Allocation Failure)  185948K->186458K(262016K), 0.0086549 secs]
0.822: [GC (Allocation Failure)  187482K->187993K(262016K), 0.0086218 secs]
0.831: [GC (Allocation Failure)  189017K->189528K(262016K), 0.0085812 secs]
0.841: [GC (Allocation Failure)  190552K->191063K(262016K), 0.0085957 secs]
0.851: [GC (Allocation Failure)  192087K->192598K(262016K), 0.0085915 secs]
0.861: [GC (Allocation Failure)  193622K->194133K(262016K), 0.0085210 secs]
0.870: [GC (Allocation Failure)  195157K->195668K(262016K), 0.0085817 secs]
0.880: [GC (Allocation Failure)  196692K->197203K(262016K), 0.0087878 secs]
0.890: [GC (Allocation Failure)  198227K->198737K(262016K), 0.0085821 secs]
0.900: [GC (Allocation Failure)  199761K->200272K(262016K), 0.0084678 secs]
0.909: [GC (Allocation Failure)  201296K->201807K(262016K), 0.0087328 secs]
0.919: [GC (Allocation Failure)  202831K->203342K(262016K), 0.0086017 secs]
0.929: [GC (Allocation Failure)  204366K->204876K(262016K), 0.0085583 secs]
0.939: [GC (Allocation Failure)  205900K->206411K(262016K), 0.0084384 secs]
0.949: [GC (Allocation Failure)  207435K->207946K(262016K), 0.0096924 secs]
0.960: [GC (Allocation Failure)  208970K->209481K(262016K), 0.0086591 secs]
0.970: [GC (Allocation Failure)  210505K->211016K(262016K), 0.0085485 secs]
0.980: [GC (Allocation Failure)  212040K->212551K(262016K), 0.0085597 secs]
0.990: [GC (Allocation Failure)  213575K->214086K(262016K), 0.0089730 secs]
1.000: [GC (Allocation Failure)  215110K->215620K(262016K), 0.0088228 secs]
1.023: [GC (Allocation Failure)  252699K->253210K(262016K), 0.0138465 secs]
1.038: [GC (Allocation Failure)  254234K->254746K(262016K), 0.0085933 secs]
1.048: [GC (Allocation Failure)  255770K->256283K(262016K), 0.0088895 secs]
1.058: [GC (Allocation Failure)  257307K->257817K(262016K), 0.0085971 secs]
1.068: [GC (Allocation Failure)  258841K->259353K(262016K), 0.0088644 secs]
1.079: [GC (Allocation Failure)  260377K->260889K(262400K), 0.0108726 secs]
1.091: [GC (Allocation Failure)  261913K->262425K(263936K), 0.0107383 secs]
1.103: [GC (Allocation Failure)  263449K->263961K(265472K), 0.0086530 secs]
1.113: [GC (Allocation Failure)  264985K->265497K(267008K), 0.0090174 secs]
1.123: [GC (Allocation Failure)  266521K->267032K(268544K), 0.0087561 secs]
1.133: [GC (Allocation Failure)  268056K->268568K(270080K), 0.0088765 secs]
1.143: [GC (Allocation Failure)  269592K->270104K(271616K), 0.0088877 secs]
1.153: [GC (Allocation Failure)  271128K->271640K(273152K), 0.0089791 secs]
1.163: [GC (Allocation Failure)  272664K->273175K(274688K), 0.0089441 secs]
1.173: [GC (Allocation Failure)  274199K->274711K(276224K), 0.0090897 secs]
1.184: [GC (Allocation Failure)  275735K->276247K(277760K), 0.0091102 secs]
1.194: [GC (Allocation Failure)  277271K->277783K(279296K), 0.0089231 secs]
1.204: [GC (Allocation Failure)  278807K->279319K(280832K), 0.0091872 secs]
1.214: [GC (Allocation Failure)  280343K->280854K(282368K), 0.0091858 secs]
1.224: [GC (Allocation Failure)  281878K->282390K(283904K), 0.0089567 secs]
1.235: [GC (Allocation Failure)  283414K->283926K(285440K), 0.0093220 secs]
1.245: [GC (Allocation Failure)  284950K->285462K(286976K), 0.0097134 secs]
1.256: [GC (Allocation Failure)  286486K->286976K(288512K), 0.0089880 secs]
1.266: [GC (Allocation Failure)  288000K->288514K(290048K), 0.0089138 secs]
1.277: [GC (Allocation Failure)  289538K->290050K(291584K), 0.0089222 secs]
1.287: [GC (Allocation Failure)  291074K->291586K(293120K), 0.0091191 secs]
1.297: [GC (Allocation Failure)  292610K->293122K(294656K), 0.0089283 secs]
1.307: [GC (Allocation Failure)  294146K->294658K(296192K), 0.0088989 secs]
1.317: [GC (Allocation Failure)  295682K->296193K(297728K), 0.0090561 secs]
1.327: [GC (Allocation Failure)  297217K->297729K(299264K), 0.0136058 secs]
1.342: [GC (Allocation Failure)  298753K->299265K(300800K), 0.0089376 secs]
1.352: [GC (Allocation Failure)  300289K->300801K(302336K), 0.0089866 secs]
1.362: [GC (Allocation Failure)  301825K->302337K(303872K), 0.0091107 secs]
1.373: [GC (Allocation Failure)  303361K->303873K(305408K), 0.0088550 secs]
1.383: [GC (Allocation Failure)  304897K->305409K(306944K), 0.0089147 secs]
1.393: [GC (Allocation Failure)  306433K->306945K(308480K), 0.0098902 secs]
1.404: [GC (Allocation Failure)  307969K->308480K(310016K), 0.0093495 secs]
1.415: [GC (Allocation Failure)  309504K->310016K(311552K), 0.0103772 secs]
1.427: [GC (Allocation Failure)  311040K->311552K(313088K), 0.0100852 secs]
1.438: [GC (Allocation Failure)  312576K->313088K(314624K), 0.0092581 secs]
1.448: [GC (Allocation Failure)  314112K->314624K(316160K), 0.0092557 secs]
1.459: [GC (Allocation Failure)  315648K->316138K(317504K), 0.0091900 secs]
1.469: [GC (Allocation Failure)  317162K->317695K(319232K), 0.0088046 secs]
1.479: [GC (Allocation Failure)  318719K->319227K(320768K), 0.0099592 secs]
1.490: [GC (Allocation Failure)  320251K->320760K(322304K), 0.0089054 secs]
1.500: [GC (Allocation Failure)  321784K->322294K(323840K), 0.0089782 secs]
1.510: [GC (Allocation Failure)  323318K->323828K(325376K), 0.0099270 secs]
1.521: [GC (Allocation Failure)  324279K->324477K(325952K), 0.0068733 secs]
1.942: [Full GC (Allocation Failure)  324477K->252686K(325952K), 0.6488929 secs]
2.755: [GC (Allocation Failure)  421198K->412202K(610716K), 0.1666188 secs]
2.925: [GC (CMS Initial Mark)  417524K(610716K), 0.0455043 secs]
3.077: [GC (Allocation Failure)  568091K->566689K(735476K), 0.2831172 secs]
3.467: [GC (Allocation Failure)  735201K->744339K(913208K), 0.2482210 secs]
3.818: [GC (Allocation Failure)  894462K->891202K(1060048K), 0.2805538 secs]
4.102: [GC (CMS Final Remark)  945284K(1060048K), 0.0914864 secs]
4.299: [GC (Allocation Failure)  982985K->1034435K(1203412K), 0.2260499 secs]
4.628: [GC (Allocation Failure)  1073448K->1069598K(1238548K), 0.2394817 secs]
4.976: [GC (Allocation Failure)  1119663K->1129727K(1298644K), 0.2299376 secs]
5.309: [GC (Allocation Failure)  1263977K->1259795K(2008776K), 0.2354568 secs]
5.549: [GC (CMS Initial Mark)  1313878K(2008776K), 0.0515221 secs]
5.705: [GC (Allocation Failure)  1428307K->1438125K(2008776K), 0.2418641 secs]
6.059: [GC (Allocation Failure)  1588795K->1584987K(2008776K), 0.2647835 secs]
6.438: [GC (Allocation Failure)  1753499K->1763223K(2008776K), 0.2436008 secs]
6.803: [GC (Allocation Failure)  1914662K->1910092K(2079048K), 0.2883830 secs]
7.205: [GC (Allocation Failure)  2078604K->2087742K(2256780K), 0.2575145 secs]
7.571: [GC (Allocation Failure)  2238068K->2234605K(2403620K), 0.2695968 secs]
7.962: [GC (Allocation Failure)  2403117K->2412372K(2581352K), 0.2488825 secs]
8.314: [GC (Allocation Failure)  2562544K->2559244K(2728192K), 0.2746993 secs]
8.694: [GC (Allocation Failure)  2727756K->2736895K(2905924K), 0.2423310 secs]
9.080: [GC (Allocation Failure)  2886950K->2883757K(3052764K), 0.2767304 secs]
9.463: [GC (Allocation Failure)  3052269K->3061688K(3230688K), 0.2444195 secs]
9.812: [GC (Allocation Failure)  3213288K->3208550K(3377528K), 0.2851442 secs]
10.203: [GC (Allocation Failure)  3377062K->3386194K(3555260K), 0.2520430 secs]
11.968: [Full GC (Allocation Failure)  3536351K->252686K(3555260K), 1.5966705 secs]
14.027: [GC (Allocation Failure)  798030K->519053K(4097536K), 0.2386005 secs]
14.618: [GC (Allocation Failure)  1064397K->588589K(4097536K), 0.1402221 secs]
15.090: [GC (Allocation Failure)  1095733K->791000K(4097536K), 0.3226560 secs]
15.772: [GC (Allocation Failure)  1336344K->857843K(4097536K), 0.1719462 secs]
16.301: [GC (Allocation Failure)  1403187K->857265K(4097536K), 0.0569097 secs]
16.689: [GC (Allocation Failure)  1363732K->1028497K(4097536K), 0.3389740 secs]
17.403: [GC (Allocation Failure)  1573841K->1095341K(4097536K), 0.1753343 secs]
17.939: [GC (Allocation Failure)  1640685K->1094898K(4097536K), 0.0587841 secs]
18.327: [GC (Allocation Failure)  1600822K->1265567K(4097536K), 0.3079078 secs]
18.986: [GC (Allocation Failure)  1810911K->1332379K(4097536K), 0.1696389 secs]
