Java HotSpot(TM) 64-Bit Server VM (25.5-b02) for windows-amd64 JRE (1.8.0_05-b13), built on Mar 18 2014 01:08:39 by "java_re" with MS VC++ 10.0 (VS2010)
Memory: 4k page, physical 16656748k(11618956k free), swap 16654888k(11007352k free)
CommandLine flags: -XX:InitialHeapSize=266507968 -XX:MaxHeapSize=1073741824 -XX:+PrintGC -XX:+PrintGCDetails -XX:+PrintGCTimeStamps -XX:+UseCompressedClassPointers -XX:+UseCompressedOops -XX:+UseG1GC -XX:-UseLargePagesIndividualAllocation 
0.207: [GC pause (G1 Evacuation Pause) (young), 0.0775858 secs]
   [Parallel Time: 77.2 ms, GC Workers: 8]
      [GC Worker Start (ms): Min: 207.4, Avg: 207.9, Max: 211.4, Diff: 4.0]
      [Ext Root Scanning (ms): Min: 0.0, Avg: 3.0, Max: 11.8, Diff: 11.8, Sum: 24.2]
      [Update RS (ms): Min: 0.0, Avg: 2.6, Max: 5.6, Diff: 5.6, Sum: 21.0]
         [Processed Buffers: Min: 0, Avg: 1.3, Max: 2, Diff: 2, Sum: 10]
      [Scan RS (ms): Min: 12.7, Avg: 18.4, Max: 20.8, Diff: 8.1, Sum: 147.0]
      [Code Root Scanning (ms): Min: 0.0, Avg: 0.0, Max: 0.0, Diff: 0.0, Sum: 0.0]
      [Object Copy (ms): Min: 51.5, Avg: 51.7, Max: 52.5, Diff: 1.0, Sum: 413.5]
      [Termination (ms): Min: 0.0, Avg: 0.9, Max: 1.0, Diff: 1.0, Sum: 7.0]
      [GC Worker Other (ms): Min: 0.0, Avg: 0.0, Max: 0.1, Diff: 0.1, Sum: 0.3]
      [GC Worker Total (ms): Min: 73.1, Avg: 76.6, Max: 77.2, Diff: 4.0, Sum: 613.0]
      [GC Worker End (ms): Min: 284.5, Avg: 284.5, Max: 284.5, Diff: 0.0]
   [Code Root Fixup: 0.0 ms]
   [Code Root Migration: 0.0 ms]
   [Clear CT: 0.0 ms]
   [Other: 0.3 ms]
      [Choose CSet: 0.0 ms]
      [Ref Proc: 0.1 ms]
      [Ref Enq: 0.0 ms]
      [Free CSet: 0.0 ms]
   [Eden: 24.0M(12.0M)->0.0B(10.0M) Survivors: 0.0B->2048.0K Heap: 43.6M(256.0M)->41.8M(256.0M)]
 [Times: user=0.53 sys=0.05, real=0.08 secs] 
0.318: [GC pause (G1 Evacuation Pause) (young), 0.0495276 secs]
   [Parallel Time: 48.5 ms, GC Workers: 8]
      [GC Worker Start (ms): Min: 318.0, Avg: 318.1, Max: 318.2, Diff: 0.2]
      [Ext Root Scanning (ms): Min: 0.0, Avg: 0.1, Max: 0.2, Diff: 0.2, Sum: 0.9]
      [Update RS (ms): Min: 15.3, Avg: 16.4, Max: 16.8, Diff: 1.5, Sum: 131.3]
         [Processed Buffers: Min: 7, Avg: 7.6, Max: 9, Diff: 2, Sum: 61]
      [Scan RS (ms): Min: 5.9, Avg: 6.2, Max: 7.4, Diff: 1.6, Sum: 49.8]
      [Code Root Scanning (ms): Min: 0.0, Avg: 0.0, Max: 0.0, Diff: 0.0, Sum: 0.0]
      [Object Copy (ms): Min: 25.4, Avg: 25.6, Max: 25.7, Diff: 0.3, Sum: 204.6]
      [Termination (ms): Min: 0.0, Avg: 0.1, Max: 0.1, Diff: 0.1, Sum: 0.8]
      [GC Worker Other (ms): Min: 0.0, Avg: 0.0, Max: 0.0, Diff: 0.0, Sum: 0.1]
      [GC Worker Total (ms): Min: 48.3, Avg: 48.4, Max: 48.5, Diff: 0.2, Sum: 387.5]
      [GC Worker End (ms): Min: 366.5, Avg: 366.5, Max: 366.5, Diff: 0.0]
   [Code Root Fixup: 0.0 ms]
   [Code Root Migration: 0.0 ms]
   [Clear CT: 0.0 ms]
   [Other: 0.9 ms]
      [Choose CSet: 0.0 ms]
      [Ref Proc: 0.1 ms]
      [Ref Enq: 0.0 ms]
      [Free CSet: 0.0 ms]
   [Eden: 10.0M(10.0M)->0.0B(18.0M) Survivors: 2048.0K->2048.0K Heap: 62.2M(256.0M)->64.1M(410.0M)]
 [Times: user=0.37 sys=0.00, real=0.05 secs] 
0.415: [GC pause (G1 Evacuation Pause) (young), 0.0445971 secs]
   [Parallel Time: 43.5 ms, GC Workers: 8]
      [GC Worker Start (ms): Min: 415.1, Avg: 415.1, Max: 415.1, Diff: 0.0]
      [Ext Root Scanning (ms): Min: 0.1, Avg: 0.1, Max: 0.1, Diff: 0.0, Sum: 0.9]
      [Update RS (ms): Min: 2.4, Avg: 3.9, Max: 4.8, Diff: 2.4, Sum: 31.1]
         [Processed Buffers: Min: 1, Avg: 1.9, Max: 2, Diff: 1, Sum: 15]
      [Scan RS (ms): Min: 7.2, Avg: 8.1, Max: 9.5, Diff: 2.4, Sum: 64.9]
      [Code Root Scanning (ms): Min: 0.0, Avg: 0.0, Max: 0.0, Diff: 0.0, Sum: 0.0]
      [Object Copy (ms): Min: 31.1, Avg: 31.2, Max: 31.5, Diff: 0.4, Sum: 249.8]
      [Termination (ms): Min: 0.0, Avg: 0.1, Max: 0.1, Diff: 0.1, Sum: 0.8]
      [GC Worker Other (ms): Min: 0.0, Avg: 0.0, Max: 0.1, Diff: 0.1, Sum: 0.2]
      [GC Worker Total (ms): Min: 43.4, Avg: 43.4, Max: 43.5, Diff: 0.1, Sum: 347.6]
      [GC Worker End (ms): Min: 458.5, Avg: 458.5, Max: 458.6, Diff: 0.1]
   [Code Root Fixup: 0.0 ms]
   [Code Root Migration: 0.0 ms]
   [Clear CT: 0.0 ms]
   [Other: 1.0 ms]
      [Choose CSet: 0.0 ms]
      [Ref Proc: 0.1 ms]
      [Ref Enq: 0.0 ms]
      [Free CSet: 0.0 ms]
   [Eden: 18.0M(18.0M)->0.0B(23.0M) Survivors: 2048.0K->3072.0K Heap: 97.7M(410.0M)->100.7M(533.0M)]
 [Times: user=0.36 sys=0.02, real=0.04 secs] 
0.525: [GC pause (G1 Evacuation Pause) (young), 0.0556127 secs]
   [Parallel Time: 54.7 ms, GC Workers: 8]
      [GC Worker Start (ms): Min: 525.1, Avg: 525.1, Max: 525.1, Diff: 0.0]
      [Ext Root Scanning (ms): Min: 0.1, Avg: 0.1, Max: 0.1, Diff: 0.0, Sum: 0.8]
      [Update RS (ms): Min: 2.6, Avg: 4.4, Max: 5.5, Diff: 2.8, Sum: 35.3]
         [Processed Buffers: Min: 2, Avg: 2.1, Max: 3, Diff: 1, Sum: 17]
      [Scan RS (ms): Min: 10.3, Avg: 11.4, Max: 13.2, Diff: 2.9, Sum: 91.5]
      [Code Root Scanning (ms): Min: 0.0, Avg: 0.0, Max: 0.0, Diff: 0.0, Sum: 0.0]
      [Object Copy (ms): Min: 38.5, Avg: 38.7, Max: 38.8, Diff: 0.3, Sum: 309.6]
      [Termination (ms): Min: 0.0, Avg: 0.0, Max: 0.0, Diff: 0.0, Sum: 0.1]
      [GC Worker Other (ms): Min: 0.0, Avg: 0.0, Max: 0.0, Diff: 0.0, Sum: 0.1]
      [GC Worker Total (ms): Min: 54.7, Avg: 54.7, Max: 54.7, Diff: 0.0, Sum: 437.5]
      [GC Worker End (ms): Min: 579.8, Avg: 579.8, Max: 579.8, Diff: 0.0]
   [Code Root Fixup: 0.0 ms]
   [Code Root Migration: 0.0 ms]
   [Clear CT: 0.1 ms]
   [Other: 0.8 ms]
      [Choose CSet: 0.0 ms]
      [Ref Proc: 0.1 ms]
      [Ref Enq: 0.0 ms]
      [Free CSet: 0.0 ms]
   [Eden: 23.0M(23.0M)->0.0B(27.0M) Survivors: 3072.0K->4096.0K Heap: 147.2M(533.0M)->153.2M(632.0M)]
 [Times: user=0.47 sys=0.03, real=0.06 secs] 
0.668: [GC pause (G1 Evacuation Pause) (young), 0.0951202 secs]
   [Parallel Time: 94.4 ms, GC Workers: 8]
      [GC Worker Start (ms): Min: 668.0, Avg: 675.4, Max: 713.7, Diff: 45.7]
      [Ext Root Scanning (ms): Min: 0.0, Avg: 0.1, Max: 0.1, Diff: 0.1, Sum: 0.7]
      [Update RS (ms): Min: 0.0, Avg: 16.5, Max: 34.9, Diff: 34.9, Sum: 131.8]
         [Processed Buffers: Min: 0, Avg: 6.8, Max: 12, Diff: 12, Sum: 54]
      [Scan RS (ms): Min: 0.0, Avg: 8.3, Max: 11.9, Diff: 11.9, Sum: 66.1]
      [Code Root Scanning (ms): Min: 0.0, Avg: 0.0, Max: 0.0, Diff: 0.0, Sum: 0.0]
      [Object Copy (ms): Min: 42.0, Avg: 56.7, Max: 64.9, Diff: 22.9, Sum: 453.3]
      [Termination (ms): Min: 0.0, Avg: 5.4, Max: 6.6, Diff: 6.6, Sum: 43.2]
      [GC Worker Other (ms): Min: 0.0, Avg: 0.0, Max: 0.0, Diff: 0.0, Sum: 0.1]
      [GC Worker Total (ms): Min: 48.6, Avg: 86.9, Max: 94.3, Diff: 45.7, Sum: 695.2]
      [GC Worker End (ms): Min: 762.3, Avg: 762.3, Max: 762.3, Diff: 0.0]
   [Code Root Fixup: 0.0 ms]
   [Code Root Migration: 0.0 ms]
   [Clear CT: 0.1 ms]
   [Other: 0.7 ms]
      [Choose CSet: 0.0 ms]
      [Ref Proc: 0.1 ms]
      [Ref Enq: 0.0 ms]
      [Free CSet: 0.1 ms]
   [Eden: 27.0M(27.0M)->0.0B(31.0M) Survivors: 4096.0K->4096.0K Heap: 215.4M(632.0M)->220.9M(711.0M)]
 [Times: user=0.58 sys=0.03, real=0.10 secs] 
0.812: [GC pause (G1 Evacuation Pause) (young), 0.0624782 secs]
   [Parallel Time: 61.8 ms, GC Workers: 8]
      [GC Worker Start (ms): Min: 812.0, Avg: 812.0, Max: 812.0, Diff: 0.0]
      [Ext Root Scanning (ms): Min: 0.1, Avg: 0.1, Max: 0.1, Diff: 0.0, Sum: 0.8]
      [Update RS (ms): Min: 4.9, Avg: 5.7, Max: 7.4, Diff: 2.5, Sum: 45.7]
         [Processed Buffers: Min: 2, Avg: 2.5, Max: 3, Diff: 1, Sum: 20]
      [Scan RS (ms): Min: 5.9, Avg: 7.7, Max: 8.6, Diff: 2.6, Sum: 61.3]
      [Code Root Scanning (ms): Min: 0.0, Avg: 0.0, Max: 0.0, Diff: 0.0, Sum: 0.0]
      [Object Copy (ms): Min: 48.2, Avg: 48.2, Max: 48.4, Diff: 0.2, Sum: 385.9]
      [Termination (ms): Min: 0.0, Avg: 0.0, Max: 0.0, Diff: 0.0, Sum: 0.2]
      [GC Worker Other (ms): Min: 0.0, Avg: 0.0, Max: 0.0, Diff: 0.0, Sum: 0.2]
      [GC Worker Total (ms): Min: 61.8, Avg: 61.8, Max: 61.8, Diff: 0.0, Sum: 494.2]
      [GC Worker End (ms): Min: 873.8, Avg: 873.8, Max: 873.8, Diff: 0.0]
   [Code Root Fixup: 0.0 ms]
   [Code Root Migration: 0.0 ms]
   [Clear CT: 0.0 ms]
   [Other: 0.6 ms]
      [Choose CSet: 0.0 ms]
      [Ref Proc: 0.2 ms]
      [Ref Enq: 0.0 ms]
      [Free CSet: 0.0 ms]
   [Eden: 31.0M(31.0M)->0.0B(33.0M) Survivors: 4096.0K->5120.0K Heap: 251.9M(711.0M)->256.4M(774.0M)]
 [Times: user=0.47 sys=0.02, real=0.06 secs] 
1.025: [GC pause (G1 Evacuation Pause) (young), 0.0861928 secs]
   [Parallel Time: 84.5 ms, GC Workers: 8]
      [GC Worker Start (ms): Min: 1025.0, Avg: 1025.1, Max: 1025.1, Diff: 0.1]
      [Ext Root Scanning (ms): Min: 0.1, Avg: 0.1, Max: 0.1, Diff: 0.1, Sum: 0.8]
      [Update RS (ms): Min: 7.8, Avg: 9.0, Max: 10.2, Diff: 2.4, Sum: 72.0]
         [Processed Buffers: Min: 4, Avg: 4.3, Max: 5, Diff: 1, Sum: 34]
      [Scan RS (ms): Min: 13.1, Avg: 14.3, Max: 15.5, Diff: 2.5, Sum: 114.4]
      [Code Root Scanning (ms): Min: 0.0, Avg: 0.0, Max: 0.0, Diff: 0.0, Sum: 0.0]
      [Object Copy (ms): Min: 60.8, Avg: 60.9, Max: 61.0, Diff: 0.2, Sum: 487.3]
      [Termination (ms): Min: 0.0, Avg: 0.1, Max: 0.1, Diff: 0.1, Sum: 0.7]
      [GC Worker Other (ms): Min: 0.0, Avg: 0.0, Max: 0.0, Diff: 0.0, Sum: 0.1]
      [GC Worker Total (ms): Min: 84.4, Avg: 84.4, Max: 84.5, Diff: 0.1, Sum: 675.3]
      [GC Worker End (ms): Min: 1109.5, Avg: 1109.5, Max: 1109.5, Diff: 0.0]
   [Code Root Fixup: 0.0 ms]
   [Code Root Migration: 0.0 ms]
   [Clear CT: 0.0 ms]
   [Other: 1.6 ms]
      [Choose CSet: 0.0 ms]
      [Ref Proc: 1.2 ms]
      [Ref Enq: 0.0 ms]
      [Free CSet: 0.1 ms]
   [Eden: 33.0M(33.0M)->0.0B(36.0M) Survivors: 5120.0K->5120.0K Heap: 350.3M(774.0M)->353.3M(824.0M)]
 [Times: user=0.58 sys=0.06, real=0.09 secs] 
1.162: [GC pause (G1 Humongous Allocation) (young) (initial-mark), 0.0480227 secs]
   [Parallel Time: 47.5 ms, GC Workers: 8]
      [GC Worker Start (ms): Min: 1162.4, Avg: 1162.5, Max: 1162.7, Diff: 0.2]
      [Ext Root Scanning (ms): Min: 0.0, Avg: 0.1, Max: 0.1, Diff: 0.1, Sum: 0.8]
      [Code Root Marking (ms): Min: 0.0, Avg: 0.0, Max: 0.0, Diff: 0.0, Sum: 0.2]
      [Update RS (ms): Min: 5.2, Avg: 6.4, Max: 7.9, Diff: 2.7, Sum: 50.9]
         [Processed Buffers: Min: 2, Avg: 2.8, Max: 3, Diff: 1, Sum: 22]
      [Scan RS (ms): Min: 6.5, Avg: 8.0, Max: 9.1, Diff: 2.6, Sum: 64.3]
      [Code Root Scanning (ms): Min: 0.0, Avg: 0.0, Max: 0.0, Diff: 0.0, Sum: 0.0]
      [Object Copy (ms): Min: 32.7, Avg: 32.8, Max: 33.0, Diff: 0.2, Sum: 262.5]
      [Termination (ms): Min: 0.0, Avg: 0.0, Max: 0.1, Diff: 0.1, Sum: 0.4]
      [GC Worker Other (ms): Min: 0.0, Avg: 0.0, Max: 0.0, Diff: 0.0, Sum: 0.1]
      [GC Worker Total (ms): Min: 47.2, Avg: 47.4, Max: 47.5, Diff: 0.2, Sum: 379.3]
      [GC Worker End (ms): Min: 1209.9, Avg: 1209.9, Max: 1209.9, Diff: 0.0]
   [Code Root Fixup: 0.0 ms]
   [Code Root Migration: 0.0 ms]
   [Clear CT: 0.0 ms]
   [Other: 0.5 ms]
      [Choose CSet: 0.0 ms]
      [Ref Proc: 0.1 ms]
      [Ref Enq: 0.0 ms]
      [Free CSet: 0.0 ms]
   [Eden: 19.0M(36.0M)->0.0B(45.0M) Survivors: 5120.0K->6144.0K Heap: 383.1M(824.0M)->386.9M(864.0M)]
 [Times: user=0.34 sys=0.03, real=0.05 secs] 
1.211: [GC concurrent-root-region-scan-start]
1.213: [GC concurrent-root-region-scan-end, 0.0024720 secs]
1.213: [GC concurrent-mark-start]
1.366: [GC pause (G1 Evacuation Pause) (young), 0.1366996 secs]
   [Parallel Time: 135.8 ms, GC Workers: 8]
      [GC Worker Start (ms): Min: 1366.5, Avg: 1366.5, Max: 1366.6, Diff: 0.1]
      [Ext Root Scanning (ms): Min: 0.2, Avg: 6.0, Max: 22.8, Diff: 22.6, Sum: 48.1]
      [SATB Filtering (ms): Min: 0.0, Avg: 0.0, Max: 0.0, Diff: 0.0, Sum: 0.0]
      [Update RS (ms): Min: 0.0, Avg: 4.5, Max: 7.7, Diff: 7.7, Sum: 36.3]
         [Processed Buffers: Min: 0, Avg: 2.8, Max: 6, Diff: 6, Sum: 22]
      [Scan RS (ms): Min: 18.6, Avg: 34.0, Max: 43.6, Diff: 25.0, Sum: 272.1]
      [Code Root Scanning (ms): Min: 0.0, Avg: 0.0, Max: 0.0, Diff: 0.0, Sum: 0.0]
      [Object Copy (ms): Min: 74.2, Avg: 85.2, Max: 90.1, Diff: 15.9, Sum: 681.8]
      [Termination (ms): Min: 0.0, Avg: 5.8, Max: 7.1, Diff: 7.1, Sum: 46.8]
      [GC Worker Other (ms): Min: 0.0, Avg: 0.0, Max: 0.0, Diff: 0.0, Sum: 0.2]
      [GC Worker Total (ms): Min: 135.6, Avg: 135.7, Max: 135.7, Diff: 0.1, Sum: 1085.3]
      [GC Worker End (ms): Min: 1502.2, Avg: 1502.2, Max: 1502.2, Diff: 0.0]
   [Code Root Fixup: 0.0 ms]
   [Code Root Migration: 0.0 ms]
   [Clear CT: 0.1 ms]
   [Other: 0.9 ms]
      [Choose CSet: 0.0 ms]
      [Ref Proc: 0.1 ms]
      [Ref Enq: 0.0 ms]
      [Free CSet: 0.2 ms]
   [Eden: 45.0M(45.0M)->0.0B(37.0M) Survivors: 6144.0K->7168.0K Heap: 481.4M(864.0M)->485.4M(896.0M)]
 [Times: user=0.91 sys=0.03, real=0.15 secs] 
1.556: [GC concurrent-mark-end, 0.3316671 secs]
1.562: [GC remark 1.562: [GC ref-proc, 0.0000704 secs], 0.0008962 secs]
 [Times: user=0.02 sys=0.00, real=0.00 secs] 
1.571: [GC cleanup 541M->214M(896M), 0.0006732 secs]
 [Times: user=0.00 sys=0.00, real=0.00 secs] 
1.572: [GC concurrent-cleanup-start]
1.572: [GC concurrent-cleanup-end, 0.0004105 secs]
1.614: [GC pause (G1 Evacuation Pause) (young), 0.0895432 secs]
   [Parallel Time: 88.8 ms, GC Workers: 8]
      [GC Worker Start (ms): Min: 1614.3, Avg: 1614.3, Max: 1614.3, Diff: 0.0]
      [Ext Root Scanning (ms): Min: 0.1, Avg: 0.1, Max: 0.1, Diff: 0.0, Sum: 0.9]
      [Update RS (ms): Min: 7.4, Avg: 8.3, Max: 10.0, Diff: 2.5, Sum: 66.4]
         [Processed Buffers: Min: 3, Avg: 3.8, Max: 4, Diff: 1, Sum: 30]
      [Scan RS (ms): Min: 16.0, Avg: 17.5, Max: 18.4, Diff: 2.4, Sum: 140.2]
      [Code Root Scanning (ms): Min: 0.0, Avg: 0.0, Max: 0.0, Diff: 0.0, Sum: 0.0]
      [Object Copy (ms): Min: 62.7, Avg: 62.8, Max: 62.9, Diff: 0.3, Sum: 502.5]
      [Termination (ms): Min: 0.0, Avg: 0.0, Max: 0.1, Diff: 0.1, Sum: 0.3]
      [GC Worker Other (ms): Min: 0.0, Avg: 0.0, Max: 0.0, Diff: 0.0, Sum: 0.2]
      [GC Worker Total (ms): Min: 88.8, Avg: 88.8, Max: 88.8, Diff: 0.0, Sum: 710.5]
      [GC Worker End (ms): Min: 1703.1, Avg: 1703.1, Max: 1703.1, Diff: 0.0]
   [Code Root Fixup: 0.0 ms]
   [Code Root Migration: 0.0 ms]
   [Clear CT: 0.1 ms]
   [Other: 0.6 ms]
      [Choose CSet: 0.0 ms]
      [Ref Proc: 0.2 ms]
      [Ref Enq: 0.0 ms]
      [Free CSet: 0.1 ms]
   [Eden: 37.0M(37.0M)->0.0B(45.0M) Survivors: 7168.0K->6144.0K Heap: 230.7M(896.0M)->234.7M(922.0M)]
 [Times: user=0.62 sys=0.02, real=0.09 secs] 
1.856: [GC pause (G1 Evacuation Pause) (young), 0.0973007 secs]
   [Parallel Time: 96.7 ms, GC Workers: 8]
      [GC Worker Start (ms): Min: 1856.3, Avg: 1858.0, Max: 1868.8, Diff: 12.6]
      [Ext Root Scanning (ms): Min: 0.0, Avg: 0.1, Max: 0.1, Diff: 0.1, Sum: 0.7]
      [Update RS (ms): Min: 0.0, Avg: 5.0, Max: 7.2, Diff: 7.2, Sum: 40.1]
         [Processed Buffers: Min: 0, Avg: 2.5, Max: 4, Diff: 4, Sum: 20]
      [Scan RS (ms): Min: 14.4, Avg: 20.3, Max: 22.3, Diff: 7.9, Sum: 162.0]
      [Code Root Scanning (ms): Min: 0.0, Avg: 0.0, Max: 0.0, Diff: 0.0, Sum: 0.0]
      [Object Copy (ms): Min: 69.3, Avg: 69.4, Max: 69.6, Diff: 0.3, Sum: 555.3]
      [Termination (ms): Min: 0.0, Avg: 0.2, Max: 0.2, Diff: 0.2, Sum: 1.4]
      [GC Worker Other (ms): Min: 0.0, Avg: 0.0, Max: 0.0, Diff: 0.0, Sum: 0.1]
      [GC Worker Total (ms): Min: 84.1, Avg: 94.9, Max: 96.7, Diff: 12.6, Sum: 759.6]
      [GC Worker End (ms): Min: 1952.9, Avg: 1952.9, Max: 1952.9, Diff: 0.0]
   [Code Root Fixup: 0.0 ms]
   [Code Root Migration: 0.0 ms]
   [Clear CT: 0.1 ms]
   [Other: 0.5 ms]
      [Choose CSet: 0.0 ms]
      [Ref Proc: 0.1 ms]
      [Ref Enq: 0.0 ms]
      [Free CSet: 0.1 ms]
   [Eden: 45.0M(45.0M)->0.0B(55.0M) Survivors: 6144.0K->7168.0K Heap: 332.5M(922.0M)->336.0M(943.0M)]
 [Times: user=0.84 sys=0.00, real=0.10 secs] 
2.074: [GC pause (G1 Evacuation Pause) (young), 0.1570302 secs]
   [Parallel Time: 156.3 ms, GC Workers: 8]
      [GC Worker Start (ms): Min: 2073.8, Avg: 2073.8, Max: 2073.8, Diff: 0.0]
      [Ext Root Scanning (ms): Min: 0.1, Avg: 0.1, Max: 0.2, Diff: 0.0, Sum: 1.2]
      [Update RS (ms): Min: 7.7, Avg: 7.8, Max: 7.9, Diff: 0.2, Sum: 62.1]
         [Processed Buffers: Min: 3, Avg: 3.3, Max: 4, Diff: 1, Sum: 26]
      [Scan RS (ms): Min: 42.2, Avg: 42.3, Max: 43.1, Diff: 0.9, Sum: 338.6]
      [Code Root Scanning (ms): Min: 0.0, Avg: 0.0, Max: 0.0, Diff: 0.0, Sum: 0.0]
      [Object Copy (ms): Min: 105.2, Avg: 105.9, Max: 106.2, Diff: 1.0, Sum: 847.2]
      [Termination (ms): Min: 0.0, Avg: 0.1, Max: 0.1, Diff: 0.1, Sum: 0.8]
      [GC Worker Other (ms): Min: 0.0, Avg: 0.0, Max: 0.0, Diff: 0.0, Sum: 0.2]
      [GC Worker Total (ms): Min: 156.2, Avg: 156.3, Max: 156.3, Diff: 0.0, Sum: 1250.0]
      [GC Worker End (ms): Min: 2230.0, Avg: 2230.0, Max: 2230.1, Diff: 0.0]
   [Code Root Fixup: 0.0 ms]
   [Code Root Migration: 0.0 ms]
   [Clear CT: 0.1 ms]
   [Other: 0.6 ms]
      [Choose CSet: 0.0 ms]
      [Ref Proc: 0.1 ms]
      [Ref Enq: 0.0 ms]
      [Free CSet: 0.1 ms]
   [Eden: 55.0M(55.0M)->0.0B(41.0M) Survivors: 7168.0K->8192.0K Heap: 436.8M(943.0M)->440.8M(960.0M)]
 [Times: user=1.14 sys=0.03, real=0.16 secs] 
2.263: [GC pause (G1 Humongous Allocation) (young) (initial-mark), 0.1066088 secs]
   [Parallel Time: 106.0 ms, GC Workers: 8]
      [GC Worker Start (ms): Min: 2263.0, Avg: 2264.4, Max: 2273.5, Diff: 10.6]
      [Ext Root Scanning (ms): Min: 0.0, Avg: 0.1, Max: 0.1, Diff: 0.1, Sum: 0.6]
      [Code Root Marking (ms): Min: 0.0, Avg: 0.0, Max: 0.0, Diff: 0.0, Sum: 0.2]
      [Update RS (ms): Min: 45.6, Avg: 54.9, Max: 57.8, Diff: 12.2, Sum: 438.8]
         [Processed Buffers: Min: 20, Avg: 24.8, Max: 27, Diff: 7, Sum: 198]
      [Scan RS (ms): Min: 11.3, Avg: 12.9, Max: 13.7, Diff: 2.4, Sum: 103.3]
      [Code Root Scanning (ms): Min: 0.0, Avg: 0.0, Max: 0.0, Diff: 0.0, Sum: 0.0]
      [Object Copy (ms): Min: 34.3, Avg: 34.7, Max: 36.7, Diff: 2.4, Sum: 277.4]
      [Termination (ms): Min: 0.0, Avg: 2.0, Max: 2.3, Diff: 2.3, Sum: 15.8]
      [GC Worker Other (ms): Min: 0.0, Avg: 0.0, Max: 0.0, Diff: 0.0, Sum: 0.1]
      [GC Worker Total (ms): Min: 95.4, Avg: 104.5, Max: 105.9, Diff: 10.6, Sum: 836.2]
      [GC Worker End (ms): Min: 2368.9, Avg: 2368.9, Max: 2368.9, Diff: 0.0]
   [Code Root Fixup: 0.0 ms]
   [Code Root Migration: 0.0 ms]
   [Clear CT: 0.1 ms]
   [Other: 0.6 ms]
      [Choose CSet: 0.0 ms]
      [Ref Proc: 0.1 ms]
      [Ref Enq: 0.0 ms]
      [Free CSet: 0.1 ms]
   [Eden: 7168.0K(41.0M)->0.0B(41.0M) Survivors: 8192.0K->7168.0K Heap: 447.8M(960.0M)->452.8M(973.0M)]
 [Times: user=0.84 sys=0.00, real=0.11 secs] 
2.370: [GC concurrent-root-region-scan-start]
2.373: [GC concurrent-root-region-scan-end, 0.0030043 secs]
2.373: [GC concurrent-mark-start]
2.662: [GC pause (G1 Evacuation Pause) (young), 0.1158773 secs]
   [Parallel Time: 115.2 ms, GC Workers: 8]
      [GC Worker Start (ms): Min: 2662.4, Avg: 2673.7, Max: 2697.7, Diff: 35.3]
      [Ext Root Scanning (ms): Min: 0.0, Avg: 0.0, Max: 0.1, Diff: 0.1, Sum: 0.4]
      [SATB Filtering (ms): Min: 0.0, Avg: 0.0, Max: 0.0, Diff: 0.0, Sum: 0.0]
      [Update RS (ms): Min: 0.0, Avg: 6.1, Max: 13.9, Diff: 13.9, Sum: 48.5]
         [Processed Buffers: Min: 0, Avg: 4.3, Max: 9, Diff: 9, Sum: 34]
      [Scan RS (ms): Min: 0.0, Avg: 17.3, Max: 22.0, Diff: 22.0, Sum: 138.1]
      [Code Root Scanning (ms): Min: 0.0, Avg: 0.0, Max: 0.0, Diff: 0.0, Sum: 0.0]
      [Object Copy (ms): Min: 65.5, Avg: 69.6, Max: 80.5, Diff: 15.0, Sum: 557.1]
      [Termination (ms): Min: 0.0, Avg: 10.8, Max: 14.3, Diff: 14.3, Sum: 86.6]
      [GC Worker Other (ms): Min: 0.0, Avg: 0.0, Max: 0.0, Diff: 0.0, Sum: 0.1]
      [GC Worker Total (ms): Min: 79.9, Avg: 103.8, Max: 115.2, Diff: 35.3, Sum: 830.8]
      [GC Worker End (ms): Min: 2777.6, Avg: 2777.6, Max: 2777.6, Diff: 0.0]
   [Code Root Fixup: 0.0 ms]
   [Code Root Migration: 0.0 ms]
   [Clear CT: 0.1 ms]
   [Other: 0.6 ms]
      [Choose CSet: 0.0 ms]
      [Ref Proc: 0.1 ms]
      [Ref Enq: 0.0 ms]
      [Free CSet: 0.2 ms]
   [Eden: 41.0M(41.0M)->0.0B(49.0M) Survivors: 7168.0K->6144.0K Heap: 552.4M(973.0M)->555.4M(984.0M)]
 [Times: user=0.69 sys=0.00, real=0.12 secs] 
2.871: [GC concurrent-mark-end, 0.4979584 secs]
2.889: [GC remark 2.889: [GC ref-proc, 0.0000966 secs], 0.0011322 secs]
 [Times: user=0.00 sys=0.00, real=0.00 secs] 
2.900: [GC cleanup 645M->296M(984M), 0.0005850 secs]
 [Times: user=0.00 sys=0.00, real=0.00 secs] 
2.900: [GC concurrent-cleanup-start]
2.901: [GC concurrent-cleanup-end, 0.0004539 secs]
2.948: [GC pause (G1 Evacuation Pause) (young), 0.1422071 secs]
   [Parallel Time: 141.7 ms, GC Workers: 8]
      [GC Worker Start (ms): Min: 2948.3, Avg: 2948.5, Max: 2948.9, Diff: 0.5]
      [Ext Root Scanning (ms): Min: 0.0, Avg: 0.1, Max: 0.1, Diff: 0.1, Sum: 0.7]
      [Update RS (ms): Min: 27.5, Avg: 28.3, Max: 29.7, Diff: 2.2, Sum: 226.2]
         [Processed Buffers: Min: 9, Avg: 9.9, Max: 12, Diff: 3, Sum: 79]
      [Scan RS (ms): Min: 24.7, Avg: 26.3, Max: 27.2, Diff: 2.5, Sum: 210.8]
      [Code Root Scanning (ms): Min: 0.0, Avg: 0.0, Max: 0.0, Diff: 0.0, Sum: 0.0]
      [Object Copy (ms): Min: 86.6, Avg: 86.7, Max: 86.8, Diff: 0.3, Sum: 693.3]
      [Termination (ms): Min: 0.0, Avg: 0.1, Max: 0.2, Diff: 0.2, Sum: 1.0]
      [GC Worker Other (ms): Min: 0.0, Avg: 0.0, Max: 0.0, Diff: 0.0, Sum: 0.1]
      [GC Worker Total (ms): Min: 141.1, Avg: 141.5, Max: 141.7, Diff: 0.5, Sum: 1132.1]
      [GC Worker End (ms): Min: 3090.0, Avg: 3090.0, Max: 3090.0, Diff: 0.0]
   [Code Root Fixup: 0.0 ms]
   [Code Root Migration: 0.0 ms]
   [Clear CT: 0.0 ms]
   [Other: 0.4 ms]
      [Choose CSet: 0.0 ms]
      [Ref Proc: 0.1 ms]
      [Ref Enq: 0.0 ms]
      [Free CSet: 0.1 ms]
   [Eden: 49.0M(49.0M)->0.0B(48.0M) Survivors: 6144.0K->7168.0K Heap: 308.6M(984.0M)->311.6M(992.0M)]
 [Times: user=1.09 sys=0.01, real=0.14 secs] 
3.273: [GC pause (G1 Evacuation Pause) (young), 0.2126055 secs]
   [Parallel Time: 212.0 ms, GC Workers: 8]
      [GC Worker Start (ms): Min: 3273.0, Avg: 3277.7, Max: 3290.6, Diff: 17.7]
      [Ext Root Scanning (ms): Min: 0.0, Avg: 0.1, Max: 0.1, Diff: 0.1, Sum: 0.5]
      [Update RS (ms): Min: 0.0, Avg: 12.0, Max: 17.2, Diff: 17.2, Sum: 96.3]
         [Processed Buffers: Min: 0, Avg: 4.6, Max: 8, Diff: 8, Sum: 37]
      [Scan RS (ms): Min: 83.1, Avg: 86.4, Max: 89.0, Diff: 5.9, Sum: 691.3]
      [Code Root Scanning (ms): Min: 0.0, Avg: 0.0, Max: 0.0, Diff: 0.0, Sum: 0.0]
      [Object Copy (ms): Min: 100.8, Avg: 105.1, Max: 108.8, Diff: 8.1, Sum: 841.0]
      [Termination (ms): Min: 0.0, Avg: 3.5, Max: 4.5, Diff: 4.5, Sum: 28.3]
      [GC Worker Other (ms): Min: 0.0, Avg: 0.0, Max: 0.0, Diff: 0.0, Sum: 0.1]
      [GC Worker Total (ms): Min: 194.3, Avg: 207.2, Max: 211.9, Diff: 17.7, Sum: 1657.3]
      [GC Worker End (ms): Min: 3484.9, Avg: 3484.9, Max: 3484.9, Diff: 0.0]
   [Code Root Fixup: 0.0 ms]
   [Code Root Migration: 0.0 ms]
   [Clear CT: 0.1 ms]
   [Other: 0.6 ms]
      [Choose CSet: 0.0 ms]
      [Ref Proc: 0.1 ms]
      [Ref Enq: 0.0 ms]
      [Free CSet: 0.1 ms]
   [Eden: 48.0M(48.0M)->0.0B(42.0M) Survivors: 7168.0K->7168.0K Heap: 405.4M(992.0M)->409.9M(999.0M)]
 [Times: user=1.34 sys=0.09, real=0.21 secs] 
3.582: [GC pause (G1 Evacuation Pause) (young), 0.1476232 secs]
   [Parallel Time: 146.9 ms, GC Workers: 8]
      [GC Worker Start (ms): Min: 3581.9, Avg: 3582.7, Max: 3584.8, Diff: 2.9]
      [Ext Root Scanning (ms): Min: 0.0, Avg: 0.1, Max: 0.2, Diff: 0.1, Sum: 0.7]
      [Update RS (ms): Min: 35.8, Avg: 38.6, Max: 41.2, Diff: 5.4, Sum: 309.2]
         [Processed Buffers: Min: 11, Avg: 11.8, Max: 13, Diff: 2, Sum: 94]
      [Scan RS (ms): Min: 26.4, Avg: 28.3, Max: 29.5, Diff: 3.1, Sum: 226.7]
      [Code Root Scanning (ms): Min: 0.0, Avg: 0.0, Max: 0.0, Diff: 0.0, Sum: 0.0]
      [Object Copy (ms): Min: 78.8, Avg: 79.0, Max: 79.3, Diff: 0.5, Sum: 632.1]
      [Termination (ms): Min: 0.0, Avg: 0.0, Max: 0.0, Diff: 0.0, Sum: 0.1]
      [GC Worker Other (ms): Min: 0.0, Avg: 0.1, Max: 0.1, Diff: 0.0, Sum: 0.4]
      [GC Worker Total (ms): Min: 144.0, Avg: 146.2, Max: 146.9, Diff: 2.9, Sum: 1169.2]
      [GC Worker End (ms): Min: 3728.8, Avg: 3728.8, Max: 3728.8, Diff: 0.0]
   [Code Root Fixup: 0.0 ms]
   [Code Root Migration: 0.0 ms]
   [Clear CT: 0.1 ms]
   [Other: 0.6 ms]
      [Choose CSet: 0.0 ms]
      [Ref Proc: 0.1 ms]
      [Ref Enq: 0.0 ms]
      [Free CSet: 0.1 ms]
   [Eden: 42.0M(42.0M)->0.0B(43.0M) Survivors: 7168.0K->7168.0K Heap: 475.3M(999.0M)->478.3M(1004.0M)]
 [Times: user=1.08 sys=0.02, real=0.15 secs] 
3.773: [GC pause (G1 Humongous Allocation) (young) (initial-mark), 0.0277783 secs]
   [Parallel Time: 27.4 ms, GC Workers: 8]
      [GC Worker Start (ms): Min: 3773.5, Avg: 3774.2, Max: 3777.5, Diff: 4.0]
      [Ext Root Scanning (ms): Min: 0.0, Avg: 0.1, Max: 0.1, Diff: 0.1, Sum: 0.7]
      [Code Root Marking (ms): Min: 0.0, Avg: 0.0, Max: 0.0, Diff: 0.0, Sum: 0.2]
      [Update RS (ms): Min: 2.7, Avg: 5.0, Max: 6.5, Diff: 3.8, Sum: 40.0]
         [Processed Buffers: Min: 1, Avg: 2.8, Max: 4, Diff: 3, Sum: 22]
      [Scan RS (ms): Min: 1.7, Avg: 2.9, Max: 3.9, Diff: 2.2, Sum: 23.0]
      [Code Root Scanning (ms): Min: 0.0, Avg: 0.0, Max: 0.0, Diff: 0.0, Sum: 0.0]
      [Object Copy (ms): Min: 17.6, Avg: 18.7, Max: 18.9, Diff: 1.3, Sum: 149.2]
      [Termination (ms): Min: 0.0, Avg: 0.0, Max: 0.0, Diff: 0.0, Sum: 0.1]
      [GC Worker Other (ms): Min: 0.0, Avg: 0.0, Max: 0.0, Diff: 0.0, Sum: 0.1]
      [GC Worker Total (ms): Min: 23.3, Avg: 26.7, Max: 27.3, Diff: 4.0, Sum: 213.3]
      [GC Worker End (ms): Min: 3800.8, Avg: 3800.8, Max: 3800.8, Diff: 0.0]
   [Code Root Fixup: 0.0 ms]
   [Code Root Migration: 0.0 ms]
   [Clear CT: 0.0 ms]
   [Other: 0.4 ms]
      [Choose CSet: 0.0 ms]
      [Ref Proc: 0.1 ms]
      [Ref Enq: 0.0 ms]
      [Free CSet: 0.1 ms]
   [Eden: 6144.0K(43.0M)->0.0B(55.0M) Survivors: 7168.0K->7168.0K Heap: 483.7M(1004.0M)->489.3M(1008.0M)]
 [Times: user=0.25 sys=0.00, real=0.03 secs] 
3.801: [GC concurrent-root-region-scan-start]
3.805: [GC concurrent-root-region-scan-end, 0.0039256 secs]
3.805: [GC concurrent-mark-start]
4.278: [GC pause (G1 Evacuation Pause) (young), 0.1610370 secs]
   [Parallel Time: 160.2 ms, GC Workers: 8]
      [GC Worker Start (ms): Min: 4277.5, Avg: 4284.6, Max: 4294.8, Diff: 17.3]
      [Ext Root Scanning (ms): Min: 0.0, Avg: 0.0, Max: 0.1, Diff: 0.1, Sum: 0.4]
      [SATB Filtering (ms): Min: 0.0, Avg: 0.0, Max: 0.0, Diff: 0.0, Sum: 0.0]
      [Update RS (ms): Min: 0.0, Avg: 6.4, Max: 16.7, Diff: 16.7, Sum: 51.5]
         [Processed Buffers: Min: 0, Avg: 3.1, Max: 7, Diff: 7, Sum: 25]
      [Scan RS (ms): Min: 50.1, Avg: 56.9, Max: 69.1, Diff: 18.9, Sum: 454.9]
      [Code Root Scanning (ms): Min: 0.0, Avg: 0.0, Max: 0.0, Diff: 0.0, Sum: 0.0]
      [Object Copy (ms): Min: 68.9, Avg: 83.8, Max: 92.2, Diff: 23.3, Sum: 670.3]
      [Termination (ms): Min: 0.0, Avg: 5.9, Max: 6.8, Diff: 6.8, Sum: 47.5]
      [GC Worker Other (ms): Min: 0.0, Avg: 0.0, Max: 0.0, Diff: 0.0, Sum: 0.2]
      [GC Worker Total (ms): Min: 142.9, Avg: 153.1, Max: 160.2, Diff: 17.3, Sum: 1224.7]
      [GC Worker End (ms): Min: 4437.7, Avg: 4437.7, Max: 4437.7, Diff: 0.0]
   [Code Root Fixup: 0.0 ms]
   [Code Root Migration: 0.0 ms]
   [Clear CT: 0.1 ms]
   [Other: 0.7 ms]
      [Choose CSet: 0.0 ms]
      [Ref Proc: 0.2 ms]
      [Ref Enq: 0.0 ms]
      [Free CSet: 0.2 ms]
   [Eden: 55.0M(55.0M)->0.0B(46.0M) Survivors: 7168.0K->8192.0K Heap: 632.4M(1008.0M)->634.9M(1012.0M)]
 [Times: user=0.84 sys=0.16, real=0.16 secs] 
4.584: [GC pause (G1 Evacuation Pause) (young), 0.1531517 secs]
   [Parallel Time: 152.1 ms, GC Workers: 8]
      [GC Worker Start (ms): Min: 4584.1, Avg: 4584.1, Max: 4584.1, Diff: 0.0]
      [Ext Root Scanning (ms): Min: 0.1, Avg: 0.1, Max: 0.1, Diff: 0.0, Sum: 0.8]
      [SATB Filtering (ms): Min: 0.0, Avg: 0.0, Max: 0.0, Diff: 0.0, Sum: 0.0]
      [Update RS (ms): Min: 7.1, Avg: 8.1, Max: 10.2, Diff: 3.2, Sum: 65.0]
         [Processed Buffers: Min: 3, Avg: 3.1, Max: 4, Diff: 1, Sum: 25]
      [Scan RS (ms): Min: 48.9, Avg: 51.0, Max: 52.1, Diff: 3.2, Sum: 408.3]
      [Code Root Scanning (ms): Min: 0.0, Avg: 0.0, Max: 0.0, Diff: 0.0, Sum: 0.0]
      [Object Copy (ms): Min: 92.1, Avg: 92.3, Max: 92.9, Diff: 0.8, Sum: 738.1]
      [Termination (ms): Min: 0.0, Avg: 0.5, Max: 0.6, Diff: 0.6, Sum: 4.0]
      [GC Worker Other (ms): Min: 0.0, Avg: 0.0, Max: 0.0, Diff: 0.0, Sum: 0.1]
      [GC Worker Total (ms): Min: 152.0, Avg: 152.0, Max: 152.1, Diff: 0.0, Sum: 1216.3]
      [GC Worker End (ms): Min: 4736.1, Avg: 4736.1, Max: 4736.2, Diff: 0.0]
   [Code Root Fixup: 0.0 ms]
   [Code Root Migration: 0.0 ms]
   [Clear CT: 0.1 ms]
   [Other: 1.0 ms]
      [Choose CSet: 0.0 ms]
      [Ref Proc: 0.3 ms]
      [Ref Enq: 0.0 ms]
      [Free CSet: 0.1 ms]
   [Eden: 46.0M(46.0M)->0.0B(43.0M) Survivors: 8192.0K->7168.0K Heap: 710.9M(1012.0M)->714.4M(1015.0M)]
 [Times: user=1.09 sys=0.09, real=0.15 secs] 
4.819: [GC concurrent-mark-end, 1.0131666 secs]
4.819: [GC remark 4.820: [GC ref-proc, 0.0000994 secs], 0.0031274 secs]
 [Times: user=0.00 sys=0.00, real=0.00 secs] 
4.822: [GC cleanup 736M->394M(1015M), 0.0008868 secs]
 [Times: user=0.00 sys=0.00, real=0.00 secs] 
4.823: [GC concurrent-cleanup-start]
4.824: [GC concurrent-cleanup-end, 0.0005817 secs]
4.904: [GC pause (G1 Evacuation Pause) (young), 0.1278146 secs]
   [Parallel Time: 127.1 ms, GC Workers: 8]
      [GC Worker Start (ms): Min: 4904.5, Avg: 4904.5, Max: 4904.5, Diff: 0.0]
      [Ext Root Scanning (ms): Min: 0.1, Avg: 0.1, Max: 0.1, Diff: 0.0, Sum: 0.9]
      [Update RS (ms): Min: 7.9, Avg: 9.0, Max: 11.3, Diff: 3.4, Sum: 71.8]
         [Processed Buffers: Min: 3, Avg: 3.5, Max: 4, Diff: 1, Sum: 28]
      [Scan RS (ms): Min: 38.2, Avg: 40.5, Max: 41.5, Diff: 3.3, Sum: 323.9]
      [Code Root Scanning (ms): Min: 0.0, Avg: 0.0, Max: 0.0, Diff: 0.0, Sum: 0.0]
      [Object Copy (ms): Min: 77.3, Avg: 77.4, Max: 77.5, Diff: 0.2, Sum: 619.3]
      [Termination (ms): Min: 0.0, Avg: 0.0, Max: 0.0, Diff: 0.0, Sum: 0.1]
      [GC Worker Other (ms): Min: 0.0, Avg: 0.0, Max: 0.0, Diff: 0.0, Sum: 0.1]
      [GC Worker Total (ms): Min: 127.0, Avg: 127.0, Max: 127.0, Diff: 0.0, Sum: 1016.1]
      [GC Worker End (ms): Min: 5031.5, Avg: 5031.5, Max: 5031.5, Diff: 0.0]
   [Code Root Fixup: 0.0 ms]
   [Code Root Migration: 0.0 ms]
   [Clear CT: 0.1 ms]
   [Other: 0.6 ms]
      [Choose CSet: 0.0 ms]
      [Ref Proc: 0.1 ms]
      [Ref Enq: 0.0 ms]
      [Free CSet: 0.2 ms]
   [Eden: 43.0M(43.0M)->0.0B(48.0M) Survivors: 7168.0K->7168.0K Heap: 454.7M(1015.0M)->458.2M(1017.0M)]
 [Times: user=0.95 sys=0.05, real=0.13 secs] 
5.066: [GC pause (G1 Humongous Allocation) (young) (initial-mark), 0.0593503 secs]
   [Parallel Time: 58.8 ms, GC Workers: 8]
      [GC Worker Start (ms): Min: 5066.0, Avg: 5067.9, Max: 5075.9, Diff: 9.9]
      [Ext Root Scanning (ms): Min: 0.0, Avg: 0.1, Max: 0.1, Diff: 0.1, Sum: 0.8]
      [Code Root Marking (ms): Min: 0.0, Avg: 0.0, Max: 0.1, Diff: 0.0, Sum: 0.4]
      [Update RS (ms): Min: 19.7, Avg: 28.5, Max: 31.3, Diff: 11.6, Sum: 227.8]
         [Processed Buffers: Min: 8, Avg: 11.5, Max: 13, Diff: 5, Sum: 92]
      [Scan RS (ms): Min: 2.5, Avg: 3.6, Max: 4.7, Diff: 2.2, Sum: 28.5]
      [Code Root Scanning (ms): Min: 0.0, Avg: 0.0, Max: 0.0, Diff: 0.0, Sum: 0.0]
      [Object Copy (ms): Min: 24.5, Avg: 24.6, Max: 24.7, Diff: 0.2, Sum: 197.0]
      [Termination (ms): Min: 0.0, Avg: 0.0, Max: 0.0, Diff: 0.0, Sum: 0.1]
      [GC Worker Other (ms): Min: 0.0, Avg: 0.0, Max: 0.0, Diff: 0.0, Sum: 0.1]
      [GC Worker Total (ms): Min: 48.8, Avg: 56.8, Max: 58.7, Diff: 9.9, Sum: 454.6]
      [GC Worker End (ms): Min: 5124.7, Avg: 5124.7, Max: 5124.7, Diff: 0.0]
   [Code Root Fixup: 0.0 ms]
   [Code Root Migration: 0.0 ms]
   [Clear CT: 0.0 ms]
   [Other: 0.5 ms]
      [Choose CSet: 0.0 ms]
      [Ref Proc: 0.3 ms]
      [Ref Enq: 0.0 ms]
      [Free CSet: 0.0 ms]
   [Eden: 11.0M(48.0M)->0.0B(64.0M) Survivors: 7168.0K->7168.0K Heap: 468.5M(1017.0M)->473.2M(1019.0M)]
 [Times: user=0.47 sys=0.00, real=0.06 secs] 
5.125: [GC concurrent-root-region-scan-start]
5.129: [GC concurrent-root-region-scan-end, 0.0034367 secs]
5.129: [GC concurrent-mark-start]
5.564: [GC pause (G1 Evacuation Pause) (young), 0.1878249 secs]
   [Parallel Time: 187.2 ms, GC Workers: 8]
      [GC Worker Start (ms): Min: 5563.7, Avg: 5571.0, Max: 5585.8, Diff: 22.2]
      [Ext Root Scanning (ms): Min: 0.0, Avg: 0.1, Max: 0.3, Diff: 0.3, Sum: 0.9]
      [SATB Filtering (ms): Min: 0.0, Avg: 0.0, Max: 0.0, Diff: 0.0, Sum: 0.0]
      [Update RS (ms): Min: 0.0, Avg: 9.7, Max: 23.8, Diff: 23.8, Sum: 77.8]
         [Processed Buffers: Min: 0, Avg: 4.5, Max: 9, Diff: 9, Sum: 36]
      [Scan RS (ms): Min: 45.5, Avg: 61.6, Max: 90.0, Diff: 44.5, Sum: 493.1]
      [Code Root Scanning (ms): Min: 0.0, Avg: 0.0, Max: 0.0, Diff: 0.0, Sum: 0.0]
      [Object Copy (ms): Min: 64.4, Avg: 88.0, Max: 117.2, Diff: 52.7, Sum: 703.8]
      [Termination (ms): Min: 0.0, Avg: 20.1, Max: 25.6, Diff: 25.6, Sum: 160.9]
      [GC Worker Other (ms): Min: 0.0, Avg: 0.0, Max: 0.0, Diff: 0.0, Sum: 0.1]
      [GC Worker Total (ms): Min: 164.6, Avg: 179.6, Max: 186.9, Diff: 22.3, Sum: 1436.7]
      [GC Worker End (ms): Min: 5750.4, Avg: 5750.5, Max: 5750.8, Diff: 0.4]
   [Code Root Fixup: 0.0 ms]
   [Code Root Migration: 0.0 ms]
   [Clear CT: 0.1 ms]
   [Other: 0.5 ms]
      [Choose CSet: 0.0 ms]
      [Ref Proc: 0.1 ms]
      [Ref Enq: 0.0 ms]
      [Free CSet: 0.1 ms]
   [Eden: 64.0M(64.0M)->0.0B(49.0M) Survivors: 7168.0K->9216.0K Heap: 628.1M(1019.0M)->630.6M(1020.0M)]
 [Times: user=1.03 sys=0.03, real=0.19 secs] 
5.910: [GC pause (G1 Evacuation Pause) (young), 0.1680718 secs]
   [Parallel Time: 166.8 ms, GC Workers: 8]
      [GC Worker Start (ms): Min: 5910.2, Avg: 5911.3, Max: 5915.5, Diff: 5.4]
      [Ext Root Scanning (ms): Min: 0.0, Avg: 0.1, Max: 0.1, Diff: 0.1, Sum: 0.6]
      [SATB Filtering (ms): Min: 0.0, Avg: 0.0, Max: 0.0, Diff: 0.0, Sum: 0.0]
      [Update RS (ms): Min: 5.8, Avg: 10.1, Max: 11.8, Diff: 6.0, Sum: 81.1]
         [Processed Buffers: Min: 3, Avg: 4.3, Max: 5, Diff: 2, Sum: 34]
      [Scan RS (ms): Min: 55.5, Avg: 56.1, Max: 56.9, Diff: 1.4, Sum: 449.0]
      [Code Root Scanning (ms): Min: 0.0, Avg: 0.0, Max: 0.0, Diff: 0.0, Sum: 0.0]
      [Object Copy (ms): Min: 98.7, Avg: 99.2, Max: 99.3, Diff: 0.6, Sum: 793.5]
      [Termination (ms): Min: 0.0, Avg: 0.0, Max: 0.0, Diff: 0.0, Sum: 0.1]
      [GC Worker Other (ms): Min: 0.0, Avg: 0.0, Max: 0.1, Diff: 0.1, Sum: 0.3]
      [GC Worker Total (ms): Min: 161.4, Avg: 165.6, Max: 166.8, Diff: 5.3, Sum: 1324.8]
      [GC Worker End (ms): Min: 6076.9, Avg: 6076.9, Max: 6077.0, Diff: 0.1]
   [Code Root Fixup: 0.0 ms]
   [Code Root Migration: 0.0 ms]
   [Clear CT: 0.1 ms]
   [Other: 1.2 ms]
      [Choose CSet: 0.0 ms]
      [Ref Proc: 0.7 ms]
      [Ref Enq: 0.0 ms]
      [Free CSet: 0.1 ms]
   [Eden: 49.0M(49.0M)->0.0B(43.0M) Survivors: 9216.0K->8192.0K Heap: 722.4M(1020.0M)->726.9M(1021.0M)]
 [Times: user=1.26 sys=0.03, real=0.17 secs] 
6.164: [GC concurrent-mark-end, 1.0219881 secs]
6.170: [GC remark 6.170: [GC ref-proc, 0.0001068 secs], 0.0016953 secs]
 [Times: user=0.00 sys=0.00, real=0.00 secs] 
6.172: [GC cleanup 762M->437M(1021M), 0.0007851 secs]
 [Times: user=0.00 sys=0.00, real=0.00 secs] 
6.172: [GC concurrent-cleanup-start]
6.173: [GC concurrent-cleanup-end, 0.0004628 secs]
6.257: [GC pause (G1 Evacuation Pause) (young), 0.1698548 secs]
   [Parallel Time: 169.1 ms, GC Workers: 8]
      [GC Worker Start (ms): Min: 6257.1, Avg: 6258.1, Max: 6263.9, Diff: 6.9]
      [Ext Root Scanning (ms): Min: 0.0, Avg: 0.1, Max: 0.1, Diff: 0.1, Sum: 0.7]
      [Update RS (ms): Min: 10.5, Avg: 16.6, Max: 18.8, Diff: 8.2, Sum: 133.2]
         [Processed Buffers: Min: 3, Avg: 5.9, Max: 8, Diff: 5, Sum: 47]
      [Scan RS (ms): Min: 56.9, Avg: 58.2, Max: 59.8, Diff: 2.9, Sum: 465.8]
      [Code Root Scanning (ms): Min: 0.0, Avg: 0.0, Max: 0.0, Diff: 0.0, Sum: 0.0]
      [Object Copy (ms): Min: 91.4, Avg: 92.8, Max: 93.2, Diff: 1.8, Sum: 742.8]
      [Termination (ms): Min: 0.0, Avg: 0.1, Max: 0.1, Diff: 0.1, Sum: 0.6]
      [GC Worker Other (ms): Min: 0.0, Avg: 0.0, Max: 0.0, Diff: 0.0, Sum: 0.1]
      [GC Worker Total (ms): Min: 162.1, Avg: 167.9, Max: 169.0, Diff: 6.9, Sum: 1343.2]
      [GC Worker End (ms): Min: 6426.0, Avg: 6426.0, Max: 6426.0, Diff: 0.0]
   [Code Root Fixup: 0.0 ms]
   [Code Root Migration: 0.0 ms]
   [Clear CT: 0.1 ms]
   [Other: 0.7 ms]
      [Choose CSet: 0.0 ms]
      [Ref Proc: 0.2 ms]
      [Ref Enq: 0.0 ms]
      [Free CSet: 0.1 ms]
   [Eden: 43.0M(43.0M)->0.0B(44.0M) Survivors: 8192.0K->7168.0K Heap: 503.4M(1021.0M)->506.9M(1022.0M)]
 [Times: user=1.26 sys=0.05, real=0.17 secs] 
6.510: [GC pause (G1 Evacuation Pause) (young), 0.0938532 secs]
   [Parallel Time: 93.4 ms, GC Workers: 8]
      [GC Worker Start (ms): Min: 6510.5, Avg: 6510.6, Max: 6510.7, Diff: 0.1]
      [Ext Root Scanning (ms): Min: 0.0, Avg: 0.1, Max: 0.1, Diff: 0.1, Sum: 0.8]
      [Update RS (ms): Min: 7.7, Avg: 9.8, Max: 10.8, Diff: 3.2, Sum: 78.5]
         [Processed Buffers: Min: 2, Avg: 3.8, Max: 4, Diff: 2, Sum: 30]
      [Scan RS (ms): Min: 20.1, Avg: 21.1, Max: 23.2, Diff: 3.1, Sum: 168.5]
      [Code Root Scanning (ms): Min: 0.0, Avg: 0.0, Max: 0.0, Diff: 0.0, Sum: 0.0]
      [Object Copy (ms): Min: 62.2, Avg: 62.3, Max: 62.4, Diff: 0.2, Sum: 498.1]
      [Termination (ms): Min: 0.0, Avg: 0.0, Max: 0.0, Diff: 0.0, Sum: 0.2]
      [GC Worker Other (ms): Min: 0.0, Avg: 0.0, Max: 0.0, Diff: 0.0, Sum: 0.1]
      [GC Worker Total (ms): Min: 93.2, Avg: 93.3, Max: 93.3, Diff: 0.1, Sum: 746.2]
      [GC Worker End (ms): Min: 6603.8, Avg: 6603.8, Max: 6603.8, Diff: 0.0]
   [Code Root Fixup: 0.0 ms]
   [Code Root Migration: 0.0 ms]
   [Clear CT: 0.1 ms]
   [Other: 0.4 ms]
      [Choose CSet: 0.0 ms]
      [Ref Proc: 0.1 ms]
      [Ref Enq: 0.0 ms]
      [Free CSet: 0.1 ms]
   [Eden: 44.0M(44.0M)->0.0B(47.0M) Survivors: 7168.0K->7168.0K Heap: 550.9M(1022.0M)->555.4M(1023.0M)]
 [Times: user=0.70 sys=0.05, real=0.09 secs] 
6.618: [GC pause (G1 Humongous Allocation) (young) (initial-mark), 0.0291135 secs]
   [Parallel Time: 28.7 ms, GC Workers: 8]
      [GC Worker Start (ms): Min: 6618.4, Avg: 6618.6, Max: 6619.3, Diff: 0.8]
      [Ext Root Scanning (ms): Min: 0.0, Avg: 0.1, Max: 0.1, Diff: 0.1, Sum: 0.7]
      [Code Root Marking (ms): Min: 0.0, Avg: 0.0, Max: 0.0, Diff: 0.0, Sum: 0.3]
      [Update RS (ms): Min: 15.4, Avg: 16.1, Max: 16.7, Diff: 1.3, Sum: 128.9]
         [Processed Buffers: Min: 7, Avg: 8.0, Max: 10, Diff: 3, Sum: 64]
      [Scan RS (ms): Min: 0.9, Avg: 1.5, Max: 2.0, Diff: 1.1, Sum: 11.7]
      [Code Root Scanning (ms): Min: 0.0, Avg: 0.0, Max: 0.0, Diff: 0.0, Sum: 0.0]
      [Object Copy (ms): Min: 10.8, Avg: 10.9, Max: 11.0, Diff: 0.2, Sum: 86.9]
      [Termination (ms): Min: 0.0, Avg: 0.0, Max: 0.0, Diff: 0.0, Sum: 0.1]
      [GC Worker Other (ms): Min: 0.0, Avg: 0.0, Max: 0.0, Diff: 0.0, Sum: 0.1]
      [GC Worker Total (ms): Min: 27.9, Avg: 28.6, Max: 28.7, Diff: 0.8, Sum: 228.7]
      [GC Worker End (ms): Min: 6647.2, Avg: 6647.2, Max: 6647.2, Diff: 0.0]
   [Code Root Fixup: 0.0 ms]
   [Code Root Migration: 0.0 ms]
   [Clear CT: 0.0 ms]
   [Other: 0.3 ms]
      [Choose CSet: 0.0 ms]
      [Ref Proc: 0.1 ms]
      [Ref Enq: 0.0 ms]
      [Free CSet: 0.0 ms]
   [Eden: 2048.0K(47.0M)->0.0B(75.0M) Survivors: 7168.0K->4096.0K Heap: 556.7M(1023.0M)->560.9M(1024.0M)]
 [Times: user=0.13 sys=0.00, real=0.03 secs] 
6.648: [GC concurrent-root-region-scan-start]
6.648: [GC concurrent-root-region-scan-end, 0.0006470 secs]
6.648: [GC concurrent-mark-start]
7.262: [GC pause (G1 Evacuation Pause) (young), 0.2588975 secs]
   [Parallel Time: 258.3 ms, GC Workers: 8]
      [GC Worker Start (ms): Min: 7262.5, Avg: 7280.6, Max: 7299.9, Diff: 37.4]
      [Ext Root Scanning (ms): Min: 0.0, Avg: 0.0, Max: 0.1, Diff: 0.1, Sum: 0.4]
      [SATB Filtering (ms): Min: 0.0, Avg: 0.0, Max: 0.0, Diff: 0.0, Sum: 0.0]
      [Update RS (ms): Min: 0.0, Avg: 7.5, Max: 15.9, Diff: 15.9, Sum: 60.3]
         [Processed Buffers: Min: 0, Avg: 4.1, Max: 10, Diff: 10, Sum: 33]
      [Scan RS (ms): Min: 59.3, Avg: 74.9, Max: 111.4, Diff: 52.0, Sum: 599.2]
      [Code Root Scanning (ms): Min: 0.0, Avg: 0.0, Max: 0.0, Diff: 0.0, Sum: 0.0]
      [Object Copy (ms): Min: 107.9, Avg: 115.0, Max: 140.6, Diff: 32.7, Sum: 919.8]
      [Termination (ms): Min: 0.0, Avg: 42.6, Max: 53.3, Diff: 53.3, Sum: 340.5]
      [GC Worker Other (ms): Min: 0.0, Avg: 0.0, Max: 0.0, Diff: 0.0, Sum: 0.1]
      [GC Worker Total (ms): Min: 220.8, Avg: 240.0, Max: 258.2, Diff: 37.4, Sum: 1920.4]
      [GC Worker End (ms): Min: 7520.7, Avg: 7520.7, Max: 7520.7, Diff: 0.0]
   [Code Root Fixup: 0.0 ms]
   [Code Root Migration: 0.0 ms]
   [Clear CT: 0.1 ms]
   [Other: 0.5 ms]
      [Choose CSet: 0.0 ms]
      [Ref Proc: 0.1 ms]
      [Ref Enq: 0.0 ms]
      [Free CSet: 0.1 ms]
   [Eden: 75.0M(75.0M)->0.0B(41.0M) Survivors: 4096.0K->10.0M Heap: 734.4M(1024.0M)->732.9M(1024.0M)]
 [Times: user=1.59 sys=0.06, real=0.26 secs] 
7.521: [GC concurrent-mark-reset-for-overflow]
7.677: [GC pause (G1 Humongous Allocation) (young), 0.1010672 secs]
   [Parallel Time: 100.5 ms, GC Workers: 8]
      [GC Worker Start (ms): Min: 7677.2, Avg: 7677.2, Max: 7677.3, Diff: 0.0]
      [Ext Root Scanning (ms): Min: 0.1, Avg: 0.1, Max: 0.1, Diff: 0.0, Sum: 0.8]
      [SATB Filtering (ms): Min: 0.0, Avg: 0.0, Max: 0.0, Diff: 0.0, Sum: 0.0]
      [Update RS (ms): Min: 13.6, Avg: 13.8, Max: 13.9, Diff: 0.3, Sum: 110.3]
         [Processed Buffers: Min: 5, Avg: 5.3, Max: 6, Diff: 1, Sum: 42]
      [Scan RS (ms): Min: 22.4, Avg: 22.5, Max: 22.7, Diff: 0.3, Sum: 180.4]
      [Code Root Scanning (ms): Min: 0.0, Avg: 0.0, Max: 0.0, Diff: 0.0, Sum: 0.0]
      [Object Copy (ms): Min: 63.8, Avg: 63.9, Max: 64.1, Diff: 0.3, Sum: 511.5]
      [Termination (ms): Min: 0.0, Avg: 0.1, Max: 0.1, Diff: 0.1, Sum: 0.8]
      [GC Worker Other (ms): Min: 0.0, Avg: 0.0, Max: 0.0, Diff: 0.0, Sum: 0.2]
      [GC Worker Total (ms): Min: 100.5, Avg: 100.5, Max: 100.5, Diff: 0.0, Sum: 803.9]
      [GC Worker End (ms): Min: 7777.7, Avg: 7777.7, Max: 7777.7, Diff: 0.0]
   [Code Root Fixup: 0.0 ms]
   [Code Root Migration: 0.0 ms]
   [Clear CT: 0.1 ms]
   [Other: 0.5 ms]
      [Choose CSet: 0.0 ms]
      [Ref Proc: 0.1 ms]
      [Ref Enq: 0.0 ms]
      [Free CSet: 0.1 ms]
   [Eden: 33.0M(41.0M)->0.0B(52.0M) Survivors: 10.0M->7168.0K Heap: 788.7M(1024.0M)->792.9M(1024.0M)]
 [Times: user=0.78 sys=0.06, real=0.10 secs] 
7.779: [Full GC (Allocation Failure)  792M->117M(613M), 0.5609501 secs]
   [Eden: 0.0B(52.0M)->0.0B(59.0M) Survivors: 7168.0K->0.0B Heap: 792.9M(1024.0M)->117.7M(613.0M)], [Metaspace: 2643K->2643K(1056768K)]
 [Times: user=0.56 sys=0.05, real=0.56 secs] 
8.340: [GC concurrent-mark-abort]
8.503: [GC pause (G1 Evacuation Pause) (young), 0.1244170 secs]
   [Parallel Time: 123.8 ms, GC Workers: 8]
      [GC Worker Start (ms): Min: 8503.4, Avg: 8503.4, Max: 8503.4, Diff: 0.0]
      [Ext Root Scanning (ms): Min: 0.1, Avg: 0.1, Max: 0.1, Diff: 0.0, Sum: 0.8]
      [Update RS (ms): Min: 8.9, Avg: 10.0, Max: 10.8, Diff: 1.9, Sum: 79.9]
         [Processed Buffers: Min: 3, Avg: 3.9, Max: 4, Diff: 1, Sum: 31]
      [Scan RS (ms): Min: 31.2, Avg: 31.9, Max: 33.0, Diff: 1.9, Sum: 255.5]
      [Code Root Scanning (ms): Min: 0.0, Avg: 0.0, Max: 0.0, Diff: 0.0, Sum: 0.0]
      [Object Copy (ms): Min: 81.3, Avg: 81.5, Max: 81.9, Diff: 0.6, Sum: 652.2]
      [Termination (ms): Min: 0.0, Avg: 0.2, Max: 0.3, Diff: 0.3, Sum: 1.7]
      [GC Worker Other (ms): Min: 0.0, Avg: 0.0, Max: 0.0, Diff: 0.0, Sum: 0.1]
      [GC Worker Total (ms): Min: 123.8, Avg: 123.8, Max: 123.8, Diff: 0.0, Sum: 990.3]
      [GC Worker End (ms): Min: 8627.2, Avg: 8627.2, Max: 8627.2, Diff: 0.0]
   [Code Root Fixup: 0.0 ms]
   [Code Root Migration: 0.0 ms]
   [Clear CT: 0.1 ms]
   [Other: 0.5 ms]
      [Choose CSet: 0.0 ms]
      [Ref Proc: 0.1 ms]
      [Ref Enq: 0.0 ms]
      [Free CSet: 0.1 ms]
   [Eden: 59.0M(59.0M)->0.0B(58.0M) Survivors: 0.0B->8192.0K Heap: 264.7M(613.0M)->266.2M(696.0M)]
 [Times: user=0.95 sys=0.03, real=0.13 secs] 
8.751: [GC pause (G1 Evacuation Pause) (young), 0.1855610 secs]
   [Parallel Time: 184.6 ms, GC Workers: 8]
      [GC Worker Start (ms): Min: 8750.5, Avg: 8750.6, Max: 8750.6, Diff: 0.0]
      [Ext Root Scanning (ms): Min: 0.1, Avg: 0.1, Max: 0.1, Diff: 0.0, Sum: 0.9]
      [Update RS (ms): Min: 14.0, Avg: 14.8, Max: 17.1, Diff: 3.1, Sum: 118.5]
         [Processed Buffers: Min: 5, Avg: 5.4, Max: 6, Diff: 1, Sum: 43]
      [Scan RS (ms): Min: 58.3, Avg: 60.6, Max: 61.4, Diff: 3.1, Sum: 485.0]
      [Code Root Scanning (ms): Min: 0.0, Avg: 0.0, Max: 0.0, Diff: 0.0, Sum: 0.0]
      [Object Copy (ms): Min: 108.9, Avg: 109.0, Max: 109.0, Diff: 0.2, Sum: 871.7]
      [Termination (ms): Min: 0.0, Avg: 0.1, Max: 0.1, Diff: 0.1, Sum: 0.6]
      [GC Worker Other (ms): Min: 0.0, Avg: 0.0, Max: 0.0, Diff: 0.0, Sum: 0.1]
      [GC Worker Total (ms): Min: 184.6, Avg: 184.6, Max: 184.6, Diff: 0.0, Sum: 1476.8]
      [GC Worker End (ms): Min: 8935.2, Avg: 8935.2, Max: 8935.2, Diff: 0.0]
   [Code Root Fixup: 0.0 ms]
   [Code Root Migration: 0.0 ms]
   [Clear CT: 0.0 ms]
   [Other: 0.9 ms]
      [Choose CSet: 0.0 ms]
      [Ref Proc: 0.1 ms]
      [Ref Enq: 0.0 ms]
      [Free CSet: 0.2 ms]
   [Eden: 58.0M(58.0M)->0.0B(43.0M) Survivors: 8192.0K->9216.0K Heap: 369.9M(696.0M)->377.4M(762.0M)]
 [Times: user=1.40 sys=0.05, real=0.19 secs] 
9.002: [GC pause (G1 Humongous Allocation) (young) (initial-mark), 0.0756139 secs]
   [Parallel Time: 75.0 ms, GC Workers: 8]
      [GC Worker Start (ms): Min: 9002.1, Avg: 9002.2, Max: 9002.2, Diff: 0.0]
      [Ext Root Scanning (ms): Min: 0.1, Avg: 0.1, Max: 0.1, Diff: 0.0, Sum: 0.9]
      [Code Root Marking (ms): Min: 0.0, Avg: 0.0, Max: 0.0, Diff: 0.0, Sum: 0.2]
      [Update RS (ms): Min: 13.9, Avg: 14.9, Max: 15.9, Diff: 2.1, Sum: 119.3]
         [Processed Buffers: Min: 6, Avg: 7.0, Max: 9, Diff: 3, Sum: 56]
      [Scan RS (ms): Min: 17.4, Avg: 18.3, Max: 19.3, Diff: 1.9, Sum: 146.8]
      [Code Root Scanning (ms): Min: 0.0, Avg: 0.0, Max: 0.0, Diff: 0.0, Sum: 0.0]
      [Object Copy (ms): Min: 41.4, Avg: 41.5, Max: 41.6, Diff: 0.2, Sum: 332.0]
      [Termination (ms): Min: 0.0, Avg: 0.0, Max: 0.0, Diff: 0.0, Sum: 0.1]
      [GC Worker Other (ms): Min: 0.0, Avg: 0.0, Max: 0.1, Diff: 0.0, Sum: 0.1]
      [GC Worker Total (ms): Min: 74.9, Avg: 74.9, Max: 74.9, Diff: 0.0, Sum: 599.4]
      [GC Worker End (ms): Min: 9077.1, Avg: 9077.1, Max: 9077.1, Diff: 0.0]
   [Code Root Fixup: 0.0 ms]
   [Code Root Migration: 0.0 ms]
   [Clear CT: 0.1 ms]
   [Other: 0.6 ms]
      [Choose CSet: 0.0 ms]
      [Ref Proc: 0.1 ms]
      [Ref Enq: 0.0 ms]
      [Free CSet: 0.1 ms]
   [Eden: 6144.0K(43.0M)->0.0B(47.0M) Survivors: 9216.0K->7168.0K Heap: 383.4M(762.0M)->387.4M(815.0M)]
 [Times: user=0.55 sys=0.03, real=0.07 secs] 
9.078: [GC concurrent-root-region-scan-start]
9.080: [GC concurrent-root-region-scan-end, 0.0021986 secs]
9.080: [GC concurrent-mark-start]
9.354: [GC pause (G1 Evacuation Pause) (young), 0.1448428 secs]
   [Parallel Time: 143.1 ms, GC Workers: 8]
      [GC Worker Start (ms): Min: 9354.1, Avg: 9367.0, Max: 9386.9, Diff: 32.8]
      [Ext Root Scanning (ms): Min: 0.0, Avg: 0.0, Max: 0.1, Diff: 0.1, Sum: 0.4]
      [SATB Filtering (ms): Min: 0.0, Avg: 0.0, Max: 0.0, Diff: 0.0, Sum: 0.0]
      [Update RS (ms): Min: 0.0, Avg: 16.6, Max: 29.4, Diff: 29.4, Sum: 132.5]
         [Processed Buffers: Min: 0, Avg: 8.3, Max: 17, Diff: 17, Sum: 66]
      [Scan RS (ms): Min: 19.3, Avg: 24.4, Max: 36.5, Diff: 17.2, Sum: 195.2]
      [Code Root Scanning (ms): Min: 0.0, Avg: 0.0, Max: 0.0, Diff: 0.0, Sum: 0.0]
      [Object Copy (ms): Min: 62.9, Avg: 78.2, Max: 90.8, Diff: 27.9, Sum: 625.5]
      [Termination (ms): Min: 0.0, Avg: 10.9, Max: 14.3, Diff: 14.3, Sum: 87.5]
      [GC Worker Other (ms): Min: 0.0, Avg: 0.0, Max: 0.0, Diff: 0.0, Sum: 0.1]
      [GC Worker Total (ms): Min: 110.2, Avg: 130.2, Max: 143.0, Diff: 32.8, Sum: 1041.2]
      [GC Worker End (ms): Min: 9497.1, Avg: 9497.1, Max: 9497.2, Diff: 0.0]
   [Code Root Fixup: 0.0 ms]
   [Code Root Migration: 0.0 ms]
   [Clear CT: 0.1 ms]
   [Other: 1.7 ms]
      [Choose CSet: 0.0 ms]
      [Ref Proc: 0.9 ms]
      [Ref Enq: 0.0 ms]
      [Free CSet: 0.2 ms]
   [Eden: 47.0M(47.0M)->0.0B(50.0M) Survivors: 7168.0K->7168.0K Heap: 493.1M(815.0M)->494.6M(857.0M)]
 [Times: user=0.90 sys=0.02, real=0.15 secs] 
9.656: [GC concurrent-mark-end, 0.5757639 secs]
9.656: [GC remark 9.656: [GC ref-proc, 0.0000700 secs], 0.0009036 secs]
 [Times: user=0.00 sys=0.00, real=0.00 secs] 
9.657: [GC cleanup 592M->305M(857M), 0.0005248 secs]
 [Times: user=0.00 sys=0.00, real=0.00 secs] 
9.658: [GC concurrent-cleanup-start]
9.658: [GC concurrent-cleanup-end, 0.0002514 secs]
9.666: [GC pause (G1 Evacuation Pause) (young), 0.1326102 secs]
   [Parallel Time: 131.9 ms, GC Workers: 8]
      [GC Worker Start (ms): Min: 9665.9, Avg: 9665.9, Max: 9665.9, Diff: 0.0]
      [Ext Root Scanning (ms): Min: 0.1, Avg: 0.1, Max: 0.1, Diff: 0.0, Sum: 0.8]
      [Update RS (ms): Min: 26.0, Avg: 26.5, Max: 26.9, Diff: 0.9, Sum: 212.0]
         [Processed Buffers: Min: 9, Avg: 9.4, Max: 10, Diff: 1, Sum: 75]
      [Scan RS (ms): Min: 24.3, Avg: 24.7, Max: 25.3, Diff: 1.1, Sum: 197.9]
      [Code Root Scanning (ms): Min: 0.0, Avg: 0.0, Max: 0.0, Diff: 0.0, Sum: 0.0]
      [Object Copy (ms): Min: 80.3, Avg: 80.5, Max: 80.6, Diff: 0.3, Sum: 643.7]
      [Termination (ms): Min: 0.0, Avg: 0.0, Max: 0.0, Diff: 0.0, Sum: 0.2]
      [GC Worker Other (ms): Min: 0.0, Avg: 0.0, Max: 0.0, Diff: 0.0, Sum: 0.1]
      [GC Worker Total (ms): Min: 131.8, Avg: 131.8, Max: 131.9, Diff: 0.0, Sum: 1054.8]
      [GC Worker End (ms): Min: 9797.7, Avg: 9797.7, Max: 9797.7, Diff: 0.0]
   [Code Root Fixup: 0.0 ms]
   [Code Root Migration: 0.0 ms]
   [Clear CT: 0.0 ms]
   [Other: 0.7 ms]
      [Choose CSet: 0.0 ms]
      [Ref Proc: 0.1 ms]
      [Ref Enq: 0.0 ms]
      [Free CSet: 0.1 ms]
   [Eden: 50.0M(50.0M)->0.0B(54.0M) Survivors: 7168.0K->8192.0K Heap: 314.6M(857.0M)->317.1M(891.0M)]
 [Times: user=0.95 sys=0.03, real=0.13 secs] 
9.933: [GC pause (G1 Evacuation Pause) (young), 0.1574389 secs]
   [Parallel Time: 156.8 ms, GC Workers: 8]
      [GC Worker Start (ms): Min: 9933.2, Avg: 9933.3, Max: 9933.4, Diff: 0.1]
      [Ext Root Scanning (ms): Min: 0.0, Avg: 0.1, Max: 0.1, Diff: 0.1, Sum: 0.7]
      [Update RS (ms): Min: 15.5, Avg: 16.9, Max: 17.5, Diff: 2.0, Sum: 135.4]
         [Processed Buffers: Min: 6, Avg: 6.3, Max: 8, Diff: 2, Sum: 50]
      [Scan RS (ms): Min: 39.2, Avg: 39.8, Max: 41.0, Diff: 1.8, Sum: 318.1]
      [Code Root Scanning (ms): Min: 0.0, Avg: 0.0, Max: 0.0, Diff: 0.0, Sum: 0.0]
      [Object Copy (ms): Min: 99.7, Avg: 99.9, Max: 100.1, Diff: 0.4, Sum: 798.8]
      [Termination (ms): Min: 0.0, Avg: 0.1, Max: 0.1, Diff: 0.1, Sum: 0.9]
      [GC Worker Other (ms): Min: 0.0, Avg: 0.0, Max: 0.0, Diff: 0.0, Sum: 0.1]
      [GC Worker Total (ms): Min: 156.7, Avg: 156.8, Max: 156.8, Diff: 0.1, Sum: 1254.1]
      [GC Worker End (ms): Min: 10090.0, Avg: 10090.0, Max: 10090.0, Diff: 0.0]
   [Code Root Fixup: 0.0 ms]
   [Code Root Migration: 0.0 ms]
   [Clear CT: 0.1 ms]
   [Other: 0.5 ms]
      [Choose CSet: 0.0 ms]
      [Ref Proc: 0.1 ms]
      [Ref Enq: 0.0 ms]
      [Free CSet: 0.1 ms]
   [Eden: 54.0M(54.0M)->0.0B(53.0M) Survivors: 8192.0K->8192.0K Heap: 411.9M(891.0M)->417.9M(918.0M)]
 [Times: user=1.09 sys=0.09, real=0.16 secs] 
10.097: [GC pause (G1 Humongous Allocation) (young) (initial-mark), 0.1276373 secs]
   [Parallel Time: 127.1 ms, GC Workers: 8]
      [GC Worker Start (ms): Min: 10096.6, Avg: 10096.9, Max: 10098.3, Diff: 1.7]
      [Ext Root Scanning (ms): Min: 0.0, Avg: 0.1, Max: 0.1, Diff: 0.1, Sum: 0.8]
      [Code Root Marking (ms): Min: 0.0, Avg: 0.0, Max: 0.0, Diff: 0.0, Sum: 0.3]
      [Update RS (ms): Min: 80.8, Avg: 83.1, Max: 85.3, Diff: 4.5, Sum: 665.2]
         [Processed Buffers: Min: 35, Avg: 35.6, Max: 37, Diff: 2, Sum: 285]
      [Scan RS (ms): Min: 2.6, Avg: 4.6, Max: 5.8, Diff: 3.2, Sum: 37.0]
      [Code Root Scanning (ms): Min: 0.0, Avg: 0.0, Max: 0.0, Diff: 0.0, Sum: 0.0]
      [Object Copy (ms): Min: 38.7, Avg: 38.8, Max: 38.9, Diff: 0.3, Sum: 310.7]
      [Termination (ms): Min: 0.0, Avg: 0.1, Max: 0.2, Diff: 0.2, Sum: 1.0]
      [GC Worker Other (ms): Min: 0.0, Avg: 0.0, Max: 0.0, Diff: 0.0, Sum: 0.1]
      [GC Worker Total (ms): Min: 125.4, Avg: 126.9, Max: 127.1, Diff: 1.7, Sum: 1015.0]
      [GC Worker End (ms): Min: 10223.7, Avg: 10223.7, Max: 10223.7, Diff: 0.0]
   [Code Root Fixup: 0.0 ms]
   [Code Root Migration: 0.0 ms]
   [Clear CT: 0.1 ms]
   [Other: 0.4 ms]
      [Choose CSet: 0.0 ms]
      [Ref Proc: 0.1 ms]
      [Ref Enq: 0.0 ms]
      [Free CSet: 0.1 ms]
   [Eden: 4096.0K(53.0M)->0.0B(40.0M) Survivors: 8192.0K->7168.0K Heap: 420.9M(918.0M)->426.9M(940.0M)]
 [Times: user=1.00 sys=0.00, real=0.13 secs] 
10.224: [GC concurrent-root-region-scan-start]
10.228: [GC concurrent-root-region-scan-end, 0.0037493 secs]
10.228: [GC concurrent-mark-start]
10.485: [GC pause (G1 Evacuation Pause) (young), 0.1621963 secs]
   [Parallel Time: 161.7 ms, GC Workers: 8]
      [GC Worker Start (ms): Min: 10485.3, Avg: 10497.6, Max: 10534.3, Diff: 49.0]
      [Ext Root Scanning (ms): Min: 0.0, Avg: 0.1, Max: 0.1, Diff: 0.1, Sum: 0.6]
      [SATB Filtering (ms): Min: 0.0, Avg: 0.0, Max: 0.0, Diff: 0.0, Sum: 0.0]
      [Update RS (ms): Min: 12.7, Avg: 51.7, Max: 66.6, Diff: 53.9, Sum: 413.4]
         [Processed Buffers: Min: 5, Avg: 21.6, Max: 40, Diff: 35, Sum: 173]
      [Scan RS (ms): Min: 1.2, Avg: 16.7, Max: 44.5, Diff: 43.3, Sum: 133.7]
      [Code Root Scanning (ms): Min: 0.0, Avg: 0.0, Max: 0.0, Diff: 0.0, Sum: 0.0]
      [Object Copy (ms): Min: 44.3, Avg: 69.5, Max: 84.8, Diff: 40.5, Sum: 555.7]
      [Termination (ms): Min: 0.0, Avg: 11.4, Max: 13.3, Diff: 13.3, Sum: 90.9]
      [GC Worker Other (ms): Min: 0.0, Avg: 0.0, Max: 0.0, Diff: 0.0, Sum: 0.1]
      [GC Worker Total (ms): Min: 112.7, Avg: 149.3, Max: 161.7, Diff: 49.0, Sum: 1194.4]
      [GC Worker End (ms): Min: 10646.7, Avg: 10646.9, Max: 10647.0, Diff: 0.3]
   [Code Root Fixup: 0.0 ms]
   [Code Root Migration: 0.0 ms]
   [Clear CT: 0.0 ms]
   [Other: 0.4 ms]
      [Choose CSet: 0.0 ms]
      [Ref Proc: 0.1 ms]
      [Ref Enq: 0.0 ms]
      [Free CSet: 0.1 ms]
   [Eden: 40.0M(40.0M)->0.0B(41.0M) Survivors: 7168.0K->6144.0K Heap: 525.6M(940.0M)->524.6M(957.0M)]
 [Times: user=0.86 sys=0.09, real=0.16 secs] 
10.749: [GC concurrent-mark-end, 0.5210199 secs]
10.771: [GC remark 10.771: [GC ref-proc, 0.0000723 secs], 0.0009526 secs]
 [Times: user=0.00 sys=0.00, real=0.00 secs] 
10.772: [GC cleanup 615M->294M(957M), 0.0004978 secs]
 [Times: user=0.00 sys=0.00, real=0.00 secs] 
10.773: [GC concurrent-cleanup-start]
10.773: [GC concurrent-cleanup-end, 0.0003797 secs]
10.804: [GC pause (G1 Evacuation Pause) (young), 0.1477589 secs]
   [Parallel Time: 147.2 ms, GC Workers: 8]
      [GC Worker Start (ms): Min: 10804.1, Avg: 10804.1, Max: 10804.1, Diff: 0.1]
      [Ext Root Scanning (ms): Min: 0.1, Avg: 0.1, Max: 0.1, Diff: 0.1, Sum: 0.8]
      [Update RS (ms): Min: 43.4, Avg: 44.1, Max: 45.0, Diff: 1.7, Sum: 353.1]
         [Processed Buffers: Min: 17, Avg: 17.9, Max: 19, Diff: 2, Sum: 143]
      [Scan RS (ms): Min: 13.8, Avg: 14.7, Max: 15.5, Diff: 1.7, Sum: 117.8]
      [Code Root Scanning (ms): Min: 0.0, Avg: 0.0, Max: 0.0, Diff: 0.0, Sum: 0.0]
      [Object Copy (ms): Min: 82.1, Avg: 83.0, Max: 88.2, Diff: 6.1, Sum: 664.1]
      [Termination (ms): Min: 0.0, Avg: 5.2, Max: 6.0, Diff: 6.0, Sum: 41.7]
      [GC Worker Other (ms): Min: 0.0, Avg: 0.0, Max: 0.0, Diff: 0.0, Sum: 0.1]
      [GC Worker Total (ms): Min: 147.2, Avg: 147.2, Max: 147.2, Diff: 0.1, Sum: 1177.6]
      [GC Worker End (ms): Min: 10951.3, Avg: 10951.3, Max: 10951.3, Diff: 0.0]
   [Code Root Fixup: 0.0 ms]
   [Code Root Migration: 0.0 ms]
   [Clear CT: 0.0 ms]
   [Other: 0.5 ms]
      [Choose CSet: 0.0 ms]
      [Ref Proc: 0.1 ms]
      [Ref Enq: 0.0 ms]
      [Free CSet: 0.1 ms]
   [Eden: 41.0M(41.0M)->0.0B(42.0M) Survivors: 6144.0K->6144.0K Heap: 297.1M(957.0M)->301.6M(971.0M)]
 [Times: user=1.11 sys=0.00, real=0.15 secs] 
11.061: [GC pause (G1 Evacuation Pause) (young), 0.1406434 secs]
   [Parallel Time: 139.8 ms, GC Workers: 8]
      [GC Worker Start (ms): Min: 11061.1, Avg: 11065.9, Max: 11093.0, Diff: 31.9]
      [Ext Root Scanning (ms): Min: 0.0, Avg: 0.1, Max: 0.1, Diff: 0.1, Sum: 0.7]
      [Update RS (ms): Min: 0.0, Avg: 18.2, Max: 22.3, Diff: 22.3, Sum: 145.3]
         [Processed Buffers: Min: 0, Avg: 8.1, Max: 16, Diff: 16, Sum: 65]
      [Scan RS (ms): Min: 17.5, Avg: 26.2, Max: 27.9, Diff: 10.5, Sum: 210.0]
      [Code Root Scanning (ms): Min: 0.0, Avg: 0.0, Max: 0.0, Diff: 0.0, Sum: 0.0]
      [Object Copy (ms): Min: 86.0, Avg: 87.0, Max: 90.5, Diff: 4.5, Sum: 695.6]
      [Termination (ms): Min: 0.0, Avg: 3.5, Max: 4.5, Diff: 4.5, Sum: 28.3]
      [GC Worker Other (ms): Min: 0.0, Avg: 0.0, Max: 0.0, Diff: 0.0, Sum: 0.1]
      [GC Worker Total (ms): Min: 107.9, Avg: 135.0, Max: 139.8, Diff: 31.9, Sum: 1080.0]
      [GC Worker End (ms): Min: 11200.9, Avg: 11200.9, Max: 11200.9, Diff: 0.0]
   [Code Root Fixup: 0.0 ms]
   [Code Root Migration: 0.0 ms]
   [Clear CT: 0.1 ms]
   [Other: 0.8 ms]
      [Choose CSet: 0.0 ms]
      [Ref Proc: 0.2 ms]
      [Ref Enq: 0.0 ms]
      [Free CSet: 0.1 ms]
   [Eden: 42.0M(42.0M)->0.0B(44.0M) Survivors: 6144.0K->6144.0K Heap: 373.7M(971.0M)->376.7M(982.0M)]
 [Times: user=1.01 sys=0.02, real=0.15 secs] 
11.320: [GC pause (G1 Evacuation Pause) (young), 0.1222520 secs]
   [Parallel Time: 121.7 ms, GC Workers: 8]
      [GC Worker Start (ms): Min: 11319.7, Avg: 11319.7, Max: 11319.8, Diff: 0.0]
      [Ext Root Scanning (ms): Min: 0.1, Avg: 0.1, Max: 0.1, Diff: 0.0, Sum: 0.8]
      [Update RS (ms): Min: 12.1, Avg: 13.1, Max: 13.4, Diff: 1.3, Sum: 104.5]
         [Processed Buffers: Min: 5, Avg: 5.0, Max: 5, Diff: 0, Sum: 40]
      [Scan RS (ms): Min: 26.0, Avg: 26.5, Max: 27.4, Diff: 1.4, Sum: 211.9]
      [Code Root Scanning (ms): Min: 0.0, Avg: 0.0, Max: 0.0, Diff: 0.0, Sum: 0.0]
      [Object Copy (ms): Min: 81.7, Avg: 81.8, Max: 82.0, Diff: 0.3, Sum: 654.6]
      [Termination (ms): Min: 0.0, Avg: 0.2, Max: 0.2, Diff: 0.2, Sum: 1.3]
      [GC Worker Other (ms): Min: 0.0, Avg: 0.0, Max: 0.0, Diff: 0.0, Sum: 0.1]
      [GC Worker Total (ms): Min: 121.6, Avg: 121.7, Max: 121.7, Diff: 0.0, Sum: 973.3]
      [GC Worker End (ms): Min: 11441.4, Avg: 11441.4, Max: 11441.4, Diff: 0.0]
   [Code Root Fixup: 0.0 ms]
   [Code Root Migration: 0.0 ms]
   [Clear CT: 0.1 ms]
   [Other: 0.5 ms]
      [Choose CSet: 0.0 ms]
      [Ref Proc: 0.1 ms]
      [Ref Enq: 0.0 ms]
      [Free CSet: 0.1 ms]
   [Eden: 44.0M(44.0M)->0.0B(50.0M) Survivors: 6144.0K->7168.0K Heap: 459.8M(982.0M)->464.3M(991.0M)]
 [Times: user=0.94 sys=0.05, real=0.12 secs] 
11.476: [GC pause (G1 Humongous Allocation) (young) (initial-mark), 0.0710086 secs]
   [Parallel Time: 70.5 ms, GC Workers: 8]
      [GC Worker Start (ms): Min: 11476.4, Avg: 11476.4, Max: 11476.5, Diff: 0.1]
      [Ext Root Scanning (ms): Min: 0.1, Avg: 0.1, Max: 0.2, Diff: 0.1, Sum: 0.9]
      [Code Root Marking (ms): Min: 0.0, Avg: 0.0, Max: 0.0, Diff: 0.0, Sum: 0.2]
      [Update RS (ms): Min: 30.0, Avg: 31.2, Max: 32.8, Diff: 2.8, Sum: 249.5]
         [Processed Buffers: Min: 13, Avg: 14.3, Max: 17, Diff: 4, Sum: 114]
      [Scan RS (ms): Min: 3.9, Avg: 5.4, Max: 6.4, Diff: 2.5, Sum: 43.1]
      [Code Root Scanning (ms): Min: 0.0, Avg: 0.0, Max: 0.0, Diff: 0.0, Sum: 0.0]
      [Object Copy (ms): Min: 33.5, Avg: 33.6, Max: 33.8, Diff: 0.3, Sum: 268.9]
      [Termination (ms): Min: 0.0, Avg: 0.0, Max: 0.0, Diff: 0.0, Sum: 0.1]
      [GC Worker Other (ms): Min: 0.0, Avg: 0.0, Max: 0.0, Diff: 0.0, Sum: 0.1]
      [GC Worker Total (ms): Min: 70.3, Avg: 70.3, Max: 70.4, Diff: 0.1, Sum: 562.8]
      [GC Worker End (ms): Min: 11546.8, Avg: 11546.8, Max: 11546.8, Diff: 0.0]
   [Code Root Fixup: 0.0 ms]
   [Code Root Migration: 0.0 ms]
   [Clear CT: 0.1 ms]
   [Other: 0.5 ms]
      [Choose CSet: 0.0 ms]
      [Ref Proc: 0.1 ms]
      [Ref Enq: 0.0 ms]
      [Free CSet: 0.1 ms]
   [Eden: 19.0M(50.0M)->0.0B(61.0M) Survivors: 7168.0K->8192.0K Heap: 482.7M(991.0M)->486.8M(998.0M)]
 [Times: user=0.51 sys=0.02, real=0.07 secs] 
11.547: [GC concurrent-root-region-scan-start]
11.555: [GC concurrent-root-region-scan-end, 0.0075345 secs]
11.555: [GC concurrent-mark-start]
11.985: [GC pause (G1 Evacuation Pause) (young), 0.1688467 secs]
   [Parallel Time: 167.9 ms, GC Workers: 8]
      [GC Worker Start (ms): Min: 11985.4, Avg: 12006.0, Max: 12050.0, Diff: 64.6]
      [Ext Root Scanning (ms): Min: 0.0, Avg: 0.0, Max: 0.1, Diff: 0.1, Sum: 0.4]
      [SATB Filtering (ms): Min: 0.0, Avg: 0.0, Max: 0.0, Diff: 0.0, Sum: 0.0]
      [Update RS (ms): Min: 0.0, Avg: 5.9, Max: 12.9, Diff: 12.9, Sum: 46.9]
         [Processed Buffers: Min: 0, Avg: 3.9, Max: 9, Diff: 9, Sum: 31]
      [Scan RS (ms): Min: 0.0, Avg: 31.4, Max: 64.6, Diff: 64.6, Sum: 251.1]
      [Code Root Scanning (ms): Min: 0.0, Avg: 0.0, Max: 0.0, Diff: 0.0, Sum: 0.0]
      [Object Copy (ms): Min: 72.4, Avg: 85.3, Max: 104.1, Diff: 31.7, Sum: 682.3]
      [Termination (ms): Min: 0.0, Avg: 24.7, Max: 30.9, Diff: 30.9, Sum: 197.9]
      [GC Worker Other (ms): Min: 0.0, Avg: 0.0, Max: 0.0, Diff: 0.0, Sum: 0.1]
      [GC Worker Total (ms): Min: 103.3, Avg: 147.3, Max: 167.9, Diff: 64.5, Sum: 1178.7]
      [GC Worker End (ms): Min: 12153.3, Avg: 12153.3, Max: 12153.3, Diff: 0.0]
   [Code Root Fixup: 0.0 ms]
   [Code Root Migration: 0.0 ms]
   [Clear CT: 0.1 ms]
   [Other: 0.8 ms]
      [Choose CSet: 0.0 ms]
      [Ref Proc: 0.3 ms]
      [Ref Enq: 0.0 ms]
      [Free CSet: 0.1 ms]
   [Eden: 61.0M(61.0M)->0.0B(58.0M) Survivors: 8192.0K->9216.0K Heap: 635.9M(998.0M)->638.4M(1004.0M)]
 [Times: user=0.73 sys=0.03, real=0.17 secs] 
12.299: [GC pause (G1 Evacuation Pause) (young), 0.1701161 secs]
   [Parallel Time: 169.4 ms, GC Workers: 8]
      [GC Worker Start (ms): Min: 12299.0, Avg: 12299.1, Max: 12299.4, Diff: 0.4]
      [Ext Root Scanning (ms): Min: 0.0, Avg: 0.1, Max: 0.1, Diff: 0.1, Sum: 0.7]
      [SATB Filtering (ms): Min: 0.0, Avg: 0.0, Max: 0.0, Diff: 0.0, Sum: 0.0]
      [Update RS (ms): Min: 12.8, Avg: 14.5, Max: 17.5, Diff: 4.8, Sum: 116.2]
         [Processed Buffers: Min: 5, Avg: 5.8, Max: 6, Diff: 1, Sum: 46]
      [Scan RS (ms): Min: 40.3, Avg: 43.4, Max: 44.9, Diff: 4.6, Sum: 346.8]
      [Code Root Scanning (ms): Min: 0.0, Avg: 0.0, Max: 0.0, Diff: 0.0, Sum: 0.0]
      [Object Copy (ms): Min: 111.2, Avg: 111.3, Max: 111.3, Diff: 0.2, Sum: 890.2]
      [Termination (ms): Min: 0.0, Avg: 0.1, Max: 0.1, Diff: 0.1, Sum: 0.5]
      [GC Worker Other (ms): Min: 0.0, Avg: 0.0, Max: 0.0, Diff: 0.0, Sum: 0.1]
      [GC Worker Total (ms): Min: 169.0, Avg: 169.3, Max: 169.4, Diff: 0.4, Sum: 1354.6]
      [GC Worker End (ms): Min: 12468.4, Avg: 12468.4, Max: 12468.4, Diff: 0.0]
   [Code Root Fixup: 0.0 ms]
   [Code Root Migration: 0.0 ms]
   [Clear CT: 0.1 ms]
   [Other: 0.6 ms]
      [Choose CSet: 0.0 ms]
      [Ref Proc: 0.1 ms]
      [Ref Enq: 0.0 ms]
      [Free CSet: 0.1 ms]
   [Eden: 58.0M(58.0M)->0.0B(49.0M) Survivors: 9216.0K->9216.0K Heap: 742.1M(1004.0M)->747.1M(1008.0M)]
 [Times: user=1.33 sys=0.03, real=0.17 secs] 
12.606: [GC pause (G1 Evacuation Pause) (young), 0.1772274 secs]
   [Parallel Time: 175.6 ms, GC Workers: 8]
      [GC Worker Start (ms): Min: 12605.8, Avg: 12605.8, Max: 12605.8, Diff: 0.0]
      [Ext Root Scanning (ms): Min: 0.1, Avg: 0.1, Max: 0.1, Diff: 0.0, Sum: 0.9]
      [SATB Filtering (ms): Min: 0.0, Avg: 0.0, Max: 0.0, Diff: 0.0, Sum: 0.0]
      [Update RS (ms): Min: 35.8, Avg: 36.3, Max: 38.1, Diff: 2.3, Sum: 290.4]
         [Processed Buffers: Min: 13, Avg: 14.3, Max: 15, Diff: 2, Sum: 114]
      [Scan RS (ms): Min: 27.8, Avg: 29.6, Max: 30.2, Diff: 2.3, Sum: 237.0]
      [Code Root Scanning (ms): Min: 0.0, Avg: 0.0, Max: 0.0, Diff: 0.0, Sum: 0.0]
      [Object Copy (ms): Min: 105.1, Avg: 106.2, Max: 109.4, Diff: 4.3, Sum: 850.0]
      [Termination (ms): Min: 0.0, Avg: 3.1, Max: 4.3, Diff: 4.3, Sum: 25.1]
      [GC Worker Other (ms): Min: 0.0, Avg: 0.0, Max: 0.0, Diff: 0.0, Sum: 0.1]
      [GC Worker Total (ms): Min: 175.4, Avg: 175.4, Max: 175.5, Diff: 0.2, Sum: 1403.4]
      [GC Worker End (ms): Min: 12781.2, Avg: 12781.2, Max: 12781.3, Diff: 0.1]
   [Code Root Fixup: 0.0 ms]
   [Code Root Migration: 0.0 ms]
   [Clear CT: 0.1 ms]
   [Other: 1.5 ms]
      [Choose CSet: 0.0 ms]
      [Ref Proc: 0.1 ms]
      [Ref Enq: 0.0 ms]
      [Free CSet: 0.3 ms]
   [Eden: 49.0M(49.0M)->0.0B(42.0M) Survivors: 9216.0K->8192.0K Heap: 854.8M(1008.0M)->858.3M(1012.0M)]
 [Times: user=1.34 sys=0.03, real=0.18 secs] 
12.847: [GC concurrent-mark-end, 1.2915536 secs]
12.849: [GC remark 12.849: [GC ref-proc, 0.0001045 secs], 0.0018002 secs]
 [Times: user=0.00 sys=0.00, real=0.00 secs] 
12.851: [GC cleanup 871M->526M(1012M), 0.0007189 secs]
 [Times: user=0.00 sys=0.00, real=0.00 secs] 
12.852: [GC concurrent-cleanup-start]
12.852: [GC concurrent-cleanup-end, 0.0005080 secs]
12.955: [GC pause (G1 Evacuation Pause) (young), 0.1187346 secs]
   [Parallel Time: 118.2 ms, GC Workers: 8]
      [GC Worker Start (ms): Min: 12955.3, Avg: 12958.7, Max: 12982.4, Diff: 27.1]
      [Ext Root Scanning (ms): Min: 0.0, Avg: 0.1, Max: 0.1, Diff: 0.1, Sum: 0.7]
      [Update RS (ms): Min: 0.0, Avg: 12.7, Max: 15.7, Diff: 15.7, Sum: 101.4]
         [Processed Buffers: Min: 0, Avg: 5.1, Max: 6, Diff: 6, Sum: 41]
      [Scan RS (ms): Min: 11.8, Avg: 22.7, Max: 25.4, Diff: 13.6, Sum: 181.4]
      [Code Root Scanning (ms): Min: 0.0, Avg: 0.0, Max: 0.0, Diff: 0.0, Sum: 0.0]
      [Object Copy (ms): Min: 79.1, Avg: 79.1, Max: 79.3, Diff: 0.2, Sum: 633.1]
      [Termination (ms): Min: 0.0, Avg: 0.2, Max: 0.2, Diff: 0.2, Sum: 1.3]
      [GC Worker Other (ms): Min: 0.0, Avg: 0.0, Max: 0.0, Diff: 0.0, Sum: 0.1]
      [GC Worker Total (ms): Min: 91.1, Avg: 114.8, Max: 118.2, Diff: 27.1, Sum: 918.1]
      [GC Worker End (ms): Min: 13073.5, Avg: 13073.5, Max: 13073.5, Diff: 0.0]
   [Code Root Fixup: 0.0 ms]
   [Code Root Migration: 0.0 ms]
   [Clear CT: 0.1 ms]
   [Other: 0.4 ms]
      [Choose CSet: 0.0 ms]
      [Ref Proc: 0.1 ms]
      [Ref Enq: 0.0 ms]
      [Free CSet: 0.1 ms]
   [Eden: 42.0M(42.0M)->0.0B(55.0M) Survivors: 8192.0K->7168.0K Heap: 608.2M(1012.0M)->612.2M(1015.0M)]
 [Times: user=0.83 sys=0.00, real=0.12 secs] 
13.131: [GC pause (G1 Humongous Allocation) (young) (initial-mark), 0.0293421 secs]
   [Parallel Time: 29.0 ms, GC Workers: 8]
      [GC Worker Start (ms): Min: 13131.2, Avg: 13131.2, Max: 13131.5, Diff: 0.3]
      [Ext Root Scanning (ms): Min: 0.0, Avg: 0.1, Max: 0.1, Diff: 0.1, Sum: 0.8]
      [Code Root Marking (ms): Min: 0.0, Avg: 0.0, Max: 0.0, Diff: 0.0, Sum: 0.2]
      [Update RS (ms): Min: 8.4, Avg: 13.8, Max: 28.6, Diff: 20.2, Sum: 110.3]
         [Processed Buffers: Min: 2, Avg: 4.4, Max: 7, Diff: 5, Sum: 35]
      [Scan RS (ms): Min: 0.0, Avg: 2.7, Max: 4.1, Diff: 4.1, Sum: 21.4]
      [Code Root Scanning (ms): Min: 0.0, Avg: 0.0, Max: 0.0, Diff: 0.0, Sum: 0.0]
      [Object Copy (ms): Min: 0.0, Avg: 10.8, Max: 14.5, Diff: 14.5, Sum: 86.6]
      [Termination (ms): Min: 0.0, Avg: 1.5, Max: 1.8, Diff: 1.8, Sum: 11.6]
      [GC Worker Other (ms): Min: 0.0, Avg: 0.0, Max: 0.0, Diff: 0.0, Sum: 0.1]
      [GC Worker Total (ms): Min: 28.6, Avg: 28.9, Max: 28.9, Diff: 0.3, Sum: 231.1]
      [GC Worker End (ms): Min: 13160.1, Avg: 13160.1, Max: 13160.1, Diff: 0.0]
   [Code Root Fixup: 0.0 ms]
   [Code Root Migration: 0.0 ms]
   [Clear CT: 0.0 ms]
   [Other: 0.3 ms]
      [Choose CSet: 0.0 ms]
      [Ref Proc: 0.2 ms]
      [Ref Enq: 0.0 ms]
      [Free CSet: 0.0 ms]
   [Eden: 6144.0K(55.0M)->0.0B(75.0M) Survivors: 7168.0K->7168.0K Heap: 618.2M(1015.0M)->620.7M(1017.0M)]
 [Times: user=0.19 sys=0.00, real=0.03 secs] 
13.161: [GC concurrent-root-region-scan-start]
13.164: [GC concurrent-root-region-scan-end, 0.0031064 secs]
13.164: [GC concurrent-mark-start]
13.165: [GC concurrent-mark-end, 0.0007921 secs]
13.165: [GC remark 13.165: [GC ref-proc, 0.0000639 secs], 0.0007786 secs]
 [Times: user=0.00 sys=0.00, real=0.00 secs] 
13.176: [GC cleanup 625M->13M(1017M), 0.0006662 secs]
 [Times: user=0.00 sys=0.00, real=0.00 secs] 
13.177: [GC concurrent-cleanup-start]
13.177: [GC concurrent-cleanup-end, 0.0005108 secs]
13.321: [GC pause (G1 Evacuation Pause) (young), 0.2794105 secs]
   [Parallel Time: 278.6 ms, GC Workers: 8]
      [GC Worker Start (ms): Min: 13321.1, Avg: 13323.9, Max: 13338.1, Diff: 17.0]
      [Ext Root Scanning (ms): Min: 0.0, Avg: 0.1, Max: 0.1, Diff: 0.1, Sum: 0.7]
      [Update RS (ms): Min: 4.9, Avg: 21.1, Max: 33.1, Diff: 28.2, Sum: 168.9]
         [Processed Buffers: Min: 3, Avg: 7.8, Max: 10, Diff: 7, Sum: 62]
      [Scan RS (ms): Min: 53.3, Avg: 65.6, Max: 89.0, Diff: 35.6, Sum: 524.8]
      [Code Root Scanning (ms): Min: 0.0, Avg: 0.0, Max: 0.0, Diff: 0.0, Sum: 0.0]
      [Object Copy (ms): Min: 120.8, Avg: 149.4, Max: 192.0, Diff: 71.2, Sum: 1195.6]
      [Termination (ms): Min: 0.0, Avg: 39.5, Max: 46.5, Diff: 46.5, Sum: 315.7]
      [GC Worker Other (ms): Min: 0.0, Avg: 0.0, Max: 0.0, Diff: 0.0, Sum: 0.1]
      [GC Worker Total (ms): Min: 261.6, Avg: 275.7, Max: 278.6, Diff: 17.0, Sum: 2205.9]
      [GC Worker End (ms): Min: 13599.6, Avg: 13599.6, Max: 13599.6, Diff: 0.0]
   [Code Root Fixup: 0.0 ms]
   [Code Root Migration: 0.0 ms]
   [Clear CT: 0.1 ms]
   [Other: 0.7 ms]
      [Choose CSet: 0.0 ms]
      [Ref Proc: 0.1 ms]
      [Ref Enq: 0.0 ms]
      [Free CSet: 0.1 ms]
   [Eden: 75.0M(75.0M)->0.0B(39.0M) Survivors: 7168.0K->11.0M Heap: 152.7M(1017.0M)->149.7M(1019.0M)]
 [Times: user=1.86 sys=0.03, real=0.28 secs] 
13.755: [GC pause (G1 Evacuation Pause) (young), 0.1440013 secs]
   [Parallel Time: 143.0 ms, GC Workers: 8]
      [GC Worker Start (ms): Min: 13755.1, Avg: 13755.5, Max: 13757.7, Diff: 2.6]
      [Ext Root Scanning (ms): Min: 0.0, Avg: 0.1, Max: 0.1, Diff: 0.1, Sum: 0.7]
      [Update RS (ms): Min: 16.3, Avg: 17.6, Max: 18.8, Diff: 2.5, Sum: 140.6]
         [Processed Buffers: Min: 6, Avg: 6.9, Max: 8, Diff: 2, Sum: 55]
      [Scan RS (ms): Min: 28.6, Avg: 29.4, Max: 31.0, Diff: 2.4, Sum: 235.5]
      [Code Root Scanning (ms): Min: 0.0, Avg: 0.0, Max: 0.0, Diff: 0.0, Sum: 0.0]
      [Object Copy (ms): Min: 95.2, Avg: 95.3, Max: 95.5, Diff: 0.3, Sum: 762.6]
      [Termination (ms): Min: 0.0, Avg: 0.1, Max: 0.2, Diff: 0.2, Sum: 1.2]
      [GC Worker Other (ms): Min: 0.0, Avg: 0.0, Max: 0.0, Diff: 0.0, Sum: 0.1]
      [GC Worker Total (ms): Min: 140.4, Avg: 142.6, Max: 143.0, Diff: 2.6, Sum: 1140.8]
      [GC Worker End (ms): Min: 13898.1, Avg: 13898.1, Max: 13898.1, Diff: 0.0]
   [Code Root Fixup: 0.0 ms]
   [Code Root Migration: 0.0 ms]
   [Clear CT: 0.1 ms]
   [Other: 0.8 ms]
      [Choose CSet: 0.0 ms]
      [Ref Proc: 0.3 ms]
      [Ref Enq: 0.0 ms]
      [Free CSet: 0.1 ms]
   [Eden: 39.0M(39.0M)->0.0B(44.0M) Survivors: 11.0M->7168.0K Heap: 223.9M(1019.0M)->228.9M(1020.0M)]
 [Times: user=0.92 sys=0.11, real=0.14 secs] 
14.044: [GC pause (G1 Evacuation Pause) (young), 0.1186548 secs]
   [Parallel Time: 117.8 ms, GC Workers: 8]
      [GC Worker Start (ms): Min: 14044.5, Avg: 14044.5, Max: 14044.5, Diff: 0.1]
      [Ext Root Scanning (ms): Min: 0.1, Avg: 0.1, Max: 0.1, Diff: 0.1, Sum: 0.9]
      [Update RS (ms): Min: 21.4, Avg: 21.7, Max: 22.1, Diff: 0.7, Sum: 173.2]
         [Processed Buffers: Min: 8, Avg: 8.4, Max: 9, Diff: 1, Sum: 67]
      [Scan RS (ms): Min: 17.2, Avg: 17.7, Max: 17.9, Diff: 0.7, Sum: 141.5]
      [Code Root Scanning (ms): Min: 0.0, Avg: 0.0, Max: 0.0, Diff: 0.0, Sum: 0.0]
      [Object Copy (ms): Min: 78.1, Avg: 78.2, Max: 78.3, Diff: 0.2, Sum: 625.7]
      [Termination (ms): Min: 0.0, Avg: 0.0, Max: 0.0, Diff: 0.0, Sum: 0.2]
      [GC Worker Other (ms): Min: 0.0, Avg: 0.0, Max: 0.0, Diff: 0.0, Sum: 0.2]
      [GC Worker Total (ms): Min: 117.7, Avg: 117.7, Max: 117.8, Diff: 0.1, Sum: 941.8]
      [GC Worker End (ms): Min: 14162.2, Avg: 14162.2, Max: 14162.2, Diff: 0.0]
   [Code Root Fixup: 0.0 ms]
   [Code Root Migration: 0.0 ms]
   [Clear CT: 0.1 ms]
   [Other: 0.8 ms]
      [Choose CSet: 0.0 ms]
      [Ref Proc: 0.1 ms]
      [Ref Enq: 0.0 ms]
      [Free CSet: 0.1 ms]
   [Eden: 44.0M(44.0M)->0.0B(52.0M) Survivors: 7168.0K->7168.0K Heap: 330.7M(1020.0M)->333.2M(1021.0M)]
 [Times: user=0.84 sys=0.00, real=0.12 secs] 
14.290: [GC pause (G1 Evacuation Pause) (young), 0.1443395 secs]
   [Parallel Time: 143.8 ms, GC Workers: 8]
      [GC Worker Start (ms): Min: 14290.3, Avg: 14290.4, Max: 14290.4, Diff: 0.0]
      [Ext Root Scanning (ms): Min: 0.1, Avg: 0.1, Max: 0.1, Diff: 0.0, Sum: 0.8]
      [Update RS (ms): Min: 13.6, Avg: 14.7, Max: 16.1, Diff: 2.5, Sum: 117.2]
         [Processed Buffers: Min: 5, Avg: 5.6, Max: 6, Diff: 1, Sum: 45]
      [Scan RS (ms): Min: 30.8, Avg: 32.4, Max: 33.4, Diff: 2.6, Sum: 259.4]
      [Code Root Scanning (ms): Min: 0.0, Avg: 0.0, Max: 0.0, Diff: 0.0, Sum: 0.0]
      [Object Copy (ms): Min: 96.3, Avg: 96.5, Max: 96.6, Diff: 0.3, Sum: 772.1]
      [Termination (ms): Min: 0.0, Avg: 0.0, Max: 0.0, Diff: 0.0, Sum: 0.1]
      [GC Worker Other (ms): Min: 0.0, Avg: 0.0, Max: 0.0, Diff: 0.0, Sum: 0.1]
      [GC Worker Total (ms): Min: 143.7, Avg: 143.7, Max: 143.7, Diff: 0.0, Sum: 1149.7]
      [GC Worker End (ms): Min: 14434.1, Avg: 14434.1, Max: 14434.1, Diff: 0.0]
   [Code Root Fixup: 0.0 ms]
   [Code Root Migration: 0.0 ms]
   [Clear CT: 0.1 ms]
   [Other: 0.5 ms]
      [Choose CSet: 0.0 ms]
      [Ref Proc: 0.1 ms]
      [Ref Enq: 0.0 ms]
      [Free CSet: 0.1 ms]
   [Eden: 52.0M(52.0M)->0.0B(54.0M) Survivors: 7168.0K->8192.0K Heap: 425.9M(1021.0M)->430.4M(1022.0M)]
 [Times: user=1.12 sys=0.06, real=0.14 secs] 
14.511: [GC pause (G1 Humongous Allocation) (young) (initial-mark), 0.1223253 secs]
   [Parallel Time: 121.8 ms, GC Workers: 8]
      [GC Worker Start (ms): Min: 14510.9, Avg: 14511.0, Max: 14511.1, Diff: 0.2]
      [Ext Root Scanning (ms): Min: 0.0, Avg: 0.1, Max: 0.2, Diff: 0.2, Sum: 0.8]
      [Code Root Marking (ms): Min: 0.0, Avg: 0.0, Max: 0.1, Diff: 0.0, Sum: 0.3]
      [Update RS (ms): Min: 30.8, Avg: 32.0, Max: 34.6, Diff: 3.8, Sum: 255.8]
         [Processed Buffers: Min: 12, Avg: 12.8, Max: 14, Diff: 2, Sum: 102]
      [Scan RS (ms): Min: 12.9, Avg: 16.8, Max: 27.2, Diff: 14.3, Sum: 134.3]
      [Code Root Scanning (ms): Min: 0.0, Avg: 0.0, Max: 0.0, Diff: 0.0, Sum: 0.0]
      [Object Copy (ms): Min: 62.8, Avg: 72.6, Max: 74.2, Diff: 11.4, Sum: 581.1]
      [Termination (ms): Min: 0.0, Avg: 0.1, Max: 0.1, Diff: 0.1, Sum: 0.6]
      [GC Worker Other (ms): Min: 0.0, Avg: 0.0, Max: 0.0, Diff: 0.0, Sum: 0.1]
      [GC Worker Total (ms): Min: 121.6, Avg: 121.6, Max: 121.7, Diff: 0.2, Sum: 973.2]
      [GC Worker End (ms): Min: 14632.6, Avg: 14632.6, Max: 14632.6, Diff: 0.0]
   [Code Root Fixup: 0.0 ms]
   [Code Root Migration: 0.0 ms]
   [Clear CT: 0.0 ms]
   [Other: 0.5 ms]
      [Choose CSet: 0.0 ms]
      [Ref Proc: 0.1 ms]
      [Ref Enq: 0.0 ms]
      [Free CSet: 0.1 ms]
   [Eden: 37.0M(54.0M)->0.0B(55.0M) Survivors: 8192.0K->8192.0K Heap: 490.3M(1022.0M)->493.9M(1023.0M)]
 [Times: user=0.87 sys=0.06, real=0.12 secs] 
14.633: [GC concurrent-root-region-scan-start]
14.637: [GC concurrent-root-region-scan-end, 0.0033000 secs]
14.637: [GC concurrent-mark-start]
15.056: [GC pause (G1 Evacuation Pause) (young), 0.1913204 secs]
   [Parallel Time: 190.8 ms, GC Workers: 8]
      [GC Worker Start (ms): Min: 15056.0, Avg: 15066.4, Max: 15088.1, Diff: 32.1]
      [Ext Root Scanning (ms): Min: 0.0, Avg: 0.1, Max: 0.1, Diff: 0.1, Sum: 0.4]
      [SATB Filtering (ms): Min: 0.0, Avg: 0.0, Max: 0.0, Diff: 0.0, Sum: 0.0]
      [Update RS (ms): Min: 10.7, Avg: 35.4, Max: 64.6, Diff: 54.0, Sum: 282.9]
         [Processed Buffers: Min: 5, Avg: 15.9, Max: 23, Diff: 18, Sum: 127]
      [Scan RS (ms): Min: 0.2, Avg: 21.3, Max: 38.8, Diff: 38.6, Sum: 170.7]
      [Code Root Scanning (ms): Min: 0.0, Avg: 0.0, Max: 0.0, Diff: 0.0, Sum: 0.0]
      [Object Copy (ms): Min: 95.9, Avg: 103.1, Max: 117.6, Diff: 21.7, Sum: 825.2]
      [Termination (ms): Min: 0.0, Avg: 20.5, Max: 29.7, Diff: 29.7, Sum: 163.7]
      [GC Worker Other (ms): Min: 0.0, Avg: 0.0, Max: 0.0, Diff: 0.0, Sum: 0.1]
      [GC Worker Total (ms): Min: 158.7, Avg: 180.4, Max: 190.8, Diff: 32.1, Sum: 1443.1]
      [GC Worker End (ms): Min: 15246.8, Avg: 15246.8, Max: 15246.8, Diff: 0.0]
   [Code Root Fixup: 0.0 ms]
   [Code Root Migration: 0.0 ms]
   [Clear CT: 0.0 ms]
   [Other: 0.5 ms]
      [Choose CSet: 0.0 ms]
      [Ref Proc: 0.1 ms]
      [Ref Enq: 0.0 ms]
      [Free CSet: 0.1 ms]
   [Eden: 55.0M(55.0M)->0.0B(52.0M) Survivors: 8192.0K->8192.0K Heap: 636.9M(1023.0M)->640.4M(1024.0M)]
 [Times: user=1.31 sys=0.03, real=0.19 secs] 
15.247: [GC concurrent-mark-reset-for-overflow]
15.396: [GC pause (G1 Evacuation Pause) (young), 0.1811078 secs]
   [Parallel Time: 180.5 ms, GC Workers: 8]
      [GC Worker Start (ms): Min: 15396.2, Avg: 15396.2, Max: 15396.3, Diff: 0.1]
      [Ext Root Scanning (ms): Min: 0.0, Avg: 0.1, Max: 0.1, Diff: 0.1, Sum: 0.8]
      [SATB Filtering (ms): Min: 0.0, Avg: 0.0, Max: 0.0, Diff: 0.0, Sum: 0.0]
      [Update RS (ms): Min: 27.6, Avg: 28.4, Max: 28.8, Diff: 1.2, Sum: 227.4]
         [Processed Buffers: Min: 11, Avg: 11.3, Max: 12, Diff: 1, Sum: 90]
      [Scan RS (ms): Min: 36.1, Avg: 36.3, Max: 37.1, Diff: 1.0, Sum: 290.6]
      [Code Root Scanning (ms): Min: 0.0, Avg: 0.0, Max: 0.0, Diff: 0.0, Sum: 0.0]
      [Object Copy (ms): Min: 115.1, Avg: 115.2, Max: 115.4, Diff: 0.3, Sum: 921.9]
      [Termination (ms): Min: 0.0, Avg: 0.3, Max: 0.4, Diff: 0.4, Sum: 2.5]
      [GC Worker Other (ms): Min: 0.0, Avg: 0.0, Max: 0.0, Diff: 0.0, Sum: 0.1]
      [GC Worker Total (ms): Min: 180.3, Avg: 180.4, Max: 180.4, Diff: 0.1, Sum: 1443.3]
      [GC Worker End (ms): Min: 15576.6, Avg: 15576.6, Max: 15576.6, Diff: 0.0]
   [Code Root Fixup: 0.0 ms]
   [Code Root Migration: 0.0 ms]
   [Clear CT: 0.1 ms]
   [Other: 0.5 ms]
      [Choose CSet: 0.0 ms]
      [Ref Proc: 0.1 ms]
      [Ref Enq: 0.0 ms]
      [Free CSet: 0.1 ms]
   [Eden: 52.0M(52.0M)->0.0B(46.0M) Survivors: 8192.0K->8192.0K Heap: 738.2M(1024.0M)->741.2M(1024.0M)]
 [Times: user=1.42 sys=0.05, real=0.18 secs] 
15.670: [GC concurrent-mark-end, 1.0321607 secs]
15.677: [GC pause (G1 Evacuation Pause) (young), 0.1793929 secs]
   [Parallel Time: 178.7 ms, GC Workers: 8]
      [GC Worker Start (ms): Min: 15676.7, Avg: 15676.9, Max: 15677.4, Diff: 0.7]
      [Ext Root Scanning (ms): Min: 0.0, Avg: 0.1, Max: 0.2, Diff: 0.2, Sum: 0.7]
      [SATB Filtering (ms): Min: 0.0, Avg: 0.0, Max: 0.0, Diff: 0.0, Sum: 0.0]
      [Update RS (ms): Min: 63.2, Avg: 64.0, Max: 65.4, Diff: 2.2, Sum: 512.2]
         [Processed Buffers: Min: 25, Avg: 25.8, Max: 27, Diff: 2, Sum: 206]
      [Scan RS (ms): Min: 11.5, Avg: 12.7, Max: 13.5, Diff: 2.0, Sum: 101.8]
      [Code Root Scanning (ms): Min: 0.0, Avg: 0.0, Max: 0.0, Diff: 0.0, Sum: 0.0]
      [Object Copy (ms): Min: 97.7, Avg: 98.3, Max: 101.5, Diff: 3.8, Sum: 786.2]
      [Termination (ms): Min: 0.0, Avg: 3.3, Max: 3.8, Diff: 3.8, Sum: 26.2]
      [GC Worker Other (ms): Min: 0.0, Avg: 0.0, Max: 0.0, Diff: 0.0, Sum: 0.1]
      [GC Worker Total (ms): Min: 177.9, Avg: 178.4, Max: 178.6, Diff: 0.7, Sum: 1427.2]
      [GC Worker End (ms): Min: 15855.3, Avg: 15855.3, Max: 15855.3, Diff: 0.0]
   [Code Root Fixup: 0.0 ms]
   [Code Root Migration: 0.0 ms]
   [Clear CT: 0.1 ms]
   [Other: 0.7 ms]
      [Choose CSet: 0.0 ms]
      [Ref Proc: 0.2 ms]
      [Ref Enq: 0.0 ms]
      [Free CSet: 0.1 ms]
   [Eden: 46.0M(46.0M)->0.0B(44.0M) Survivors: 8192.0K->7168.0K Heap: 810.6M(1024.0M)->814.6M(1024.0M)]
 [Times: user=1.42 sys=0.05, real=0.18 secs] 
15.891: [GC remark 15.891: [GC ref-proc, 0.0001078 secs], 0.0019313 secs]
 [Times: user=0.00 sys=0.00, real=0.00 secs] 
15.893: [GC cleanup 815M->459M(1024M), 0.0008994 secs]
 [Times: user=0.00 sys=0.00, real=0.00 secs] 
15.894: [GC concurrent-cleanup-start]
15.895: [GC concurrent-cleanup-end, 0.0005141 secs]
15.993: [GC pause (G1 Evacuation Pause) (young), 0.1141083 secs]
   [Parallel Time: 113.7 ms, GC Workers: 8]
      [GC Worker Start (ms): Min: 15992.8, Avg: 15997.8, Max: 16027.1, Diff: 34.3]
      [Ext Root Scanning (ms): Min: 0.0, Avg: 0.1, Max: 0.1, Diff: 0.1, Sum: 0.6]
      [Update RS (ms): Min: 0.0, Avg: 11.4, Max: 34.2, Diff: 34.2, Sum: 91.4]
         [Processed Buffers: Min: 0, Avg: 3.8, Max: 7, Diff: 7, Sum: 30]
      [Scan RS (ms): Min: 0.0, Avg: 10.8, Max: 15.0, Diff: 15.0, Sum: 86.3]
      [Code Root Scanning (ms): Min: 0.0, Avg: 0.0, Max: 0.0, Diff: 0.0, Sum: 0.0]
      [Object Copy (ms): Min: 50.1, Avg: 63.3, Max: 88.7, Diff: 38.6, Sum: 506.3]
      [Termination (ms): Min: 0.0, Avg: 23.0, Max: 33.0, Diff: 33.0, Sum: 184.3]
      [GC Worker Other (ms): Min: 0.0, Avg: 0.0, Max: 0.0, Diff: 0.0, Sum: 0.1]
      [GC Worker Total (ms): Min: 79.3, Avg: 108.6, Max: 113.6, Diff: 34.3, Sum: 869.0]
      [GC Worker End (ms): Min: 16106.4, Avg: 16106.4, Max: 16106.4, Diff: 0.0]
   [Code Root Fixup: 0.0 ms]
   [Code Root Migration: 0.0 ms]
   [Clear CT: 0.1 ms]
   [Other: 0.3 ms]
      [Choose CSet: 0.0 ms]
      [Ref Proc: 0.1 ms]
      [Ref Enq: 0.0 ms]
      [Free CSet: 0.1 ms]
   [Eden: 44.0M(44.0M)->0.0B(56.0M) Survivors: 7168.0K->7168.0K Heap: 537.9M(1024.0M)->541.4M(1024.0M)]
 [Times: user=0.73 sys=0.00, real=0.12 secs] 
16.125: [GC pause (G1 Humongous Allocation) (young) (initial-mark), 0.0329742 secs]
   [Parallel Time: 32.5 ms, GC Workers: 8]
      [GC Worker Start (ms): Min: 16124.7, Avg: 16124.7, Max: 16124.7, Diff: 0.0]
      [Ext Root Scanning (ms): Min: 0.1, Avg: 0.1, Max: 0.1, Diff: 0.0, Sum: 0.8]
      [Code Root Marking (ms): Min: 0.0, Avg: 0.0, Max: 0.0, Diff: 0.0, Sum: 0.2]
      [Update RS (ms): Min: 14.6, Avg: 15.4, Max: 16.7, Diff: 2.2, Sum: 123.5]
         [Processed Buffers: Min: 7, Avg: 7.5, Max: 9, Diff: 2, Sum: 60]
      [Scan RS (ms): Min: 0.5, Avg: 1.7, Max: 2.6, Diff: 2.1, Sum: 13.6]
      [Code Root Scanning (ms): Min: 0.0, Avg: 0.0, Max: 0.0, Diff: 0.0, Sum: 0.0]
      [Object Copy (ms): Min: 15.1, Avg: 15.2, Max: 15.3, Diff: 0.2, Sum: 121.4]
      [Termination (ms): Min: 0.0, Avg: 0.0, Max: 0.0, Diff: 0.0, Sum: 0.1]
      [GC Worker Other (ms): Min: 0.0, Avg: 0.0, Max: 0.0, Diff: 0.0, Sum: 0.1]
      [GC Worker Total (ms): Min: 32.5, Avg: 32.5, Max: 32.5, Diff: 0.0, Sum: 259.8]
      [GC Worker End (ms): Min: 16157.2, Avg: 16157.2, Max: 16157.2, Diff: 0.0]
   [Code Root Fixup: 0.0 ms]
   [Code Root Migration: 0.0 ms]
   [Clear CT: 0.1 ms]
   [Other: 0.4 ms]
      [Choose CSet: 0.0 ms]
      [Ref Proc: 0.2 ms]
      [Ref Enq: 0.0 ms]
      [Free CSet: 0.1 ms]
   [Eden: 5120.0K(56.0M)->0.0B(75.0M) Survivors: 7168.0K->7168.0K Heap: 545.7M(1024.0M)->550.4M(1024.0M)]
 [Times: user=0.25 sys=0.00, real=0.03 secs] 
