Java HotSpot(TM) 64-Bit Server VM (25.5-b02) for windows-amd64 JRE (1.8.0_05-b13), built on Mar 18 2014 01:08:39 by "java_re" with MS VC++ 10.0 (VS2010)
Memory: 4k page, physical 16656748k(9561524k free), swap 16654888k(8218524k free)
CommandLine flags: -XX:InitialHeapSize=266507968 -XX:MaxHeapSize=4264127488 -XX:MaxNewSize=697933824 -XX:MaxTenuringThreshold=6 -XX:OldPLABSize=16 -XX:+PrintGC -XX:+PrintGCDetails -XX:+PrintGCTimeStamps -XX:+UseCompressedClassPointers -XX:+UseCompressedOops -XX:+UseConcMarkSweepGC -XX:-UseLargePagesIndividualAllocation -XX:+UseParNewGC 
0.068: [GC (Allocation Failure) 0.068: [ParNew: 1024K->128K(1152K), 0.0039997 secs] 1024K->863K(262016K), 0.0041481 secs] [Times: user=0.00 sys=0.00, real=0.00 secs] 
0.075: [GC (Allocation Failure) 0.075: [ParNew: 1152K->128K(1152K), 0.0026660 secs] 1887K->1733K(262016K), 0.0027089 secs] [Times: user=0.00 sys=0.00, real=0.00 secs] 
0.080: [GC (Allocation Failure) 0.080: [ParNew: 1152K->128K(1152K), 0.0126486 secs] 2757K->3059K(262016K), 0.0127064 secs] [Times: user=0.08 sys=0.00, real=0.01 secs] 
0.094: [GC (Allocation Failure) 0.094: [ParNew: 1152K->127K(1152K), 0.0032505 secs] 4083K->4301K(262016K), 0.0033065 secs] [Times: user=0.08 sys=0.00, real=0.00 secs] 
0.099: [GC (Allocation Failure) 0.099: [ParNew: 888K->128K(1152K), 0.0076496 secs] 5063K->5430K(262016K), 0.0076948 secs] [Times: user=0.00 sys=0.00, real=0.01 secs] 
0.108: [GC (Allocation Failure) 0.108: [ParNew: 1152K->128K(1152K), 0.0023530 secs] 6454K->6538K(262016K), 0.0023847 secs] [Times: user=0.00 sys=0.00, real=0.00 secs] 
0.111: [GC (Allocation Failure) 0.111: [ParNew: 1152K->127K(1152K), 0.0078306 secs] 7562K->8008K(262016K), 0.0078814 secs] [Times: user=0.09 sys=0.00, real=0.01 secs] 
0.121: [GC (Allocation Failure) 0.121: [ParNew: 1151K->128K(1152K), 0.0112939 secs] 10438K->10948K(262016K), 0.0113433 secs] [Times: user=0.09 sys=0.00, real=0.01 secs] 
0.134: [GC (Allocation Failure) 0.134: [ParNew: 1152K->128K(1152K), 0.0063607 secs] 14083K->14593K(262016K), 0.0064078 secs] [Times: user=0.00 sys=0.00, real=0.01 secs] 
0.142: [GC (Allocation Failure) 0.142: [ParNew: 1152K->127K(1152K), 0.0082752 secs] 15617K->16128K(262016K), 0.0083172 secs] [Times: user=0.11 sys=0.00, real=0.01 secs] 
0.151: [GC (Allocation Failure) 0.151: [ParNew: 1151K->127K(1152K), 0.0081763 secs] 17152K->17662K(262016K), 0.0082150 secs] [Times: user=0.11 sys=0.00, real=0.01 secs] 
0.162: [GC (Allocation Failure) 0.162: [ParNew: 1151K->126K(1152K), 0.0066144 secs] 21852K->22362K(262016K), 0.0066746 secs] [Times: user=0.00 sys=0.00, real=0.01 secs] 
0.170: [GC (Allocation Failure) 0.170: [ParNew: 1150K->126K(1152K), 0.0110979 secs] 23386K->23897K(262016K), 0.0111409 secs] [Times: user=0.11 sys=0.00, real=0.01 secs] 
0.182: [GC (Allocation Failure) 0.182: [ParNew: 1150K->126K(1152K), 0.0076510 secs] 24921K->25432K(262016K), 0.0076902 secs] [Times: user=0.02 sys=0.00, real=0.01 secs] 
0.191: [GC (Allocation Failure) 0.191: [ParNew: 1150K->126K(1152K), 0.0078353 secs] 26456K->26966K(262016K), 0.0078782 secs] [Times: user=0.00 sys=0.00, real=0.01 secs] 
0.202: [GC (Allocation Failure) 0.202: [ParNew: 1150K->126K(1152K), 0.0051338 secs] 32738K->33248K(262016K), 0.0051912 secs] [Times: user=0.12 sys=0.00, real=0.00 secs] 
0.208: [GC (Allocation Failure) 0.208: [ParNew: 1150K->126K(1152K), 0.0077816 secs] 34272K->34782K(262016K), 0.0078217 secs] [Times: user=0.00 sys=0.00, real=0.01 secs] 
0.217: [GC (Allocation Failure) 0.217: [ParNew: 1150K->126K(1152K), 0.0077522 secs] 35806K->36317K(262016K), 0.0077933 secs] [Times: user=0.13 sys=0.00, real=0.01 secs] 
0.226: [GC (Allocation Failure) 0.226: [ParNew: 1150K->128K(1152K), 0.0091163 secs] 37341K->37850K(262016K), 0.0091578 secs] [Times: user=0.00 sys=0.00, real=0.01 secs] 
0.236: [GC (Allocation Failure) 0.236: [ParNew: 1152K->127K(1152K), 0.0095650 secs] 38874K->39385K(262016K), 0.0096126 secs] [Times: user=0.13 sys=0.00, real=0.01 secs] 
0.247: [GC (Allocation Failure) 0.247: [ParNew: 1151K->127K(1152K), 0.0077676 secs] 40409K->40919K(262016K), 0.0078129 secs] [Times: user=0.13 sys=0.00, real=0.01 secs] 
0.256: [GC (Allocation Failure) 0.256: [ParNew: 1151K->127K(1152K), 0.0075055 secs] 41943K->42453K(262016K), 0.0075456 secs] [Times: user=0.00 sys=0.00, real=0.01 secs] 
0.267: [GC (Allocation Failure) 0.267: [ParNew: 1151K->126K(1152K), 0.0091391 secs] 50599K->51121K(262016K), 0.0091970 secs] [Times: user=0.13 sys=0.00, real=0.01 secs] 
0.277: [GC (Allocation Failure) 0.277: [ParNew: 1150K->128K(1152K), 0.0076431 secs] 52145K->52643K(262016K), 0.0076916 secs] [Times: user=0.11 sys=0.00, real=0.01 secs] 
0.286: [GC (Allocation Failure) 0.286: [ParNew: 1152K->126K(1152K), 0.0076431 secs] 53667K->54179K(262016K), 0.0076837 secs] [Times: user=0.00 sys=0.00, real=0.01 secs] 
0.295: [GC (Allocation Failure) 0.295: [ParNew: 1150K->128K(1152K), 0.0077424 secs] 55203K->55712K(262016K), 0.0077877 secs] [Times: user=0.13 sys=0.00, real=0.01 secs] 
0.304: [GC (Allocation Failure) 0.304: [ParNew: 1152K->127K(1152K), 0.0076995 secs] 56736K->57246K(262016K), 0.0077392 secs] [Times: user=0.00 sys=0.00, real=0.01 secs] 
0.313: [GC (Allocation Failure) 0.313: [ParNew: 1151K->127K(1152K), 0.0076995 secs] 58270K->58781K(262016K), 0.0077410 secs] [Times: user=0.12 sys=0.00, real=0.01 secs] 
0.322: [GC (Allocation Failure) 0.322: [ParNew: 1151K->127K(1152K), 0.0076841 secs] 59805K->60315K(262016K), 0.0077308 secs] [Times: user=0.00 sys=0.00, real=0.01 secs] 
0.331: [GC (Allocation Failure) 0.331: [ParNew: 1151K->126K(1152K), 0.0085439 secs] 61339K->61849K(262016K), 0.0085957 secs] [Times: user=0.00 sys=0.00, real=0.01 secs] 
0.340: [GC (Allocation Failure) 0.340: [ParNew: 1150K->126K(1152K), 0.0078101 secs] 62873K->63384K(262016K), 0.0078577 secs] [Times: user=0.09 sys=0.00, real=0.01 secs] 
0.353: [GC (Allocation Failure) 0.353: [ParNew: 1150K->126K(1152K), 0.0100684 secs] 75091K->75601K(262016K), 0.0101356 secs] [Times: user=0.09 sys=0.00, real=0.01 secs] 
0.365: [GC (Allocation Failure) 0.365: [ParNew: 1150K->126K(1152K), 0.0078931 secs] 76625K->77135K(262016K), 0.0079402 secs] [Times: user=0.00 sys=0.00, real=0.01 secs] 
0.374: [GC (Allocation Failure) 0.374: [ParNew: 1150K->126K(1152K), 0.0079845 secs] 78159K->78670K(262016K), 0.0080247 secs] [Times: user=0.13 sys=0.00, real=0.01 secs] 
0.383: [GC (Allocation Failure) 0.383: [ParNew: 1150K->126K(1152K), 0.0078227 secs] 79694K->80204K(262016K), 0.0078595 secs] [Times: user=0.00 sys=0.00, real=0.01 secs] 
0.392: [GC (Allocation Failure) 0.392: [ParNew: 1150K->126K(1152K), 0.0086204 secs] 81228K->81738K(262016K), 0.0086610 secs] [Times: user=0.13 sys=0.00, real=0.01 secs] 
0.401: [GC (Allocation Failure) 0.401: [ParNew: 1150K->128K(1152K), 0.0081432 secs] 82762K->83271K(262016K), 0.0081833 secs] [Times: user=0.13 sys=0.00, real=0.01 secs] 
0.411: [GC (Allocation Failure) 0.411: [ParNew: 1152K->127K(1152K), 0.0076622 secs] 84295K->84806K(262016K), 0.0077051 secs] [Times: user=0.00 sys=0.00, real=0.01 secs] 
0.420: [GC (Allocation Failure) 0.420: [ParNew: 1151K->127K(1152K), 0.0080354 secs] 85830K->86340K(262016K), 0.0080732 secs] [Times: user=0.12 sys=0.00, real=0.01 secs] 
0.429: [GC (Allocation Failure) 0.429: [ParNew: 1151K->127K(1152K), 0.0074247 secs] 87364K->87875K(262016K), 0.0074695 secs] [Times: user=0.00 sys=0.00, real=0.01 secs] 
0.437: [GC (Allocation Failure) 0.437: [ParNew: 1151K->126K(1152K), 0.0083512 secs] 88899K->89409K(262016K), 0.0083927 secs] [Times: user=0.13 sys=0.00, real=0.01 secs] 
0.447: [GC (Allocation Failure) 0.447: [ParNew: 1150K->126K(1152K), 0.0080545 secs] 90433K->90943K(262016K), 0.0081002 secs] [Times: user=0.02 sys=0.00, real=0.01 secs] 
0.456: [GC (Allocation Failure) 0.456: [ParNew: 1150K->126K(1152K), 0.0079220 secs] 91967K->92478K(262016K), 0.0079635 secs] [Times: user=0.00 sys=0.00, real=0.01 secs] 
0.465: [GC (Allocation Failure) 0.465: [ParNew: 1150K->126K(1152K), 0.0078483 secs] 93502K->94012K(262016K), 0.0078898 secs] [Times: user=0.13 sys=0.00, real=0.01 secs] 
0.474: [GC (Allocation Failure) 0.474: [ParNew: 1150K->126K(1152K), 0.0078343 secs] 95036K->95546K(262016K), 0.0078735 secs] [Times: user=0.00 sys=0.00, real=0.01 secs] 
0.489: [GC (Allocation Failure) 0.489: [ParNew: 1150K->126K(1152K), 0.0087431 secs] 112595K->113105K(262016K), 0.0088051 secs] [Times: user=0.00 sys=0.00, real=0.01 secs] 
0.499: [GC (Allocation Failure) 0.499: [ParNew: 1150K->126K(1152K), 0.0079934 secs] 114129K->114639K(262016K), 0.0080359 secs] [Times: user=0.13 sys=0.00, real=0.01 secs] 
0.508: [GC (Allocation Failure) 0.508: [ParNew: 1150K->128K(1152K), 0.0076920 secs] 115663K->116173K(262016K), 0.0077354 secs] [Times: user=0.00 sys=0.00, real=0.01 secs] 
0.517: [GC (Allocation Failure) 0.517: [ParNew: 1152K->127K(1152K), 0.0077583 secs] 117197K->117707K(262016K), 0.0078031 secs] [Times: user=0.13 sys=0.00, real=0.01 secs] 
0.526: [GC (Allocation Failure) 0.526: [ParNew: 1151K->127K(1152K), 0.0077616 secs] 118731K->119242K(262016K), 0.0078045 secs] [Times: user=0.13 sys=0.00, real=0.01 secs] 
0.535: [GC (Allocation Failure) 0.535: [ParNew: 1151K->127K(1152K), 0.0077196 secs] 120266K->120776K(262016K), 0.0077630 secs] [Times: user=0.00 sys=0.00, real=0.01 secs] 
0.543: [GC (Allocation Failure) 0.543: [ParNew: 1151K->126K(1152K), 0.0085024 secs] 121800K->122310K(262016K), 0.0085439 secs] [Times: user=0.12 sys=0.00, real=0.01 secs] 
0.553: [GC (Allocation Failure) 0.553: [ParNew: 1150K->126K(1152K), 0.0076501 secs] 123334K->123844K(262016K), 0.0076897 secs] [Times: user=0.00 sys=0.00, real=0.01 secs] 
0.562: [GC (Allocation Failure) 0.562: [ParNew: 1150K->126K(1152K), 0.0078567 secs] 124868K->125379K(262016K), 0.0079024 secs] [Times: user=0.11 sys=0.00, real=0.01 secs] 
0.571: [GC (Allocation Failure) 0.571: [ParNew: 1150K->126K(1152K), 0.0078077 secs] 126403K->126913K(262016K), 0.0078516 secs] [Times: user=0.00 sys=0.00, real=0.01 secs] 
0.580: [GC (Allocation Failure) 0.580: [ParNew: 1150K->126K(1152K), 0.0077434 secs] 127937K->128447K(262016K), 0.0077891 secs] [Times: user=0.00 sys=0.00, real=0.01 secs] 
0.589: [GC (Allocation Failure) 0.589: [ParNew: 1150K->126K(1152K), 0.0085467 secs] 129471K->129982K(262016K), 0.0085873 secs] [Times: user=0.13 sys=0.00, real=0.01 secs] 
0.599: [GC (Allocation Failure) 0.599: [ParNew: 1150K->126K(1152K), 0.0076230 secs] 131006K->131516K(262016K), 0.0076697 secs] [Times: user=0.00 sys=0.00, real=0.01 secs] 
0.606: [GC (CMS Initial Mark) [1 CMS-initial-mark: 131390K(260864K)] 131557K(262016K), 0.0001334 secs] [Times: user=0.00 sys=0.00, real=0.00 secs] 
0.606: [CMS-concurrent-mark-start]
0.607: [GC (Allocation Failure) 0.607: [ParNew: 1150K->128K(1152K), 0.0086521 secs] 132540K->133049K(262016K), 0.0086941 secs] [Times: user=0.13 sys=0.00, real=0.01 secs] 
0.617: [GC (Allocation Failure) 0.617: [ParNew: 1152K->127K(1152K), 0.0083904 secs] 134073K->134584K(262016K), 0.0084305 secs] [Times: user=0.00 sys=0.00, real=0.01 secs] 
0.627: [GC (Allocation Failure) 0.627: [ParNew: 1151K->127K(1152K), 0.0085121 secs] 135608K->136118K(262016K), 0.0085527 secs] [Times: user=0.00 sys=0.00, real=0.01 secs] 
0.637: [GC (Allocation Failure) 0.637: [ParNew: 1151K->127K(1152K), 0.0085859 secs] 137142K->137653K(262016K), 0.0086264 secs] [Times: user=0.12 sys=0.00, real=0.01 secs] 
0.647: [GC (Allocation Failure) 0.647: [ParNew: 1151K->126K(1152K), 0.0086012 secs] 138677K->139187K(262016K), 0.0086498 secs] [Times: user=0.00 sys=0.00, real=0.01 secs] 
0.657: [GC (Allocation Failure) 0.657: [ParNew: 1150K->126K(1152K), 0.0084702 secs] 140211K->140721K(262016K), 0.0085117 secs] [Times: user=0.13 sys=0.00, real=0.01 secs] 
0.667: [GC (Allocation Failure) 0.667: [ParNew: 1150K->126K(1152K), 0.0093724 secs] 141745K->142255K(262016K), 0.0094186 secs] [Times: user=0.13 sys=0.00, real=0.01 secs] 
0.677: [GC (Allocation Failure) 0.677: [ParNew: 1150K->126K(1152K), 0.0084221 secs] 143279K->143790K(262016K), 0.0084660 secs] [Times: user=0.00 sys=0.00, real=0.01 secs] 
0.695: [GC (Allocation Failure) 0.696: [ParNew: 1150K->126K(1152K), 0.0113247 secs] 168850K->169361K(262016K), 0.0113886 secs] [Times: user=0.11 sys=0.00, real=0.01 secs] 
0.708: [GC (Allocation Failure) 0.708: [ParNew: 1150K->126K(1152K), 0.0083288 secs] 170385K->170897K(262016K), 0.0083750 secs] [Times: user=0.00 sys=0.00, real=0.01 secs] 
0.717: [GC (Allocation Failure) 0.717: [ParNew: 1150K->128K(1152K), 0.0086241 secs] 171921K->172432K(262016K), 0.0086698 secs] [Times: user=0.13 sys=0.00, real=0.01 secs] 
0.727: [GC (Allocation Failure) 0.727: [ParNew: 1152K->128K(1152K), 0.0090696 secs] 173456K->173968K(262016K), 0.0091205 secs] [Times: user=0.13 sys=0.00, real=0.01 secs] 
0.737: [GC (Allocation Failure) 0.737: [ParNew: 1152K->128K(1152K), 0.0084557 secs] 174992K->175504K(262016K), 0.0084958 secs] [Times: user=0.00 sys=0.00, real=0.01 secs] 
0.747: [GC (Allocation Failure) 0.747: [ParNew: 1152K->128K(1152K), 0.0087375 secs] 176528K->177040K(262016K), 0.0087832 secs] [Times: user=0.13 sys=0.00, real=0.01 secs] 
0.757: [GC (Allocation Failure) 0.757: [ParNew: 1152K->128K(1152K), 0.0087347 secs] 178064K->178575K(262016K), 0.0238557 secs] [Times: user=0.00 sys=0.00, real=0.02 secs] 
0.782: [GC (Allocation Failure) 0.782: [ParNew: 1152K->128K(1152K), 0.0066798 secs] 179599K->180111K(262016K), 0.0067236 secs] [Times: user=0.13 sys=0.00, real=0.01 secs] 
0.796: [GC (Allocation Failure) 0.796: [ParNew: 1152K->128K(1152K), 0.0059460 secs] 181135K->181634K(262016K), 0.0060029 secs] [Times: user=0.03 sys=0.00, real=0.01 secs] 
0.804: [GC (Allocation Failure) 0.804: [ParNew: 1152K->128K(1152K), 0.0054995 secs] 182658K->183184K(262016K), 0.0055569 secs] [Times: user=0.00 sys=0.00, real=0.01 secs] 
0.811: [GC (Allocation Failure) 0.811: [ParNew: 1152K->128K(1152K), 0.0087823 secs] 184208K->184719K(262016K), 0.0088326 secs] [Times: user=0.06 sys=0.00, real=0.01 secs] 
0.821: [GC (Allocation Failure) 0.821: [ParNew: 1152K->128K(1152K), 0.0054683 secs] 185743K->186254K(262016K), 0.0055056 secs] [Times: user=0.00 sys=0.00, real=0.00 secs] 
0.828: [GC (Allocation Failure) 0.828: [ParNew: 1152K->128K(1152K), 0.0062991 secs] 187278K->187790K(262016K), 0.0063546 secs] [Times: user=0.06 sys=0.00, real=0.01 secs] 
0.835: [GC (Allocation Failure) 0.835: [ParNew: 1152K->128K(1152K), 0.0057538 secs] 188814K->189305K(262016K), 0.0057934 secs] [Times: user=0.00 sys=0.00, real=0.01 secs] 
0.842: [GC (Allocation Failure) 0.842: [ParNew: 1152K->128K(1152K), 0.0065921 secs] 190329K->190839K(262016K), 0.0066294 secs] [Times: user=0.06 sys=0.00, real=0.01 secs] 
0.850: [GC (Allocation Failure) 0.850: [ParNew: 1152K->127K(1152K), 0.0063509 secs] 191863K->192397K(262016K), 0.0063938 secs] [Times: user=0.00 sys=0.00, real=0.01 secs] 
0.858: [GC (Allocation Failure) 0.858: [ParNew: 1151K->128K(1152K), 0.0058125 secs] 193421K->193927K(262016K), 0.0058536 secs] [Times: user=0.06 sys=0.00, real=0.01 secs] 
0.865: [GC (Allocation Failure) 0.865: [ParNew: 1152K->128K(1152K), 0.0094423 secs] 194951K->195442K(262016K), 0.0094829 secs] [Times: user=0.00 sys=0.00, real=0.01 secs] 
0.875: [GC (Allocation Failure) 0.875: [ParNew: 1152K->128K(1152K), 0.0068701 secs] 196466K->196993K(262016K), 0.0069298 secs] [Times: user=0.06 sys=0.00, real=0.01 secs] 
0.883: [GC (Allocation Failure) 0.883: [ParNew: 1152K->128K(1152K), 0.0060635 secs] 198017K->198525K(262016K), 0.0061036 secs] [Times: user=0.00 sys=0.00, real=0.01 secs] 
0.891: [GC (Allocation Failure) 0.891: [ParNew: 1152K->128K(1152K), 0.0082117 secs] 199549K->200057K(262016K), 0.0082532 secs] [Times: user=0.08 sys=0.02, real=0.01 secs] 
0.900: [GC (Allocation Failure) 0.900: [ParNew: 1152K->128K(1152K), 0.0086572 secs] 201081K->201590K(262016K), 0.0087015 secs] [Times: user=0.09 sys=0.00, real=0.01 secs] 
0.910: [GC (Allocation Failure) 0.910: [ParNew: 1152K->128K(1152K), 0.0095884 secs] 202614K->203123K(262016K), 0.0096299 secs] [Times: user=0.00 sys=0.00, real=0.01 secs] 
0.921: [GC (Allocation Failure) 0.921: [ParNew: 1152K->128K(1152K), 0.0089735 secs] 204147K->204655K(262016K), 0.0090118 secs] [Times: user=0.09 sys=0.00, real=0.01 secs] 
0.931: [GC (Allocation Failure) 0.931: [ParNew: 1152K->128K(1152K), 0.0085131 secs] 205679K->206188K(262016K), 0.0085691 secs] [Times: user=0.09 sys=0.00, real=0.01 secs] 
0.941: [GC (Allocation Failure) 0.941: [ParNew: 1152K->128K(1152K), 0.0057412 secs] 207212K->207716K(262016K), 0.0057799 secs] [Times: user=0.00 sys=0.00, real=0.01 secs] 
0.948: [GC (Allocation Failure) 0.948: [ParNew: 1152K->126K(1152K), 0.0097516 secs] 208740K->209254K(262016K), 0.0097927 secs] [Times: user=0.09 sys=0.00, real=0.01 secs] 
0.959: [GC (Allocation Failure) 0.959: [ParNew: 1150K->128K(1152K), 0.0084828 secs] 210278K->210786K(262016K), 0.0085238 secs] [Times: user=0.00 sys=0.00, real=0.01 secs] 
0.969: [GC (Allocation Failure) 0.969: [ParNew: 1152K->126K(1152K), 0.0082332 secs] 211810K->212343K(262016K), 0.0082780 secs] [Times: user=0.09 sys=0.00, real=0.01 secs] 
0.978: [GC (Allocation Failure) 0.978: [ParNew: 1150K->128K(1152K), 0.0085163 secs] 213367K->213870K(262016K), 0.0085630 secs] [Times: user=0.09 sys=0.00, real=0.01 secs] 
0.988: [GC (Allocation Failure) 0.988: [ParNew: 1152K->128K(1152K), 0.0062776 secs] 214894K->215403K(262016K), 0.0063238 secs] [Times: user=0.00 sys=0.00, real=0.01 secs] 
1.009: [GC (Allocation Failure) 1.009: [ParNew: 1152K->128K(1152K), 0.0116797 secs] 252482K->252991K(262016K), 0.0117403 secs] [Times: user=0.12 sys=0.00, real=0.01 secs] 
1.022: [GC (Allocation Failure) 1.022: [ParNew: 1152K->128K(1152K), 0.0087622 secs] 254015K->254511K(262016K), 0.0088046 secs] [Times: user=0.00 sys=0.00, real=0.01 secs] 
1.032: [GC (Allocation Failure) 1.032: [ParNew: 1152K->128K(1152K), 0.0083428 secs] 255535K->256045K(262016K), 0.0083895 secs] [Times: user=0.00 sys=0.00, real=0.01 secs] 
1.041: [GC (Allocation Failure) 1.041: [ParNew: 1152K->127K(1152K), 0.0084240 secs] 257069K->257580K(262016K), 0.0084678 secs] [Times: user=0.11 sys=0.00, real=0.01 secs] 
1.051: [GC (Allocation Failure) 1.051: [ParNew: 1151K->127K(1152K), 0.0084394 secs] 258604K->259114K(262016K), 0.0084832 secs] [Times: user=0.00 sys=0.00, real=0.01 secs] 
1.061: [GC (Allocation Failure) 1.061: [ParNew: 1151K->126K(1152K), 0.0085653 secs] 260138K->260648K(262208K), 0.0086068 secs] [Times: user=0.11 sys=0.02, real=0.01 secs] 
1.071: [GC (Allocation Failure) 1.071: [ParNew: 1150K->126K(1152K), 0.0087365 secs] 261672K->262183K(263744K), 0.0087753 secs] [Times: user=0.12 sys=0.00, real=0.01 secs] 
1.081: [GC (Allocation Failure) 1.081: [ParNew: 1150K->126K(1152K), 0.0089516 secs] 263207K->263717K(265280K), 0.0089978 secs] [Times: user=0.00 sys=0.00, real=0.01 secs] 
1.091: [GC (Allocation Failure) 1.091: [ParNew: 1150K->126K(1152K), 0.0096070 secs] 264741K->265251K(266816K), 0.0096597 secs] [Times: user=0.13 sys=0.00, real=0.01 secs] 
1.102: [GC (Allocation Failure) 1.102: [ParNew: 1150K->126K(1152K), 0.0089642 secs] 266275K->266786K(268352K), 0.0090099 secs] [Times: user=0.13 sys=0.00, real=0.01 secs] 
1.112: [GC (Allocation Failure) 1.112: [ParNew: 1150K->126K(1152K), 0.0086134 secs] 267810K->268320K(269888K), 0.0086577 secs] [Times: user=0.00 sys=0.00, real=0.01 secs] 
1.122: [GC (Allocation Failure) 1.122: [ParNew: 1150K->126K(1152K), 0.0090496 secs] 269344K->269854K(271424K), 0.0090948 secs] [Times: user=0.13 sys=0.00, real=0.01 secs] 
1.132: [GC (Allocation Failure) 1.132: [ParNew: 1150K->128K(1152K), 0.0088135 secs] 270878K->271388K(272960K), 0.0088560 secs] [Times: user=0.00 sys=0.00, real=0.01 secs] 
1.142: [GC (Allocation Failure) 1.142: [ParNew: 1152K->127K(1152K), 0.0088074 secs] 272412K->272922K(274496K), 0.0088611 secs] [Times: user=0.00 sys=0.00, real=0.01 secs] 
1.152: [GC (Allocation Failure) 1.152: [ParNew: 1151K->127K(1152K), 0.0085686 secs] 273946K->274456K(276032K), 0.0086124 secs] [Times: user=0.12 sys=0.00, real=0.01 secs] 
1.162: [GC (Allocation Failure) 1.162: [ParNew: 1151K->127K(1152K), 0.0087734 secs] 275480K->275991K(277568K), 0.0088130 secs] [Times: user=0.00 sys=0.00, real=0.01 secs] 
1.171: [GC (Allocation Failure) 1.171: [ParNew: 1151K->126K(1152K), 0.0086218 secs] 277015K->277525K(279104K), 0.0086666 secs] [Times: user=0.13 sys=0.00, real=0.01 secs] 
1.181: [GC (Allocation Failure) 1.181: [ParNew: 1150K->126K(1152K), 0.0090472 secs] 278549K->279059K(280640K), 0.0090962 secs] [Times: user=0.13 sys=0.00, real=0.01 secs] 
1.191: [GC (Allocation Failure) 1.191: [ParNew: 1150K->126K(1152K), 0.0094293 secs] 280083K->280594K(281984K), 0.0094736 secs] [Times: user=0.00 sys=0.00, real=0.01 secs] 
1.202: [GC (Allocation Failure) 1.202: [ParNew: 1150K->126K(1152K), 0.0088014 secs] 281618K->282128K(283712K), 0.0088452 secs] [Times: user=0.13 sys=0.00, real=0.01 secs] 
1.212: [GC (Allocation Failure) 1.212: [ParNew: 1150K->126K(1152K), 0.0086129 secs] 283152K->283662K(285248K), 0.0086540 secs] [Times: user=0.13 sys=0.00, real=0.01 secs] 
1.222: [GC (Allocation Failure) 1.222: [ParNew: 1150K->126K(1152K), 0.0087365 secs] 284686K->285197K(286784K), 0.0087795 secs] [Times: user=0.00 sys=0.00, real=0.01 secs] 
1.232: [GC (Allocation Failure) 1.232: [ParNew: 1150K->126K(1152K), 0.0088527 secs] 286221K->286731K(288128K), 0.0088984 secs] [Times: user=0.12 sys=0.00, real=0.01 secs] 
1.242: [GC (Allocation Failure) 1.242: [ParNew: 1150K->128K(1152K), 0.0086680 secs] 287755K->288264K(289664K), 0.0087123 secs] [Times: user=0.00 sys=0.00, real=0.01 secs] 
1.251: [GC (Allocation Failure) 1.251: [ParNew: 1152K->127K(1152K), 0.0086782 secs] 289288K->289799K(291200K), 0.0087221 secs] [Times: user=0.00 sys=0.00, real=0.01 secs] 
1.261: [GC (Allocation Failure) 1.261: [ParNew: 1151K->127K(1152K), 0.0087356 secs] 290823K->291333K(292736K), 0.0087776 secs] [Times: user=0.13 sys=0.00, real=0.01 secs] 
1.271: [GC (Allocation Failure) 1.271: [ParNew: 1151K->127K(1152K), 0.0087104 secs] 292357K->292867K(294272K), 0.0087547 secs] [Times: user=0.00 sys=0.00, real=0.01 secs] 
1.281: [GC (Allocation Failure) 1.281: [ParNew: 1151K->126K(1152K), 0.0086913 secs] 293891K->294402K(295808K), 0.0087333 secs] [Times: user=0.13 sys=0.00, real=0.01 secs] 
1.291: [GC (Allocation Failure) 1.291: [ParNew: 1150K->126K(1152K), 0.0086428 secs] 295426K->295936K(297344K), 0.0086866 secs] [Times: user=0.13 sys=0.00, real=0.01 secs] 
1.301: [GC (Allocation Failure) 1.301: [ParNew: 1150K->126K(1152K), 0.0087230 secs] 296960K->297470K(298880K), 0.0087645 secs] [Times: user=0.00 sys=0.00, real=0.01 secs] 
1.311: [GC (Allocation Failure) 1.311: [ParNew: 1150K->126K(1152K), 0.0086474 secs] 298494K->299005K(300416K), 0.0086927 secs] [Times: user=0.12 sys=0.00, real=0.01 secs] 
1.320: [GC (Allocation Failure) 1.321: [ParNew: 1150K->126K(1152K), 0.0088867 secs] 300029K->300539K(301952K), 0.0089297 secs] [Times: user=0.13 sys=0.00, real=0.01 secs] 
1.331: [GC (Allocation Failure) 1.331: [ParNew: 1150K->126K(1152K), 0.0087711 secs] 301563K->302073K(303488K), 0.0088154 secs] [Times: user=0.00 sys=0.00, real=0.01 secs] 
1.341: [GC (Allocation Failure) 1.341: [ParNew: 1150K->126K(1152K), 0.0088793 secs] 303097K->303608K(305024K), 0.0089208 secs] [Times: user=0.13 sys=0.00, real=0.01 secs] 
1.351: [GC (Allocation Failure) 1.351: [ParNew: 1150K->128K(1152K), 0.0085742 secs] 304632K->305141K(306560K), 0.0086199 secs] [Times: user=0.00 sys=0.00, real=0.01 secs] 
1.361: [GC (Allocation Failure) 1.361: [ParNew: 1152K->127K(1152K), 0.0084576 secs] 306165K->306675K(308096K), 0.0085080 secs] [Times: user=0.00 sys=0.00, real=0.01 secs] 
1.370: [GC (Allocation Failure) 1.370: [ParNew: 1151K->127K(1152K), 0.0083335 secs] 307699K->308210K(309632K), 0.0083727 secs] [Times: user=0.13 sys=0.00, real=0.01 secs] 
1.380: [GC (Allocation Failure) 1.380: [ParNew: 1151K->127K(1152K), 0.0087449 secs] 309234K->309744K(311168K), 0.0087883 secs] [Times: user=0.00 sys=0.00, real=0.01 secs] 
1.389: [GC (Allocation Failure) 1.389: [ParNew: 1151K->126K(1152K), 0.0085714 secs] 310768K->311278K(312704K), 0.0086124 secs] [Times: user=0.12 sys=0.00, real=0.01 secs] 
1.399: [GC (Allocation Failure) 1.399: [ParNew: 1150K->126K(1152K), 0.0088112 secs] 312302K->312813K(314240K), 0.0088522 secs] [Times: user=0.13 sys=0.00, real=0.01 secs] 
1.409: [GC (Allocation Failure) 1.409: [ParNew: 1150K->126K(1152K), 0.0089870 secs] 313837K->314347K(315776K), 0.0090314 secs] [Times: user=0.00 sys=0.00, real=0.01 secs] 
1.419: [GC (Allocation Failure) 1.419: [ParNew: 1150K->126K(1152K), 0.0090458 secs] 315371K->315881K(317312K), 0.0090901 secs] [Times: user=0.13 sys=0.00, real=0.01 secs] 
1.430: [GC (Allocation Failure) 1.430: [ParNew: 1150K->126K(1152K), 0.0087197 secs] 316905K->317416K(318848K), 0.0087617 secs] [Times: user=0.13 sys=0.00, real=0.01 secs] 
1.440: [GC (Allocation Failure) 1.440: [ParNew: 1150K->126K(1152K), 0.0090822 secs] 318440K->318950K(320384K), 0.0091279 secs] [Times: user=0.00 sys=0.00, real=0.01 secs] 
1.450: [GC (Allocation Failure) 1.450: [ParNew: 1150K->126K(1152K), 0.0088280 secs] 319974K->320484K(321920K), 0.0088732 secs] [Times: user=0.11 sys=0.01, real=0.01 secs] 
1.460: [GC (Allocation Failure) 1.460: [ParNew: 1150K->128K(1152K), 0.0084268 secs] 321508K->322017K(323456K), 0.0084664 secs] [Times: user=0.00 sys=0.00, real=0.01 secs] 
1.469: [GC (Allocation Failure) 1.469: [ParNew: 1152K->127K(1152K), 0.0087351 secs] 323041K->323552K(324992K), 0.0087795 secs] [Times: user=0.00 sys=0.00, real=0.01 secs] 
1.479: [GC (Allocation Failure) 1.479: [ParNew: 619K->127K(1152K), 0.0051739 secs]1.484: [CMS1.873: [CMS-concurrent-mark: 0.510/1.266 secs] [Times: user=6.15 sys=0.19, real=1.27 secs] 
 (concurrent mode failure): 324150K->252686K(324608K), 1.0432362 secs] 324045K->252686K(325760K), [Metaspace: 2625K->2625K(1056768K)], 1.0489746 secs] [Times: user=1.30 sys=0.11, real=1.05 secs] 
2.668: [GC (Allocation Failure) 2.668: [ParNew: 168512K->21056K(189568K), 0.1622622 secs] 421198K->412201K(610716K), 0.1623298 secs] [Times: user=0.94 sys=0.00, real=0.16 secs] 
2.834: [GC (CMS Initial Mark) [1 CMS-initial-mark: 391145K(421148K)] 417534K(610716K), 0.0441986 secs] [Times: user=0.05 sys=0.00, real=0.04 secs] 
2.878: [CMS-concurrent-mark-start]
2.971: [CMS-concurrent-mark: 0.093/0.093 secs] [Times: user=0.28 sys=0.00, real=0.09 secs] 
2.971: [CMS-concurrent-preclean-start]
2.972: [CMS-concurrent-preclean: 0.001/0.001 secs] [Times: user=0.00 sys=0.00, real=0.00 secs] 
2.972: [CMS-concurrent-abortable-preclean-start]
2.994: [GC (Allocation Failure) 2.994: [ParNew: 177128K->21056K(189568K), 0.2769114 secs] 568273K->566689K(735476K), 0.2769889 secs] [Times: user=1.86 sys=0.17, real=0.28 secs] 
3.381: [GC (Allocation Failure) 3.381: [ParNew: 189568K->21056K(189568K), 0.2326685 secs] 735201K->744331K(913208K), 0.2327329 secs] [Times: user=1.33 sys=0.08, real=0.23 secs] 
3.716: [GC (Allocation Failure) 3.716: [ParNew: 171319K->21056K(189568K), 0.2682878 secs] 894594K->891201K(1060048K), 0.2683536 secs] [Times: user=1.86 sys=0.01, real=0.27 secs] 
3.986: [CMS-concurrent-abortable-preclean: 0.236/1.014 secs] [Times: user=5.49 sys=0.26, real=1.01 secs] 
3.989: [GC (CMS Final Remark) [YG occupancy: 75138 K (189568 K)]3.989: [Rescan (parallel) , 0.0830358 secs]4.072: [weak refs processing, 0.0000168 secs]4.072: [class unloading, 0.0003112 secs]4.072: [scrub symbol table, 0.0003158 secs]4.073: [scrub string table, 0.0001017 secs][1 CMS-remark: 870145K(870480K)] 945284K(1060048K), 0.0839077 secs] [Times: user=0.53 sys=0.00, real=0.08 secs] 
4.073: [CMS-concurrent-sweep-start]
4.186: [GC (Allocation Failure) 4.186: [ParNew: 189568K->21056K(189568K), 0.2247679 secs] 986078K->1037506K(1206484K), 0.2248286 secs] [Times: user=1.47 sys=0.02, real=0.22 secs] 
4.514: [GC (Allocation Failure) 4.514: [ParNew: 172371K->21056K(189568K), 0.2326111 secs] 1076941K->1072674K(1241812K), 0.2326750 secs] [Times: user=1.40 sys=0.03, real=0.23 secs] 
4.862: [GC (Allocation Failure) 4.862: [ParNew: 189568K->21056K(189568K), 0.2145456 secs] 1120227K->1130233K(1299220K), 0.2146137 secs] [Times: user=1.48 sys=0.00, real=0.22 secs] 
5.125: [CMS-concurrent-sweep: 0.379/1.053 secs] [Times: user=5.13 sys=0.05, real=1.05 secs] 
5.127: [CMS-concurrent-reset-start]
5.133: [CMS-concurrent-reset: 0.006/0.006 secs] [Times: user=0.00 sys=0.00, real=0.01 secs] 
5.181: [GC (Allocation Failure) 5.181: [ParNew: 172541K->21056K(189568K), 0.2295071 secs] 1263679K->1259419K(2008136K), 0.2295798 secs] [Times: user=1.43 sys=0.05, real=0.23 secs] 
5.414: [GC (CMS Initial Mark) [1 CMS-initial-mark: 1238363K(1818568K)] 1313501K(2008136K), 0.0515828 secs] [Times: user=0.17 sys=0.00, real=0.05 secs] 
5.466: [CMS-concurrent-mark-start]
5.572: [GC (Allocation Failure) 5.572: [ParNew: 189568K->21056K(189568K), 0.2529676 secs] 1427931K->1437564K(2008136K), 0.2530306 secs] [Times: user=1.61 sys=0.05, real=0.25 secs] 
5.939: [GC (Allocation Failure) 5.939: [ParNew: 171791K->21056K(189568K), 0.2570182 secs] 1588300K->1584427K(2008136K), 0.2570844 secs] [Times: user=1.75 sys=0.05, real=0.26 secs] 
6.310: [GC (Allocation Failure) 6.310: [ParNew: 189568K->21056K(189568K), 0.2290658 secs] 1752939K->1762806K(2008136K), 0.2291315 secs] [Times: user=1.64 sys=0.02, real=0.23 secs] 
6.644: [GC (Allocation Failure) 6.644: [ParNew: 172546K->21056K(189568K), 0.2624599 secs] 1914297K->1909668K(2078600K), 0.2625266 secs] [Times: user=1.90 sys=0.02, real=0.26 secs] 
7.012: [GC (Allocation Failure) 7.012: [ParNew: 189568K->21056K(189568K), 0.2371548 secs] 2078180K->2087722K(2256716K), 0.2372150 secs] [Times: user=1.61 sys=0.00, real=0.24 secs] 
7.362: [GC (Allocation Failure) 7.362: [ParNew: 171420K->21056K(189568K), 0.2652243 secs] 2238086K->2234584K(2403556K), 0.2652943 secs] [Times: user=1.58 sys=0.09, real=0.27 secs] 
7.735: [GC (Allocation Failure) 7.735: [ParNew: 189568K->21056K(189568K), 0.2486633 secs] 2403096K->2412219K(2581096K), 0.2487272 secs] [Times: user=1.47 sys=0.03, real=0.25 secs] 
8.088: [GC (Allocation Failure) 8.088: [ParNew: 171257K->21056K(189568K), 0.2679323 secs] 2562420K->2559097K(2728128K), 0.2679962 secs] [Times: user=1.87 sys=0.03, real=0.27 secs] 
8.461: [GC (Allocation Failure) 8.461: [ParNew: 189568K->21056K(189568K), 0.2478949 secs] 2727609K->2737136K(2906244K), 0.2479588 secs] [Times: user=1.33 sys=0.00, real=0.25 secs] 
8.783: [CMS-concurrent-mark: 1.047/3.317 secs] [Times: user=17.83 sys=0.28, real=3.32 secs] 
8.783: [CMS-concurrent-preclean-start]
8.857: [GC (Allocation Failure) 8.857: [ParNew: 171133K->21056K(189568K), 0.2665207 secs] 2887214K->2883999K(3052892K), 0.2665921 secs] [Times: user=1.75 sys=0.08, real=0.27 secs] 
9.257: [GC (Allocation Failure) 9.257: [ParNew: 189568K->21056K(189568K), 0.2442148 secs] 3052511K->3061649K(3230624K), 0.2442819 secs] [Times: user=1.37 sys=0.03, real=0.24 secs] 
9.605: [GC (Allocation Failure) 9.605: [ParNew: 172673K->21056K(189568K), 0.2716176 secs] 3213267K->3208511K(3377464K), 0.2716862 secs] [Times: user=1.79 sys=0.01, real=0.27 secs] 
9.982: [GC (Allocation Failure) 9.982: [ParNew: 189568K->21056K(189568K), 0.2461050 secs] 3377023K->3386852K(3555964K), 0.2461764 secs] [Times: user=1.36 sys=0.03, real=0.25 secs] 
10.333: [GC (Allocation Failure) 10.333: [ParNew: 171226K->171226K(189568K), 0.0000173 secs]10.333: [CMS11.698: [CMS-concurrent-preclean: 1.885/2.915 secs] [Times: user=8.63 sys=0.16, real=2.92 secs] 
 (concurrent mode failure): 3365796K->252686K(3366396K), 2.9719659 secs] 3537022K->252686K(3555964K), [Metaspace: 2644K->2644K(1056768K)], 2.9732381 secs] [Times: user=2.95 sys=0.00, real=2.97 secs] 
13.726: [GC (Allocation Failure) 13.726: [ParNew: 545344K->68096K(613440K), 0.2527978 secs] 798030K->519016K(4097536K), 0.2528636 secs] [Times: user=1.39 sys=0.02, real=0.25 secs] 
14.330: [GC (Allocation Failure) 14.330: [ParNew: 613440K->64100K(613440K), 0.1239983 secs] 1064360K->590123K(4097536K), 0.1240669 secs] [Times: user=0.73 sys=0.00, real=0.12 secs] 
14.781: [GC (Allocation Failure) 14.781: [ParNew: 571274K->68096K(613440K), 0.3199457 secs] 1097297K->791244K(4097536K), 0.3200054 secs] [Times: user=1.89 sys=0.00, real=0.32 secs] 
15.453: [GC (Allocation Failure) 15.453: [ParNew: 613440K->68096K(613440K), 0.1695852 secs] 1336588K->858087K(4097536K), 0.1696529 secs] [Times: user=0.98 sys=0.00, real=0.17 secs] 
15.976: [GC (Allocation Failure) 15.976: [ParNew: 613440K->68096K(613440K), 0.0553185 secs] 1403431K->858087K(4097536K), 0.0553884 secs] [Times: user=0.30 sys=0.00, real=0.06 secs] 
16.359: [GC (Allocation Failure) 16.359: [ParNew: 574586K->68096K(613440K), 0.2988027 secs] 1364577K->1028399K(4097536K), 0.2988680 secs] [Times: user=1.92 sys=0.00, real=0.30 secs] 
17.025: [GC (Allocation Failure) 17.025: [ParNew: 613440K->68096K(613440K), 0.1649016 secs] 1573743K->1095242K(4097536K), 0.1649730 secs] [Times: user=1.11 sys=0.00, real=0.16 secs] 
17.540: [GC (Allocation Failure) 17.540: [ParNew: 613440K->67653K(613440K), 0.0564367 secs] 1640586K->1094800K(4097536K), 0.0565178 secs] [Times: user=0.25 sys=0.00, real=0.06 secs] 
17.930: [GC (Allocation Failure) 17.930: [ParNew: 573597K->68096K(613440K), 0.2985746 secs] 1600743K->1266091K(4097536K), 0.2986422 secs] [Times: user=1.87 sys=0.00, real=0.30 secs] 
18.594: [GC (Allocation Failure) 18.594: [ParNew: 613440K->68096K(613440K), 0.1699775 secs] 1811435K->1332887K(4097536K), 0.1838661 secs] [Times: user=0.87 sys=0.00, real=0.18 secs] 
19.128: [GC (Allocation Failure) 19.128: [ParNew: 613440K->68096K(613440K), 0.0564301 secs] 1878231K->1333308K(4097536K), 0.0564987 secs] [Times: user=0.33 sys=0.00, real=0.06 secs] 
19.512: [GC (Allocation Failure) 19.512: [ParNew: 574225K->68096K(613440K), 0.3008455 secs] 1839438K->1503598K(4097536K), 0.3009141 secs] [Times: user=1.92 sys=0.00, real=0.30 secs] 
20.159: [GC (Allocation Failure) 20.159: [ParNew: 613440K->68096K(613440K), 0.1657567 secs] 2048942K->1570442K(4097536K), 0.1658234 secs] [Times: user=0.97 sys=0.00, real=0.17 secs] 
20.675: [GC (Allocation Failure) 20.675: [ParNew: 613440K->67636K(613440K), 0.0555620 secs] 2115786K->1569982K(4097536K), 0.0556436 secs] [Times: user=0.23 sys=0.00, real=0.06 secs] 
21.059: [GC (Allocation Failure) 21.059: [ParNew: 573290K->68096K(613440K), 0.2992645 secs] 2075636K->1738760K(4097536K), 0.2993350 secs] [Times: user=1.92 sys=0.00, real=0.30 secs] 
21.710: [GC (Allocation Failure) 21.710: [ParNew: 613440K->68096K(613440K), 0.1698544 secs] 2284104K->1805603K(4097536K), 0.1699216 secs] [Times: user=1.22 sys=0.00, real=0.17 secs] 
22.229: [GC (Allocation Failure) 22.229: [ParNew: 613440K->67655K(613440K), 0.0552312 secs] 2350947K->1805163K(4097536K), 0.0553404 secs] [Times: user=0.39 sys=0.00, real=0.06 secs] 
22.611: [GC (Allocation Failure) 22.611: [ParNew: 572929K->68096K(613440K), 0.2998089 secs] 2310437K->1975529K(4097536K), 0.2998780 secs] [Times: user=1.90 sys=0.00, real=0.30 secs] 
23.260: [GC (Allocation Failure) 23.260: [ParNew: 613440K->68096K(613440K), 0.1672625 secs] 2520873K->2042373K(4097536K), 0.1673264 secs] [Times: user=1.01 sys=0.00, real=0.17 secs] 
23.777: [GC (Allocation Failure) 23.777: [ParNew: 613440K->68096K(613440K), 0.0578077 secs] 2587717K->2042373K(4097536K), 0.0578861 secs] [Times: user=0.25 sys=0.00, real=0.06 secs] 
24.164: [GC (Allocation Failure) 24.164: [ParNew: 575455K->68096K(613440K), 0.3016973 secs] 2549732K->2211966K(4097536K), 0.3017719 secs] [Times: user=1.92 sys=0.00, real=0.30 secs] 
24.821: [GC (Allocation Failure) 24.821: [ParNew: 613440K->68096K(613440K), 0.1667792 secs] 2757310K->2278810K(4097536K), 0.1668525 secs] [Times: user=0.91 sys=0.00, real=0.17 secs] 
25.338: [GC (Allocation Failure) 25.338: [ParNew: 613440K->68096K(613440K), 0.0544261 secs] 2824154K->2279258K(4097536K), 0.0544965 secs] [Times: user=0.25 sys=0.00, real=0.06 secs] 
25.720: [GC (Allocation Failure) 25.720: [ParNew: 570566K->68096K(613440K), 0.3008884 secs] 2781729K->2447863K(4097536K), 0.3009560 secs] [Times: user=1.86 sys=0.00, real=0.30 secs] 
26.371: [GC (Allocation Failure) 26.371: [ParNew: 613440K->68096K(613440K), 0.1674323 secs] 2993207K->2514706K(4097536K), 0.1674963 secs] [Times: user=1.09 sys=0.00, real=0.17 secs] 
26.896: [GC (Allocation Failure) 26.896: [ParNew: 613440K->68096K(613440K), 0.0555359 secs] 3060050K->2514706K(4097536K), 0.0556133 secs] [Times: user=0.31 sys=0.00, real=0.06 secs] 
27.280: [GC (Allocation Failure) 27.280: [ParNew: 573978K->68096K(613440K), 0.3006682 secs] 3020588K->2682976K(4097536K), 0.3007340 secs] [Times: user=1.83 sys=0.00, real=0.30 secs] 
27.585: [GC (CMS Initial Mark) [1 CMS-initial-mark: 2614880K(3484096K)] 2737058K(4097536K), 0.1087299 secs] [Times: user=0.16 sys=0.00, real=0.11 secs] 
27.693: [CMS-concurrent-mark-start]
27.947: [CMS-concurrent-mark: 0.253/0.253 secs] [Times: user=0.75 sys=0.00, real=0.25 secs] 
27.947: [CMS-concurrent-preclean-start]
27.952: [CMS-concurrent-preclean: 0.005/0.005 secs] [Times: user=0.00 sys=0.00, real=0.01 secs] 
27.952: [CMS-concurrent-abortable-preclean-start]
28.064: [GC (Allocation Failure) 28.064: [ParNew: 613440K->68096K(613440K), 0.1758582 secs] 3228320K->2749819K(4097536K), 0.1759230 secs] [Times: user=1.16 sys=0.00, real=0.18 secs] 
28.599: [GC (Allocation Failure) 28.599: [ParNew: 613440K->68096K(613440K), 0.0536237 secs] 3295163K->2750042K(4097536K), 0.0536876 secs] [Times: user=0.28 sys=0.00, real=0.05 secs] 
28.658: [CMS-concurrent-abortable-preclean: 0.476/0.706 secs] [Times: user=2.37 sys=0.00, real=0.71 secs] 
28.658: [GC (CMS Final Remark) [YG occupancy: 73676 K (613440 K)]28.658: [Rescan (parallel) , 0.0229539 secs]28.681: [weak refs processing, 0.0000112 secs]28.681: [class unloading, 0.0002421 secs]28.682: [scrub symbol table, 0.0002706 secs]28.682: [scrub string table, 0.0000994 secs][1 CMS-remark: 2681946K(3484096K)] 2755623K(4097536K), 0.0236770 secs] [Times: user=0.17 sys=0.00, real=0.02 secs] 
28.682: [CMS-concurrent-sweep-start]
29.010: [GC (Allocation Failure) 29.010: [ParNew: 574176K->68096K(613440K), 0.3053905 secs] 2942340K->2604910K(4097536K), 0.3054559 secs] [Times: user=2.08 sys=0.00, real=0.31 secs] 
29.687: [GC (Allocation Failure) 29.688: [ParNew: 613440K->68096K(613440K), 0.1708182 secs] 2816235K->2337735K(4097536K), 0.1708849 secs] [Times: user=1.22 sys=0.00, real=0.17 secs] 
30.215: [GC (Allocation Failure) 30.215: [ParNew: 613440K->67646K(613440K), 0.0531404 secs] 2625784K->2079990K(4097536K), 0.0532216 secs] [Times: user=0.41 sys=0.00, real=0.05 secs] 
30.602: [GC (Allocation Failure) 30.602: [ParNew: 573261K->68096K(613440K), 0.3072817 secs] 2348228K->2011331K(4097536K), 0.3073517 secs] [Times: user=2.06 sys=0.00, real=0.31 secs] 
31.271: [GC (Allocation Failure) 31.271: [ParNew: 613440K->68096K(613440K), 0.1654087 secs] 2311531K->1833030K(4097536K), 0.1654847 secs] [Times: user=1.23 sys=0.00, real=0.17 secs] 
31.797: [GC (Allocation Failure) 31.797: [ParNew: 613440K->57297K(613440K), 0.0527327 secs] 2122374K->1566231K(4097536K), 0.0528045 secs] [Times: user=0.33 sys=0.00, real=0.05 secs] 
32.182: [GC (Allocation Failure) 32.182: [ParNew: 562539K->68096K(613440K), 0.3064728 secs] 1832180K->1506006K(4097536K), 0.3065414 secs] [Times: user=2.20 sys=0.00, real=0.31 secs] 
32.852: [GC (Allocation Failure) 32.852: [ParNew: 613440K->68096K(613440K), 0.1665465 secs] 1803943K->1325443K(4097536K), 0.1666146 secs] [Times: user=1.17 sys=0.00, real=0.17 secs] 
33.378: [GC (Allocation Failure) 33.378: [ParNew: 613440K->67656K(613440K), 0.0536517 secs] 1626611K->1080827K(4097536K), 0.0537273 secs] [Times: user=0.33 sys=0.00, real=0.05 secs] 
33.568: [CMS-concurrent-sweep: 3.303/4.886 secs] [Times: user=17.57 sys=0.00, real=4.88 secs] 
33.568: [CMS-concurrent-reset-start]
33.576: [CMS-concurrent-reset: 0.008/0.008 secs] [Times: user=0.03 sys=0.00, real=0.01 secs] 
33.774: [GC (Allocation Failure) 33.775: [ParNew: 574989K->68096K(613440K), 0.2911307 secs] 1588160K->1249537K(4097536K), 0.2911997 secs] [Times: user=1.83 sys=0.00, real=0.29 secs] 
34.416: [GC (Allocation Failure) 34.416: [ParNew: 613440K->68096K(613440K), 0.1655267 secs] 1794881K->1316380K(4097536K), 0.1655967 secs] [Times: user=0.75 sys=0.00, real=0.17 secs] 
34.930: [GC (Allocation Failure) 34.930: [ParNew: 613440K->67656K(613440K), 0.0550894 secs] 1861724K->1315940K(4097536K), 0.0551571 secs] [Times: user=0.28 sys=0.00, real=0.06 secs] 
35.323: [GC (Allocation Failure) 35.323: [ParNew: 570106K->68096K(613440K), 0.2875079 secs] 1818391K->1484649K(4097536K), 0.2875774 secs] [Times: user=1.89 sys=0.03, real=0.29 secs] 
35.970: [GC (Allocation Failure) 35.970: [ParNew: 613440K->68096K(613440K), 0.1603113 secs] 2029993K->1551493K(4097536K), 0.1603855 secs] [Times: user=1.20 sys=0.00, real=0.16 secs] 
36.482: [GC (Allocation Failure) 36.482: [ParNew: 613440K->68096K(613440K), 0.0543524 secs] 2096837K->1551493K(4097536K), 0.0544527 secs] [Times: user=0.28 sys=0.00, real=0.06 secs] 
36.866: [GC (Allocation Failure) 36.866: [ParNew: 573961K->68096K(613440K), 0.2953758 secs] 2057358K->1719762K(4097536K), 0.2954425 secs] [Times: user=1.73 sys=0.00, real=0.30 secs] 
37.511: [GC (Allocation Failure) 37.511: [ParNew: 613440K->68096K(613440K), 0.1632516 secs] 2265106K->1786606K(4097536K), 0.1633169 secs] [Times: user=1.05 sys=0.00, real=0.16 secs] 
