Java HotSpot(TM) 64-Bit Server VM (25.5-b02) for windows-amd64 JRE (1.8.0_05-b13), built on Mar 18 2014 01:08:39 by "java_re" with MS VC++ 10.0 (VS2010)
Memory: 4k page, physical 16656748k(9318628k free), swap 16654888k(8046448k free)
CommandLine flags: -XX:InitialHeapSize=266507968 -XX:MaxHeapSize=4264127488 -XX:+PrintGC -XX:+PrintGCDateStamps -XX:+PrintGCDetails -XX:+PrintGCTimeStamps -XX:+UseCompressedClassPointers -XX:+UseCompressedOops -XX:-UseLargePagesIndividualAllocation -XX:+UseSerialGC 
2015-01-23T18:45:05.099+0300: 0.071: [GC (Allocation Failure) 0.071: [DefNew: 1024K->128K(1152K), 0.0017941 secs] 1024K->689K(262016K), 0.0019098 secs] [Times: user=0.00 sys=0.00, real=0.00 secs] 
2015-01-23T18:45:05.104+0300: 0.076: [GC (Allocation Failure) 0.076: [DefNew: 900K->127K(1152K), 0.0019322 secs] 1462K->1306K(262016K), 0.0020461 secs] [Times: user=0.00 sys=0.00, real=0.00 secs] 
2015-01-23T18:45:05.108+0300: 0.081: [GC (Allocation Failure) 0.081: [DefNew: 777K->128K(1152K), 0.0016971 secs] 1955K->1955K(262016K), 0.0017214 secs] [Times: user=0.00 sys=0.00, real=0.00 secs] 
2015-01-23T18:45:05.111+0300: 0.084: [GC (Allocation Failure) 0.084: [DefNew: 1103K->128K(1152K), 0.0022728 secs] 2930K->2927K(262016K), 0.0023003 secs] [Times: user=0.00 sys=0.00, real=0.00 secs] 
2015-01-23T18:45:05.115+0300: 0.087: [GC (Allocation Failure) 0.087: [DefNew: 1152K->128K(1152K), 0.0021142 secs] 3951K->3950K(262016K), 0.0021407 secs] [Times: user=0.00 sys=0.00, real=0.00 secs] 
2015-01-23T18:45:05.118+0300: 0.090: [GC (Allocation Failure) 0.090: [DefNew: 574K->128K(1152K), 0.0015245 secs] 4397K->4386K(262016K), 0.0015455 secs] [Times: user=0.00 sys=0.00, real=0.00 secs] 
2015-01-23T18:45:05.120+0300: 0.092: [GC (Allocation Failure) 0.092: [DefNew: 1152K->85K(1152K), 0.0021226 secs] 5410K->5410K(262016K), 0.0021454 secs] [Times: user=0.00 sys=0.00, real=0.00 secs] 
2015-01-23T18:45:05.124+0300: 0.096: [GC (Allocation Failure) 0.096: [DefNew: 1109K->128K(1152K), 0.0030168 secs] 6434K->6431K(262016K), 0.0030560 secs] [Times: user=0.00 sys=0.00, real=0.00 secs] 
2015-01-23T18:45:05.128+0300: 0.101: [GC (Allocation Failure) 0.101: [DefNew: 1152K->128K(1152K), 0.0034763 secs] 8862K->8860K(262016K), 0.0035071 secs] [Times: user=0.00 sys=0.00, real=0.00 secs] 
2015-01-23T18:45:05.134+0300: 0.106: [GC (Allocation Failure) 0.106: [DefNew: 1152K->128K(1152K), 0.0041420 secs] 11995K->11994K(262016K), 0.0041798 secs] [Times: user=0.00 sys=0.00, real=0.00 secs] 
2015-01-23T18:45:05.139+0300: 0.111: [GC (Allocation Failure) 0.111: [DefNew: 1152K->128K(1152K), 0.0047639 secs] 13018K->13016K(262016K), 0.0047970 secs] [Times: user=0.00 sys=0.00, real=0.01 secs] 
2015-01-23T18:45:05.145+0300: 0.117: [GC (Allocation Failure) 0.117: [DefNew: 1152K->128K(1152K), 0.0030486 secs] 14040K->14039K(262016K), 0.0030728 secs] [Times: user=0.00 sys=0.00, real=0.00 secs] 
2015-01-23T18:45:05.151+0300: 0.123: [GC (Allocation Failure) 0.123: [DefNew: 1152K->128K(1152K), 0.0042512 secs] 18229K->18228K(262016K), 0.0042927 secs] [Times: user=0.02 sys=0.00, real=0.00 secs] 
2015-01-23T18:45:05.156+0300: 0.128: [GC (Allocation Failure) 0.128: [DefNew: 1152K->128K(1152K), 0.0031964 secs] 19252K->19251K(262016K), 0.0032202 secs] [Times: user=0.00 sys=0.00, real=0.00 secs] 
2015-01-23T18:45:05.160+0300: 0.133: [GC (Allocation Failure) 0.133: [DefNew: 1152K->128K(1152K), 0.0031111 secs] 20275K->20274K(262016K), 0.0031325 secs] [Times: user=0.00 sys=0.00, real=0.00 secs] 
2015-01-23T18:45:05.165+0300: 0.137: [GC (Allocation Failure) 0.137: [DefNew: 1152K->128K(1152K), 0.0030574 secs] 21298K->21297K(262016K), 0.0030789 secs] [Times: user=0.00 sys=0.00, real=0.00 secs] 
2015-01-23T18:45:05.171+0300: 0.143: [GC (Allocation Failure) 0.143: [DefNew: 1152K->128K(1152K), 0.0045530 secs] 27069K->27067K(262016K), 0.0045922 secs] [Times: user=0.00 sys=0.00, real=0.01 secs] 
2015-01-23T18:45:05.177+0300: 0.149: [GC (Allocation Failure) 0.149: [DefNew: 1152K->128K(1152K), 0.0031834 secs] 28091K->28090K(262016K), 0.0032086 secs] [Times: user=0.00 sys=0.00, real=0.00 secs] 
2015-01-23T18:45:05.181+0300: 0.153: [GC (Allocation Failure) 0.153: [DefNew: 1152K->128K(1152K), 0.0030807 secs] 29114K->29113K(262016K), 0.0031078 secs] [Times: user=0.00 sys=0.00, real=0.00 secs] 
2015-01-23T18:45:05.185+0300: 0.157: [GC (Allocation Failure) 0.157: [DefNew: 1152K->128K(1152K), 0.0030369 secs] 30137K->30136K(262016K), 0.0030574 secs] [Times: user=0.02 sys=0.00, real=0.00 secs] 
2015-01-23T18:45:05.189+0300: 0.161: [GC (Allocation Failure) 0.161: [DefNew: 1152K->128K(1152K), 0.0030374 secs] 31160K->31159K(262016K), 0.0030621 secs] [Times: user=0.00 sys=0.00, real=0.00 secs] 
2015-01-23T18:45:05.193+0300: 0.166: [GC (Allocation Failure) 0.166: [DefNew: 1152K->128K(1152K), 0.0030332 secs] 32183K->32182K(262016K), 0.0030555 secs] [Times: user=0.00 sys=0.00, real=0.00 secs] 
2015-01-23T18:45:05.198+0300: 0.170: [GC (Allocation Failure) 0.170: [DefNew: 1152K->128K(1152K), 0.0042260 secs] 33206K->33204K(262016K), 0.0042516 secs] [Times: user=0.02 sys=0.00, real=0.00 secs] 
2015-01-23T18:45:05.206+0300: 0.178: [GC (Allocation Failure) 0.178: [DefNew: 1152K->128K(1152K), 0.0045740 secs] 41350K->41349K(262016K), 0.0046108 secs] [Times: user=0.00 sys=0.00, real=0.00 secs] 
2015-01-23T18:45:05.211+0300: 0.184: [GC (Allocation Failure) 0.184: [DefNew: 1152K->128K(1152K), 0.0030849 secs] 42373K->42372K(262016K), 0.0031106 secs] [Times: user=0.00 sys=0.00, real=0.00 secs] 
2015-01-23T18:45:05.216+0300: 0.188: [GC (Allocation Failure) 0.188: [DefNew: 1152K->128K(1152K), 0.0030383 secs] 43396K->43395K(262016K), 0.0030574 secs] [Times: user=0.01 sys=0.00, real=0.00 secs] 
2015-01-23T18:45:05.220+0300: 0.192: [GC (Allocation Failure) 0.192: [DefNew: 1152K->128K(1152K), 0.0030756 secs] 44419K->44418K(262016K), 0.0030980 secs] [Times: user=0.00 sys=0.00, real=0.00 secs] 
2015-01-23T18:45:05.224+0300: 0.196: [GC (Allocation Failure) 0.196: [DefNew: 1152K->128K(1152K), 0.0031185 secs] 45442K->45440K(262016K), 0.0031437 secs] [Times: user=0.00 sys=0.00, real=0.00 secs] 
2015-01-23T18:45:05.228+0300: 0.200: [GC (Allocation Failure) 0.200: [DefNew: 1152K->128K(1152K), 0.0030532 secs] 46464K->46463K(262016K), 0.0030747 secs] [Times: user=0.00 sys=0.00, real=0.00 secs] 
2015-01-23T18:45:05.232+0300: 0.204: [GC (Allocation Failure) 0.204: [DefNew: 1152K->128K(1152K), 0.0030229 secs] 47487K->47486K(262016K), 0.0030448 secs] [Times: user=0.02 sys=0.00, real=0.00 secs] 
2015-01-23T18:45:05.236+0300: 0.208: [GC (Allocation Failure) 0.209: [DefNew: 1152K->128K(1152K), 0.0030691 secs] 48510K->48509K(262016K), 0.0030980 secs] [Times: user=0.00 sys=0.00, real=0.00 secs] 
2015-01-23T18:45:05.241+0300: 0.213: [GC (Allocation Failure) 0.213: [DefNew: 1152K->128K(1152K), 0.0030653 secs] 49533K->49532K(262016K), 0.0030999 secs] [Times: user=0.00 sys=0.00, real=0.00 secs] 
2015-01-23T18:45:05.249+0300: 0.221: [GC (Allocation Failure) 0.221: [DefNew: 1152K->128K(1152K), 0.0053913 secs] 61239K->61238K(262016K), 0.0054505 secs] [Times: user=0.00 sys=0.00, real=0.00 secs] 
2015-01-23T18:45:05.256+0300: 0.228: [GC (Allocation Failure) 0.228: [DefNew: 1152K->128K(1152K), 0.0031969 secs] 62262K->62260K(262016K), 0.0032249 secs] [Times: user=0.00 sys=0.00, real=0.00 secs] 
2015-01-23T18:45:05.260+0300: 0.232: [GC (Allocation Failure) 0.232: [DefNew: 1152K->128K(1152K), 0.0030854 secs] 63284K->63283K(262016K), 0.0031073 secs] [Times: user=0.00 sys=0.00, real=0.00 secs] 
2015-01-23T18:45:05.264+0300: 0.236: [GC (Allocation Failure) 0.236: [DefNew: 1152K->128K(1152K), 0.0030462 secs] 64307K->64306K(262016K), 0.0030667 secs] [Times: user=0.00 sys=0.00, real=0.00 secs] 
2015-01-23T18:45:05.268+0300: 0.240: [GC (Allocation Failure) 0.240: [DefNew: 1152K->128K(1152K), 0.0035855 secs] 65330K->65329K(262016K), 0.0036153 secs] [Times: user=0.00 sys=0.00, real=0.00 secs] 
2015-01-23T18:45:05.273+0300: 0.245: [GC (Allocation Failure) 0.245: [DefNew: 1152K->128K(1152K), 0.0030495 secs] 66353K->66352K(262016K), 0.0030728 secs] [Times: user=0.00 sys=0.00, real=0.00 secs] 
2015-01-23T18:45:05.277+0300: 0.249: [GC (Allocation Failure) 0.249: [DefNew: 1152K->128K(1152K), 0.0030961 secs] 67376K->67375K(262016K), 0.0031199 secs] [Times: user=0.02 sys=0.00, real=0.00 secs] 
2015-01-23T18:45:05.281+0300: 0.253: [GC (Allocation Failure) 0.253: [DefNew: 1152K->128K(1152K), 0.0030430 secs] 68399K->68397K(262016K), 0.0030639 secs] [Times: user=0.00 sys=0.00, real=0.00 secs] 
2015-01-23T18:45:05.285+0300: 0.257: [GC (Allocation Failure) 0.257: [DefNew: 1152K->128K(1152K), 0.0030425 secs] 69421K->69420K(262016K), 0.0030635 secs] [Times: user=0.00 sys=0.00, real=0.00 secs] 
2015-01-23T18:45:05.289+0300: 0.262: [GC (Allocation Failure) 0.262: [DefNew: 1152K->128K(1152K), 0.0030803 secs] 70444K->70443K(262016K), 0.0031003 secs] [Times: user=0.00 sys=0.00, real=0.00 secs] 
2015-01-23T18:45:05.294+0300: 0.266: [GC (Allocation Failure) 0.266: [DefNew: 1152K->128K(1152K), 0.0031241 secs] 71467K->71466K(262016K), 0.0031507 secs] [Times: user=0.01 sys=0.00, real=0.00 secs] 
2015-01-23T18:45:05.298+0300: 0.270: [GC (Allocation Failure) 0.270: [DefNew: 1152K->128K(1152K), 0.0030653 secs] 72490K->72489K(262016K), 0.0030905 secs] [Times: user=0.00 sys=0.00, real=0.00 secs] 
2015-01-23T18:45:05.302+0300: 0.274: [GC (Allocation Failure) 0.274: [DefNew: 1152K->128K(1152K), 0.0030569 secs] 73513K->73511K(262016K), 0.0030821 secs] [Times: user=0.00 sys=0.00, real=0.00 secs] 
2015-01-23T18:45:05.306+0300: 0.278: [GC (Allocation Failure) 0.278: [DefNew: 1152K->128K(1152K), 0.0030444 secs] 74535K->74534K(262016K), 0.0030635 secs] [Times: user=0.00 sys=0.00, real=0.00 secs] 
2015-01-23T18:45:05.316+0300: 0.289: [GC (Allocation Failure) 0.289: [DefNew: 1152K->128K(1152K), 0.0064013 secs] 91583K->91582K(262016K), 0.0064446 secs] [Times: user=0.00 sys=0.00, real=0.01 secs] 
2015-01-23T18:45:05.324+0300: 0.296: [GC (Allocation Failure) 0.296: [DefNew: 1152K->128K(1152K), 0.0031750 secs] 92606K->92604K(262016K), 0.0032039 secs] [Times: user=0.02 sys=0.00, real=0.00 secs] 
2015-01-23T18:45:05.328+0300: 0.300: [GC (Allocation Failure) 0.300: [DefNew: 1152K->128K(1152K), 0.0030509 secs] 93628K->93627K(262016K), 0.0030728 secs] [Times: user=0.00 sys=0.00, real=0.00 secs] 
2015-01-23T18:45:05.332+0300: 0.305: [GC (Allocation Failure) 0.305: [DefNew: 1152K->128K(1152K), 0.0030448 secs] 94651K->94650K(262016K), 0.0030667 secs] [Times: user=0.00 sys=0.00, real=0.00 secs] 
2015-01-23T18:45:05.337+0300: 0.309: [GC (Allocation Failure) 0.309: [DefNew: 1152K->128K(1152K), 0.0030756 secs] 95674K->95673K(262016K), 0.0030957 secs] [Times: user=0.00 sys=0.00, real=0.00 secs] 
2015-01-23T18:45:05.341+0300: 0.313: [GC (Allocation Failure) 0.313: [DefNew: 1152K->128K(1152K), 0.0030887 secs] 96697K->96696K(262016K), 0.0031115 secs] [Times: user=0.01 sys=0.00, real=0.00 secs] 
2015-01-23T18:45:05.345+0300: 0.317: [GC (Allocation Failure) 0.317: [DefNew: 1152K->128K(1152K), 0.0030658 secs] 97720K->97719K(262016K), 0.0030845 secs] [Times: user=0.00 sys=0.00, real=0.00 secs] 
2015-01-23T18:45:05.349+0300: 0.321: [GC (Allocation Failure) 0.321: [DefNew: 1152K->128K(1152K), 0.0030630 secs] 98743K->98741K(262016K), 0.0030863 secs] [Times: user=0.00 sys=0.00, real=0.00 secs] 
2015-01-23T18:45:05.353+0300: 0.325: [GC (Allocation Failure) 0.325: [DefNew: 1152K->128K(1152K), 0.0031171 secs] 99765K->99764K(262016K), 0.0031577 secs] [Times: user=0.00 sys=0.00, real=0.00 secs] 
2015-01-23T18:45:05.358+0300: 0.330: [GC (Allocation Failure) 0.330: [DefNew: 1152K->128K(1152K), 0.0030658 secs] 100788K->100787K(262016K), 0.0030896 secs] [Times: user=0.00 sys=0.00, real=0.00 secs] 
2015-01-23T18:45:05.362+0300: 0.334: [GC (Allocation Failure) 0.334: [DefNew: 1152K->128K(1152K), 0.0030397 secs] 101811K->101810K(262016K), 0.0030597 secs] [Times: user=0.00 sys=0.00, real=0.00 secs] 
2015-01-23T18:45:05.366+0300: 0.338: [GC (Allocation Failure) 0.338: [DefNew: 1152K->128K(1152K), 0.0030411 secs] 102834K->102833K(262016K), 0.0030630 secs] [Times: user=0.00 sys=0.00, real=0.00 secs] 
2015-01-23T18:45:05.370+0300: 0.342: [GC (Allocation Failure) 0.342: [DefNew: 1152K->128K(1152K), 0.0031955 secs] 103857K->103856K(262016K), 0.0032263 secs] [Times: user=0.01 sys=0.00, real=0.00 secs] 
2015-01-23T18:45:05.374+0300: 0.346: [GC (Allocation Failure) 0.346: [DefNew: 1152K->128K(1152K), 0.0031372 secs] 104880K->104878K(262016K), 0.0031684 secs] [Times: user=0.00 sys=0.00, real=0.00 secs] 
2015-01-23T18:45:05.379+0300: 0.351: [GC (Allocation Failure) 0.351: [DefNew: 1152K->128K(1152K), 0.0031199 secs] 105902K->105901K(262016K), 0.0031400 secs] [Times: user=0.00 sys=0.00, real=0.00 secs] 
2015-01-23T18:45:05.383+0300: 0.355: [GC (Allocation Failure) 0.355: [DefNew: 1152K->128K(1152K), 0.0030947 secs] 106925K->106924K(262016K), 0.0031162 secs] [Times: user=0.00 sys=0.00, real=0.00 secs] 
2015-01-23T18:45:05.387+0300: 0.359: [GC (Allocation Failure) 0.359: [DefNew: 1152K->128K(1152K), 0.0030486 secs] 107948K->107947K(262016K), 0.0030691 secs] [Times: user=0.00 sys=0.02, real=0.00 secs] 
2015-01-23T18:45:05.391+0300: 0.363: [GC (Allocation Failure) 0.363: [DefNew: 1152K->128K(1152K), 0.0030574 secs] 108971K->108970K(262016K), 0.0030784 secs] [Times: user=0.00 sys=0.00, real=0.00 secs] 
2015-01-23T18:45:05.395+0300: 0.367: [GC (Allocation Failure) 0.367: [DefNew: 1152K->128K(1152K), 0.0030084 secs] 109994K->109993K(262016K), 0.0030271 secs] [Times: user=0.00 sys=0.00, real=0.00 secs] 
2015-01-23T18:45:05.399+0300: 0.372: [GC (Allocation Failure) 0.372: [DefNew: 1152K->128K(1152K), 0.0030840 secs] 111017K->111015K(262016K), 0.0031045 secs] [Times: user=0.00 sys=0.00, real=0.00 secs] 
2015-01-23T18:45:05.404+0300: 0.376: [GC (Allocation Failure) 0.376: [DefNew: 1152K->128K(1152K), 0.0031577 secs] 112039K->112038K(262016K), 0.0031857 secs] [Times: user=0.00 sys=0.00, real=0.00 secs] 
2015-01-23T18:45:05.417+0300: 0.389: [GC (Allocation Failure) 0.389: [DefNew: 1152K->128K(1152K), 0.0079234 secs] 137099K->137098K(262016K), 0.0079626 secs] [Times: user=0.02 sys=0.00, real=0.01 secs] 
2015-01-23T18:45:05.426+0300: 0.398: [GC (Allocation Failure) 0.398: [DefNew: 1152K->128K(1152K), 0.0032160 secs] 138122K->138121K(262016K), 0.0032370 secs] [Times: user=0.00 sys=0.00, real=0.00 secs] 
2015-01-23T18:45:05.431+0300: 0.403: [GC (Allocation Failure) 0.403: [DefNew: 1152K->128K(1152K), 0.0031087 secs] 139145K->139143K(262016K), 0.0031288 secs] [Times: user=0.00 sys=0.00, real=0.00 secs] 
2015-01-23T18:45:05.435+0300: 0.407: [GC (Allocation Failure) 0.407: [DefNew: 1152K->128K(1152K), 0.0030831 secs] 140167K->140166K(262016K), 0.0031059 secs] [Times: user=0.00 sys=0.00, real=0.00 secs] 
2015-01-23T18:45:05.439+0300: 0.411: [GC (Allocation Failure) 0.411: [DefNew: 1152K->128K(1152K), 0.0031213 secs] 141190K->141189K(262016K), 0.0031465 secs] [Times: user=0.00 sys=0.00, real=0.00 secs] 
2015-01-23T18:45:05.443+0300: 0.415: [GC (Allocation Failure) 0.415: [DefNew: 1152K->128K(1152K), 0.0030700 secs] 142213K->142212K(262016K), 0.0030896 secs] [Times: user=0.00 sys=0.00, real=0.00 secs] 
2015-01-23T18:45:05.447+0300: 0.419: [GC (Allocation Failure) 0.419: [DefNew: 1152K->128K(1152K), 0.0030476 secs] 143236K->143235K(262016K), 0.0030681 secs] [Times: user=0.00 sys=0.00, real=0.00 secs] 
2015-01-23T18:45:05.451+0300: 0.424: [GC (Allocation Failure) 0.424: [DefNew: 1152K->128K(1152K), 0.0030877 secs] 144259K->144258K(262016K), 0.0031134 secs] [Times: user=0.00 sys=0.00, real=0.00 secs] 
2015-01-23T18:45:05.456+0300: 0.428: [GC (Allocation Failure) 0.428: [DefNew: 1152K->128K(1152K), 0.0030807 secs] 145282K->145280K(262016K), 0.0031115 secs] [Times: user=0.00 sys=0.00, real=0.00 secs] 
2015-01-23T18:45:05.460+0300: 0.432: [GC (Allocation Failure) 0.432: [DefNew: 1152K->128K(1152K), 0.0030607 secs] 146304K->146303K(262016K), 0.0030882 secs] [Times: user=0.00 sys=0.00, real=0.00 secs] 
2015-01-23T18:45:05.464+0300: 0.436: [GC (Allocation Failure) 0.436: [DefNew: 1152K->128K(1152K), 0.0030924 secs] 147327K->147326K(262016K), 0.0031209 secs] [Times: user=0.01 sys=0.00, real=0.00 secs] 
2015-01-23T18:45:05.468+0300: 0.440: [GC (Allocation Failure) 0.441: [DefNew: 1152K->128K(1152K), 0.0030961 secs] 148350K->148349K(262016K), 0.0031265 secs] [Times: user=0.00 sys=0.00, real=0.00 secs] 
2015-01-23T18:45:05.473+0300: 0.445: [GC (Allocation Failure) 0.445: [DefNew: 1152K->128K(1152K), 0.0031866 secs] 149373K->149372K(262016K), 0.0032193 secs] [Times: user=0.00 sys=0.00, real=0.00 secs] 
2015-01-23T18:45:05.477+0300: 0.449: [GC (Allocation Failure) 0.449: [DefNew: 1152K->128K(1152K), 0.0031414 secs] 150396K->150395K(262016K), 0.0031642 secs] [Times: user=0.00 sys=0.00, real=0.00 secs] 
2015-01-23T18:45:05.481+0300: 0.453: [GC (Allocation Failure) 0.453: [DefNew: 1152K->128K(1152K), 0.0030737 secs] 151419K->151417K(262016K), 0.0030961 secs] [Times: user=0.02 sys=0.00, real=0.00 secs] 
2015-01-23T18:45:05.485+0300: 0.457: [GC (Allocation Failure) 0.457: [DefNew: 1152K->128K(1152K), 0.0030929 secs] 152441K->152440K(262016K), 0.0031143 secs] [Times: user=0.00 sys=0.00, real=0.00 secs] 
2015-01-23T18:45:05.489+0300: 0.462: [GC (Allocation Failure) 0.462: [DefNew: 1152K->128K(1152K), 0.0031111 secs] 153464K->153463K(262016K), 0.0031344 secs] [Times: user=0.00 sys=0.00, real=0.00 secs] 
2015-01-23T18:45:05.494+0300: 0.466: [GC (Allocation Failure) 0.466: [DefNew: 1152K->128K(1152K), 0.0030873 secs] 154487K->154486K(262016K), 0.0031092 secs] [Times: user=0.00 sys=0.00, real=0.00 secs] 
2015-01-23T18:45:05.498+0300: 0.470: [GC (Allocation Failure) 0.470: [DefNew: 1152K->128K(1152K), 0.0041052 secs] 155510K->155509K(262016K), 0.0041378 secs] [Times: user=0.00 sys=0.00, real=0.00 secs] 
2015-01-23T18:45:05.503+0300: 0.475: [GC (Allocation Failure) 0.475: [DefNew: 1152K->128K(1152K), 0.0030966 secs] 156533K->156532K(262016K), 0.0031237 secs] [Times: user=0.00 sys=0.00, real=0.00 secs] 
2015-01-23T18:45:05.507+0300: 0.479: [GC (Allocation Failure) 0.480: [DefNew: 1152K->128K(1152K), 0.0031036 secs] 157556K->157554K(262016K), 0.0031251 secs] [Times: user=0.00 sys=0.00, real=0.00 secs] 
2015-01-23T18:45:05.512+0300: 0.484: [GC (Allocation Failure) 0.484: [DefNew: 1152K->128K(1152K), 0.0031120 secs] 158578K->158577K(262016K), 0.0031358 secs] [Times: user=0.00 sys=0.02, real=0.00 secs] 
2015-01-23T18:45:05.516+0300: 0.488: [GC (Allocation Failure) 0.488: [DefNew: 1152K->128K(1152K), 0.0030826 secs] 159601K->159600K(262016K), 0.0031064 secs] [Times: user=0.00 sys=0.00, real=0.00 secs] 
2015-01-23T18:45:05.520+0300: 0.492: [GC (Allocation Failure) 0.492: [DefNew: 1152K->128K(1152K), 0.0030597 secs] 160624K->160623K(262016K), 0.0030831 secs] [Times: user=0.00 sys=0.00, real=0.00 secs] 
2015-01-23T18:45:05.524+0300: 0.497: [GC (Allocation Failure) 0.497: [DefNew: 1152K->128K(1152K), 0.0030611 secs] 161647K->161646K(262016K), 0.0030803 secs] [Times: user=0.00 sys=0.00, real=0.00 secs] 
2015-01-23T18:45:05.529+0300: 0.501: [GC (Allocation Failure) 0.501: [DefNew: 1152K->128K(1152K), 0.0031474 secs] 162670K->162668K(262016K), 0.0031740 secs] [Times: user=0.00 sys=0.00, real=0.00 secs] 
2015-01-23T18:45:05.533+0300: 0.505: [GC (Allocation Failure) 0.505: [DefNew: 1152K->128K(1152K), 0.0031162 secs] 163692K->163691K(262016K), 0.0031377 secs] [Times: user=0.00 sys=0.00, real=0.00 secs] 
2015-01-23T18:45:05.537+0300: 0.509: [GC (Allocation Failure) 0.509: [DefNew: 1152K->128K(1152K), 0.0031432 secs] 164715K->164714K(262016K), 0.0031666 secs] [Times: user=0.00 sys=0.00, real=0.00 secs] 
2015-01-23T18:45:05.541+0300: 0.513: [GC (Allocation Failure) 0.514: [DefNew: 1152K->128K(1152K), 0.0031358 secs] 165738K->165737K(262016K), 0.0031600 secs] [Times: user=0.02 sys=0.00, real=0.00 secs] 
2015-01-23T18:45:05.546+0300: 0.518: [GC (Allocation Failure) 0.518: [DefNew: 1152K->128K(1152K), 0.0031353 secs] 166761K->166760K(262016K), 0.0031586 secs] [Times: user=0.00 sys=0.00, real=0.00 secs] 
2015-01-23T18:45:05.550+0300: 0.522: [GC (Allocation Failure) 0.522: [DefNew: 1152K->128K(1152K), 0.0036410 secs] 167784K->167783K(262016K), 0.0036718 secs] [Times: user=0.00 sys=0.00, real=0.00 secs] 
2015-01-23T18:45:05.568+0300: 0.540: [GC (Allocation Failure) 0.540: [DefNew: 1152K->128K(1152K), 0.0103660 secs] 204862K->204861K(262016K), 0.0104071 secs] [Times: user=0.01 sys=0.00, real=0.01 secs] 
2015-01-23T18:45:05.580+0300: 0.552: [GC (Allocation Failure) 0.552: [DefNew: 1152K->128K(1152K), 0.0031059 secs] 205885K->205883K(262016K), 0.0031297 secs] [Times: user=0.00 sys=0.00, real=0.00 secs] 
2015-01-23T18:45:05.584+0300: 0.556: [GC (Allocation Failure) 0.556: [DefNew: 1152K->128K(1152K), 0.0031059 secs] 206907K->206906K(262016K), 0.0031297 secs] [Times: user=0.00 sys=0.00, real=0.00 secs] 
2015-01-23T18:45:05.588+0300: 0.560: [GC (Allocation Failure) 0.560: [DefNew: 1152K->128K(1152K), 0.0030910 secs] 207930K->207929K(262016K), 0.0031129 secs] [Times: user=0.02 sys=0.00, real=0.00 secs] 
2015-01-23T18:45:05.592+0300: 0.565: [GC (Allocation Failure) 0.565: [DefNew: 1152K->128K(1152K), 0.0031143 secs] 208953K->208952K(262016K), 0.0031363 secs] [Times: user=0.00 sys=0.00, real=0.00 secs] 
2015-01-23T18:45:05.597+0300: 0.569: [GC (Allocation Failure) 0.569: [DefNew: 1152K->128K(1152K), 0.0031185 secs] 209976K->209975K(262016K), 0.0031386 secs] [Times: user=0.00 sys=0.00, real=0.00 secs] 
2015-01-23T18:45:05.601+0300: 0.573: [GC (Allocation Failure) 0.573: [DefNew: 1152K->128K(1152K), 0.0030569 secs] 210999K->210998K(262016K), 0.0030775 secs] [Times: user=0.00 sys=0.00, real=0.00 secs] 
2015-01-23T18:45:05.605+0300: 0.577: [GC (Allocation Failure) 0.577: [DefNew: 1152K->128K(1152K), 0.0032361 secs] 212022K->212020K(262016K), 0.0032673 secs] [Times: user=0.02 sys=0.00, real=0.00 secs] 
2015-01-23T18:45:05.609+0300: 0.582: [GC (Allocation Failure) 0.582: [DefNew: 1152K->128K(1152K), 0.0030961 secs] 213044K->213043K(262016K), 0.0031199 secs] [Times: user=0.00 sys=0.00, real=0.00 secs] 
2015-01-23T18:45:05.614+0300: 0.586: [GC (Allocation Failure) 0.586: [DefNew: 1152K->128K(1152K), 0.0030737 secs] 214067K->214066K(262016K), 0.0030952 secs] [Times: user=0.00 sys=0.00, real=0.00 secs] 
2015-01-23T18:45:05.618+0300: 0.590: [GC (Allocation Failure) 0.590: [DefNew: 1152K->128K(1152K), 0.0030695 secs] 215090K->215089K(262016K), 0.0030905 secs] [Times: user=0.00 sys=0.00, real=0.00 secs] 
2015-01-23T18:45:05.622+0300: 0.594: [GC (Allocation Failure) 0.594: [DefNew: 1152K->128K(1152K), 0.0030971 secs] 216113K->216112K(262016K), 0.0031251 secs] [Times: user=0.01 sys=0.00, real=0.00 secs] 
2015-01-23T18:45:05.626+0300: 0.598: [GC (Allocation Failure) 0.598: [DefNew: 1152K->128K(1152K), 0.0031614 secs] 217136K->217134K(262016K), 0.0031862 secs] [Times: user=0.00 sys=0.00, real=0.00 secs] 
2015-01-23T18:45:05.630+0300: 0.603: [GC (Allocation Failure) 0.603: [DefNew: 1152K->128K(1152K), 0.0031013 secs] 218158K->218157K(262016K), 0.0031237 secs] [Times: user=0.00 sys=0.00, real=0.00 secs] 
2015-01-23T18:45:05.635+0300: 0.607: [GC (Allocation Failure) 0.607: [DefNew: 1152K->128K(1152K), 0.0031801 secs] 219181K->219180K(262016K), 0.0032039 secs] [Times: user=0.02 sys=0.00, real=0.00 secs] 
2015-01-23T18:45:05.639+0300: 0.611: [GC (Allocation Failure) 0.611: [DefNew: 1152K->128K(1152K), 0.0031726 secs] 220204K->220203K(262016K), 0.0032034 secs] [Times: user=0.00 sys=0.00, real=0.00 secs] 
2015-01-23T18:45:05.643+0300: 0.615: [GC (Allocation Failure) 0.615: [DefNew: 1152K->128K(1152K), 0.0031218 secs] 221227K->221226K(262016K), 0.0031432 secs] [Times: user=0.00 sys=0.00, real=0.00 secs] 
2015-01-23T18:45:05.647+0300: 0.620: [GC (Allocation Failure) 0.620: [DefNew: 1152K->128K(1152K), 0.0044681 secs] 222250K->222249K(262016K), 0.0045017 secs] [Times: user=0.00 sys=0.00, real=0.00 secs] 
2015-01-23T18:45:05.653+0300: 0.625: [GC (Allocation Failure) 0.625: [DefNew: 1152K->128K(1152K), 0.0031003 secs] 223273K->223271K(262016K), 0.0031297 secs] [Times: user=0.02 sys=0.00, real=0.00 secs] 
2015-01-23T18:45:05.657+0300: 0.629: [GC (Allocation Failure) 0.629: [DefNew: 1152K->128K(1152K), 0.0031097 secs] 224295K->224294K(262016K), 0.0031367 secs] [Times: user=0.00 sys=0.00, real=0.00 secs] 
2015-01-23T18:45:05.661+0300: 0.634: [GC (Allocation Failure) 0.634: [DefNew: 1152K->128K(1152K), 0.0031115 secs] 225318K->225317K(262016K), 0.0031335 secs] [Times: user=0.00 sys=0.00, real=0.00 secs] 
2015-01-23T18:45:05.666+0300: 0.638: [GC (Allocation Failure) 0.638: [DefNew: 1152K->128K(1152K), 0.0031092 secs] 226341K->226340K(262016K), 0.0031330 secs] [Times: user=0.02 sys=0.00, real=0.00 secs] 
2015-01-23T18:45:05.670+0300: 0.642: [GC (Allocation Failure) 0.642: [DefNew: 1152K->128K(1152K), 0.0031372 secs] 227364K->227363K(262016K), 0.0031614 secs] [Times: user=0.00 sys=0.00, real=0.00 secs] 
2015-01-23T18:45:05.674+0300: 0.646: [GC (Allocation Failure) 0.646: [DefNew: 1152K->128K(1152K), 0.0031470 secs] 228387K->228386K(262016K), 0.0031680 secs] [Times: user=0.00 sys=0.00, real=0.00 secs] 
2015-01-23T18:45:05.678+0300: 0.651: [GC (Allocation Failure) 0.651: [DefNew: 1152K->128K(1152K), 0.0031167 secs] 229410K->229408K(262016K), 0.0031502 secs] [Times: user=0.00 sys=0.00, real=0.00 secs] 
2015-01-23T18:45:05.683+0300: 0.655: [GC (Allocation Failure) 0.655: [DefNew: 1152K->128K(1152K), 0.0030910 secs] 230432K->230431K(262016K), 0.0031125 secs] [Times: user=0.02 sys=0.00, real=0.00 secs] 
2015-01-23T18:45:05.687+0300: 0.659: [GC (Allocation Failure) 0.659: [DefNew: 1152K->128K(1152K), 0.0030649 secs] 231455K->231454K(262016K), 0.0030854 secs] [Times: user=0.00 sys=0.00, real=0.00 secs] 
2015-01-23T18:45:05.691+0300: 0.663: [GC (Allocation Failure) 0.663: [DefNew: 1152K->128K(1152K), 0.0030136 secs] 232478K->232477K(262016K), 0.0030327 secs] [Times: user=0.00 sys=0.00, real=0.00 secs] 
2015-01-23T18:45:05.695+0300: 0.667: [GC (Allocation Failure) 0.667: [DefNew: 1152K->128K(1152K), 0.0030737 secs] 233501K->233500K(262016K), 0.0030938 secs] [Times: user=0.00 sys=0.00, real=0.00 secs] 
2015-01-23T18:45:05.699+0300: 0.671: [GC (Allocation Failure) 0.671: [DefNew: 1152K->128K(1152K), 0.0031106 secs] 234524K->234523K(262016K), 0.0031344 secs] [Times: user=0.01 sys=0.00, real=0.00 secs] 
2015-01-23T18:45:05.703+0300: 0.676: [GC (Allocation Failure) 0.676: [DefNew: 1152K->128K(1152K), 0.0031125 secs] 235547K->235545K(262016K), 0.0031325 secs] [Times: user=0.00 sys=0.00, real=0.00 secs] 
2015-01-23T18:45:05.708+0300: 0.680: [GC (Allocation Failure) 0.680: [DefNew: 1152K->128K(1152K), 0.0030933 secs] 236569K->236568K(262016K), 0.0031148 secs] [Times: user=0.00 sys=0.00, real=0.00 secs] 
2015-01-23T18:45:05.712+0300: 0.684: [GC (Allocation Failure) 0.684: [DefNew: 1152K->128K(1152K), 0.0030873 secs] 237592K->237591K(262016K), 0.0031073 secs] [Times: user=0.00 sys=0.00, real=0.00 secs] 
2015-01-23T18:45:05.716+0300: 0.688: [GC (Allocation Failure) 0.688: [DefNew: 1152K->128K(1152K), 0.0030691 secs] 238615K->238614K(262016K), 0.0030929 secs] [Times: user=0.00 sys=0.00, real=0.00 secs] 
2015-01-23T18:45:05.720+0300: 0.692: [GC (Allocation Failure) 0.692: [DefNew: 1152K->128K(1152K), 0.0030985 secs] 239638K->239637K(262016K), 0.0031227 secs] [Times: user=0.00 sys=0.00, real=0.00 secs] 
2015-01-23T18:45:05.724+0300: 0.697: [GC (Allocation Failure) 0.697: [DefNew: 1152K->128K(1152K), 0.0030863 secs] 240661K->240660K(262016K), 0.0031069 secs] [Times: user=0.00 sys=0.00, real=0.00 secs] 
2015-01-23T18:45:05.729+0300: 0.701: [GC (Allocation Failure) 0.701: [DefNew: 1152K->128K(1152K), 0.0030159 secs] 241684K->241682K(262016K), 0.0030374 secs] [Times: user=0.01 sys=0.00, real=0.00 secs] 
2015-01-23T18:45:05.733+0300: 0.705: [GC (Allocation Failure) 0.705: [DefNew: 1152K->128K(1152K), 0.0030957 secs] 242706K->242705K(262016K), 0.0031185 secs] [Times: user=0.00 sys=0.00, real=0.00 secs] 
2015-01-23T18:45:05.737+0300: 0.709: [GC (Allocation Failure) 0.709: [DefNew: 1152K->128K(1152K), 0.0031111 secs] 243729K->243728K(262016K), 0.0031311 secs] [Times: user=0.00 sys=0.00, real=0.00 secs] 
2015-01-23T18:45:05.741+0300: 0.713: [GC (Allocation Failure) 0.713: [DefNew: 1152K->128K(1152K), 0.0031297 secs] 244752K->244751K(262016K), 0.0031530 secs] [Times: user=0.00 sys=0.00, real=0.00 secs] 
2015-01-23T18:45:05.745+0300: 0.718: [GC (Allocation Failure) 0.718: [DefNew: 1152K->128K(1152K), 0.0031106 secs] 245775K->245774K(262016K), 0.0031330 secs] [Times: user=0.02 sys=0.00, real=0.00 secs] 
2015-01-23T18:45:05.750+0300: 0.722: [GC (Allocation Failure) 0.722: [DefNew: 1152K->128K(1152K), 0.0030705 secs] 246798K->246796K(262016K), 0.0030938 secs] [Times: user=0.00 sys=0.00, real=0.00 secs] 
2015-01-23T18:45:05.754+0300: 0.726: [GC (Allocation Failure) 0.726: [DefNew: 1152K->128K(1152K), 0.0030812 secs] 247820K->247819K(262016K), 0.0031055 secs] [Times: user=0.00 sys=0.00, real=0.00 secs] 
2015-01-23T18:45:05.758+0300: 0.730: [GC (Allocation Failure) 0.730: [DefNew: 1152K->128K(1152K), 0.0030947 secs] 248843K->248842K(262016K), 0.0031171 secs] [Times: user=0.00 sys=0.00, real=0.00 secs] 
2015-01-23T18:45:05.762+0300: 0.734: [GC (Allocation Failure) 0.734: [DefNew: 1152K->128K(1152K), 0.0030873 secs] 249866K->249865K(262016K), 0.0031115 secs] [Times: user=0.02 sys=0.00, real=0.00 secs] 
2015-01-23T18:45:05.766+0300: 0.739: [GC (Allocation Failure) 0.739: [DefNew: 1152K->128K(1152K), 0.0031708 secs] 250889K->250888K(262016K), 0.0031908 secs] [Times: user=0.00 sys=0.00, real=0.00 secs] 
2015-01-23T18:45:05.771+0300: 0.743: [GC (Allocation Failure) 0.743: [DefNew: 1152K->128K(1152K), 0.0031474 secs] 251912K->251911K(262016K), 0.0031712 secs] [Times: user=0.00 sys=0.00, real=0.00 secs] 
2015-01-23T18:45:05.774+0300: 0.747: [GC (Allocation Failure) 0.747: [DefNew: 622K->128K(1152K), 0.0017550 secs]0.748: [Tenured: 252267K->189781K(260864K), 0.5053237 secs] 252405K->189781K(262016K), [Metaspace: 2637K->2637K(1056768K)], 0.5073954 secs] [Times: user=0.51 sys=0.00, real=0.51 secs] 
2015-01-23T18:45:06.397+0300: 1.368: [GC (Allocation Failure) 1.368: [DefNew: 117786K->15808K(142400K), 0.1581990 secs] 307567K->291503K(458704K), 0.1582489 secs] [Times: user=0.14 sys=0.02, real=0.16 secs] 
2015-01-23T18:45:06.631+0300: 1.602: [GC (Allocation Failure) 1.602: [DefNew: 134513K->15808K(142400K), 0.2140880 secs]1.816: [Tenured: 360269K->122010K(360272K), 0.4030710 secs] 410209K->122010K(502672K), [Metaspace: 2642K->2642K(1056768K)], 0.6205113 secs] [Times: user=0.62 sys=0.00, real=0.62 secs] 
2015-01-23T18:45:07.305+0300: 2.276: [GC (Allocation Failure) 2.276: [DefNew: 84833K->15808K(142400K), 0.1399791 secs] 206844K->206139K(458704K), 0.1400229 secs] [Times: user=0.14 sys=0.00, real=0.14 secs] 
2015-01-23T18:45:07.515+0300: 2.487: [GC (Allocation Failure) 2.487: [DefNew: 133125K->15807K(142400K), 0.1908929 secs] 323456K->307861K(458704K), 0.1909395 secs] [Times: user=0.19 sys=0.00, real=0.19 secs] 
2015-01-23T18:45:07.783+0300: 2.755: [GC (Allocation Failure) 2.755: [DefNew: 134959K->15808K(142400K), 0.1960938 secs]2.951: [Tenured: 376627K->122010K(376784K), 0.3919055 secs] 427013K->122010K(519184K), [Metaspace: 2642K->2642K(1056768K)], 0.5925313 secs] [Times: user=0.56 sys=0.03, real=0.59 secs] 
2015-01-23T18:45:08.436+0300: 3.407: [GC (Allocation Failure) 3.407: [DefNew: 84848K->15808K(142400K), 0.1345267 secs] 206859K->206139K(458704K), 0.1345738 secs] [Times: user=0.13 sys=0.00, real=0.13 secs] 
2015-01-23T18:45:08.648+0300: 3.620: [GC (Allocation Failure) 3.620: [DefNew: 131900K->15807K(142400K), 0.1929623 secs] 322232K->307861K(458704K), 0.1930084 secs] [Times: user=0.20 sys=0.00, real=0.19 secs] 
2015-01-23T18:45:08.920+0300: 3.891: [GC (Allocation Failure) 3.891: [DefNew: 135017K->15808K(142400K), 0.2041750 secs]4.095: [Tenured: 376627K->120480K(376784K), 0.4047070 secs] 427070K->120480K(519184K), [Metaspace: 2642K->2642K(1056768K)], 0.6134177 secs] [Times: user=0.59 sys=0.02, real=0.61 secs] 
2015-01-23T18:45:09.589+0300: 4.560: [GC (Allocation Failure) 4.560: [DefNew: 85377K->15808K(142400K), 0.1361095 secs] 205858K->204609K(458704K), 0.1361529 secs] [Times: user=0.12 sys=0.00, real=0.14 secs] 
2015-01-23T18:45:09.796+0300: 4.767: [GC (Allocation Failure) 4.767: [DefNew: 132736K->15807K(142400K), 0.1903200 secs] 321537K->306331K(458704K), 0.1903662 secs] [Times: user=0.19 sys=0.00, real=0.19 secs] 
2015-01-23T18:45:10.063+0300: 5.035: [GC (Allocation Failure) 5.035: [DefNew: 134860K->15808K(142400K), 0.1959464 secs]5.231: [Tenured: 375097K->120480K(375248K), 0.3830187 secs] 425384K->120480K(517648K), [Metaspace: 2642K->2642K(1056768K)], 0.5833871 secs] [Times: user=0.53 sys=0.06, real=0.58 secs] 
2015-01-23T18:45:10.704+0300: 5.676: [GC (Allocation Failure) 5.676: [DefNew: 84203K->15808K(142400K), 0.1344170 secs] 204683K->204609K(458704K), 0.1344679 secs] [Times: user=0.14 sys=0.00, real=0.13 secs] 
2015-01-23T18:45:10.911+0300: 5.882: [GC (Allocation Failure) 5.882: [DefNew: 132213K->15807K(142400K), 0.1886822 secs] 321014K->306331K(458704K), 0.1887269 secs] [Times: user=0.20 sys=0.00, real=0.19 secs] 
2015-01-23T18:45:11.179+0300: 6.150: [GC (Allocation Failure) 6.150: [DefNew: 134858K->15808K(142400K), 0.1932179 secs]6.343: [Tenured: 375097K->120480K(375248K), 0.3876230 secs] 425381K->120480K(517648K), [Metaspace: 2642K->2642K(1056768K)], 0.5853566 secs] [Times: user=0.56 sys=0.02, real=0.59 secs] 
2015-01-23T18:45:11.821+0300: 6.793: [GC (Allocation Failure) 6.793: [DefNew: 84974K->15808K(142400K), 0.1432930 secs] 205455K->204609K(458704K), 0.1433378 secs] [Times: user=0.14 sys=0.00, real=0.14 secs] 
2015-01-23T18:45:12.035+0300: 7.006: [GC (Allocation Failure) 7.006: [DefNew: 132055K->15807K(142400K), 0.1976547 secs] 320856K->306331K(458704K), 0.1977037 secs] [Times: user=0.19 sys=0.00, real=0.20 secs] 
2015-01-23T18:45:12.310+0300: 7.281: [GC (Allocation Failure) 7.281: [DefNew: 134598K->15808K(142400K), 0.1923054 secs]7.474: [Tenured: 375097K->120480K(375248K), 0.4045671 secs] 425122K->120480K(517648K), [Metaspace: 2643K->2643K(1056768K)], 0.6013266 secs] [Times: user=0.58 sys=0.03, real=0.60 secs] 
2015-01-23T18:45:12.967+0300: 7.938: [GC (Allocation Failure) 7.938: [DefNew: 84830K->15808K(142400K), 0.1344086 secs] 205311K->204609K(458704K), 0.1344534 secs] [Times: user=0.14 sys=0.00, real=0.13 secs] 
2015-01-23T18:45:13.171+0300: 8.142: [GC (Allocation Failure) 8.142: [DefNew: 131943K->15807K(142400K), 0.1913944 secs] 320744K->306331K(458704K), 0.1914443 secs] [Times: user=0.20 sys=0.00, real=0.19 secs] 
2015-01-23T18:45:13.443+0300: 8.414: [GC (Allocation Failure) 8.414: [DefNew: 134459K->15808K(142400K), 0.1930663 secs]8.607: [Tenured: 375097K->120480K(375248K), 0.3902620 secs] 424983K->120480K(517648K), [Metaspace: 2644K->2644K(1056768K)], 0.5877675 secs] [Times: user=0.58 sys=0.00, real=0.59 secs] 
2015-01-23T18:45:14.093+0300: 9.065: [GC (Allocation Failure) 9.065: [DefNew: 84753K->15808K(142400K), 0.1443282 secs] 205234K->204609K(458704K), 0.1443781 secs] [Times: user=0.16 sys=0.00, real=0.14 secs] 
2015-01-23T18:45:14.307+0300: 9.279: [GC (Allocation Failure) 9.279: [DefNew: 131891K->15807K(142400K), 0.1936307 secs] 320692K->306331K(458704K), 0.1936765 secs] [Times: user=0.20 sys=0.00, real=0.19 secs] 
2015-01-23T18:45:14.588+0300: 9.559: [GC (Allocation Failure) 9.559: [DefNew: 134384K->15808K(142400K), 0.1969013 secs]9.756: [Tenured: 375097K->120480K(375248K), 0.3930232 secs] 424907K->120480K(517648K), [Metaspace: 2644K->2644K(1056768K)], 0.5954866 secs] [Times: user=0.58 sys=0.01, real=0.60 secs] 
2015-01-23T18:45:15.238+0300: 10.210: [GC (Allocation Failure) 10.210: [DefNew: 84711K->15808K(142400K), 0.1580642 secs] 205192K->204609K(458704K), 0.1581099 secs] [Times: user=0.16 sys=0.00, real=0.16 secs] 
2015-01-23T18:45:15.465+0300: 10.436: [GC (Allocation Failure) 10.437: [DefNew: 131863K->15807K(142400K), 0.1916743 secs] 320664K->306331K(458704K), 0.1917153 secs] [Times: user=0.20 sys=0.00, real=0.19 secs] 
2015-01-23T18:45:15.735+0300: 10.706: [GC (Allocation Failure) 10.706: [DefNew: 134342K->15808K(142400K), 0.2048934 secs]10.911: [Tenured: 375097K->120480K(375248K), 0.3872624 secs] 424866K->120480K(517648K), [Metaspace: 2644K->2644K(1056768K)], 0.5965651 secs] [Times: user=0.58 sys=0.02, real=0.60 secs] 
2015-01-23T18:45:16.386+0300: 11.357: [GC (Allocation Failure) 11.357: [DefNew: 84688K->15808K(142400K), 0.1411635 secs] 205169K->204609K(458704K), 0.1412087 secs] [Times: user=0.16 sys=0.00, real=0.14 secs] 
2015-01-23T18:45:16.608+0300: 11.580: [GC (Allocation Failure) 11.580: [DefNew: 131848K->15807K(142400K), 0.1945763 secs] 320649K->306331K(458704K), 0.1946262 secs] [Times: user=0.19 sys=0.00, real=0.19 secs] 
2015-01-23T18:45:16.881+0300: 11.853: [GC (Allocation Failure) 11.853: [DefNew: 134319K->15808K(142400K), 0.2018098 secs]12.054: [Tenured: 375097K->120480K(375248K), 0.3845376 secs] 424843K->120480K(517648K), [Metaspace: 2644K->2644K(1056768K)], 0.5907418 secs] [Times: user=0.56 sys=0.03, real=0.59 secs] 
2015-01-23T18:45:17.527+0300: 12.499: [GC (Allocation Failure) 12.499: [DefNew: 84676K->15808K(142400K), 0.1363894 secs] 205156K->204609K(458704K), 0.1364337 secs] [Times: user=0.13 sys=0.00, real=0.14 secs] 
2015-01-23T18:45:17.737+0300: 12.708: [GC (Allocation Failure) 12.708: [DefNew: 131839K->15807K(142400K), 0.1955942 secs] 320640K->306331K(458704K), 0.1956427 secs] [Times: user=0.20 sys=0.00, real=0.20 secs] 
2015-01-23T18:45:18.011+0300: 12.983: [GC (Allocation Failure) 12.983: [DefNew: 134307K->15808K(142400K), 0.2052148 secs]13.188: [Tenured: 375097K->120480K(375248K), 0.3864489 secs] 424830K->120480K(517648K), [Metaspace: 2644K->2644K(1056768K)], 0.5961261 secs] [Times: user=0.58 sys=0.02, real=0.60 secs] 
2015-01-23T18:45:18.664+0300: 13.636: [GC (Allocation Failure) 13.636: [DefNew: 84669K->15808K(142400K), 0.1401134 secs] 205149K->204609K(458704K), 0.1401615 secs] [Times: user=0.12 sys=0.00, real=0.14 secs] 
