Java HotSpot(TM) 64-Bit Server VM (25.5-b02) for windows-amd64 JRE (1.8.0_05-b13), built on Mar 18 2014 01:08:39 by "java_re" with MS VC++ 10.0 (VS2010)
Memory: 4k page, physical 16656748k(9184812k free), swap 16654888k(7841228k free)
CommandLine flags: -XX:InitialHeapSize=266507968 -XX:MaxHeapSize=4264127488 -XX:+PrintGC -XX:+PrintGCDateStamps -XX:+PrintGCTimeStamps -XX:+UseCompressedClassPointers -XX:+UseCompressedOops -XX:-UseLargePagesIndividualAllocation -XX:+UseParallelGC 
2015-01-23T19:02:16.760+0300: 0.070: [GC (Allocation Failure)  504K->504K(261632K), 0.0006433 secs]
2015-01-23T19:02:16.763+0300: 0.073: [GC (Allocation Failure)  1016K->706K(261632K), 0.0008565 secs]
2015-01-23T19:02:16.766+0300: 0.075: [GC (Allocation Failure)  1218K->1069K(261632K), 0.0018483 secs]
2015-01-23T19:02:16.771+0300: 0.080: [GC (Allocation Failure)  1859K->1665K(262144K), 0.0035388 secs]
2015-01-23T19:02:16.776+0300: 0.086: [GC (Allocation Failure)  2689K->2706K(262144K), 0.0022229 secs]
2015-01-23T19:02:16.779+0300: 0.089: [GC (Allocation Failure)  3730K->3772K(263680K), 0.0018954 secs]
2015-01-23T19:02:16.783+0300: 0.092: [GC (Allocation Failure)  5308K->4676K(264192K), 0.0037646 secs]
2015-01-23T19:02:16.789+0300: 0.099: [GC (Allocation Failure)  7619K->6705K(265728K), 0.0131790 secs]
2015-01-23T19:02:16.805+0300: 0.115: [GC (Allocation Failure)  11375K->11399K(266240K), 0.0184975 secs]
2015-01-23T19:02:16.828+0300: 0.137: [GC (Allocation Failure)  17125K->17173K(268288K), 0.0246007 secs]
2015-01-23T19:02:16.855+0300: 0.165: [GC (Allocation Failure)  20245K->20421K(269312K), 0.0365905 secs]
2015-01-23T19:02:16.897+0300: 0.206: [GC (Allocation Failure)  28241K->28233K(271360K), 0.0439094 secs]
2015-01-23T19:02:16.948+0300: 0.258: [GC (Allocation Failure)  40475K->40451K(271360K), 0.0340365 secs]
2015-01-23T19:02:16.988+0300: 0.297: [GC (Allocation Failure)  45571K->45603K(274944K), 0.0551785 secs]
2015-01-23T19:02:17.054+0300: 0.364: [GC (Allocation Failure)  63966K->63950K(275456K), 0.0869627 secs]
2015-01-23T19:02:17.148+0300: 0.458: [GC (Allocation Failure)  71630K->71798K(282112K), 0.1038821 secs]
2015-01-23T19:02:17.269+0300: 0.578: [GC (Allocation Failure)  99086K->99102K(283136K), 0.0965614 secs]
2015-01-23T19:02:17.376+0300: 0.686: [GC (Allocation Failure)  110366K->110422K(291328K), 0.1242381 secs]
2015-01-23T19:02:17.523+0300: 0.833: [GC (Allocation Failure)  149307K->149451K(292352K), 0.1262361 secs]
2015-01-23T19:02:17.664+0300: 0.973: [GC (Allocation Failure)  164299K->164307K(299520K), 0.1752984 secs]
2015-01-23T19:02:17.872+0300: 1.180: [GC (Allocation Failure)  219818K->219834K(301056K), 0.1154964 secs]
2015-01-23T19:02:18.006+0300: 1.314: [GC (Allocation Failure)  239290K->239426K(309760K), 0.2306705 secs]
2015-01-23T19:02:18.308+0300: 1.617: [GC (Allocation Failure)  318597K->318248K(366592K), 0.1747568 secs]
2015-01-23T19:02:18.483+0300: 1.792: [Full GC (Ergonomics)  318248K->3177K(87040K), 0.0414253 secs]
2015-01-23T19:02:18.539+0300: 1.847: [GC (Allocation Failure)  24922K->21796K(100352K), 0.0165914 secs]
2015-01-23T19:02:18.573+0300: 1.882: [GC (Allocation Failure)  49778K->45557K(100864K), 0.0390345 secs]
2015-01-23T19:02:18.612+0300: 1.921: [Full GC (Ergonomics)  45557K->35906K(133120K), 0.6786511 secs]
2015-01-23T19:02:19.306+0300: 2.615: [GC (Allocation Failure)  60851K->71627K(143360K), 0.0330666 secs]
2015-01-23T19:02:19.374+0300: 2.683: [Full GC (Ergonomics)  135599K->90976K(175616K), 1.0715735 secs]
2015-01-23T19:02:20.461+0300: 3.770: [GC (Allocation Failure)  107452K->107644K(181248K), 0.2172443 secs]
2015-01-23T19:02:20.679+0300: 3.988: [Full GC (Ergonomics)  107644K->107451K(216576K), 1.5552648 secs]
2015-01-23T19:02:22.285+0300: 5.594: [GC (Allocation Failure)  183442K->183625K(250368K), 0.1758092 secs]
2015-01-23T19:02:22.529+0300: 5.838: [GC (Allocation Failure)  274051K->273084K(326144K), 0.2873908 secs]
2015-01-23T19:02:22.817+0300: 6.125: [Full GC (Ergonomics)  273084K->2596K(138240K), 0.0690750 secs]
2015-01-23T19:02:22.906+0300: 6.215: [GC (Allocation Failure)  33425K->29468K(142848K), 0.0219393 secs]
2015-01-23T19:02:22.955+0300: 6.264: [GC (Allocation Failure)  70940K->54431K(144384K), 0.0495456 secs]
2015-01-23T19:02:23.038+0300: 6.347: [Full GC (Ergonomics)  119940K->92438K(190976K), 1.5475765 secs]
2015-01-23T19:02:24.586+0300: 7.895: [GC (Allocation Failure)  92900K->93047K(201728K), 0.2255181 secs]
2015-01-23T19:02:24.869+0300: 8.178: [Full GC (Ergonomics)  173646K->149461K(249344K), 2.2403620 secs]
2015-01-23T19:02:27.110+0300: 10.419: [GC (Allocation Failure)  149575K->149736K(252416K), 0.3032517 secs]
2015-01-23T19:02:27.491+0300: 10.800: [GC (Allocation Failure)  248301K->247836K(295424K), 0.4516416 secs]
2015-01-23T19:02:27.943+0300: 11.252: [Full GC (Ergonomics)  247836K->1438K(152576K), 0.0348136 secs]
2015-01-23T19:02:27.994+0300: 11.303: [GC (Allocation Failure)  28574K->19754K(173568K), 0.0167379 secs]
2015-01-23T19:02:28.027+0300: 11.336: [GC (Allocation Failure)  41264K->43554K(169472K), 0.0311232 secs]
2015-01-23T19:02:28.083+0300: 11.392: [Full GC (Ergonomics)  90298K->64845K(222720K), 1.1403107 secs]
2015-01-23T19:02:29.263+0300: 12.572: [Full GC (Ergonomics) 