Java HotSpot(TM) 64-Bit Server VM (25.5-b02) for windows-amd64 JRE (1.8.0_05-b13), built on Mar 18 2014 01:08:39 by "java_re" with MS VC++ 10.0 (VS2010)
Memory: 4k page, physical 16656748k(9267208k free), swap 16654888k(7967900k free)
CommandLine flags: -XX:InitialHeapSize=266507968 -XX:MaxHeapSize=4264127488 -XX:+PrintGC -XX:+PrintGCDateStamps -XX:+PrintGCDetails -XX:+PrintGCTimeStamps -XX:+UseCompressedClassPointers -XX:+UseCompressedOops -XX:-UseLargePagesIndividualAllocation -XX:+UseParallelGC 
2015-01-23T20:09:01.899+0300: 0.067: [GC (Allocation Failure) [PSYoungGen: 504K->448K(1024K)] 504K->456K(261632K), 0.0007548 secs] [Times: user=0.00 sys=0.00, real=0.00 secs] 
2015-01-23T20:09:01.903+0300: 0.070: [GC (Allocation Failure) [PSYoungGen: 960K->498K(1536K)] 968K->730K(262144K), 0.0012395 secs] [Times: user=0.00 sys=0.00, real=0.00 secs] 
2015-01-23T20:09:01.907+0300: 0.074: [GC (Allocation Failure) [PSYoungGen: 1254K->489K(1536K)] 1486K->1273K(262144K), 0.0014807 secs] [Times: user=0.00 sys=0.00, real=0.00 secs] 
2015-01-23T20:09:01.910+0300: 0.078: [GC (Allocation Failure) [PSYoungGen: 1141K->485K(2560K)] 1925K->1745K(263168K), 0.0013748 secs] [Times: user=0.00 sys=0.00, real=0.00 secs] 
2015-01-23T20:09:01.914+0300: 0.082: [GC (Allocation Failure) [PSYoungGen: 2533K->480K(2560K)] 3793K->3117K(263168K), 0.0030882 secs] [Times: user=0.00 sys=0.00, real=0.00 secs] 
2015-01-23T20:09:01.920+0300: 0.087: [GC (Allocation Failure) [PSYoungGen: 2528K->2041K(5120K)] 5165K->5175K(265728K), 0.0039293 secs] [Times: user=0.00 sys=0.00, real=0.00 secs] 
2015-01-23T20:09:01.926+0300: 0.093: [GC (Allocation Failure) [PSYoungGen: 5113K->3070K(6144K)] 8247K->7356K(266752K), 0.0072036 secs] [Times: user=0.08 sys=0.00, real=0.01 secs] 
2015-01-23T20:09:01.935+0300: 0.102: [GC (Allocation Failure) [PSYoungGen: 6142K->4094K(9216K)] 10428K->9043K(269824K), 0.0055350 secs] [Times: user=0.00 sys=0.00, real=0.01 secs] 
2015-01-23T20:09:01.947+0300: 0.114: [GC (Allocation Failure) [PSYoungGen: 9214K->5120K(10240K)] 17328K->15218K(270848K), 0.0305349 secs] [Times: user=0.16 sys=0.00, real=0.03 secs] 
2015-01-23T20:09:01.984+0300: 0.151: [GC (Allocation Failure) [PSYoungGen: 10240K->7168K(13312K)] 25086K->25126K(273920K), 0.0613974 secs] [Times: user=0.36 sys=0.00, real=0.06 secs] 
2015-01-23T20:09:02.054+0300: 0.221: [GC (Allocation Failure) [PSYoungGen: 13312K->6272K(15360K)] 38392K->38560K(275968K), 0.0589198 secs] [Times: user=0.33 sys=0.00, real=0.06 secs] 
2015-01-23T20:09:02.119+0300: 0.286: [GC (Allocation Failure) [PSYoungGen: 12416K->6272K(19456K)] 44704K->44744K(280064K), 0.0666511 secs] [Times: user=0.50 sys=0.00, real=0.07 secs] 
2015-01-23T20:09:02.199+0300: 0.366: [GC (Allocation Failure) [PSYoungGen: 16000K->9888K(19968K)] 65155K->65219K(280576K), 0.0732170 secs] [Times: user=0.62 sys=0.00, real=0.07 secs] 
2015-01-23T20:09:02.287+0300: 0.455: [GC (Allocation Failure) [PSYoungGen: 19616K->9888K(26112K)] 90972K->91036K(286720K), 0.0807434 secs] [Times: user=0.59 sys=0.00, real=0.08 secs] 
2015-01-23T20:09:02.382+0300: 0.549: [GC (Allocation Failure) [PSYoungGen: 24224K->13312K(27648K)] 105372K->105356K(288256K), 0.1289623 secs] [Times: user=0.98 sys=0.00, real=0.13 secs] 
2015-01-23T20:09:02.533+0300: 0.701: [GC (Allocation Failure) [PSYoungGen: 27648K->14400K(40960K)] 143728K->143752K(301568K), 0.0926507 secs] [Times: user=0.33 sys=0.02, real=0.09 secs] 
2015-01-23T20:09:02.661+0300: 0.828: [GC (Allocation Failure) [PSYoungGen: 35904K->20992K(42496K)] 201312K->201432K(303104K), 0.1953628 secs] [Times: user=1.22 sys=0.02, real=0.20 secs] 
2015-01-23T20:09:02.877+0300: 1.044: [GC (Allocation Failure) [PSYoungGen: 42496K->21632K(58368K)] 222936K->223008K(318976K), 0.2038829 secs] [Times: user=1.50 sys=0.03, real=0.20 secs] 
2015-01-23T20:09:03.127+0300: 1.294: [Full GC (Ergonomics) [PSYoungGen: 49792K->0K(58368K)] [ParOldGen: 255458K->202079K(229888K)] 305250K->202079K(288256K), [Metaspace: 2637K->2637K(1056768K)], 3.4139222 secs] [Times: user=9.25 sys=0.02, real=3.41 secs] 
2015-01-23T20:09:06.589+0300: 4.756: [GC (Allocation Failure) [PSYoungGen: 28160K->22013K(60416K)] 230239K->224092K(290304K), 0.0430473 secs] [Times: user=0.26 sys=0.00, real=0.04 secs] 
2015-01-23T20:09:06.650+0300: 4.817: [GC (Allocation Failure) [PSYoungGen: 50173K->34290K(61440K)] 252252K->244233K(291328K), 0.0575189 secs] [Times: user=0.44 sys=0.00, real=0.06 secs] 
2015-01-23T20:09:06.708+0300: 4.875: [Full GC (Ergonomics) [PSYoungGen: 34290K->0K(61440K)] [ParOldGen: 209943K->36557K(64512K)] 244233K->36557K(125952K), [Metaspace: 2642K->2642K(1056768K)], 0.6375566 secs] [Times: user=1.79 sys=0.01, real=0.64 secs] 
2015-01-23T20:09:07.367+0300: 5.534: [Full GC (Ergonomics) [PSYoungGen: 27136K->0K(61440K)] [ParOldGen: 52581K->59136K(88576K)] 79717K->59136K(150016K), [Metaspace: 2642K->2642K(1056768K)], 0.5428756 secs] [Times: user=1.93 sys=0.00, real=0.54 secs] 
2015-01-23T20:09:07.944+0300: 6.111: [Full GC (Ergonomics) [PSYoungGen: 27136K->6143K(61440K)] [ParOldGen: 83173K->88140K(120320K)] 110309K->94283K(181760K), [Metaspace: 2642K->2642K(1056768K)], 0.9022234 secs] [Times: user=3.42 sys=0.00, real=0.90 secs] 
2015-01-23T20:09:08.866+0300: 7.033: [GC (Allocation Failure) [PSYoungGen: 27136K->27296K(70144K)] 115276K->115436K(190464K), 0.1218230 secs] [Times: user=0.72 sys=0.02, real=0.12 secs] 
2015-01-23T20:09:09.027+0300: 7.194: [GC (Allocation Failure) [PSYoungGen: 54432K->44544K(66560K)] 178627K->178547K(223232K), 0.3518596 secs] [Times: user=2.65 sys=0.00, real=0.35 secs] 
2015-01-23T20:09:09.379+0300: 7.546: [Full GC (Ergonomics) [PSYoungGen: 44544K->0K(66560K)] [ParOldGen: 134003K->154428K(188928K)] 178547K->154428K(255488K), [Metaspace: 2642K->2642K(1056768K)], 1.7412045 secs] [Times: user=6.69 sys=0.03, real=1.74 secs] 
2015-01-23T20:09:11.141+0300: 9.309: [GC (Allocation Failure) [PSYoungGen: 22016K->22176K(77824K)] 176444K->176604K(266752K), 0.1313596 secs] [Times: user=0.81 sys=0.00, real=0.13 secs] 
2015-01-23T20:09:11.327+0300: 9.495: [GC (Allocation Failure) [PSYoungGen: 44192K->42313K(74752K)] 252703K->250825K(317952K), 0.1669705 secs] [Times: user=1.34 sys=0.00, real=0.17 secs] 
2015-01-23T20:09:11.507+0300: 9.675: [GC (Allocation Failure) [PSYoungGen: 64329K->56716K(79360K)] 272841K->265227K(322560K), 0.1442512 secs] [Times: user=1.08 sys=0.02, real=0.14 secs] 
2015-01-23T20:09:11.668+0300: 9.835: [GC (Allocation Failure) [PSYoungGen: 78732K->66546K(79360K)] 287243K->282457K(322560K), 0.1472984 secs] [Times: user=1.11 sys=0.00, real=0.15 secs] 
2015-01-23T20:09:11.820+0300: 9.987: [GC (Allocation Failure) [PSYoungGen: 79346K->38363K(93184K)] 295257K->288218K(343040K), 0.1262790 secs] [Times: user=0.97 sys=0.01, real=0.13 secs] 
2015-01-23T20:09:11.946+0300: 10.114: [Full GC (Ergonomics) [PSYoungGen: 38363K->0K(93184K)] [ParOldGen: 249855K->41800K(87552K)] 288218K->41800K(180736K), [Metaspace: 2642K->2642K(1056768K)], 0.7454888 secs] [Times: user=2.04 sys=0.00, real=0.75 secs] 
2015-01-23T20:09:12.708+0300: 10.876: [GC (Allocation Failure) [PSYoungGen: 12800K->12928K(89600K)] 70624K->70752K(177152K), 0.0476950 secs] [Times: user=0.25 sys=0.00, real=0.05 secs] 
2015-01-23T20:09:12.756+0300: 10.923: [Full GC (Ergonomics) [PSYoungGen: 12928K->0K(89600K)] [ParOldGen: 57824K->59724K(107008K)] 70752K->59724K(196608K), [Metaspace: 2642K->2642K(1056768K)], 0.5335541 secs] [Times: user=2.33 sys=0.00, real=0.53 secs] 
2015-01-23T20:09:13.305+0300: 11.472: [GC (Allocation Failure) [PSYoungGen: 15360K->15488K(92160K)] 75084K->75212K(199168K), 0.0644926 secs] [Times: user=0.39 sys=0.00, real=0.06 secs] 
2015-01-23T20:09:13.390+0300: 11.557: [Full GC (Ergonomics) [PSYoungGen: 30848K->0K(92160K)] [ParOldGen: 83761K->98453K(148992K)] 114609K->98453K(241152K), [Metaspace: 2642K->2642K(1056768K)], 1.0478625 secs] [Times: user=4.29 sys=0.00, real=1.05 secs] 
2015-01-23T20:09:14.453+0300: 12.621: [GC (Allocation Failure) [PSYoungGen: 15360K->15456K(87040K)] 113813K->113909K(236032K), 0.0703728 secs] [Times: user=0.45 sys=0.00, real=0.07 secs] 
2015-01-23T20:09:14.554+0300: 12.721: [Full GC (Ergonomics) [PSYoungGen: 32864K->0K(87040K)] [ParOldGen: 134508K->143237K(197120K)] 167372K->143237K(284160K), [Metaspace: 2642K->2642K(1056768K)], 1.3101423 secs] [Times: user=5.77 sys=0.00, real=1.31 secs] 
2015-01-23T20:09:15.881+0300: 14.049: [GC (Allocation Failure) [PSYoungGen: 17408K->17536K(35328K)] 160645K->160773K(232448K), 0.0943623 secs] [Times: user=0.59 sys=0.00, real=0.10 secs] 
2015-01-23T20:09:15.993+0300: 14.161: [GC (Allocation Failure) [PSYoungGen: 34944K->34976K(87552K)] 178181K->178213K(284672K), 0.2105249 secs] [Times: user=1.62 sys=0.00, real=0.21 secs] 
2015-01-23T20:09:16.256+0300: 14.423: [GC (Allocation Failure) 