Java HotSpot(TM) 64-Bit Server VM (25.5-b02) for windows-amd64 JRE (1.8.0_05-b13), built on Mar 18 2014 01:08:39 by "java_re" with MS VC++ 10.0 (VS2010)
Memory: 4k page, physical 16656748k(10282032k free), swap 16654888k(9243968k free)
CommandLine flags: -XX:InitialHeapSize=266507968 -XX:MaxHeapSize=4264127488 -XX:+PrintGC -XX:+PrintGCDateStamps -XX:+PrintGCTimeStamps -XX:+UseCompressedClassPointers -XX:+UseCompressedOops -XX:-UseLargePagesIndividualAllocation -XX:+UseSerialGC 
2015-01-23T16:26:45.866+0300: 0.073: [GC (Allocation Failure)  1024K->689K(262016K), 0.0019005 secs]
2015-01-23T16:26:45.871+0300: 0.078: [GC (Allocation Failure)  1468K->1306K(262016K), 0.0026660 secs]
2015-01-23T16:26:45.876+0300: 0.083: [GC (Allocation Failure)  1965K->1955K(262016K), 0.0018688 secs]
2015-01-23T16:26:45.879+0300: 0.086: [GC (Allocation Failure)  2929K->2927K(262016K), 0.0035230 secs]
2015-01-23T16:26:45.884+0300: 0.091: [GC (Allocation Failure)  3951K->3950K(262016K), 0.0023959 secs]
2015-01-23T16:26:45.888+0300: 0.095: [GC (Allocation Failure)  4396K->4386K(262016K), 0.0018273 secs]
2015-01-23T16:26:45.890+0300: 0.097: [GC (Allocation Failure)  5410K->5410K(262016K), 0.0019136 secs]
2015-01-23T16:26:45.893+0300: 0.100: [GC (Allocation Failure)  6434K->6432K(262016K), 0.0033201 secs]
2015-01-23T16:26:45.898+0300: 0.105: [GC (Allocation Failure)  8863K->8861K(262016K), 0.0038612 secs]
2015-01-23T16:26:45.904+0300: 0.111: [GC (Allocation Failure)  11996K->11994K(262016K), 0.0045390 secs]
2015-01-23T16:26:45.910+0300: 0.117: [GC (Allocation Failure)  13018K->13017K(262016K), 0.0035822 secs]
2015-01-23T16:26:45.914+0300: 0.122: [GC (Allocation Failure)  14041K->14040K(262016K), 0.0034409 secs]
2015-01-23T16:26:45.920+0300: 0.127: [GC (Allocation Failure)  18229K->18228K(262016K), 0.0045283 secs]
2015-01-23T16:26:45.926+0300: 0.133: [GC (Allocation Failure)  19252K->19251K(262016K), 0.0035230 secs]
2015-01-23T16:26:45.931+0300: 0.138: [GC (Allocation Failure)  20275K->20274K(262016K), 0.0034721 secs]
2015-01-23T16:26:45.935+0300: 0.142: [GC (Allocation Failure)  21298K->21297K(262016K), 0.0035374 secs]
2015-01-23T16:26:45.941+0300: 0.149: [GC (Allocation Failure)  27069K->27068K(262016K), 0.0048921 secs]
2015-01-23T16:26:45.948+0300: 0.155: [GC (Allocation Failure)  28092K->28090K(262016K), 0.0043734 secs]
2015-01-23T16:26:45.953+0300: 0.160: [GC (Allocation Failure)  29114K->29113K(262016K), 0.0041943 secs]
2015-01-23T16:26:45.958+0300: 0.165: [GC (Allocation Failure)  30137K->30136K(262016K), 0.0036904 secs]
2015-01-23T16:26:45.963+0300: 0.170: [GC (Allocation Failure)  31160K->31159K(262016K), 0.0034866 secs]
2015-01-23T16:26:45.968+0300: 0.175: [GC (Allocation Failure)  32183K->32182K(262016K), 0.0034735 secs]
2015-01-23T16:26:45.973+0300: 0.180: [GC (Allocation Failure)  33206K->33205K(262016K), 0.0035080 secs]
2015-01-23T16:26:45.980+0300: 0.187: [GC (Allocation Failure)  41351K->41349K(262016K), 0.0064222 secs]
2015-01-23T16:26:45.987+0300: 0.195: [GC (Allocation Failure)  42373K->42372K(262016K), 0.0034703 secs]
2015-01-23T16:26:45.992+0300: 0.199: [GC (Allocation Failure)  43396K->43395K(262016K), 0.0034222 secs]
2015-01-23T16:26:45.997+0300: 0.204: [GC (Allocation Failure)  44419K->44418K(262016K), 0.0034777 secs]
2015-01-23T16:26:46.001+0300: 0.208: [GC (Allocation Failure)  45442K->45440K(262016K), 0.0034339 secs]
2015-01-23T16:26:46.006+0300: 0.213: [GC (Allocation Failure)  46464K->46463K(262016K), 0.0034203 secs]
2015-01-23T16:26:46.010+0300: 0.217: [GC (Allocation Failure)  47487K->47486K(262016K), 0.0034446 secs]
2015-01-23T16:26:46.015+0300: 0.222: [GC (Allocation Failure)  48510K->48509K(262016K), 0.0036391 secs]
2015-01-23T16:26:46.020+0300: 0.227: [GC (Allocation Failure)  49533K->49532K(262016K), 0.0034796 secs]
2015-01-23T16:26:46.028+0300: 0.235: [GC (Allocation Failure)  61239K->61238K(262016K), 0.0058317 secs]
2015-01-23T16:26:46.035+0300: 0.242: [GC (Allocation Failure)  62262K->62260K(262016K), 0.0035435 secs]
2015-01-23T16:26:46.040+0300: 0.247: [GC (Allocation Failure)  63284K->63283K(262016K), 0.0034880 secs]
2015-01-23T16:26:46.044+0300: 0.252: [GC (Allocation Failure)  64307K->64306K(262016K), 0.0034553 secs]
2015-01-23T16:26:46.049+0300: 0.256: [GC (Allocation Failure)  65330K->65329K(262016K), 0.0034782 secs]
2015-01-23T16:26:46.054+0300: 0.261: [GC (Allocation Failure)  66353K->66352K(262016K), 0.0034637 secs]
2015-01-23T16:26:46.058+0300: 0.265: [GC (Allocation Failure)  67376K->67375K(262016K), 0.0035062 secs]
2015-01-23T16:26:46.063+0300: 0.270: [GC (Allocation Failure)  68399K->68397K(262016K), 0.0034511 secs]
2015-01-23T16:26:46.067+0300: 0.274: [GC (Allocation Failure)  69421K->69420K(262016K), 0.0034404 secs]
2015-01-23T16:26:46.072+0300: 0.279: [GC (Allocation Failure)  70444K->70443K(262016K), 0.0041383 secs]
2015-01-23T16:26:46.077+0300: 0.284: [GC (Allocation Failure)  71467K->71466K(262016K), 0.0034544 secs]
2015-01-23T16:26:46.082+0300: 0.289: [GC (Allocation Failure)  72490K->72489K(262016K), 0.0034586 secs]
2015-01-23T16:26:46.086+0300: 0.293: [GC (Allocation Failure)  73513K->73512K(262016K), 0.0034451 secs]
2015-01-23T16:26:46.091+0300: 0.298: [GC (Allocation Failure)  74536K->74534K(262016K), 0.0034759 secs]
2015-01-23T16:26:46.101+0300: 0.308: [GC (Allocation Failure)  91583K->91582K(262016K), 0.0068430 secs]
2015-01-23T16:26:46.109+0300: 0.316: [GC (Allocation Failure)  92606K->92605K(262016K), 0.0035748 secs]
2015-01-23T16:26:46.114+0300: 0.321: [GC (Allocation Failure)  93629K->93627K(262016K), 0.0035234 secs]
2015-01-23T16:26:46.119+0300: 0.326: [GC (Allocation Failure)  94651K->94650K(262016K), 0.0034455 secs]
2015-01-23T16:26:46.123+0300: 0.330: [GC (Allocation Failure)  95674K->95673K(262016K), 0.0035304 secs]
2015-01-23T16:26:46.128+0300: 0.335: [GC (Allocation Failure)  96697K->96696K(262016K), 0.0036167 secs]
2015-01-23T16:26:46.133+0300: 0.340: [GC (Allocation Failure)  97720K->97719K(262016K), 0.0034558 secs]
2015-01-23T16:26:46.137+0300: 0.344: [GC (Allocation Failure)  98743K->98742K(262016K), 0.0034479 secs]
2015-01-23T16:26:46.142+0300: 0.349: [GC (Allocation Failure)  99766K->99764K(262016K), 0.0034619 secs]
2015-01-23T16:26:46.146+0300: 0.353: [GC (Allocation Failure)  100788K->100787K(262016K), 0.0034647 secs]
2015-01-23T16:26:46.151+0300: 0.358: [GC (Allocation Failure)  101811K->101810K(262016K), 0.0035122 secs]
2015-01-23T16:26:46.155+0300: 0.363: [GC (Allocation Failure)  102834K->102833K(262016K), 0.0034278 secs]
2015-01-23T16:26:46.160+0300: 0.367: [GC (Allocation Failure)  103857K->103856K(262016K), 0.0034250 secs]
2015-01-23T16:26:46.164+0300: 0.372: [GC (Allocation Failure)  104880K->104878K(262016K), 0.0034343 secs]
2015-01-23T16:26:46.169+0300: 0.376: [GC (Allocation Failure)  105902K->105901K(262016K), 0.0034992 secs]
2015-01-23T16:26:46.173+0300: 0.381: [GC (Allocation Failure)  106925K->106924K(262016K), 0.0034628 secs]
2015-01-23T16:26:46.178+0300: 0.385: [GC (Allocation Failure)  107948K->107947K(262016K), 0.0034572 secs]
2015-01-23T16:26:46.183+0300: 0.390: [GC (Allocation Failure)  108971K->108970K(262016K), 0.0035025 secs]
2015-01-23T16:26:46.187+0300: 0.394: [GC (Allocation Failure)  109994K->109993K(262016K), 0.0035043 secs]
2015-01-23T16:26:46.192+0300: 0.399: [GC (Allocation Failure)  111017K->111015K(262016K), 0.0034703 secs]
2015-01-23T16:26:46.196+0300: 0.404: [GC (Allocation Failure)  112039K->112038K(262016K), 0.0034008 secs]
2015-01-23T16:26:46.210+0300: 0.417: [GC (Allocation Failure)  137099K->137098K(262016K), 0.0083465 secs]
2015-01-23T16:26:46.219+0300: 0.426: [GC (Allocation Failure)  138122K->138121K(262016K), 0.0035533 secs]
2015-01-23T16:26:46.224+0300: 0.431: [GC (Allocation Failure)  139145K->139143K(262016K), 0.0034521 secs]
2015-01-23T16:26:46.228+0300: 0.436: [GC (Allocation Failure)  140167K->140166K(262016K), 0.0035029 secs]
2015-01-23T16:26:46.233+0300: 0.440: [GC (Allocation Failure)  141190K->141189K(262016K), 0.0036237 secs]
2015-01-23T16:26:46.238+0300: 0.445: [GC (Allocation Failure)  142213K->142212K(262016K), 0.0034493 secs]
2015-01-23T16:26:46.242+0300: 0.450: [GC (Allocation Failure)  143236K->143235K(262016K), 0.0035286 secs]
2015-01-23T16:26:46.247+0300: 0.454: [GC (Allocation Failure)  144259K->144258K(262016K), 0.0036433 secs]
2015-01-23T16:26:46.252+0300: 0.459: [GC (Allocation Failure)  145282K->145280K(262016K), 0.0035141 secs]
2015-01-23T16:26:46.256+0300: 0.464: [GC (Allocation Failure)  146304K->146303K(262016K), 0.0034796 secs]
2015-01-23T16:26:46.261+0300: 0.468: [GC (Allocation Failure)  147327K->147326K(262016K), 0.0034955 secs]
2015-01-23T16:26:46.266+0300: 0.473: [GC (Allocation Failure)  148350K->148349K(262016K), 0.0035262 secs]
2015-01-23T16:26:46.270+0300: 0.478: [GC (Allocation Failure)  149373K->149372K(262016K), 0.0034707 secs]
2015-01-23T16:26:46.275+0300: 0.482: [GC (Allocation Failure)  150396K->150395K(262016K), 0.0034787 secs]
2015-01-23T16:26:46.280+0300: 0.487: [GC (Allocation Failure)  151419K->151417K(262016K), 0.0035025 secs]
2015-01-23T16:26:46.284+0300: 0.491: [GC (Allocation Failure)  152441K->152440K(262016K), 0.0034726 secs]
2015-01-23T16:26:46.289+0300: 0.496: [GC (Allocation Failure)  153464K->153463K(262016K), 0.0032487 secs]
2015-01-23T16:26:46.293+0300: 0.500: [GC (Allocation Failure)  154487K->154486K(262016K), 0.0035370 secs]
2015-01-23T16:26:46.298+0300: 0.505: [GC (Allocation Failure)  155510K->155509K(262016K), 0.0034418 secs]
2015-01-23T16:26:46.302+0300: 0.509: [GC (Allocation Failure)  156533K->156532K(262016K), 0.0034339 secs]
2015-01-23T16:26:46.307+0300: 0.514: [GC (Allocation Failure)  157556K->157554K(262016K), 0.0033499 secs]
2015-01-23T16:26:46.311+0300: 0.518: [GC (Allocation Failure)  158578K->158577K(262016K), 0.0034567 secs]
2015-01-23T16:26:46.316+0300: 0.523: [GC (Allocation Failure)  159601K->159600K(262016K), 0.0035440 secs]
2015-01-23T16:26:46.320+0300: 0.528: [GC (Allocation Failure)  160624K->160623K(262016K), 0.0036998 secs]
2015-01-23T16:26:46.325+0300: 0.532: [GC (Allocation Failure)  161647K->161646K(262016K), 0.0034637 secs]
2015-01-23T16:26:46.330+0300: 0.537: [GC (Allocation Failure)  162670K->162669K(262016K), 0.0034885 secs]
2015-01-23T16:26:46.334+0300: 0.541: [GC (Allocation Failure)  163693K->163691K(262016K), 0.0034875 secs]
2015-01-23T16:26:46.339+0300: 0.546: [GC (Allocation Failure)  164715K->164714K(262016K), 0.0034460 secs]
2015-01-23T16:26:46.343+0300: 0.551: [GC (Allocation Failure)  165738K->165737K(262016K), 0.0034413 secs]
2015-01-23T16:26:46.348+0300: 0.555: [GC (Allocation Failure)  166761K->166760K(262016K), 0.0034525 secs]
2015-01-23T16:26:46.352+0300: 0.560: [GC (Allocation Failure)  167784K->167783K(262016K), 0.0034446 secs]
2015-01-23T16:26:46.370+0300: 0.577: [GC (Allocation Failure)  204862K->204861K(262016K), 0.0109029 secs]
2015-01-23T16:26:46.382+0300: 0.589: [GC (Allocation Failure)  205885K->205883K(262016K), 0.0036256 secs]
2015-01-23T16:26:46.387+0300: 0.594: [GC (Allocation Failure)  206907K->206906K(262016K), 0.0034973 secs]
2015-01-23T16:26:46.391+0300: 0.599: [GC (Allocation Failure)  207930K->207929K(262016K), 0.0035808 secs]
2015-01-23T16:26:46.396+0300: 0.603: [GC (Allocation Failure)  208953K->208952K(262016K), 0.0035267 secs]
2015-01-23T16:26:46.401+0300: 0.608: [GC (Allocation Failure)  209976K->209975K(262016K), 0.0037161 secs]
2015-01-23T16:26:46.406+0300: 0.613: [GC (Allocation Failure)  210999K->210998K(262016K), 0.0034885 secs]
2015-01-23T16:26:46.410+0300: 0.618: [GC (Allocation Failure)  212022K->212020K(262016K), 0.0035080 secs]
2015-01-23T16:26:46.415+0300: 0.622: [GC (Allocation Failure)  213044K->213043K(262016K), 0.0037674 secs]
2015-01-23T16:26:46.420+0300: 0.627: [GC (Allocation Failure)  214067K->214066K(262016K), 0.0050750 secs]
2015-01-23T16:26:46.426+0300: 0.633: [GC (Allocation Failure)  215090K->215089K(262016K), 0.0035794 secs]
2015-01-23T16:26:46.431+0300: 0.638: [GC (Allocation Failure)  216113K->216112K(262016K), 0.0036265 secs]
2015-01-23T16:26:46.436+0300: 0.643: [GC (Allocation Failure)  217136K->217135K(262016K), 0.0034768 secs]
2015-01-23T16:26:46.440+0300: 0.648: [GC (Allocation Failure)  218159K->218157K(262016K), 0.0035239 secs]
2015-01-23T16:26:46.445+0300: 0.652: [GC (Allocation Failure)  219181K->219180K(262016K), 0.0035486 secs]
2015-01-23T16:26:46.450+0300: 0.657: [GC (Allocation Failure)  220204K->220203K(262016K), 0.0035463 secs]
2015-01-23T16:26:46.454+0300: 0.662: [GC (Allocation Failure)  221227K->221226K(262016K), 0.0035094 secs]
2015-01-23T16:26:46.459+0300: 0.666: [GC (Allocation Failure)  222250K->222249K(262016K), 0.0033998 secs]
2015-01-23T16:26:46.464+0300: 0.671: [GC (Allocation Failure)  223273K->223272K(262016K), 0.0035463 secs]
2015-01-23T16:26:46.468+0300: 0.675: [GC (Allocation Failure)  224296K->224294K(262016K), 0.0035071 secs]
2015-01-23T16:26:46.473+0300: 0.680: [GC (Allocation Failure)  225318K->225317K(262016K), 0.0035351 secs]
2015-01-23T16:26:46.478+0300: 0.685: [GC (Allocation Failure)  226341K->226340K(262016K), 0.0035967 secs]
2015-01-23T16:26:46.482+0300: 0.689: [GC (Allocation Failure)  227364K->227363K(262016K), 0.0036237 secs]
2015-01-23T16:26:46.487+0300: 0.694: [GC (Allocation Failure)  228387K->228386K(262016K), 0.0035477 secs]
2015-01-23T16:26:46.492+0300: 0.699: [GC (Allocation Failure)  229410K->229408K(262016K), 0.0035258 secs]
2015-01-23T16:26:46.496+0300: 0.704: [GC (Allocation Failure)  230432K->230431K(262016K), 0.0035043 secs]
2015-01-23T16:26:46.501+0300: 0.709: [GC (Allocation Failure)  231455K->231454K(262016K), 0.0035043 secs]
2015-01-23T16:26:46.506+0300: 0.713: [GC (Allocation Failure)  232478K->232477K(262016K), 0.0034614 secs]
2015-01-23T16:26:46.511+0300: 0.718: [GC (Allocation Failure)  233501K->233500K(262016K), 0.0034301 secs]
2015-01-23T16:26:46.515+0300: 0.722: [GC (Allocation Failure)  234524K->234523K(262016K), 0.0036083 secs]
2015-01-23T16:26:46.520+0300: 0.727: [GC (Allocation Failure)  235547K->235545K(262016K), 0.0034801 secs]
2015-01-23T16:26:46.524+0300: 0.732: [GC (Allocation Failure)  236569K->236568K(262016K), 0.0034787 secs]
2015-01-23T16:26:46.529+0300: 0.736: [GC (Allocation Failure)  237592K->237591K(262016K), 0.0034315 secs]
2015-01-23T16:26:46.533+0300: 0.741: [GC (Allocation Failure)  238615K->238614K(262016K), 0.0034516 secs]
2015-01-23T16:26:46.538+0300: 0.745: [GC (Allocation Failure)  239638K->239637K(262016K), 0.0034213 secs]
2015-01-23T16:26:46.542+0300: 0.750: [GC (Allocation Failure)  240661K->240660K(262016K), 0.0034754 secs]
2015-01-23T16:26:46.547+0300: 0.754: [GC (Allocation Failure)  241684K->241682K(262016K), 0.0035015 secs]
2015-01-23T16:26:46.552+0300: 0.759: [GC (Allocation Failure)  242706K->242705K(262016K), 0.0034852 secs]
2015-01-23T16:26:46.556+0300: 0.763: [GC (Allocation Failure)  243729K->243728K(262016K), 0.0035160 secs]
2015-01-23T16:26:46.561+0300: 0.768: [GC (Allocation Failure)  244752K->244751K(262016K), 0.0035076 secs]
2015-01-23T16:26:46.565+0300: 0.773: [GC (Allocation Failure)  245775K->245774K(262016K), 0.0034628 secs]
2015-01-23T16:26:46.570+0300: 0.777: [GC (Allocation Failure)  246798K->246797K(262016K), 0.0035006 secs]
2015-01-23T16:26:46.575+0300: 0.782: [GC (Allocation Failure)  247821K->247819K(262016K), 0.0034889 secs]
2015-01-23T16:26:46.579+0300: 0.786: [GC (Allocation Failure)  248843K->248842K(262016K), 0.0034931 secs]
2015-01-23T16:26:46.584+0300: 0.791: [GC (Allocation Failure)  249866K->249865K(262016K), 0.0035090 secs]
2015-01-23T16:26:46.588+0300: 0.796: [GC (Allocation Failure)  250889K->250888K(262016K), 0.0034563 secs]
2015-01-23T16:26:46.593+0300: 0.800: [GC (Allocation Failure)  251912K->251911K(262016K), 0.0035118 secs]
2015-01-23T16:26:46.597+0300: 0.804: [GC (Allocation Failure)  252404K->252395K(262016K), 0.0018977 secs]
0.806: [Full GC (Allocation Failure)  252395K->189781K(262016K), 0.4814904 secs]
2015-01-23T16:26:47.184+0300: 1.391: [GC (Allocation Failure)  307497K->291503K(458704K), 0.1660688 secs]
2015-01-23T16:26:47.424+0300: 1.631: [GC (Allocation Failure)  410112K->376077K(502672K), 0.2227182 secs]
1.854: [Full GC (Allocation Failure)  376077K->122011K(502672K), 0.3869821 secs]
2015-01-23T16:26:48.090+0300: 2.297: [GC (Allocation Failure)  206786K->206139K(458704K), 0.1511418 secs]
2015-01-23T16:26:48.311+0300: 2.518: [GC (Allocation Failure)  323413K->307861K(458704K), 0.2050739 secs]
2015-01-23T16:26:48.593+0300: 2.800: [GC (Allocation Failure)  426952K->392435K(519184K), 0.2156307 secs]
3.016: [Full GC (Allocation Failure)  392435K->122010K(519184K), 0.3854571 secs]
2015-01-23T16:26:49.254+0300: 3.462: [GC (Allocation Failure)  206824K->206139K(458704K), 0.1509426 secs]
2015-01-23T16:26:49.475+0300: 3.683: [GC (Allocation Failure)  322207K->307861K(458704K), 0.2048383 secs]
2015-01-23T16:26:49.758+0300: 3.965: [GC (Allocation Failure)  427035K->392435K(519184K), 0.2169289 secs]
4.182: [Full GC (Allocation Failure)  392435K->120480K(519184K), 0.3860248 secs]
2015-01-23T16:26:50.421+0300: 4.628: [GC (Allocation Failure)  205838K->204609K(458704K), 0.1512580 secs]
2015-01-23T16:26:50.641+0300: 4.849: [GC (Allocation Failure)  321524K->306331K(458704K), 0.2047571 secs]
2015-01-23T16:26:50.923+0300: 5.130: [GC (Allocation Failure)  425364K->390905K(517648K), 0.2167181 secs]
5.347: [Full GC (Allocation Failure)  390905K->120480K(517648K), 0.3843921 secs]
2015-01-23T16:26:51.586+0300: 5.793: [GC (Allocation Failure)  204673K->204609K(458704K), 0.1521784 secs]
2015-01-23T16:26:51.808+0300: 6.015: [GC (Allocation Failure)  321006K->306331K(458704K), 0.2040761 secs]
2015-01-23T16:26:52.089+0300: 6.296: [GC (Allocation Failure)  425370K->390905K(517648K), 0.2154296 secs]
6.512: [Full GC (Allocation Failure)  390905K->120480K(517648K), 0.3821305 secs]
2015-01-23T16:26:52.746+0300: 6.953: [GC (Allocation Failure)  205449K->204609K(458704K), 0.1504598 secs]
2015-01-23T16:26:52.965+0300: 7.173: [GC (Allocation Failure)  320852K->306331K(458704K), 0.2046522 secs]
2015-01-23T16:26:53.247+0300: 7.455: [GC (Allocation Failure)  425116K->390905K(517648K), 0.2150023 secs]
7.670: [Full GC (Allocation Failure)  390905K->120480K(517648K), 0.3838589 secs]
2015-01-23T16:26:53.906+0300: 8.113: [GC (Allocation Failure)  205308K->204609K(458704K), 0.1515010 secs]
2015-01-23T16:26:54.125+0300: 8.333: [GC (Allocation Failure)  320741K->306331K(458704K), 0.2187898 secs]
2015-01-23T16:26:54.421+0300: 8.629: [GC (Allocation Failure)  424980K->390905K(517648K), 0.2149253 secs]
8.844: [Full GC (Allocation Failure)  390905K->120480K(517648K), 0.3824216 secs]
2015-01-23T16:26:55.077+0300: 9.285: [GC (Allocation Failure)  205232K->204609K(458704K), 0.1510294 secs]
2015-01-23T16:26:55.296+0300: 9.504: [GC (Allocation Failure)  320691K->306331K(458704K), 0.2036823 secs]
2015-01-23T16:26:55.577+0300: 9.785: [GC (Allocation Failure)  424905K->390905K(517648K), 0.2154100 secs]
10.000: [Full GC (Allocation Failure)  390905K->120480K(517648K), 0.3884706 secs]
2015-01-23T16:26:56.240+0300: 10.448: [GC (Allocation Failure)  205191K->204609K(458704K), 0.1504090 secs]
2015-01-23T16:26:56.459+0300: 10.666: [GC (Allocation Failure)  320663K->306331K(458704K), 0.2050702 secs]
2015-01-23T16:26:56.742+0300: 10.950: [GC (Allocation Failure)  424864K->390905K(517648K), 0.2152337 secs]
11.165: [Full GC (Allocation Failure)  390905K->120480K(517648K), 0.3834003 secs]
2015-01-23T16:26:57.400+0300: 11.607: [GC (Allocation Failure)  205168K->204609K(458704K), 0.1512552 secs]
2015-01-23T16:26:57.619+0300: 11.827: [GC (Allocation Failure)  320648K->306331K(458704K), 0.2041003 secs]
2015-01-23T16:26:57.901+0300: 12.108: [GC (Allocation Failure)  424842K->390905K(517648K), 0.2174752 secs]
12.326: [Full GC (Allocation Failure)  390905K->120480K(517648K), 0.3826348 secs]
2015-01-23T16:26:58.560+0300: 12.768: [GC (Allocation Failure)  205156K->204609K(458704K), 0.1513476 secs]
2015-01-23T16:26:58.779+0300: 12.987: [GC (Allocation Failure)  320640K->306331K(458704K), 0.2042272 secs]
2015-01-23T16:26:59.063+0300: 13.269: [GC (Allocation Failure) 