Java HotSpot(TM) 64-Bit Server VM (25.5-b02) for windows-amd64 JRE (1.8.0_05-b13), built on Mar 18 2014 01:08:39 by "java_re" with MS VC++ 10.0 (VS2010)
Memory: 4k page, physical 16656748k(10514756k free), swap 16654888k(9468604k free)
CommandLine flags: -XX:InitialHeapSize=266507968 -XX:MaxHeapSize=4264127488 -XX:+PrintGC -XX:+PrintGCTimeStamps -XX:+UseCompressedClassPointers -XX:+UseCompressedOops -XX:-UseLargePagesIndividualAllocation -XX:+UseSerialGC 
0.070: [GC (Allocation Failure)  1024K->689K(262016K), 0.0019299 secs]
0.074: [GC (Allocation Failure)  1468K->1306K(262016K), 0.0017316 secs]
0.078: [GC (Allocation Failure)  1960K->1955K(262016K), 0.0016719 secs]
0.081: [GC (Allocation Failure)  2935K->2927K(262016K), 0.0022312 secs]
0.085: [GC (Allocation Failure)  3951K->3951K(262016K), 0.0023241 secs]
0.088: [GC (Allocation Failure)  4390K->4386K(262016K), 0.0015357 secs]
0.090: [GC (Allocation Failure)  5410K->5410K(262016K), 0.0018161 secs]
0.093: [GC (Allocation Failure)  6434K->6431K(262016K), 0.0029123 secs]
0.098: [GC (Allocation Failure)  8862K->8860K(262016K), 0.0034829 secs]
0.103: [GC (Allocation Failure)  11994K->11993K(262016K), 0.0040958 secs]
0.108: [GC (Allocation Failure)  13017K->13016K(262016K), 0.0031013 secs]
0.112: [GC (Allocation Failure)  14040K->14039K(262016K), 0.0030103 secs]
0.118: [GC (Allocation Failure)  18228K->18228K(262016K), 0.0042773 secs]
0.123: [GC (Allocation Failure)  19252K->19250K(262016K), 0.0031652 secs]
0.127: [GC (Allocation Failure)  20274K->20274K(262016K), 0.0030430 secs]
0.132: [GC (Allocation Failure)  21298K->21297K(262016K), 0.0030154 secs]
0.137: [GC (Allocation Failure)  27069K->27068K(262016K), 0.0045507 secs]
0.143: [GC (Allocation Failure)  28092K->28091K(262016K), 0.0031712 secs]
0.147: [GC (Allocation Failure)  29115K->29114K(262016K), 0.0030388 secs]
0.151: [GC (Allocation Failure)  30138K->30138K(262016K), 0.0030038 secs]
0.156: [GC (Allocation Failure)  31162K->31161K(262016K), 0.0030178 secs]
0.160: [GC (Allocation Failure)  32185K->32184K(262016K), 0.0029944 secs]
0.164: [GC (Allocation Failure)  33208K->33207K(262016K), 0.0030201 secs]
0.170: [GC (Allocation Failure)  41353K->41353K(262016K), 0.0045152 secs]
0.176: [GC (Allocation Failure)  42377K->42376K(262016K), 0.0030770 secs]
0.180: [GC (Allocation Failure)  43400K->43399K(262016K), 0.0030649 secs]
0.185: [GC (Allocation Failure)  44423K->44422K(262016K), 0.0031055 secs]
0.189: [GC (Allocation Failure)  45446K->45445K(262016K), 0.0030868 secs]
0.193: [GC (Allocation Failure)  46469K->46469K(262016K), 0.0029888 secs]
0.197: [GC (Allocation Failure)  47493K->47492K(262016K), 0.0029991 secs]
0.201: [GC (Allocation Failure)  48516K->48515K(262016K), 0.0032795 secs]
0.205: [GC (Allocation Failure)  49539K->49538K(262016K), 0.0030509 secs]
0.213: [GC (Allocation Failure)  61245K->61245K(262016K), 0.0054412 secs]
0.220: [GC (Allocation Failure)  62269K->62268K(262016K), 0.0031708 secs]
0.224: [GC (Allocation Failure)  63292K->63291K(262016K), 0.0030518 secs]
0.228: [GC (Allocation Failure)  64315K->64314K(262016K), 0.0030271 secs]
0.233: [GC (Allocation Failure)  65338K->65337K(262016K), 0.0030360 secs]
0.237: [GC (Allocation Failure)  66361K->66361K(262016K), 0.0030332 secs]
0.241: [GC (Allocation Failure)  67385K->67384K(262016K), 0.0030262 secs]
0.245: [GC (Allocation Failure)  68408K->68407K(262016K), 0.0031055 secs]
0.249: [GC (Allocation Failure)  69431K->69430K(262016K), 0.0031013 secs]
0.253: [GC (Allocation Failure)  70454K->70454K(262016K), 0.0029636 secs]
0.257: [GC (Allocation Failure)  71478K->71477K(262016K), 0.0030784 secs]
0.262: [GC (Allocation Failure)  72501K->72500K(262016K), 0.0030360 secs]
0.266: [GC (Allocation Failure)  73524K->73523K(262016K), 0.0030252 secs]
0.270: [GC (Allocation Failure)  74547K->74546K(262016K), 0.0030378 secs]
0.280: [GC (Allocation Failure)  91595K->91594K(262016K), 0.0063756 secs]
0.287: [GC (Allocation Failure)  92618K->92617K(262016K), 0.0031302 secs]
0.292: [GC (Allocation Failure)  93641K->93641K(262016K), 0.0029254 secs]
0.296: [GC (Allocation Failure)  94665K->94664K(262016K), 0.0030000 secs]
0.300: [GC (Allocation Failure)  95688K->95687K(262016K), 0.0030779 secs]
0.304: [GC (Allocation Failure)  96711K->96710K(262016K), 0.0030840 secs]
0.308: [GC (Allocation Failure)  97734K->97733K(262016K), 0.0030677 secs]
0.312: [GC (Allocation Failure)  98757K->98757K(262016K), 0.0030495 secs]
0.316: [GC (Allocation Failure)  99781K->99780K(262016K), 0.0030262 secs]
0.320: [GC (Allocation Failure)  100804K->100803K(262016K), 0.0030094 secs]
0.324: [GC (Allocation Failure)  101827K->101826K(262016K), 0.0030290 secs]
0.329: [GC (Allocation Failure)  102850K->102850K(262016K), 0.0030350 secs]
0.333: [GC (Allocation Failure)  103874K->103873K(262016K), 0.0030677 secs]
0.337: [GC (Allocation Failure)  104897K->104896K(262016K), 0.0030495 secs]
0.341: [GC (Allocation Failure)  105920K->105919K(262016K), 0.0030238 secs]
0.345: [GC (Allocation Failure)  106943K->106942K(262016K), 0.0030798 secs]
0.349: [GC (Allocation Failure)  107966K->107966K(262016K), 0.0030098 secs]
0.353: [GC (Allocation Failure)  108990K->108989K(262016K), 0.0030355 secs]
0.357: [GC (Allocation Failure)  110013K->110012K(262016K), 0.0030504 secs]
0.362: [GC (Allocation Failure)  111036K->111035K(262016K), 0.0030406 secs]
0.366: [GC (Allocation Failure)  112059K->112058K(262016K), 0.0029622 secs]
0.379: [GC (Allocation Failure)  137119K->137118K(262016K), 0.0078516 secs]
0.388: [GC (Allocation Failure)  138142K->138142K(262016K), 0.0031572 secs]
0.392: [GC (Allocation Failure)  139166K->139165K(262016K), 0.0030821 secs]
0.396: [GC (Allocation Failure)  140189K->140188K(262016K), 0.0031083 secs]
0.400: [GC (Allocation Failure)  141212K->141211K(262016K), 0.0029762 secs]
0.404: [GC (Allocation Failure)  142235K->142235K(262016K), 0.0030523 secs]
0.408: [GC (Allocation Failure)  143259K->143258K(262016K), 0.0030411 secs]
0.413: [GC (Allocation Failure)  144282K->144281K(262016K), 0.0030341 secs]
0.417: [GC (Allocation Failure)  145305K->145304K(262016K), 0.0030276 secs]
0.421: [GC (Allocation Failure)  146328K->146327K(262016K), 0.0030490 secs]
0.425: [GC (Allocation Failure)  147351K->147351K(262016K), 0.0030845 secs]
0.429: [GC (Allocation Failure)  148375K->148374K(262016K), 0.0030700 secs]
0.433: [GC (Allocation Failure)  149398K->149397K(262016K), 0.0032151 secs]
0.438: [GC (Allocation Failure)  150421K->150420K(262016K), 0.0032557 secs]
0.442: [GC (Allocation Failure)  151444K->151443K(262016K), 0.0031106 secs]
0.446: [GC (Allocation Failure)  152467K->152467K(262016K), 0.0030793 secs]
0.450: [GC (Allocation Failure)  153491K->153490K(262016K), 0.0030742 secs]
0.455: [GC (Allocation Failure)  154514K->154513K(262016K), 0.0032160 secs]
0.459: [GC (Allocation Failure)  155537K->155536K(262016K), 0.0031386 secs]
0.463: [GC (Allocation Failure)  156560K->156560K(262016K), 0.0031591 secs]
0.468: [GC (Allocation Failure)  157584K->157583K(262016K), 0.0030789 secs]
0.472: [GC (Allocation Failure)  158607K->158606K(262016K), 0.0031614 secs]
0.476: [GC (Allocation Failure)  159630K->159629K(262016K), 0.0031488 secs]
0.480: [GC (Allocation Failure)  160653K->160652K(262016K), 0.0029982 secs]
0.484: [GC (Allocation Failure)  161676K->161676K(262016K), 0.0029846 secs]
0.488: [GC (Allocation Failure)  162700K->162699K(262016K), 0.0031689 secs]
0.493: [GC (Allocation Failure)  163723K->163722K(262016K), 0.0031078 secs]
0.497: [GC (Allocation Failure)  164746K->164745K(262016K), 0.0031516 secs]
0.501: [GC (Allocation Failure)  165769K->165769K(262016K), 0.0031498 secs]
0.505: [GC (Allocation Failure)  166793K->166792K(262016K), 0.0031428 secs]
0.510: [GC (Allocation Failure)  167816K->167815K(262016K), 0.0031115 secs]
0.528: [GC (Allocation Failure)  204894K->204893K(262016K), 0.0103996 secs]
0.540: [GC (Allocation Failure)  205917K->205917K(262016K), 0.0033210 secs]
0.544: [GC (Allocation Failure)  206941K->206940K(262016K), 0.0030728 secs]
0.549: [GC (Allocation Failure)  207964K->207963K(262016K), 0.0031017 secs]
0.553: [GC (Allocation Failure)  208987K->208986K(262016K), 0.0032599 secs]
0.557: [GC (Allocation Failure)  210010K->210009K(262016K), 0.0030490 secs]
0.561: [GC (Allocation Failure)  211033K->211033K(262016K), 0.0030551 secs]
0.565: [GC (Allocation Failure)  212057K->212056K(262016K), 0.0029940 secs]
0.570: [GC (Allocation Failure)  213080K->213079K(262016K), 0.0030476 secs]
0.574: [GC (Allocation Failure)  214103K->214102K(262016K), 0.0030611 secs]
0.578: [GC (Allocation Failure)  215126K->215125K(262016K), 0.0030523 secs]
0.582: [GC (Allocation Failure)  216149K->216149K(262016K), 0.0031311 secs]
0.586: [GC (Allocation Failure)  217173K->217172K(262016K), 0.0031796 secs]
0.591: [GC (Allocation Failure)  218196K->218195K(262016K), 0.0031680 secs]
0.595: [GC (Allocation Failure)  219219K->219218K(262016K), 0.0030560 secs]
0.599: [GC (Allocation Failure)  220242K->220242K(262016K), 0.0030294 secs]
0.603: [GC (Allocation Failure)  221266K->221265K(262016K), 0.0030770 secs]
0.607: [GC (Allocation Failure)  222289K->222288K(262016K), 0.0030672 secs]
0.611: [GC (Allocation Failure)  223312K->223311K(262016K), 0.0030112 secs]
0.615: [GC (Allocation Failure)  224335K->224334K(262016K), 0.0030728 secs]
0.620: [GC (Allocation Failure)  225358K->225358K(262016K), 0.0030719 secs]
0.624: [GC (Allocation Failure)  226382K->226381K(262016K), 0.0031325 secs]
0.628: [GC (Allocation Failure)  227405K->227404K(262016K), 0.0030635 secs]
0.632: [GC (Allocation Failure)  228428K->228427K(262016K), 0.0029650 secs]
0.636: [GC (Allocation Failure)  229451K->229451K(262016K), 0.0030719 secs]
0.640: [GC (Allocation Failure)  230475K->230474K(262016K), 0.0030597 secs]
0.645: [GC (Allocation Failure)  231498K->231497K(262016K), 0.0029800 secs]
0.649: [GC (Allocation Failure)  232521K->232520K(262016K), 0.0030971 secs]
0.653: [GC (Allocation Failure)  233544K->233543K(262016K), 0.0031344 secs]
0.657: [GC (Allocation Failure)  234567K->234567K(262016K), 0.0031073 secs]
0.661: [GC (Allocation Failure)  235591K->235590K(262016K), 0.0031330 secs]
0.665: [GC (Allocation Failure)  236614K->236613K(262016K), 0.0030588 secs]
0.670: [GC (Allocation Failure)  237637K->237636K(262016K), 0.0030579 secs]
0.674: [GC (Allocation Failure)  238660K->238660K(262016K), 0.0030681 secs]
0.678: [GC (Allocation Failure)  239684K->239683K(262016K), 0.0030607 secs]
0.682: [GC (Allocation Failure)  240707K->240706K(262016K), 0.0030369 secs]
0.686: [GC (Allocation Failure)  241730K->241729K(262016K), 0.0030658 secs]
0.690: [GC (Allocation Failure)  242753K->242752K(262016K), 0.0031008 secs]
0.694: [GC (Allocation Failure)  243776K->243776K(262016K), 0.0033462 secs]
0.699: [GC (Allocation Failure)  244800K->244799K(262016K), 0.0030672 secs]
0.703: [GC (Allocation Failure)  245823K->245822K(262016K), 0.0030019 secs]
0.707: [GC (Allocation Failure)  246846K->246845K(262016K), 0.0033126 secs]
0.711: [GC (Allocation Failure)  247869K->247868K(262016K), 0.0030164 secs]
0.716: [GC (Allocation Failure)  248892K->248892K(262016K), 0.0030551 secs]
0.720: [GC (Allocation Failure)  249916K->249915K(262016K), 0.0030527 secs]
0.724: [GC (Allocation Failure)  250939K->250938K(262016K), 0.0030742 secs]
0.728: [GC (Allocation Failure)  251962K->251961K(262016K), 0.0031260 secs]
0.732: [GC (Allocation Failure)  252413K->252395K(262016K), 0.0016248 secs]
0.733: [Full GC (Allocation Failure)  252395K->189781K(262016K), 0.4805541 secs]
1.316: [GC (Allocation Failure)  307410K->291503K(458704K), 0.1517809 secs]
1.542: [GC (Allocation Failure)  409992K->376077K(502672K), 0.1965062 secs]
1.739: [Full GC (Allocation Failure)  376077K->122011K(502672K), 0.3861218 secs]
2.182: [GC (Allocation Failure)  206713K->206139K(458704K), 0.1347688 secs]
2.388: [GC (Allocation Failure)  323360K->307861K(458704K), 0.1853878 secs]
2.650: [GC (Allocation Failure)  426875K->392435K(519184K), 0.1902319 secs]
2.841: [Full GC (Allocation Failure)  392435K->122010K(519184K), 0.3866098 secs]
3.287: [GC (Allocation Failure)  206781K->206139K(458704K), 0.1349740 secs]
3.496: [GC (Allocation Failure)  322176K->307861K(458704K), 0.1892098 secs]
3.764: [GC (Allocation Failure)  426991K->392435K(519184K), 0.1925391 secs]
3.956: [Full GC (Allocation Failure)  392435K->120480K(519184K), 0.3922059 secs]
4.408: [GC (Allocation Failure)  205813K->204609K(458704K), 0.1351224 secs]
4.626: [GC (Allocation Failure)  321507K->306331K(458704K), 0.1916995 secs]
4.898: [GC (Allocation Failure)  425340K->390905K(517648K), 0.1919640 secs]
5.090: [Full GC (Allocation Failure)  390905K->120480K(517648K), 0.3836517 secs]
5.534: [GC (Allocation Failure)  204659K->204609K(458704K), 0.1349017 secs]
5.738: [GC (Allocation Failure)  321022K->306331K(458704K), 0.1855599 secs]
6.001: [GC (Allocation Failure)  425353K->390905K(517648K), 0.1896413 secs]
6.191: [Full GC (Allocation Failure)  390905K->120480K(517648K), 0.3816015 secs]
6.632: [GC (Allocation Failure)  205439K->204609K(458704K), 0.1344189 secs]
6.836: [GC (Allocation Failure)  320845K->306331K(458704K), 0.1850780 secs]
7.098: [GC (Allocation Failure)  425106K->390905K(517648K), 0.1893264 secs]
7.287: [Full GC (Allocation Failure)  390905K->120480K(517648K), 0.3819458 secs]
7.728: [GC (Allocation Failure)  205302K->204609K(458704K), 0.1343746 secs]
7.931: [GC (Allocation Failure)  320738K->306331K(458704K), 0.1851886 secs]
8.193: [GC (Allocation Failure)  424974K->390905K(517648K), 0.1903536 secs]
8.384: [Full GC (Allocation Failure)  390905K->120480K(517648K), 0.3831139 secs]
8.826: [GC (Allocation Failure)  205229K->204609K(458704K), 0.1347254 secs]
9.029: [GC (Allocation Failure)  320689K->306331K(458704K), 0.1851895 secs]
9.292: [GC (Allocation Failure)  424902K->390905K(517648K), 0.1930164 secs]
9.485: [Full GC (Allocation Failure)  390905K->120480K(517648K), 0.3822369 secs]
9.926: [GC (Allocation Failure)  205189K->204609K(458704K), 0.1348919 secs]
10.129: [GC (Allocation Failure)  320662K->306331K(458704K), 0.1847916 secs]
10.391: [GC (Allocation Failure)  424863K->390905K(517648K), 0.1901703 secs]
10.581: [Full GC (Allocation Failure)  390905K->120480K(517648K), 0.3822565 secs]
11.022: [GC (Allocation Failure)  205167K->204609K(458704K), 0.1344945 secs]
11.225: [GC (Allocation Failure)  320648K->306331K(458704K), 0.1858781 secs]
11.490: [GC (Allocation Failure)  424841K->390905K(517648K), 0.1899664 secs]
11.680: [Full GC (Allocation Failure)  390905K->120480K(517648K), 0.3838230 secs]
12.124: [GC (Allocation Failure)  205156K->204609K(458704K), 0.1348341 secs]
12.327: [GC (Allocation Failure)  320640K->306331K(458704K), 0.1853738 secs]
12.590: [GC (Allocation Failure) 