Java HotSpot(TM) 64-Bit Server VM (25.5-b02) for windows-amd64 JRE (1.8.0_05-b13), built on Mar 18 2014 01:08:39 by "java_re" with MS VC++ 10.0 (VS2010)
Memory: 4k page, physical 16656748k(9568652k free), swap 16654888k(8227868k free)
CommandLine flags: -XX:InitialHeapSize=266507968 -XX:MaxHeapSize=4264127488 -XX:MaxNewSize=697933824 -XX:MaxTenuringThreshold=6 -XX:OldPLABSize=16 -XX:+PrintGC -XX:+PrintGCDateStamps -XX:+PrintGCTimeStamps -XX:+UseCompressedClassPointers -XX:+UseCompressedOops -XX:+UseConcMarkSweepGC -XX:-UseLargePagesIndividualAllocation -XX:+UseParNewGC 
2015-01-23T20:40:32.548+0300: 0.069: [GC (Allocation Failure)  1024K->864K(262016K), 0.0038840 secs]
2015-01-23T20:40:32.554+0300: 0.076: [GC (Allocation Failure)  1613K->1633K(262016K), 0.0035048 secs]
2015-01-23T20:40:32.560+0300: 0.082: [GC (Allocation Failure)  2292K->2490K(262016K), 0.0021100 secs]
2015-01-23T20:40:32.564+0300: 0.085: [GC (Allocation Failure)  3464K->3718K(262016K), 0.0028871 secs]
2015-01-23T20:40:32.567+0300: 0.089: [GC (Allocation Failure)  4742K->4940K(262016K), 0.0344363 secs]
2015-01-23T20:40:32.603+0300: 0.125: [GC (Allocation Failure)  5381K->5618K(262016K), 0.0062235 secs]
2015-01-23T20:40:32.610+0300: 0.131: [GC (Allocation Failure)  6642K->6710K(262016K), 0.0060407 secs]
2015-01-23T20:40:32.617+0300: 0.139: [GC (Allocation Failure)  7734K->8192K(262016K), 0.0082397 secs]
2015-01-23T20:40:32.627+0300: 0.149: [GC (Allocation Failure)  10622K->11132K(262016K), 0.0079314 secs]
2015-01-23T20:40:32.637+0300: 0.159: [GC (Allocation Failure)  14266K->14776K(262016K), 0.0070138 secs]
2015-01-23T20:40:32.645+0300: 0.167: [GC (Allocation Failure)  15800K->16310K(262016K), 0.0077784 secs]
2015-01-23T20:40:32.654+0300: 0.176: [GC (Allocation Failure)  17334K->17845K(262016K), 0.0080219 secs]
2015-01-23T20:40:32.665+0300: 0.186: [GC (Allocation Failure)  22035K->22545K(262016K), 0.0082043 secs]
2015-01-23T20:40:32.674+0300: 0.196: [GC (Allocation Failure)  23569K->24098K(262016K), 0.0085560 secs]
2015-01-23T20:40:32.684+0300: 0.205: [GC (Allocation Failure)  25122K->25632K(262016K), 0.0077592 secs]
2015-01-23T20:40:32.693+0300: 0.214: [GC (Allocation Failure)  26656K->27149K(262016K), 0.0079384 secs]
2015-01-23T20:40:32.704+0300: 0.225: [GC (Allocation Failure)  32921K->33431K(262016K), 0.0060528 secs]
2015-01-23T20:40:32.711+0300: 0.232: [GC (Allocation Failure)  34455K->34967K(262016K), 0.0079594 secs]
2015-01-23T20:40:32.720+0300: 0.242: [GC (Allocation Failure)  35991K->36502K(262016K), 0.0080452 secs]
2015-01-23T20:40:32.729+0300: 0.251: [GC (Allocation Failure)  37526K->38036K(262016K), 0.0080256 secs]
2015-01-23T20:40:32.738+0300: 0.260: [GC (Allocation Failure)  39060K->39571K(262016K), 0.0078441 secs]
2015-01-23T20:40:32.747+0300: 0.269: [GC (Allocation Failure)  40595K->41106K(262016K), 0.0077620 secs]
2015-01-23T20:40:32.756+0300: 0.278: [GC (Allocation Failure)  42130K->42641K(262016K), 0.0075600 secs]
2015-01-23T20:40:32.767+0300: 0.289: [GC (Allocation Failure)  50787K->51311K(262016K), 0.0091522 secs]
2015-01-23T20:40:32.778+0300: 0.299: [GC (Allocation Failure)  52335K->52832K(262016K), 0.0076407 secs]
2015-01-23T20:40:32.787+0300: 0.308: [GC (Allocation Failure)  53856K->54367K(262016K), 0.0077648 secs]
2015-01-23T20:40:32.795+0300: 0.317: [GC (Allocation Failure)  55391K->55902K(262016K), 0.0077382 secs]
2015-01-23T20:40:32.804+0300: 0.326: [GC (Allocation Failure)  56926K->57437K(262016K), 0.0078105 secs]
2015-01-23T20:40:32.813+0300: 0.335: [GC (Allocation Failure)  58461K->58972K(262016K), 0.0079584 secs]
2015-01-23T20:40:32.822+0300: 0.344: [GC (Allocation Failure)  59996K->60507K(262016K), 0.0085966 secs]
2015-01-23T20:40:32.832+0300: 0.354: [GC (Allocation Failure)  61531K->62042K(262016K), 0.0076757 secs]
2015-01-23T20:40:32.841+0300: 0.362: [GC (Allocation Failure)  63066K->63577K(262016K), 0.0074915 secs]
2015-01-23T20:40:32.853+0300: 0.375: [GC (Allocation Failure)  75284K->75794K(262016K), 0.0080834 secs]
2015-01-23T20:40:32.863+0300: 0.384: [GC (Allocation Failure)  76818K->77329K(262016K), 0.0077462 secs]
2015-01-23T20:40:32.872+0300: 0.393: [GC (Allocation Failure)  78353K->78864K(262016K), 0.0077233 secs]
2015-01-23T20:40:32.880+0300: 0.402: [GC (Allocation Failure)  79888K->80398K(262016K), 0.0079071 secs]
2015-01-23T20:40:32.890+0300: 0.411: [GC (Allocation Failure)  81422K->81933K(262016K), 0.0077583 secs]
2015-01-23T20:40:32.898+0300: 0.420: [GC (Allocation Failure)  82957K->83468K(262016K), 0.0074350 secs]
2015-01-23T20:40:32.907+0300: 0.429: [GC (Allocation Failure)  84492K->85003K(262016K), 0.0074812 secs]
2015-01-23T20:40:32.916+0300: 0.437: [GC (Allocation Failure)  86027K->86538K(262016K), 0.0076958 secs]
2015-01-23T20:40:32.924+0300: 0.446: [GC (Allocation Failure)  87562K->88073K(262016K), 0.0077256 secs]
2015-01-23T20:40:32.933+0300: 0.455: [GC (Allocation Failure)  89097K->89608K(262016K), 0.0078530 secs]
2015-01-23T20:40:32.942+0300: 0.464: [GC (Allocation Failure)  90632K->91143K(262016K), 0.0078315 secs]
2015-01-23T20:40:32.951+0300: 0.473: [GC (Allocation Failure)  92167K->92678K(262016K), 0.0077074 secs]
2015-01-23T20:40:32.960+0300: 0.482: [GC (Allocation Failure)  93702K->94212K(262016K), 0.0079430 secs]
2015-01-23T20:40:32.969+0300: 0.491: [GC (Allocation Failure)  95236K->95747K(262016K), 0.0077270 secs]
2015-01-23T20:40:32.984+0300: 0.506: [GC (Allocation Failure)  112796K->113306K(262016K), 0.0089749 secs]
2015-01-23T20:40:32.994+0300: 0.516: [GC (Allocation Failure)  114330K->114841K(262016K), 0.0079855 secs]
2015-01-23T20:40:33.003+0300: 0.525: [GC (Allocation Failure)  115865K->116376K(262016K), 0.0075092 secs]
2015-01-23T20:40:33.012+0300: 0.534: [GC (Allocation Failure)  117400K->117911K(262016K), 0.0078231 secs]
2015-01-23T20:40:33.021+0300: 0.543: [GC (Allocation Failure)  118935K->119446K(262016K), 0.0081394 secs]
2015-01-23T20:40:33.030+0300: 0.552: [GC (Allocation Failure)  120470K->120981K(262016K), 0.0076440 secs]
2015-01-23T20:40:33.039+0300: 0.561: [GC (Allocation Failure)  122005K->122515K(262016K), 0.0077284 secs]
2015-01-23T20:40:33.048+0300: 0.570: [GC (Allocation Failure)  123539K->124050K(262016K), 0.0079127 secs]
2015-01-23T20:40:33.057+0300: 0.579: [GC (Allocation Failure)  125074K->125585K(262016K), 0.0077494 secs]
2015-01-23T20:40:33.066+0300: 0.587: [GC (Allocation Failure)  126609K->127120K(262016K), 0.0078376 secs]
2015-01-23T20:40:33.075+0300: 0.596: [GC (Allocation Failure)  128144K->128655K(262016K), 0.0076739 secs]
2015-01-23T20:40:33.084+0300: 0.605: [GC (Allocation Failure)  129679K->130189K(262016K), 0.0076631 secs]
2015-01-23T20:40:33.092+0300: 0.614: [GC (Allocation Failure)  131213K->131724K(262016K), 0.0076375 secs]
2015-01-23T20:40:33.100+0300: 0.622: [GC (CMS Initial Mark)  131745K(262016K), 0.0001222 secs]
2015-01-23T20:40:33.101+0300: 0.623: [GC (Allocation Failure)  132748K->133259K(262016K), 0.0090556 secs]
2015-01-23T20:40:33.112+0300: 0.633: [GC (Allocation Failure)  134283K->134794K(262016K), 0.0084389 secs]
2015-01-23T20:40:33.121+0300: 0.643: [GC (Allocation Failure)  135818K->136329K(262016K), 0.0084930 secs]
2015-01-23T20:40:33.131+0300: 0.653: [GC (Allocation Failure)  137353K->137864K(262016K), 0.0086628 secs]
2015-01-23T20:40:33.141+0300: 0.663: [GC (Allocation Failure)  138888K->139399K(262016K), 0.0088783 secs]
2015-01-23T20:40:33.151+0300: 0.673: [GC (Allocation Failure)  140423K->140933K(262016K), 0.0083078 secs]
2015-01-23T20:40:33.161+0300: 0.682: [GC (Allocation Failure)  141957K->142468K(262016K), 0.0084389 secs]
2015-01-23T20:40:33.170+0300: 0.692: [GC (Allocation Failure)  143492K->144003K(262016K), 0.0084907 secs]
2015-01-23T20:40:33.189+0300: 0.710: [GC (Allocation Failure)  169064K->169575K(262016K), 0.0092124 secs]
2015-01-23T20:40:33.199+0300: 0.721: [GC (Allocation Failure)  170599K->171109K(262016K), 0.0083200 secs]
2015-01-23T20:40:33.209+0300: 0.730: [GC (Allocation Failure)  172133K->172644K(262016K), 0.0083461 secs]
2015-01-23T20:40:33.218+0300: 0.740: [GC (Allocation Failure)  173668K->174179K(262016K), 0.0085061 secs]
2015-01-23T20:40:33.228+0300: 0.749: [GC (Allocation Failure)  175203K->175714K(262016K), 0.0088289 secs]
2015-01-23T20:40:33.238+0300: 0.759: [GC (Allocation Failure)  176738K->177249K(262016K), 0.0084912 secs]
2015-01-23T20:40:33.247+0300: 0.769: [GC (Allocation Failure)  178273K->178783K(262016K), 0.0083988 secs]
2015-01-23T20:40:33.257+0300: 0.778: [GC (Allocation Failure)  179807K->180318K(262016K), 0.0083498 secs]
2015-01-23T20:40:33.266+0300: 0.788: [GC (Allocation Failure)  181342K->181853K(262016K), 0.0085215 secs]
2015-01-23T20:40:33.276+0300: 0.798: [GC (Allocation Failure)  182877K->183388K(262016K), 0.0084524 secs]
2015-01-23T20:40:33.286+0300: 0.807: [GC (Allocation Failure)  184412K->184923K(262016K), 0.0085154 secs]
2015-01-23T20:40:33.295+0300: 0.817: [GC (Allocation Failure)  185947K->186458K(262016K), 0.0089073 secs]
2015-01-23T20:40:33.306+0300: 0.827: [GC (Allocation Failure)  187482K->187992K(262016K), 0.0081226 secs]
2015-01-23T20:40:33.315+0300: 0.837: [GC (Allocation Failure)  189016K->189527K(262016K), 0.0085299 secs]
2015-01-23T20:40:33.325+0300: 0.846: [GC (Allocation Failure)  190551K->191062K(262016K), 0.0086194 secs]
2015-01-23T20:40:33.334+0300: 0.856: [GC (Allocation Failure)  192086K->192597K(262016K), 0.0085359 secs]
2015-01-23T20:40:33.344+0300: 0.866: [GC (Allocation Failure)  193621K->194132K(262016K), 0.0081725 secs]
2015-01-23T20:40:33.354+0300: 0.875: [GC (Allocation Failure)  195156K->195667K(262016K), 0.0084552 secs]
2015-01-23T20:40:33.364+0300: 0.885: [GC (Allocation Failure)  196691K->197201K(262016K), 0.0082448 secs]
2015-01-23T20:40:33.373+0300: 0.895: [GC (Allocation Failure)  198225K->198736K(262016K), 0.0085080 secs]
2015-01-23T20:40:33.383+0300: 0.904: [GC (Allocation Failure)  199760K->200271K(262016K), 0.0094400 secs]
2015-01-23T20:40:33.393+0300: 0.915: [GC (Allocation Failure)  201295K->201806K(262016K), 0.0085915 secs]
2015-01-23T20:40:33.403+0300: 0.925: [GC (Allocation Failure)  202830K->203341K(262016K), 0.0125875 secs]
2015-01-23T20:40:33.417+0300: 0.939: [GC (Allocation Failure)  204365K->204875K(262016K), 0.0085835 secs]
2015-01-23T20:40:33.427+0300: 0.948: [GC (Allocation Failure)  205899K->206410K(262016K), 0.0083498 secs]
2015-01-23T20:40:33.436+0300: 0.958: [GC (Allocation Failure)  207434K->207945K(262016K), 0.0084044 secs]
2015-01-23T20:40:33.446+0300: 0.967: [GC (Allocation Failure)  208969K->209480K(262016K), 0.0083223 secs]
2015-01-23T20:40:33.455+0300: 0.977: [GC (Allocation Failure)  210504K->211015K(262016K), 0.0085215 secs]
2015-01-23T20:40:33.465+0300: 0.986: [GC (Allocation Failure)  212039K->212550K(262016K), 0.0084828 secs]
2015-01-23T20:40:33.474+0300: 0.996: [GC (Allocation Failure)  213574K->214085K(262016K), 0.0084403 secs]
2015-01-23T20:40:33.484+0300: 1.006: [GC (Allocation Failure)  215109K->215619K(262016K), 0.0085117 secs]
2015-01-23T20:40:33.507+0300: 1.028: [GC (Allocation Failure)  252699K->253209K(262016K), 0.0132629 secs]
2015-01-23T20:40:33.521+0300: 1.043: [GC (Allocation Failure)  254233K->254744K(262016K), 0.0084860 secs]
2015-01-23T20:40:33.531+0300: 1.053: [GC (Allocation Failure)  255768K->256279K(262016K), 0.0085126 secs]
2015-01-23T20:40:33.541+0300: 1.062: [GC (Allocation Failure)  257303K->257813K(262016K), 0.0083540 secs]
2015-01-23T20:40:33.550+0300: 1.072: [GC (Allocation Failure)  258837K->259348K(262016K), 0.0083951 secs]
2015-01-23T20:40:33.560+0300: 1.082: [GC (Allocation Failure)  260372K->260883K(262400K), 0.0086978 secs]
2015-01-23T20:40:33.570+0300: 1.091: [GC (Allocation Failure)  261907K->262418K(263744K), 0.0086848 secs]
2015-01-23T20:40:33.580+0300: 1.101: [GC (Allocation Failure)  263442K->263953K(265472K), 0.0086852 secs]
2015-01-23T20:40:33.589+0300: 1.111: [GC (Allocation Failure)  264977K->265488K(266816K), 0.0090915 secs]
2015-01-23T20:40:33.600+0300: 1.121: [GC (Allocation Failure)  266512K->267023K(268544K), 0.0086866 secs]
2015-01-23T20:40:33.609+0300: 1.131: [GC (Allocation Failure)  268047K->268558K(270080K), 0.0088564 secs]
2015-01-23T20:40:33.619+0300: 1.141: [GC (Allocation Failure)  269582K->270093K(271616K), 0.0087855 secs]
2015-01-23T20:40:33.629+0300: 1.151: [GC (Allocation Failure)  271117K->271627K(273152K), 0.0089091 secs]
2015-01-23T20:40:33.639+0300: 1.161: [GC (Allocation Failure)  272651K->273162K(274688K), 0.0089049 secs]
2015-01-23T20:40:33.649+0300: 1.171: [GC (Allocation Failure)  274186K->274696K(276032K), 0.0087239 secs]
2015-01-23T20:40:33.659+0300: 1.181: [GC (Allocation Failure)  275720K->276231K(277568K), 0.0086260 secs]
2015-01-23T20:40:33.669+0300: 1.191: [GC (Allocation Failure)  277255K->277788K(279296K), 0.0092231 secs]
2015-01-23T20:40:33.679+0300: 1.201: [GC (Allocation Failure)  278812K->279316K(280640K), 0.0089586 secs]
2015-01-23T20:40:33.689+0300: 1.211: [GC (Allocation Failure)  280340K->280853K(282176K), 0.0088144 secs]
2015-01-23T20:40:33.699+0300: 1.221: [GC (Allocation Failure)  281877K->282388K(283712K), 0.0089950 secs]
2015-01-23T20:40:33.709+0300: 1.231: [GC (Allocation Failure)  283412K->283924K(285248K), 0.0091466 secs]
2015-01-23T20:40:33.720+0300: 1.241: [GC (Allocation Failure)  284948K->285459K(286784K), 0.0085957 secs]
2015-01-23T20:40:33.729+0300: 1.251: [GC (Allocation Failure)  286483K->286995K(288320K), 0.0089460 secs]
2015-01-23T20:40:33.740+0300: 1.261: [GC (Allocation Failure)  288019K->288530K(289856K), 0.0086997 secs]
2015-01-23T20:40:33.749+0300: 1.271: [GC (Allocation Failure)  289554K->290045K(291392K), 0.0088914 secs]
2015-01-23T20:40:33.759+0300: 1.281: [GC (Allocation Failure)  291069K->291586K(292928K), 0.0089987 secs]
2015-01-23T20:40:33.770+0300: 1.291: [GC (Allocation Failure)  292610K->293122K(294464K), 0.0090621 secs]
2015-01-23T20:40:33.780+0300: 1.301: [GC (Allocation Failure)  294146K->294658K(296000K), 0.0093542 secs]
2015-01-23T20:40:33.790+0300: 1.312: [GC (Allocation Failure)  295682K->296193K(297536K), 0.0089222 secs]
2015-01-23T20:40:33.800+0300: 1.322: [GC (Allocation Failure)  297217K->297729K(299072K), 0.0088578 secs]
2015-01-23T20:40:33.810+0300: 1.332: [GC (Allocation Failure)  298753K->299265K(300608K), 0.0089973 secs]
2015-01-23T20:40:33.820+0300: 1.342: [GC (Allocation Failure)  300289K->300800K(302144K), 0.0090976 secs]
2015-01-23T20:40:33.831+0300: 1.352: [GC (Allocation Failure)  301824K->302336K(303680K), 0.0087850 secs]
2015-01-23T20:40:33.841+0300: 1.362: [GC (Allocation Failure)  303360K->303872K(305216K), 0.0090640 secs]
2015-01-23T20:40:33.851+0300: 1.372: [GC (Allocation Failure)  304896K->305407K(306752K), 0.0089819 secs]
2015-01-23T20:40:33.861+0300: 1.382: [GC (Allocation Failure)  306431K->306943K(308288K), 0.0087995 secs]
2015-01-23T20:40:33.871+0300: 1.393: [GC (Allocation Failure)  307967K->308479K(309824K), 0.0088839 secs]
2015-01-23T20:40:33.881+0300: 1.403: [GC (Allocation Failure)  309503K->310014K(311360K), 0.0089087 secs]
2015-01-23T20:40:33.891+0300: 1.413: [GC (Allocation Failure)  311038K->311550K(312896K), 0.0092623 secs]
2015-01-23T20:40:33.902+0300: 1.423: [GC (Allocation Failure)  312574K->313086K(314432K), 0.0087613 secs]
2015-01-23T20:40:33.911+0300: 1.433: [GC (Allocation Failure)  314110K->314621K(315968K), 0.0088294 secs]
2015-01-23T20:40:33.921+0300: 1.443: [GC (Allocation Failure)  315645K->316157K(317504K), 0.0093448 secs]
2015-01-23T20:40:33.932+0300: 1.454: [GC (Allocation Failure)  317181K->317693K(319040K), 0.0089577 secs]
2015-01-23T20:40:33.942+0300: 1.464: [GC (Allocation Failure)  318717K->319207K(320576K), 0.0087995 secs]
2015-01-23T20:40:33.952+0300: 1.474: [GC (Allocation Failure)  320231K->320747K(322112K), 0.0087468 secs]
2015-01-23T20:40:33.962+0300: 1.483: [GC (Allocation Failure)  321771K->322283K(323648K), 0.0088919 secs]
2015-01-23T20:40:33.972+0300: 1.493: [GC (Allocation Failure)  323307K->323819K(325184K), 0.0087151 secs]
2015-01-23T20:40:33.981+0300: 1.503: [GC (Allocation Failure)  324272K->324485K(325952K), 0.0073534 secs]
1.932: [Full GC (Allocation Failure)  324485K->252686K(325952K), 0.6447406 secs]
2015-01-23T20:40:35.210+0300: 2.731: [GC (Allocation Failure)  421198K->412202K(610716K), 0.1623158 secs]
2015-01-23T20:40:35.376+0300: 2.897: [GC (CMS Initial Mark)  417549K(610716K), 0.0441646 secs]
2015-01-23T20:40:35.521+0300: 3.042: [GC (Allocation Failure)  568530K->566690K(735476K), 0.2717030 secs]
2015-01-23T20:40:35.899+0300: 3.421: [GC (Allocation Failure)  735202K->744291K(913208K), 0.2426417 secs]
2015-01-23T20:40:36.244+0300: 3.766: [GC (Allocation Failure)  894751K->891201K(1060048K), 0.2629343 secs]
2015-01-23T20:40:36.618+0300: 4.140: [GC (Allocation Failure)  1059713K->1068852K(1237588K), 0.2350080 secs]
2015-01-23T20:40:36.974+0300: 4.496: [GC (Allocation Failure)  1220326K->1253655K(1422828K), 0.2622695 secs]
2015-01-23T20:40:37.344+0300: 4.865: [GC (Allocation Failure)  1422167K->1435676K(1604784K), 0.2430345 secs]
2015-01-23T20:40:37.690+0300: 5.212: [GC (Allocation Failure)  1587284K->1582538K(1751816K), 0.2756892 secs]
2015-01-23T20:40:38.079+0300: 5.601: [GC (Allocation Failure)  1751050K->1761447K(1930700K), 0.2519982 secs]
2015-01-23T20:40:38.434+0300: 5.956: [GC (Allocation Failure)  1912277K->1908309K(2077540K), 0.2666625 secs]
2015-01-23T20:40:38.824+0300: 6.346: [GC (Allocation Failure)  2076821K->2086332K(2255656K), 0.2390800 secs]
2015-01-23T20:40:39.172+0300: 6.694: [GC (Allocation Failure)  2237893K->2233203K(2402304K), 0.2630920 secs]
2015-01-23T20:40:39.546+0300: 7.068: [GC (Allocation Failure)  2401715K->2411244K(2580420K), 0.2366165 secs]
2015-01-23T20:40:39.902+0300: 7.424: [GC (Allocation Failure)  2561662K->2558106K(2727260K), 0.2658009 secs]
2015-01-23T20:40:40.275+0300: 7.796: [GC (Allocation Failure)  2726618K->2735853K(2905124K), 0.2305963 secs]
2015-01-23T20:40:40.633+0300: 8.155: [GC (Allocation Failure)  2886095K->2882740K(3051964K), 0.2644793 secs]
2015-01-23T20:40:41.003+0300: 8.524: [GC (Allocation Failure)  3051252K->3060390K(3229504K), 0.2436209 secs]
2015-01-23T20:40:41.352+0300: 8.874: [GC (Allocation Failure)  3210499K->3207253K(3376536K), 0.2797925 secs]
2015-01-23T20:40:41.737+0300: 9.259: [GC (Allocation Failure)  3375765K->3385104K(3554460K), 0.2412800 secs]
2015-01-23T20:40:42.083+0300: 10.937: [Full GC (Allocation Failure)  3536745K->252686K(3554460K), 1.6233214 secs]
2015-01-23T20:40:45.482+0300: 13.004: [GC (Allocation Failure)  798030K->519291K(4097536K), 0.2625382 secs]
2015-01-23T20:40:46.094+0300: 13.616: [GC (Allocation Failure)  1064635K->587256K(4097536K), 0.1192163 secs]
2015-01-23T20:40:46.539+0300: 14.061: [GC (Allocation Failure)  1089719K->790938K(4097536K), 0.3161918 secs]
2015-01-23T20:40:47.202+0300: 14.723: [GC (Allocation Failure)  1336282K->857782K(4097536K), 0.1697107 secs]
2015-01-23T20:40:47.726+0300: 15.247: [GC (Allocation Failure)  1403126K->857782K(4097536K), 0.0573613 secs]
2015-01-23T20:40:48.112+0300: 15.632: [GC (Allocation Failure)  1363658K->1030070K(4097536K), 0.3030422 secs]
2015-01-23T20:40:48.761+0300: 16.282: [GC (Allocation Failure)  1575414K->1096913K(4097536K), 0.1731353 secs]
2015-01-23T20:40:49.287+0300: 16.808: [GC (Allocation Failure)  1642257K->1096471K(4097536K), 0.0560229 secs]
2015-01-23T20:40:49.670+0300: 17.191: [GC (Allocation Failure)  1602546K->1266282K(4097536K), 0.3004970 secs]
2015-01-23T20:40:50.318+0300: 17.839: [GC (Allocation Failure)  1811626K->1333125K(4097536K), 0.1668189 secs]
2015-01-23T20:40:50.834+0300: 18.355: [GC (Allocation Failure)  1878469K->1332685K(4097536K), 0.0552462 secs]
2015-01-23T20:40:51.228+0300: 18.749: [GC (Allocation Failure)  1838296K->1501798K(4097536K), 0.3159208 secs]
2015-01-23T20:40:51.913+0300: 19.434: [GC (Allocation Failure)  2047142K->1568641K(4097536K), 0.1745100 secs]
2015-01-23T20:40:52.465+0300: 19.986: [GC (Allocation Failure)  2113985K->1568201K(4097536K), 0.0566914 secs]
2015-01-23T20:40:52.854+0300: 20.375: [GC (Allocation Failure)  2073439K->1736910K(4097536K), 0.3044039 secs]
2015-01-23T20:40:53.523+0300: 21.044: [GC (Allocation Failure)  2282254K->1803754K(4097536K), 0.1662689 secs]
2015-01-23T20:40:54.037+0300: 21.558: [GC (Allocation Failure)  2349098K->1798135K(4097536K), 0.0537716 secs]
2015-01-23T20:40:54.418+0300: 21.939: [GC (Allocation Failure)  2305465K->1974447K(4097536K), 0.3175465 secs]
2015-01-23T20:40:54.741+0300: 22.262: [GC (CMS Initial Mark)  2028530K(4097536K), 0.1091749 secs]
2015-01-23T20:40:55.231+0300: 22.752: [GC (Allocation Failure)  2519791K->2041290K(4097536K), 0.1786642 secs]
2015-01-23T20:40:55.786+0300: 23.307: [GC (Allocation Failure)  2586634K->2041295K(4097536K), 0.0539516 secs]
2015-01-23T20:40:55.955+0300: 23.476: [GC (CMS Final Remark)  2212327K(4097536K), 0.0928672 secs]
2015-01-23T20:40:56.295+0300: 23.816: [GC (Allocation Failure)  2326922K->1992743K(4097536K), 0.3178716 secs]
2015-01-23T20:40:56.977+0300: 24.499: [GC (Allocation Failure)  2187433K->1708933K(4097536K), 0.1722615 secs]
2015-01-23T20:40:57.518+0300: 25.039: [GC (Allocation Failure)  1999416K->1453629K(4097536K), 0.0532934 secs]
2015-01-23T20:40:57.918+0300: 25.439: [GC (Allocation Failure)  1723713K->1386562K(4097536K), 0.3091160 secs]
2015-01-23T20:40:58.588+0300: 26.109: [GC (Allocation Failure)  1673257K->1194756K(4097536K), 0.1738079 secs]
2015-01-23T20:40:59.130+0300: 26.651: [GC (Allocation Failure)  1479431K->934087K(4097536K), 0.0543575 secs]
2015-01-23T20:40:59.532+0300: 27.053: [GC (Allocation Failure)  1349253K->1011456K(4097536K), 0.2866178 secs]
2015-01-23T20:41:00.167+0300: 27.688: [GC (Allocation Failure)  1556800K->1078300K(4097536K), 0.1622757 secs]
2015-01-23T20:41:00.680+0300: 28.201: [GC (Allocation Failure)  1623644K->1078413K(4097536K), 0.0538882 secs]
2015-01-23T20:41:01.062+0300: 28.583: [GC (Allocation Failure)  1584016K->1247837K(4097536K), 0.2902220 secs]
2015-01-23T20:41:01.715+0300: 29.237: [GC (Allocation Failure)  1793181K->1314680K(4097536K), 0.1665147 secs]
2015-01-23T20:41:02.233+0300: 29.754: [GC (Allocation Failure)  1860024K->1303877K(4097536K), 0.0534763 secs]
2015-01-23T20:41:02.615+0300: 30.136: [GC (Allocation Failure)  1809109K->1482949K(4097536K), 0.2934487 secs]
