Java HotSpot(TM) 64-Bit Server VM (25.5-b02) for windows-amd64 JRE (1.8.0_05-b13), built on Mar 18 2014 01:08:39 by "java_re" with MS VC++ 10.0 (VS2010)
Memory: 4k page, physical 16656748k(11626028k free), swap 16654888k(11006568k free)
CommandLine flags: -XX:InitialHeapSize=266507968 -XX:MaxHeapSize=1073741824 -XX:+PrintGC -XX:+PrintGCDateStamps -XX:+PrintGCTimeStamps -XX:+UseCompressedClassPointers -XX:+UseCompressedOops -XX:+UseG1GC -XX:-UseLargePagesIndividualAllocation 
2015-01-27T12:54:40.709+0300: 0.230: [GC pause (G1 Evacuation Pause) (young) 40M->38M(256M), 0.1140598 secs]
2015-01-27T12:54:40.859+0300: 0.373: [GC pause (G1 Evacuation Pause) (young) 59M->62M(410M), 0.0661883 secs]
2015-01-27T12:54:40.969+0300: 0.491: [GC pause (G1 Evacuation Pause) (young) 96M->99M(533M), 0.0455157 secs]
2015-01-27T12:54:41.091+0300: 0.605: [GC pause (G1 Evacuation Pause) (young) 145M->149M(632M), 0.0593157 secs]
2015-01-27T12:54:41.235+0300: 0.752: [GC pause (G1 Evacuation Pause) (young) 211M->217M(711M), 0.0815366 secs]
2015-01-27T12:54:41.368+0300: 0.882: [GC pause (G1 Evacuation Pause) (young) 248M->252M(774M), 0.0591235 secs]
2015-01-27T12:54:41.569+0300: 1.090: [GC pause (G1 Evacuation Pause) (young) 343M->346M(824M), 0.1125054 secs]
2015-01-27T12:54:41.759+0300: 1.276: [GC pause (G1 Humongous Allocation) (young) (initial-mark) 382M->386M(864M), 0.0538376 secs]
2015-01-27T12:54:41.809+0300: 1.330: [GC concurrent-root-region-scan-start]
2015-01-27T12:54:41.839+0300: 1.359: [GC concurrent-root-region-scan-end, 0.0291858 secs]
2015-01-27T12:54:41.839+0300: 1.359: [GC concurrent-mark-start]
2015-01-27T12:54:41.984+0300: 1.497: [GC pause (G1 Evacuation Pause) (young) 475M->479M(896M), 0.1192659 secs]
2015-01-27T12:54:42.108+0300: 1.629: [GC concurrent-mark-end, 0.2700730 secs]
2015-01-27T12:54:42.153+0300: 1.666: [GC remark, 0.0007609 secs]
2015-01-27T12:54:42.154+0300: 1.667: [GC cleanup 494M->164M(896M), 0.0008015 secs]
2015-01-27T12:54:42.155+0300: 1.668: [GC concurrent-cleanup-start]
2015-01-27T12:54:42.155+0300: 1.669: [GC concurrent-cleanup-end, 0.0003900 secs]
2015-01-27T12:54:42.244+0300: 1.766: [GC pause (G1 Evacuation Pause) (young) 222M->225M(922M), 0.1510996 secs]
2015-01-27T12:54:42.565+0300: 2.079: [GC pause (G1 Evacuation Pause) (young) 318M->322M(943M), 0.1042007 secs]
2015-01-27T12:54:42.774+0300: 2.293: [GC pause (G1 Evacuation Pause) (young) 396M->400M(960M), 0.1225398 secs]
2015-01-27T12:54:42.988+0300: 2.510: [GC pause (G1 Humongous Allocation) (young) (initial-mark) 442M->446M(973M), 0.0824939 secs]
2015-01-27T12:54:43.078+0300: 2.593: [GC concurrent-root-region-scan-start]
2015-01-27T12:54:43.078+0300: 2.596: [GC concurrent-root-region-scan-end, 0.0032044 secs]
2015-01-27T12:54:43.078+0300: 2.596: [GC concurrent-mark-start]
2015-01-27T12:54:43.374+0300: 2.896: [GC pause (G1 Evacuation Pause) (young) 556M->561M(984M), 0.1837267 secs]
2015-01-27T12:54:43.648+0300: 3.169: [GC concurrent-mark-end, 0.5727848 secs]
2015-01-27T12:54:43.658+0300: 3.174: [GC remark, 0.0008710 secs]
2015-01-27T12:54:43.658+0300: 3.175: [GC cleanup 640M->298M(984M), 0.0005118 secs]
2015-01-27T12:54:43.658+0300: 3.176: [GC concurrent-cleanup-start]
2015-01-27T12:54:43.658+0300: 3.176: [GC concurrent-cleanup-end, 0.0004007 secs]
2015-01-27T12:54:43.760+0300: 3.274: [GC pause (G1 Evacuation Pause) (young) 339M->340M(992M), 0.1516612 secs]
2015-01-27T12:54:44.044+0300: 3.566: [GC pause (G1 Evacuation Pause) (young) 451M->455M(999M), 0.1592671 secs]
2015-01-27T12:54:44.256+0300: 3.769: [GC pause (G1 Humongous Allocation) (young) (initial-mark) 480M->484M(1004M), 0.1071789 secs]
2015-01-27T12:54:44.363+0300: 3.877: [GC concurrent-root-region-scan-start]
2015-01-27T12:54:44.368+0300: 3.881: [GC concurrent-root-region-scan-end, 0.0047588 secs]
2015-01-27T12:54:44.368+0300: 3.881: [GC concurrent-mark-start]
2015-01-27T12:54:44.782+0300: 4.301: [GC pause (G1 Evacuation Pause) (young) 621M->626M(1008M), 0.1914305 secs]
2015-01-27T12:54:45.104+0300: 4.620: [GC pause (G1 Evacuation Pause) (young) 700M->702M(1012M), 0.1381513 secs]
2015-01-27T12:54:45.355+0300: 4.868: [GC pause (G1 Evacuation Pause) (young) 786M->790M(1015M), 0.1447631 secs]
2015-01-27T12:54:45.500+0300: 5.013: [GC concurrent-mark-end, 1.1316380 secs]
2015-01-27T12:54:45.500+0300: 5.013: [GC remark, 0.0009610 secs]
2015-01-27T12:54:45.501+0300: 5.014: [GC cleanup 790M->458M(1015M), 0.0004978 secs]
2015-01-27T12:54:45.501+0300: 5.015: [GC concurrent-cleanup-start]
2015-01-27T12:54:45.502+0300: 5.015: [GC concurrent-cleanup-end, 0.0004161 secs]
2015-01-27T12:54:45.602+0300: 5.116: [GC pause (G1 Evacuation Pause) (young) 542M->545M(1017M), 0.1057901 secs]
2015-01-27T12:54:45.734+0300: 5.248: [GC pause (G1 Humongous Allocation) (young) (initial-mark) 560M->563M(1019M), 0.0621521 secs]
2015-01-27T12:54:45.796+0300: 5.310: [GC concurrent-root-region-scan-start]
2015-01-27T12:54:45.804+0300: 5.317: [GC concurrent-root-region-scan-end, 0.0075032 secs]
2015-01-27T12:54:45.804+0300: 5.317: [GC concurrent-mark-start]
2015-01-27T12:54:46.382+0300: 5.899: [GC pause (G1 Evacuation Pause) (young) 733M->736M(1020M), 0.2386294 secs]
2015-01-27T12:54:46.624+0300: 6.138: [GC concurrent-mark-reset-for-overflow]
2015-01-27T12:54:46.742+0300: 6.256: [GC pause (G1 Evacuation Pause) (young) 840M->843M(1021M), 0.2245578 secs]
2015-01-27T12:54:47.039+0300: 6.552: [GC pause (G1 Humongous Allocation) (young) 881M->886M(1022M), 0.1057766 secs]
2015-01-27T12:54:47.138+0300: 6.658: [Full GC (Allocation Failure)  886M->176M(769M), 0.7188037 secs]
2015-01-27T12:54:47.860+0300: 7.377: [GC concurrent-mark-abort]
2015-01-27T12:54:48.002+0300: 7.523: [GC pause (G1 Evacuation Pause) (young) 305M->308M(820M), 0.1347883 secs]
2015-01-27T12:54:48.236+0300: 7.749: [GC pause (G1 Evacuation Pause) (young) 393M->395M(861M), 0.1393633 secs]
2015-01-27T12:54:48.403+0300: 7.916: [GC pause (G1 Humongous Allocation) (young) (initial-mark) 411M->415M(894M), 0.0893771 secs]
2015-01-27T12:54:48.492+0300: 8.006: [GC concurrent-root-region-scan-start]
2015-01-27T12:54:48.502+0300: 8.016: [GC concurrent-root-region-scan-end, 0.0099024 secs]
2015-01-27T12:54:48.502+0300: 8.016: [GC concurrent-mark-start]
2015-01-27T12:54:48.904+0300: 8.425: [GC pause (G1 Evacuation Pause) (young) 560M->565M(920M), 0.1728092 secs]
2015-01-27T12:54:49.226+0300: 8.748: [GC pause (G1 Evacuation Pause) (young) 669M->672M(941M), 0.1662609 secs]
2015-01-27T12:54:49.524+0300: 9.037: [GC concurrent-mark-end, 1.0079926 secs]
2015-01-27T12:54:49.524+0300: 9.037: [GC pause (G1 Evacuation Pause) (young) 775M->779M(958M), 0.2318823 secs]
2015-01-27T12:54:49.749+0300: 9.269: [GC remark, 0.0010846 secs]
2015-01-27T12:54:49.759+0300: 9.272: [GC cleanup 780M->504M(958M), 0.0006162 secs]
2015-01-27T12:54:49.759+0300: 9.273: [GC concurrent-cleanup-start]
2015-01-27T12:54:49.759+0300: 9.273: [GC concurrent-cleanup-end, 0.0004199 secs]
2015-01-27T12:54:49.861+0300: 9.376: [GC pause (G1 Evacuation Pause) (young) 543M->546M(972M), 0.1085667 secs]
2015-01-27T12:54:49.971+0300: 9.487: [GC pause (G1 Humongous Allocation) (young) (initial-mark) 547M->550M(983M), 0.0527278 secs]
2015-01-27T12:54:50.026+0300: 9.540: [GC concurrent-root-region-scan-start]
2015-01-27T12:54:50.027+0300: 9.540: [GC concurrent-root-region-scan-end, 0.0005831 secs]
2015-01-27T12:54:50.027+0300: 9.540: [GC concurrent-mark-start]
2015-01-27T12:54:50.615+0300: 10.132: [GC pause (G1 Evacuation Pause) (young) 710M->709M(992M), 0.2162583 secs]
2015-01-27T12:54:50.835+0300: 10.349: [GC concurrent-mark-reset-for-overflow]
2015-01-27T12:54:50.951+0300: 10.465: [GC pause (G1 Evacuation Pause) (young) 814M->818M(999M), 0.2085390 secs]
2015-01-27T12:54:51.244+0300: 10.757: [GC pause (G1 Evacuation Pause) (young) 860M->864M(1004M), 0.0903162 secs]
2015-01-27T12:54:51.342+0300: 10.856: [GC pause (G1 Humongous Allocation) (young) 868M->873M(1008M), 0.0560638 secs]
2015-01-27T12:54:51.399+0300: 10.912: [Full GC (Allocation Failure)  873M->176M(588M), 0.7565293 secs]
2015-01-27T12:54:52.152+0300: 11.669: [GC concurrent-mark-abort]
2015-01-27T12:54:52.312+0300: 11.834: [GC pause (G1 Humongous Allocation) (young) (initial-mark) 314M->314M(676M), 0.1236095 secs]
2015-01-27T12:54:52.445+0300: 11.958: [GC concurrent-root-region-scan-start]
2015-01-27T12:54:52.477+0300: 11.990: [GC concurrent-root-region-scan-end, 0.0320338 secs]
2015-01-27T12:54:52.477+0300: 11.990: [GC concurrent-mark-start]
2015-01-27T12:54:52.676+0300: 12.193: [GC pause (G1 Evacuation Pause) (young) 452M->456M(746M), 0.2385496 secs]
2015-01-27T12:54:53.054+0300: 12.567: [GC concurrent-mark-end, 0.5430388 secs]
2015-01-27T12:54:53.057+0300: 12.570: [GC pause (G1 Evacuation Pause) (young) 558M->561M(802M), 0.2038012 secs]
2015-01-27T12:54:53.261+0300: 12.774: [GC remark, 0.0009797 secs]
2015-01-27T12:54:53.321+0300: 12.835: [GC cleanup 590M->345M(802M), 0.0005024 secs]
2015-01-27T12:54:53.321+0300: 12.836: [GC concurrent-cleanup-start]
2015-01-27T12:54:53.321+0300: 12.836: [GC concurrent-cleanup-end, 0.0003042 secs]
2015-01-27T12:54:53.363+0300: 12.883: [GC pause (G1 Evacuation Pause) (young) 386M->390M(847M), 0.1119572 secs]
2015-01-27T12:54:53.485+0300: 12.998: [GC pause (G1 Humongous Allocation) (young) (initial-mark) 391M->397M(883M), 0.1123090 secs]
2015-01-27T12:54:53.597+0300: 13.110: [GC concurrent-root-region-scan-start]
2015-01-27T12:54:53.627+0300: 13.143: [GC concurrent-root-region-scan-end, 0.0332999 secs]
2015-01-27T12:54:53.627+0300: 13.143: [GC concurrent-mark-start]
2015-01-27T12:54:53.799+0300: 13.319: [GC pause (G1 Evacuation Pause) (young) 477M->475M(912M), 0.1324358 secs]
2015-01-27T12:54:54.009+0300: 13.523: [GC concurrent-mark-end, 0.3801311 secs]
2015-01-27T12:54:54.019+0300: 13.531: [GC remark, 0.0007982 secs]
2015-01-27T12:54:54.019+0300: 13.532: [GC cleanup 522M->199M(912M), 0.0004464 secs]
2015-01-27T12:54:54.019+0300: 13.532: [GC concurrent-cleanup-start]
2015-01-27T12:54:54.019+0300: 13.533: [GC concurrent-cleanup-end, 0.0004063 secs]
2015-01-27T12:54:54.089+0300: 13.606: [GC pause (G1 Evacuation Pause) (young) 241M->246M(935M), 0.0894397 secs]
2015-01-27T12:54:54.371+0300: 13.892: [GC pause (G1 Evacuation Pause) (young) 409M->412M(953M), 0.1973728 secs]
2015-01-27T12:54:54.663+0300: 14.177: [GC pause (G1 Humongous Allocation) (young) (initial-mark) 427M->431M(968M), 0.0574987 secs]
2015-01-27T12:54:54.722+0300: 14.235: [GC concurrent-root-region-scan-start]
2015-01-27T12:54:54.741+0300: 14.254: [GC concurrent-root-region-scan-end, 0.0188472 secs]
2015-01-27T12:54:54.741+0300: 14.254: [GC concurrent-mark-start]
2015-01-27T12:54:55.007+0300: 14.521: [GC pause (G1 Evacuation Pause) (young) 556M->560M(980M), 0.1452884 secs]
2015-01-27T12:54:55.280+0300: 14.792: [GC concurrent-mark-end, 0.5381484 secs]
2015-01-27T12:54:55.293+0300: 14.805: [GC remark, 0.0009045 secs]
2015-01-27T12:54:55.293+0300: 14.806: [GC cleanup 636M->305M(980M), 0.0004884 secs]
2015-01-27T12:54:55.293+0300: 14.807: [GC concurrent-cleanup-start]
2015-01-27T12:54:55.293+0300: 14.807: [GC concurrent-cleanup-end, 0.0002799 secs]
2015-01-27T12:54:55.383+0300: 14.897: [GC pause (G1 Evacuation Pause) (young) 400M->403M(989M), 0.2070229 secs]
2015-01-27T12:54:55.680+0300: 15.192: [GC pause (G1 Humongous Allocation) (young) (initial-mark) 472M->476M(996M), 0.1840043 secs]
2015-01-27T12:54:55.857+0300: 15.376: [GC concurrent-root-region-scan-start]
2015-01-27T12:54:55.897+0300: 15.409: [GC concurrent-root-region-scan-end, 0.0326188 secs]
2015-01-27T12:54:55.897+0300: 15.409: [GC concurrent-mark-start]
2015-01-27T12:54:56.281+0300: 15.795: [GC pause (G1 Evacuation Pause) (young) 613M->617M(1002M), 0.1680737 secs]
2015-01-27T12:54:56.451+0300: 15.964: [GC concurrent-mark-reset-for-overflow]
2015-01-27T12:54:56.583+0300: 16.103: [GC pause (G1 Evacuation Pause) (young) 699M->701M(1007M), 0.1327059 secs]
2015-01-27T12:54:56.798+0300: 16.310: [GC concurrent-mark-end, 0.9013175 secs]
2015-01-27T12:54:56.798+0300: 16.311: [GC remark, 0.0010739 secs]
2015-01-27T12:54:56.799+0300: 16.312: [GC cleanup 724M->396M(1007M), 0.0005285 secs]
2015-01-27T12:54:56.800+0300: 16.312: [GC concurrent-cleanup-start]
2015-01-27T12:54:56.800+0300: 16.313: [GC concurrent-cleanup-end, 0.0004227 secs]
2015-01-27T12:54:56.907+0300: 16.427: [GC pause (G1 Evacuation Pause) (young) 502M->505M(1011M), 0.1805844 secs]
2015-01-27T12:54:57.177+0300: 16.689: [GC pause (G1 Humongous Allocation) (young) (initial-mark) 551M->555M(1014M), 0.0857743 secs]
2015-01-27T12:54:57.263+0300: 16.775: [GC concurrent-root-region-scan-start]
2015-01-27T12:54:57.284+0300: 16.796: [GC concurrent-root-region-scan-end, 0.0209301 secs]
2015-01-27T12:54:57.284+0300: 16.796: [GC concurrent-mark-start]
2015-01-27T12:54:57.833+0300: 17.350: [GC pause (G1 Evacuation Pause) (young) 719M->721M(1016M), 0.2761963 secs]
2015-01-27T12:54:58.113+0300: 17.626: [GC concurrent-mark-reset-for-overflow]
2015-01-27T12:54:58.352+0300: 17.864: [GC concurrent-mark-end, 1.0681149 secs]
2015-01-27T12:54:58.352+0300: 17.864: [GC remark, 0.0012591 secs]
2015-01-27T12:54:58.353+0300: 17.866: [GC cleanup 829M->477M(1016M), 0.0005556 secs]
2015-01-27T12:54:58.354+0300: 17.866: [GC concurrent-cleanup-start]
2015-01-27T12:54:58.354+0300: 17.866: [GC concurrent-cleanup-end, 0.0002785 secs]
2015-01-27T12:54:58.359+0300: 17.872: [GC pause (G1 Evacuation Pause) (young) 481M->485M(1018M), 0.1422099 secs]
2015-01-27T12:54:58.566+0300: 18.079: [GC pause (G1 Humongous Allocation) (young) (initial-mark) 521M->524M(1020M), 0.0815968 secs]
2015-01-27T12:54:58.648+0300: 18.160: [GC concurrent-root-region-scan-start]
2015-01-27T12:54:58.667+0300: 18.179: [GC concurrent-root-region-scan-end, 0.0191597 secs]
2015-01-27T12:54:58.667+0300: 18.179: [GC concurrent-mark-start]
2015-01-27T12:54:59.255+0300: 18.768: [GC pause (G1 Evacuation Pause) (young) 689M->691M(1021M), 0.2169827 secs]
2015-01-27T12:54:59.472+0300: 18.985: [GC concurrent-mark-reset-for-overflow]
2015-01-27T12:54:59.667+0300: 19.180: [GC pause (G1 Evacuation Pause) (young) 809M->813M(1022M), 0.1437923 secs]
2015-01-27T12:54:59.900+0300: 19.418: [GC pause (G1 Humongous Allocation) (young) 841M->845M(1023M), 0.1641766 secs]
2015-01-27T12:55:00.070+0300: 19.583: [Full GC (Allocation Failure)  845M->176M(1006M), 0.6888025 secs]
2015-01-27T12:55:00.753+0300: 20.272: [GC concurrent-mark-abort]
2015-01-27T12:55:00.934+0300: 20.453: [GC pause (G1 Evacuation Pause) (young) 342M->345M(1010M), 0.1648586 secs]
