Java HotSpot(TM) 64-Bit Server VM (25.5-b02) for windows-amd64 JRE (1.8.0_05-b13), built on Mar 18 2014 01:08:39 by "java_re" with MS VC++ 10.0 (VS2010)
Memory: 4k page, physical 16656748k(9230296k free), swap 16654888k(7921040k free)
CommandLine flags: -XX:InitialHeapSize=266507968 -XX:MaxHeapSize=4264127488 -XX:+PrintGC -XX:+PrintGCDetails -XX:+PrintGCTimeStamps -XX:+UseCompressedClassPointers -XX:+UseCompressedOops -XX:-UseLargePagesIndividualAllocation -XX:+UseParallelGC 
0.068: [GC (Allocation Failure) [PSYoungGen: 504K->496K(1024K)] 504K->512K(261632K), 0.0008290 secs] [Times: user=0.00 sys=0.00, real=0.00 secs] 
0.073: [GC (Allocation Failure) [PSYoungGen: 1008K->482K(1536K)] 1024K->738K(262144K), 0.0011168 secs] [Times: user=0.00 sys=0.00, real=0.00 secs] 
0.077: [GC (Allocation Failure) [PSYoungGen: 1242K->505K(1536K)] 1498K->1289K(262144K), 0.0015516 secs] [Times: user=0.00 sys=0.00, real=0.00 secs] 
0.080: [GC (Allocation Failure) [PSYoungGen: 1154K->501K(2560K)] 1938K->1781K(263168K), 0.0013678 secs] [Times: user=0.00 sys=0.00, real=0.00 secs] 
0.084: [GC (Allocation Failure) [PSYoungGen: 2549K->512K(2560K)] 3829K->3185K(263168K), 0.0029786 secs] [Times: user=0.00 sys=0.00, real=0.00 secs] 
0.090: [GC (Allocation Failure) [PSYoungGen: 2560K->2041K(5120K)] 5233K->5219K(265728K), 0.0034171 secs] [Times: user=0.00 sys=0.00, real=0.00 secs] 
0.095: [GC (Allocation Failure) [PSYoungGen: 5113K->3070K(6144K)] 8291K->7368K(266752K), 0.0053862 secs] [Times: user=0.06 sys=0.00, real=0.01 secs] 
0.103: [GC (Allocation Failure) [PSYoungGen: 6142K->4094K(9216K)] 10440K->9047K(269824K), 0.0054482 secs] [Times: user=0.00 sys=0.00, real=0.01 secs] 
0.115: [GC (Allocation Failure) [PSYoungGen: 9214K->5120K(10240K)] 17332K->15246K(270848K), 0.0301608 secs] [Times: user=0.08 sys=0.00, real=0.03 secs] 
0.152: [GC (Allocation Failure) [PSYoungGen: 10240K->7168K(13312K)] 25114K->25146K(273920K), 0.0377241 secs] [Times: user=0.16 sys=0.00, real=0.04 secs] 
0.198: [GC (Allocation Failure) [PSYoungGen: 13312K->6240K(15360K)] 38412K->38540K(275968K), 0.0402124 secs] [Times: user=0.17 sys=0.02, real=0.04 secs] 
0.245: [GC (Allocation Failure) [PSYoungGen: 12384K->6272K(19456K)] 44684K->44756K(280064K), 0.0604131 secs] [Times: user=0.34 sys=0.03, real=0.06 secs] 
0.318: [GC (Allocation Failure) [PSYoungGen: 16000K->9856K(19968K)] 65167K->65199K(280576K), 0.0689112 secs] [Times: user=0.44 sys=0.00, real=0.07 secs] 
0.404: [GC (Allocation Failure) [PSYoungGen: 19584K->9856K(26112K)] 90952K->91000K(286720K), 0.0772018 secs] [Times: user=0.55 sys=0.00, real=0.08 secs] 
0.495: [GC (Allocation Failure) [PSYoungGen: 24192K->13312K(27648K)] 105336K->105328K(288256K), 0.1283652 secs] [Times: user=0.89 sys=0.00, real=0.13 secs] 
0.646: [GC (Allocation Failure) [PSYoungGen: 27648K->14432K(40960K)] 143700K->143780K(301568K), 0.1224220 secs] [Times: user=0.87 sys=0.00, real=0.12 secs] 
0.803: [GC (Allocation Failure) [PSYoungGen: 35936K->20992K(42496K)] 201340K->201340K(303104K), 0.1882833 secs] [Times: user=1.00 sys=0.00, real=0.19 secs] 
1.012: [GC (Allocation Failure) [PSYoungGen: 42496K->21664K(58368K)] 222844K->223036K(318976K), 0.2836276 secs] [Times: user=2.12 sys=0.00, real=0.28 secs] 
1.343: [Full GC (Ergonomics) [PSYoungGen: 49824K->0K(58368K)] [ParOldGen: 255454K->202113K(229888K)] 305278K->202113K(288256K), [Metaspace: 2637K->2637K(1056768K)], 3.4285328 secs] [Times: user=8.95 sys=0.00, real=3.43 secs] 
4.820: [GC (Allocation Failure) [PSYoungGen: 28160K->21949K(60416K)] 230273K->224062K(290304K), 0.0381220 secs] [Times: user=0.22 sys=0.00, real=0.04 secs] 
4.876: [GC (Allocation Failure) [PSYoungGen: 50109K->33778K(60416K)] 252222K->244243K(290304K), 0.0653551 secs] [Times: user=0.31 sys=0.03, real=0.07 secs] 
4.941: [Full GC (Ergonomics) [PSYoungGen: 33778K->0K(60416K)] [ParOldGen: 210465K->34655K(62976K)] 244243K->34655K(123392K), [Metaspace: 2642K->2642K(1056768K)], 0.6432823 secs] [Times: user=1.76 sys=0.02, real=0.64 secs] 
5.603: [GC (Allocation Failure) [PSYoungGen: 26624K->26683K(69632K)] 61279K->61338K(132608K), 0.0280681 secs] [Times: user=0.13 sys=0.00, real=0.03 secs] 
5.644: [GC (Allocation Failure) [PSYoungGen: 53307K->42680K(69120K)] 87962K->77336K(132096K), 0.0425225 secs] [Times: user=0.22 sys=0.02, real=0.04 secs] 
5.718: [Full GC (Ergonomics) [PSYoungGen: 67768K->39850K(69120K)] [ParOldGen: 58692K->62473K(90112K)] 126461K->102323K(159232K), [Metaspace: 2642K->2642K(1056768K)], 1.4026745 secs] [Times: user=4.43 sys=0.01, real=1.40 secs] 
7.120: [GC (Allocation Failure) [PSYoungGen: 40009K->40128K(76288K)] 102482K->102601K(166400K), 0.2180579 secs] [Times: user=1.51 sys=0.00, real=0.22 secs] 
7.376: [GC (Allocation Failure) [PSYoungGen: 65216K->55808K(73216K)] 163744K->163704K(199680K), 0.4274753 secs] [Times: user=3.15 sys=0.00, real=0.43 secs] 
7.803: [Full GC (Ergonomics) [PSYoungGen: 55808K->13305K(73216K)] [ParOldGen: 107896K->126278K(156160K)] 163704K->139584K(229376K), [Metaspace: 2642K->2642K(1056768K)], 1.8168887 secs] [Times: user=6.07 sys=0.02, real=1.82 secs] 
9.637: [GC (Allocation Failure) [PSYoungGen: 30713K->18848K(86016K)] 156992K->157174K(242176K), 0.1657996 secs] [Times: user=1.15 sys=0.00, real=0.17 secs] 
9.803: [Full GC (Ergonomics) [PSYoungGen: 18848K->909K(86016K)] [ParOldGen: 138326K->156080K(190464K)] 157174K->156990K(276480K), [Metaspace: 2642K->2642K(1056768K)], 1.6177566 secs] [Times: user=11.53 sys=0.02, real=1.62 secs] 
11.437: [GC (Allocation Failure) [PSYoungGen: 18317K->18496K(77824K)] 174398K->174576K(268288K), 0.1358007 secs] [Times: user=1.09 sys=0.00, real=0.13 secs] 
11.627: [GC (Allocation Failure) [PSYoungGen: 37952K->37561K(81920K)] 248115K->247724K(326656K), 0.1268747 secs] [Times: user=0.72 sys=0.00, real=0.13 secs] 
11.766: [GC (Allocation Failure) [PSYoungGen: 57017K->51101K(80384K)] 267180K->261264K(325120K), 0.1300026 secs] [Times: user=1.05 sys=0.00, real=0.13 secs] 
11.905: [GC (Allocation Failure) [PSYoungGen: 63876K->60396K(86016K)] 274039K->270559K(330752K), 0.1356155 secs] [Times: user=1.01 sys=0.00, real=0.13 secs] 
12.056: [GC (Allocation Failure) [PSYoungGen: 77292K->65440K(89088K)] 298138K->286286K(333824K), 0.1473698 secs] [Times: user=1.09 sys=0.02, real=0.15 secs] 
12.216: [GC (Allocation Failure) [PSYoungGen: 77728K->77728K(97280K)] 298574K->298574K(342016K), 0.2021266 secs] [Times: user=1.51 sys=0.00, real=0.20 secs] 
12.436: [Full GC (Ergonomics) [PSYoungGen: 90016K->0K(97280K)] [ParOldGen: 236870K->69874K(101376K)] 326886K->69874K(198656K), [Metaspace: 2642K->2642K(1056768K)], 1.2123629 secs] [Times: user=2.84 sys=0.06, real=1.21 secs] 
13.669: [Full GC (Ergonomics) [PSYoungGen: 12288K->0K(97280K)] [ParOldGen: 93911K->89958K(124416K)] 106199K->89958K(221696K), [Metaspace: 2642K->2642K(1056768K)], 0.6616137 secs] [Times: user=3.34 sys=0.00, real=0.66 secs] 
14.343: [GC (Allocation Failure) [PSYoungGen: 12288K->12416K(107520K)] 102246K->102374K(231936K), 0.0656807 secs] [Times: user=0.27 sys=0.00, real=0.07 secs] 
14.424: [GC (Allocation Failure) [PSYoungGen: 27264K->27264K(42496K)] 117222K->117222K(166912K), 0.1485374 secs] [Times: user=0.91 sys=0.00, real=0.15 secs] 
14.599: [GC (Allocation Failure) [PSYoungGen: 42112K->42144K(102400K)] 168125K->168157K(263168K), 0.1590825 secs] [Times: user=1.12 sys=0.02, real=0.16 secs] 
14.776: [GC (Allocation Failure) [PSYoungGen: 60064K->60064K(105472K)] 186077K->186077K(266240K), 0.2272408 secs] [Times: user=1.39 sys=0.05, real=0.23 secs] 
15.021: [GC (Allocation Failure) [PSYoungGen: 77984K->77952K(103424K)] 203997K->203965K(264192K), 0.3568278 secs] [Times: user=2.68 sys=0.03, real=0.36 secs] 
15.411: [GC (Allocation Failure) [PSYoungGen: 90240K->90304K(112640K)] 270336K->270400K(327680K), 0.3342685 secs] [Times: user=2.34 sys=0.00, real=0.33 secs] 
15.769: [GC (Allocation Failure) [PSYoungGen: 100828K->97822K(116224K)] 280924K->277919K(331264K), 0.3437813 secs] [Times: user=2.51 sys=0.02, real=0.34 secs] 
16.115: [GC (Allocation Failure) [PSYoungGen: 101406K->100062K(128000K)] 281503K->280158K(343040K), 0.3249045 secs] [Times: user=2.26 sys=0.03, real=0.33 secs] 
16.444: [GC (Allocation Failure) [PSYoungGen: 103646K->101472K(135680K)] 286907K->284733K(350720K), 0.3597854 secs] [Times: user=2.76 sys=0.02, real=0.36 secs] 
16.805: [GC (Allocation Failure) [PSYoungGen: 101984K->101984K(139776K)] 285245K->285245K(354816K), 0.3526923 secs] [Times: user=2.82 sys=0.01, real=0.35 secs] 
17.158: [GC (Allocation Failure) [PSYoungGen: 102496K->75360K(141312K)] 285757K->285821K(356352K), 0.3802482 secs] [Times: user=2.76 sys=0.02, real=0.38 secs] 
17.539: [Full GC (Ergonomics) [PSYoungGen: 75360K->0K(141312K)] [ParOldGen: 210461K->15383K(55296K)] 285821K->15383K(196608K), [Metaspace: 2642K->2642K(1056768K)], 0.2901749 secs] [Times: user=0.87 sys=0.02, real=0.29 secs] 
17.831: [GC (Allocation Failure) [PSYoungGen: 1024K->1088K(146432K)] 21155K->21219K(201728K), 0.0065883 secs] [Times: user=0.05 sys=0.00, real=0.01 secs] 
17.839: [GC (Allocation Failure) [PSYoungGen: 2112K->2208K(149504K)] 22243K->22339K(204800K), 0.0129331 secs] [Times: user=0.09 sys=0.00, real=0.01 secs] 
17.853: [GC (Allocation Failure) [PSYoungGen: 2720K->2656K(3584K)] 22851K->22787K(58880K), 0.0161561 secs] [Times: user=0.09 sys=0.00, real=0.02 secs] 
17.869: [GC (Allocation Failure) [PSYoungGen: 3168K->3168K(145920K)] 23299K->23299K(201216K), 0.0213594 secs] [Times: user=0.09 sys=0.00, real=0.02 secs] 
17.892: [GC (Allocation Failure) [PSYoungGen: 4192K->3168K(4608K)] 24323K->24355K(59904K), 0.0236896 secs] [Times: user=0.17 sys=0.00, real=0.02 secs] 
17.917: [GC (Allocation Failure) [PSYoungGen: 4192K->2624K(137216K)] 25379K->25371K(192512K), 0.0246366 secs] [Times: user=0.09 sys=0.00, real=0.03 secs] 
17.943: [GC (Allocation Failure) [PSYoungGen: 4160K->2688K(4608K)] 26907K->27003K(59904K), 0.0242601 secs] [Times: user=0.22 sys=0.00, real=0.02 secs] 
17.971: [GC (Allocation Failure) [PSYoungGen: 4224K->1568K(128000K)] 35661K->35597K(183296K), 0.0217168 secs] [Times: user=0.14 sys=0.00, real=0.02 secs] 
17.995: [GC (Allocation Failure) [PSYoungGen: 3616K->2208K(4608K)] 37645K->37805K(59904K), 0.0234092 secs] [Times: user=0.11 sys=0.00, real=0.02 secs] 
18.020: [GC (Allocation Failure) [PSYoungGen: 4256K->2144K(116736K)] 39853K->39829K(172032K), 0.0273026 secs] [Times: user=0.25 sys=0.00, real=0.03 secs] 
18.050: [GC (Allocation Failure) [PSYoungGen: 4704K->2624K(5632K)] 42389K->42381K(60928K), 0.0361558 secs] [Times: user=0.36 sys=0.00, real=0.04 secs] 
18.091: [Full GC (Ergonomics) 